
> agilityhub-core-web@0.0.0 e2e:core /Users/jordib/dev/agilityhub/agilityhub-core-web
> bash scripts/e2e-core.sh E8-W04 e8-core.spec.ts

core image: ghcr.io/jboixtcm/agilityhub-core-api:main arm64 revision= created=2026-10-08T14:31:55.873323757Z digests=[ghcr.io/jboixtcm/agilityhub-core-api@sha256:1c23571b37c7e4a6b5ea25e10eb857a0de619097177163ca9a0bc9459d5ae105]
core image seeds (/app/seeds): club-canic.yaml club-fifo.yaml club-minim.yaml club-perf.yaml demo-canic.yaml demo-fifo.yaml demo-perf.yaml pages 
E4_WEEK_START=2026-10-05 (club-local Monday, Europe/Madrid)
E5_WEEK_START=2026-10-12 (the club-local Monday after today, Europe/Madrid)
E8_WEEK_START=2026-10-19 (the second club-local Monday after today, Europe/Madrid)
demo seed: /Users/jordib/dev/agilityhub/agilityhub-core-web/roadmap/evidence/E8-W04/demo-canic.yaml (311 lines)
fifo demo seed: /Users/jordib/dev/agilityhub/agilityhub-core-web/roadmap/evidence/E8-W04/demo-fifo.yaml (62 lines)
 Volume agilityhub-e8-w04_export-files Creating 
 Volume agilityhub-e8-w04_export-files Creating 
 Network agilityhub-e8-w04_default Creating 
 Network agilityhub-e8-w04_default Creating 
 Volume agilityhub-e8-w04_mongo-data Creating 
 Volume agilityhub-e8-w04_mongo-data Creating 
 Volume agilityhub-e8-w04_mailbox Creating 
 Volume agilityhub-e8-w04_mailbox Creating 
 Volume agilityhub-e8-w04_mailbox Created 
 Volume agilityhub-e8-w04_mailbox Created 
 Volume agilityhub-e8-w04_mongo-data Created 
 Volume agilityhub-e8-w04_mongo-data Created 
 Volume agilityhub-e8-w04_export-files Created 
 Volume agilityhub-e8-w04_export-files Created 
 Network agilityhub-e8-w04_default Created 
 Network agilityhub-e8-w04_default Created 
 Container agilityhub-e8-w04-mongo-1 Creating 
 Container agilityhub-e8-w04-mongo-1 Created 
 Container agilityhub-e8-w04-seed-1 Creating 
 Container agilityhub-e8-w04-seed-1 Created 
 Container agilityhub-e8-w04-activate-demo-club-1 Creating 
 Container agilityhub-e8-w04-activate-demo-club-1 Created 
 Container agilityhub-e8-w04-core-1 Creating 
 Container agilityhub-e8-w04-core-1 Created 
 Container agilityhub-e8-w04-mongo-1 Starting 
 Container agilityhub-e8-w04-mongo-1 Started 
 Container agilityhub-e8-w04-mongo-1 Waiting 
 Container agilityhub-e8-w04-mongo-1 Healthy 
 Container agilityhub-e8-w04-seed-1 Starting 
 Container agilityhub-e8-w04-seed-1 Started 
 Container agilityhub-e8-w04-seed-1 Waiting 
