
> agilityhub-core-web@0.0.0 e2e:core /Users/jordib/dev/agilityhub/agilityhub-core-web
> bash scripts/e2e-core.sh E8-W04 e4w16-core.spec.ts

core image: ghcr.io/jboixtcm/agilityhub-core-api:main arm64 revision= created=2026-10-08T14:31:55.873323757Z digests=[ghcr.io/jboixtcm/agilityhub-core-api@sha256:1c23571b37c7e4a6b5ea25e10eb857a0de619097177163ca9a0bc9459d5ae105]
core image seeds (/app/seeds): club-canic.yaml club-fifo.yaml club-minim.yaml club-perf.yaml demo-canic.yaml demo-fifo.yaml demo-perf.yaml pages 
E4_WEEK_START=2026-10-05 (club-local Monday, Europe/Madrid)
E5_WEEK_START=2026-10-12 (the club-local Monday after today, Europe/Madrid)
E8_WEEK_START=2026-10-19 (the second club-local Monday after today, Europe/Madrid)
demo seed: /Users/jordib/dev/agilityhub/agilityhub-core-web/roadmap/evidence/E8-W04/demo-canic.yaml (311 lines)
fifo demo seed: /Users/jordib/dev/agilityhub/agilityhub-core-web/roadmap/evidence/E8-W04/demo-fifo.yaml (62 lines)
 Network agilityhub-e8-w04_default Creating 
 Network agilityhub-e8-w04_default Creating 
 Volume agilityhub-e8-w04_mongo-data Creating 
 Volume agilityhub-e8-w04_mongo-data Creating 
 Volume agilityhub-e8-w04_export-files Creating 
 Volume agilityhub-e8-w04_export-files Creating 
 Volume agilityhub-e8-w04_mailbox Creating 
 Volume agilityhub-e8-w04_mailbox Creating 
 Volume agilityhub-e8-w04_mongo-data Created 
 Volume agilityhub-e8-w04_mongo-data Created 
 Volume agilityhub-e8-w04_export-files Created 
 Volume agilityhub-e8-w04_export-files Created 
 Volume agilityhub-e8-w04_mailbox Created 
 Volume agilityhub-e8-w04_mailbox Created 
 Network agilityhub-e8-w04_default Created 
 Network agilityhub-e8-w04_default Created 
 Container agilityhub-e8-w04-mongo-1 Creating 
 Container agilityhub-e8-w04-mongo-1 Created 
 Container agilityhub-e8-w04-seed-1 Creating 
 Container agilityhub-e8-w04-seed-1 Created 
 Container agilityhub-e8-w04-activate-demo-club-1 Creating 
 Container agilityhub-e8-w04-activate-demo-club-1 Created 
 Container agilityhub-e8-w04-core-1 Creating 
 Container agilityhub-e8-w04-core-1 Created 
 Container agilityhub-e8-w04-mongo-1 Starting 
 Container agilityhub-e8-w04-mongo-1 Started 
 Container agilityhub-e8-w04-mongo-1 Waiting 
 Container agilityhub-e8-w04-mongo-1 Healthy 
 Container agilityhub-e8-w04-seed-1 Starting 
 Container agilityhub-e8-w04-seed-1 Started 
 Container agilityhub-e8-w04-seed-1 Waiting 
 Container agilityhub-e8-w04-seed-1 Exited 
 Container agilityhub-e8-w04-activate-demo-club-1 Starting 
 Container agilityhub-e8-w04-activate-demo-club-1 Started 
 Container agilityhub-e8-w04-mongo-1 Waiting 
 Container agilityhub-e8-w04-activate-demo-club-1 Waiting 
 Container agilityhub-e8-w04-activate-demo-club-1 Exited 
 Container agilityhub-e8-w04-mongo-1 Healthy 
 Container agilityhub-e8-w04-core-1 Starting 
 Container agilityhub-e8-w04-core-1 Started 
 Container agilityhub-e8-w04-core-1 Waiting 
 Container agilityhub-e8-w04-mongo-1 Waiting 
 Container agilityhub-e8-w04-seed-1 Waiting 
 Container agilityhub-e8-w04-activate-demo-club-1 Waiting 
 Container agilityhub-e8-w04-activate-demo-club-1 Exited 
 Container agilityhub-e8-w04-seed-1 Exited 
 Container agilityhub-e8-w04-mongo-1 Healthy 
 Container agilityhub-e8-w04-core-1 Healthy 
seed log: /Users/jordib/dev/agilityhub/agilityhub-core-web/roadmap/evidence/E8-W04/seed-files.log (191 lines)
 Container agilityhub-e8-w04-playwright-run-b63490e33dcb Creating 
 Container agilityhub-e8-w04-playwright-run-b63490e33dcb Created 
! Corepack is about to download https://registry.npmjs.org/pnpm/-/pnpm-9.15.9.tgz
 WARN  Unsupported engine: wanted: {"node":">=22 <23"} (current: {"node":"v24.20.0","pnpm":"9.15.9"})
(node:21) [DEP0169] DeprecationWarning: `url.parse()` behavior is not standardized and prone to errors that have security implications. Use the WHATWG URL API instead. CVEs are not issued for `url.parse()` vulnerabilities.
(Use `node --trace-deprecation ...` to show where the warning was created)
Scope: all 11 workspace projects
Lockfile is up to date, resolution step is skipped
Progress: resolved 1, reused 0, downloaded 0, added 0
Packages: +852
++++++++++++++++++++++++++++++++++++++++++++++++++++++++++++++++++++++++++++++++
Progress: resolved 852, reused 0, downloaded 95, added 95
Progress: resolved 852, reused 0, downloaded 200, added 200
Progress: resolved 852, reused 0, downloaded 319, added 319
Progress: resolved 852, reused 0, downloaded 447, added 447
Progress: resolved 852, reused 0, downloaded 531, added 531
Progress: resolved 852, reused 0, downloaded 547, added 547
Progress: resolved 852, reused 0, downloaded 557, added 557
Progress: resolved 852, reused 0, downloaded 592, added 592
Progress: resolved 852, reused 0, downloaded 621, added 621
Progress: resolved 852, reused 0, downloaded 716, added 716
Progress: resolved 852, reused 0, downloaded 758, added 758
Progress: resolved 852, reused 0, downloaded 796, added 796
Progress: resolved 852, reused 0, downloaded 843, added 843
Progress: resolved 852, reused 0, downloaded 846, added 846
Progress: resolved 852, reused 0, downloaded 848, added 848
Progress: resolved 852, reused 0, downloaded 850, added 850
Progress: resolved 852, reused 0, downloaded 852, added 852, done
.../node_modules/msw postinstall$ node -e "import('./config/scripts/postinstall.js').catch(() => void 0)"
.../node_modules/unrs-resolver postinstall$ node postinstall.js
.../esbuild@0.25.12/node_modules/esbuild postinstall$ node install.js
.../node_modules/msw postinstall: Done
.../node_modules/unrs-resolver postinstall: Done
.../esbuild@0.25.12/node_modules/esbuild postinstall: Done

devDependencies:
+ @commitlint/cli 21.2.2
+ @commitlint/config-conventional 21.2.2
+ @eslint/css 2.0.0
+ @eslint/js 9.39.5
+ @playwright/test 1.63.0
+ @size-limit/file 13.0.3
+ @types/node 24.13.3
+ eslint 9.39.5
+ eslint-import-resolver-typescript 4.4.5
+ eslint-plugin-import 2.32.0
+ eslint-plugin-jsx-a11y 6.10.2
+ eslint-plugin-react 7.37.5
+ eslint-plugin-react-hooks 7.1.1
+ globals 17.12.0
+ husky 9.1.7
+ i18next-parser 9.4.0
+ lint-staged 17.5.0
+ msw 2.15.0
+ prettier 3.9.6
+ size-limit 13.0.3
+ turbo 2.10.12
+ typescript 5.9.3
+ typescript-eslint 8.69.0

. prepare$ node packages/config/scripts/prepare-husky.mjs
. prepare: .git can't be found
. prepare: Done
Done in 17.5s using pnpm v9.15.9
[WebServer] (node:135) [DEP0169] DeprecationWarning: `url.parse()` behavior is not standardized and prone to errors that have security implications. Use the WHATWG URL API instead. CVEs are not issued for `url.parse()` vulnerabilities.
[WebServer] (Use `node --trace-deprecation ...` to show where the warning was created)


[WebServer] (node:215) [DEP0169] DeprecationWarning: `url.parse()` behavior is not standardized and prone to errors that have security implications. Use the WHATWG URL API instead. CVEs are not issued for `url.parse()` vulnerabilities.
[WebServer] (Use `node --trace-deprecation ...` to show where the warning was created)

[WebServer] (node:313) [DEP0169] DeprecationWarning: `url.parse()` behavior is not standardized and prone to errors that have security implications. Use the WHATWG URL API instead. CVEs are not issued for `url.parse()` vulnerabilities.
[WebServer] (Use `node --trace-deprecation ...` to show where the warning was created)

[WebServer] (node:411) [DEP0169] DeprecationWarning: `url.parse()` behavior is not standardized and prone to errors that have security implications. Use the WHATWG URL API instead. CVEs are not issued for `url.parse()` vulnerabilities.
[WebServer] (Use `node --trace-deprecation ...` to show where the warning was created)
[WebServer] (node:506) [DEP0169] DeprecationWarning: `url.parse()` behavior is not standardized and prone to errors that have security implications. Use the WHATWG URL API instead. CVEs are not issued for `url.parse()` vulnerabilities.
[WebServer] (Use `node --trace-deprecation ...` to show where the warning was created)


Running 5 tests using 1 worker

[1/5] e2e/core/e4w16-core.spec.ts:239:5 › T-03-40 E4-W16 step 11 · screen 13 lists the task rows, the done ones struck through
[2/5] e2e/core/e4w16-core.spec.ts:360:5 › T-01-19 E4-W16 step 10 · a RESET link sets the new password once without `current`
[3/5] e2e/core/e4w16-core.spec.ts:442:5 › T-01-11 E4-W16 step 1 · «Entra com l'abonat» opens the club app through the one-time code, once; E5-W05 step 24 · its banner names the member record, not the account
[4/5] e2e/core/e4w16-core.spec.ts:604:5 › T-14-26 E4-W16 step 5 · a READY export downloads from the drawer through GET /exports/{id} and the bearer
[5/5] e2e/core/e4w16-core.spec.ts:659:5 › T-03-34 (front) E4-W16 step 7 · D10 keeps the block, «Inactivitat», «Baixa» and the audit whatever BILLING says
  5 passed (11.9s)
