heavy.sh: 09:38 waiting for the host lock, held by: 09:37 agilityhub-core-api: ./mvnw -q clean verify
heavy.sh: 09:55 got the host lock after 17 min 1 s

> agilityhub-core-web@0.0.0 e2e:core /Users/jordib/dev/agilityhub/agilityhub-core-web
> bash scripts/e2e-core.sh E8-W04 e8-core.spec.ts

core image: ghcr.io/jboixtcm/agilityhub-core-api:main arm64 revision= created=2026-10-09T00:19:48.527835998Z digests=[ghcr.io/jboixtcm/agilityhub-core-api@sha256:2b342f5af3e3ffd77f5c08f5b5c762a2bacf9332973c0a196d22d066d634e779]
core image seeds (/app/seeds): club-canic.yaml club-fifo.yaml club-minim.yaml club-perf.yaml demo-canic.yaml demo-fifo.yaml demo-perf.yaml pages 
E4_WEEK_START=2026-10-05 (club-local Monday, Europe/Madrid)
E5_WEEK_START=2026-10-12 (the club-local Monday after today, Europe/Madrid)
E8_WEEK_START=2026-10-19 (the second club-local Monday after today, Europe/Madrid)
demo seed: /Users/jordib/dev/agilityhub/agilityhub-core-web/roadmap/evidence/E8-W04/demo-canic.yaml (311 lines)
fifo demo seed: /Users/jordib/dev/agilityhub/agilityhub-core-web/roadmap/evidence/E8-W04/demo-fifo.yaml (62 lines)
pnpm store: /private/tmp/agilityhub-core-web-pnpm-store (package cache only)
 Network agilityhub-e8-w04_default Creating 
 Volume agilityhub-e8-w04_mongo-data Creating 
 Network agilityhub-e8-w04_default Creating 
 Volume agilityhub-e8-w04_mongo-data Creating 
 Volume agilityhub-e8-w04_mailbox Creating 
 Volume agilityhub-e8-w04_mailbox Creating 
 Volume agilityhub-e8-w04_export-files Creating 
 Volume agilityhub-e8-w04_export-files Creating 
 Volume agilityhub-e8-w04_export-files Created 
 Volume agilityhub-e8-w04_export-files Created 
 Volume agilityhub-e8-w04_mailbox Created 
 Volume agilityhub-e8-w04_mailbox Created 
 Volume agilityhub-e8-w04_mongo-data Created 
 Volume agilityhub-e8-w04_mongo-data Created 
 Network agilityhub-e8-w04_default Created 
 Network agilityhub-e8-w04_default Created 
 Container agilityhub-e8-w04-mongo-1 Creating 
 Container agilityhub-e8-w04-mongo-1 Created 
 Container agilityhub-e8-w04-seed-1 Creating 
 Container agilityhub-e8-w04-seed-1 Created 
 Container agilityhub-e8-w04-activate-demo-club-1 Creating 
 Container agilityhub-e8-w04-activate-demo-club-1 Created 
 Container agilityhub-e8-w04-core-1 Creating 
 Container agilityhub-e8-w04-core-1 Created 
 Container agilityhub-e8-w04-mongo-1 Starting 
 Container agilityhub-e8-w04-mongo-1 Started 
 Container agilityhub-e8-w04-mongo-1 Waiting 
 Container agilityhub-e8-w04-mongo-1 Healthy 
 Container agilityhub-e8-w04-seed-1 Starting 
 Container agilityhub-e8-w04-seed-1 Started 
 Container agilityhub-e8-w04-seed-1 Waiting 
 Container agilityhub-e8-w04-seed-1 Exited 
 Container agilityhub-e8-w04-activate-demo-club-1 Starting 
 Container agilityhub-e8-w04-activate-demo-club-1 Started 
 Container agilityhub-e8-w04-mongo-1 Waiting 
 Container agilityhub-e8-w04-activate-demo-club-1 Waiting 
 Container agilityhub-e8-w04-activate-demo-club-1 Exited 
 Container agilityhub-e8-w04-mongo-1 Healthy 
 Container agilityhub-e8-w04-core-1 Starting 
 Container agilityhub-e8-w04-core-1 Started 
 Container agilityhub-e8-w04-core-1 Waiting 
 Container agilityhub-e8-w04-mongo-1 Waiting 
 Container agilityhub-e8-w04-seed-1 Waiting 
 Container agilityhub-e8-w04-activate-demo-club-1 Waiting 
 Container agilityhub-e8-w04-seed-1 Exited 
 Container agilityhub-e8-w04-activate-demo-club-1 Exited 
 Container agilityhub-e8-w04-mongo-1 Healthy 
 Container agilityhub-e8-w04-core-1 Healthy 
seed log: /Users/jordib/dev/agilityhub/agilityhub-core-web/roadmap/evidence/E8-W04/seed-files.log (191 lines)
E8 seed totals: Cànic billing/lifecycle and FIFO card scenarios asserted
 Container agilityhub-e8-w04-playwright-run-78798b391b63 Creating 
 Container agilityhub-e8-w04-playwright-run-78798b391b63 Created 
! Corepack is about to download https://registry.npmjs.org/pnpm/-/pnpm-9.15.9.tgz
 WARN  Unsupported engine: wanted: {"node":">=22 <23"} (current: {"node":"v24.20.0","pnpm":"9.15.9"})
(node:33) [DEP0169] DeprecationWarning: `url.parse()` behavior is not standardized and prone to errors that have security implications. Use the WHATWG URL API instead. CVEs are not issued for `url.parse()` vulnerabilities.
(Use `node --trace-deprecation ...` to show where the warning was created)
Scope: all 11 workspace projects
Lockfile is up to date, resolution step is skipped
Progress: resolved 1, reused 0, downloaded 0, added 0
Packages: +852
++++++++++++++++++++++++++++++++++++++++++++++++++++++++++++++++++++++++++++++++
Progress: resolved 852, reused 852, downloaded 0, added 67
Progress: resolved 852, reused 852, downloaded 0, added 335
Progress: resolved 852, reused 852, downloaded 0, added 538
Progress: resolved 852, reused 852, downloaded 0, added 703
Progress: resolved 852, reused 852, downloaded 0, added 844
Progress: resolved 852, reused 852, downloaded 0, added 851
Progress: resolved 852, reused 852, downloaded 0, added 852, done

devDependencies:
+ @commitlint/cli 21.2.2
+ @commitlint/config-conventional 21.2.2
+ @eslint/css 2.0.0
+ @eslint/js 9.39.5
+ @playwright/test 1.63.0
+ @size-limit/file 13.0.3
+ @types/node 24.13.3
+ eslint 9.39.5
+ eslint-import-resolver-typescript 4.4.5
+ eslint-plugin-import 2.32.0
+ eslint-plugin-jsx-a11y 6.10.2
+ eslint-plugin-react 7.37.5
+ eslint-plugin-react-hooks 7.1.1
+ globals 17.12.0
+ husky 9.1.7
+ i18next-parser 9.4.0
+ lint-staged 17.5.0
+ msw 2.15.0
+ prettier 3.9.6
+ size-limit 13.0.3
+ turbo 2.10.12
+ typescript 5.9.3
+ typescript-eslint 8.69.0

. prepare$ node packages/config/scripts/prepare-husky.mjs
. prepare: .git can't be found
. prepare: Done
Done in 7.1s using pnpm v9.15.9
[WebServer] (node:116) [DEP0169] DeprecationWarning: `url.parse()` behavior is not standardized and prone to errors that have security implications. Use the WHATWG URL API instead. CVEs are not issued for `url.parse()` vulnerabilities.
[WebServer] (Use `node --trace-deprecation ...` to show where the warning was created)


[WebServer] (node:193) [DEP0169] DeprecationWarning: `url.parse()` behavior is not standardized and prone to errors that have security implications. Use the WHATWG URL API instead. CVEs are not issued for `url.parse()` vulnerabilities.
[WebServer] (Use `node --trace-deprecation ...` to show where the warning was created)
[WebServer] (node:294) [DEP0169] DeprecationWarning: `url.parse()` behavior is not standardized and prone to errors that have security implications. Use the WHATWG URL API instead. CVEs are not issued for `url.parse()` vulnerabilities.
[WebServer] (Use `node --trace-deprecation ...` to show where the warning was created)

[WebServer] (node:392) [DEP0169] DeprecationWarning: `url.parse()` behavior is not standardized and prone to errors that have security implications. Use the WHATWG URL API instead. CVEs are not issued for `url.parse()` vulnerabilities.
[WebServer] (Use `node --trace-deprecation ...` to show where the warning was created)

[WebServer] (node:487) [DEP0169] DeprecationWarning: `url.parse()` behavior is not standardized and prone to errors that have security implications. Use the WHATWG URL API instead. CVEs are not issued for `url.parse()` vulnerabilities.
[WebServer] (Use `node --trace-deprecation ...` to show where the warning was created)


Running 6 tests using 1 worker

[1/6] e2e/core/e8-core.spec.ts:584:5 › E8-W04 T-13-32 (e·1): screen 14 request → «Inactivitats» → D10 approval; the seeded inactive member on 04, D5 and D10
  1) e2e/core/e8-core.spec.ts:584:5 › E8-W04 T-13-32 (e·1): screen 14 request → «Inactivitats» → D10 approval; the seeded inactive member on 04, D5 and D10 

    Error: expect(locator).toBeVisible() failed

    Locator: getByText('La sol·licitud s\'ha desat.')
    Expected: visible
    Timeout: 15000ms
    Error: element(s) not found

    Call log:
      - Expect "toBeVisible" getByText('La sol·licitud s\'ha desat.') with timeout 15000ms
      - waiting for getByText('La sol·licitud s\'ha desat.')
        - waiting for navigation to finish...
        - navigated to "http://127.0.0.1:4173/perfil"


      619 |   await submit.click();
      620 |   expect((await requested).status()).toBe(201);
    > 621 |   await expect(laura.page.getByText("La sol·licitud s'ha desat.")).toBeVisible();
          |                                                                    ^
      622 |   // The page leaves after the 201 (its body is gone): her context lists the new period.
      623 |   const afterRequest = await call<MeInactivityContext>(laura, "/me/inactivity-periods");
      624 |   expect(afterRequest.status).toBe(200);
        at /work/e2e/core/e8-core.spec.ts:621:68

    attachment #1: oauth-token-calls (text/plain) ──────────────────────────────────────────────────
    2026-10-09T07:56:25.674Z grant_type=refresh_token status=400 cookie=none context=w0c1 page=127.0.0.1:4174/entrar started=2026-10-09T07:56:25.659Z overlap=no set-cookie=ah_refresh(empty)(Path=/oauth2/token; Max-Age=0; Expires=Thu, 01 Jan 1970 00:00:00 GMT; HttpOnly; SameSite=Strict) test="E8-W04 T-13...
    ────────────────────────────────────────────────────────────────────────────────────────────────

    Error Context: test-results/core-e1/e8-core-E8-W04-T-13-32-e·1-6a2d0-ive-member-on-04-D5-and-D10/error-context.md

    Error Context: test-results/core-e1/e8-core-E8-W04-T-13-32-e·1-6a2d0-ive-member-on-04-D5-and-D10/error-context.md

    attachment #4: trace (application/zip) ─────────────────────────────────────────────────────────
    test-results/core-e1/e8-core-E8-W04-T-13-32-e·1-6a2d0-ive-member-on-04-D5-and-D10/trace.zip
    Usage:

        pnpm exec playwright show-trace test-results/core-e1/e8-core-E8-W04-T-13-32-e·1-6a2d0-ive-member-on-04-D5-and-D10/trace.zip

    ────────────────────────────────────────────────────────────────────────────────────────────────


[2/6] e2e/core/e8-core.spec.ts:719:5 › E8-W04 (d) R-12-23/24 pack: a 04 booking consumes one session, an in-time 07 cancellation returns it, 13 shows both; the expired pack stays unusable
  2) e2e/core/e8-core.spec.ts:719:5 › E8-W04 (d) R-12-23/24 pack: a 04 booking consumes one session, an in-time 07 cancellation returns it, 13 shows both; the expired pack stays unusable 

    Error: The pack's dog has no BOOKABLE class this week

      743 |   expect(bookable.status).toBe(200);
      744 |   const row = bookable.body.classes.find((item) => item.state === "BOOKABLE");
    > 745 |   if (row === undefined) throw new Error("The pack's dog has no BOOKABLE class this week");
          |                                ^
      746 |   const pageRead = member.page.waitForResponse(
      747 |     responseIs("GET", /\/api\/v1\/me\/bookable-classes$/u),
      748 |   );
        at /work/e2e/core/e8-core.spec.ts:745:32

    attachment #1: oauth-token-calls (text/plain) ──────────────────────────────────────────────────
    2026-10-09T07:56:44.363Z grant_type=refresh_token status=400 cookie=none context=w1c1 page=127.0.0.1:4174/entrar started=2026-10-09T07:56:44.359Z overlap=no set-cookie=ah_refresh(empty)(Path=/oauth2/token; Max-Age=0; Expires=Thu, 01 Jan 1970 00:00:00 GMT; HttpOnly; SameSite=Strict) test="E8-W04 (d) ...
    ────────────────────────────────────────────────────────────────────────────────────────────────

    Error Context: test-results/core-e1/e8-core-E8-W04-d-R-12-23-2-a75ba-expired-pack-stays-unusable/error-context.md

    Error Context: test-results/core-e1/e8-core-E8-W04-d-R-12-23-2-a75ba-expired-pack-stays-unusable/error-context.md

    attachment #4: trace (application/zip) ─────────────────────────────────────────────────────────
    test-results/core-e1/e8-core-E8-W04-d-R-12-23-2-a75ba-expired-pack-stays-unusable/trace.zip
    Usage:

        pnpm exec playwright show-trace test-results/core-e1/e8-core-E8-W04-d-R-12-23-2-a75ba-expired-pack-stays-unusable/trace.zip

    ────────────────────────────────────────────────────────────────────────────────────────────────


[3/6] e2e/core/e8-core.spec.ts:828:5 › E8-W04 T-12-27 (a)(b) + step 3 + step 5: simulate → generate → XML → returned → rollback → same numbers; cash paid; accounting export; GET /invoices timings
  3) e2e/core/e8-core.spec.ts:828:5 › E8-W04 T-12-27 (a)(b) + step 3 + step 5: simulate → generate → XML → returned → rollback → same numbers; cash paid; accounting export; GET /invoices timings 

    Error: The inactivity leg did not choose its member

      833 |   const { page } = admin;
      834 |   const laura = lifecycle.member;
    > 835 |   if (laura === undefined) throw new Error("The inactivity leg did not choose its member");
          |                                  ^
      836 |
      837 |   // D6 simulation: every number below is the real answer this page caused.
      838 |   const simulation = await simulateOnD6(page, adminUrl, period);
        at /work/e2e/core/e8-core.spec.ts:835:34

    attachment #1: oauth-token-calls (text/plain) ──────────────────────────────────────────────────
    2026-10-09T07:56:46.337Z grant_type=refresh_token status=400 cookie=none context=w2c1 page=127.0.0.1:4174/entrar started=2026-10-09T07:56:46.332Z overlap=no set-cookie=ah_refresh(empty)(Path=/oauth2/token; Max-Age=0; Expires=Thu, 01 Jan 1970 00:00:00 GMT; HttpOnly; SameSite=Strict) test="E8-W04 T-12...
    ────────────────────────────────────────────────────────────────────────────────────────────────

    Error Context: test-results/core-e1/e8-core-E8-W04-T-12-27-a-b-95920-export-GET-invoices-timings/error-context.md

    Error Context: test-results/core-e1/e8-core-E8-W04-T-12-27-a-b-95920-export-GET-invoices-timings/error-context.md

    attachment #4: trace (application/zip) ─────────────────────────────────────────────────────────
    test-results/core-e1/e8-core-E8-W04-T-12-27-a-b-95920-export-GET-invoices-timings/trace.zip
    Usage:

        pnpm exec playwright show-trace test-results/core-e1/e8-core-E8-W04-T-12-27-a-b-95920-export-GET-invoices-timings/trace.zip

    ────────────────────────────────────────────────────────────────────────────────────────────────


[4/6] e2e/core/e8-core.spec.ts:1142:5 › E8-W04 T-13-32 (e·2) in es: 15 → «Baixes» → D10 approval → D5 «baixa dd/mm» and «Baixes previstes»; the month after has no receipt (R-13-11)
  4) e2e/core/e8-core.spec.ts:1142:5 › E8-W04 T-13-32 (e·2) in es: 15 → «Baixes» → D10 approval → D5 «baixa dd/mm» and «Baixes previstes»; the month after has no receipt (R-13-11) 

    Error: The inactivity leg did not choose its member

      1147 |   const { page } = admin;
      1148 |   const laura = lifecycle.member;
    > 1149 |   if (laura === undefined) throw new Error("The inactivity leg did not choose its member");
           |                                  ^
      1150 |
      1151 |   // Control: before her leave, the month after the billed one still bills her.
      1152 |   const before = await simulateOnD6(page, adminUrl, monthAfterPeriod);
        at /work/e2e/core/e8-core.spec.ts:1149:34

    attachment #1: oauth-token-calls (text/plain) ──────────────────────────────────────────────────
    2026-10-09T07:56:47.448Z grant_type=refresh_token status=400 cookie=none context=w3c1 page=127.0.0.1:4174/entrar started=2026-10-09T07:56:47.445Z overlap=no set-cookie=ah_refresh(empty)(Path=/oauth2/token; Max-Age=0; Expires=Thu, 01 Jan 1970 00:00:00 GMT; HttpOnly; SameSite=Strict) test="E8-W04 T-13...
    ────────────────────────────────────────────────────────────────────────────────────────────────

    Error Context: test-results/core-e1/e8-core-E8-W04-T-13-32-e·2-34536-ter-has-no-receipt-R-13-11-/error-context.md

    Error Context: test-results/core-e1/e8-core-E8-W04-T-13-32-e·2-34536-ter-has-no-receipt-R-13-11-/error-context.md

    attachment #4: trace (application/zip) ─────────────────────────────────────────────────────────
    test-results/core-e1/e8-core-E8-W04-T-13-32-e·2-34536-ter-has-no-receipt-R-13-11-/trace.zip
    Usage:

        pnpm exec playwright show-trace test-results/core-e1/e8-core-E8-W04-T-13-32-e·2-34536-ter-has-no-receipt-R-13-11-/trace.zip

    ────────────────────────────────────────────────────────────────────────────────────────────────


[5/6] e2e/core/e8-core.spec.ts:1232:5 › E8-W04 (f) T-13-24 / T-12-21: instructor gates, another member's /me/…/{id} (also a family member's) is not found, nothing secret rendered
  5) e2e/core/e8-core.spec.ts:1232:5 › E8-W04 (f) T-13-24 / T-12-21: instructor gates, another member's /me/…/{id} (also a family member's) is not found, nothing secret rendered 

    Error: The lifecycle and billing legs did not leave their ids

      1238 |   const invoiceId = lifecycle.invoiceId;
      1239 |   if (periodId === undefined || invoiceId === undefined) {
    > 1240 |     throw new Error("The lifecycle and billing legs did not leave their ids");
           |           ^
      1241 |   }
      1242 |
      1243 |   const instructor = await login(browser, adminUrl, INSTRUCTOR);
        at /work/e2e/core/e8-core.spec.ts:1240:11

    attachment #1: oauth-token-calls (text/plain) ──────────────────────────────────────────────────
    2026-10-09T07:56:48.372Z grant_type=refresh_token status=400 cookie=none context=w4c1 page=127.0.0.1:4174/entrar started=2026-10-09T07:56:48.366Z overlap=no set-cookie=ah_refresh(empty)(Path=/oauth2/token; Max-Age=0; Expires=Thu, 01 Jan 1970 00:00:00 GMT; HttpOnly; SameSite=Strict) test="E8-W04 (f) ...
    ────────────────────────────────────────────────────────────────────────────────────────────────

    Error Context: test-results/core-e1/e8-core-E8-W04-f-T-13-24-T-10909-und-nothing-secret-rendered/error-context.md

    Error Context: test-results/core-e1/e8-core-E8-W04-f-T-13-24-T-10909-und-nothing-secret-rendered/error-context.md

    attachment #4: trace (application/zip) ─────────────────────────────────────────────────────────
    test-results/core-e1/e8-core-E8-W04-f-T-13-24-T-10909-und-nothing-secret-rendered/trace.zip
    Usage:

        pnpm exec playwright show-trace test-results/core-e1/e8-core-E8-W04-f-T-13-24-T-10909-und-nothing-secret-rendered/trace.zip

    ────────────────────────────────────────────────────────────────────────────────────────────────


[6/6] e2e/core/e8-core.spec.ts:1288:5 › E8-W04 (c) card leg on the fictional Stripe club: [COBRA LES TARGETES] → 202 → CHARGING settles on its own (6b(a)) → «impagat (targeta)» and the member's banner → «cobrat»
 Container agilityhub-e8-w04-core-run-5a3fde70acb6 Creating 
 Container agilityhub-e8-w04-core-run-5a3fde70acb6 Created 
Usage: billing:fake-webhook payment_intent.succeeded <paymentIntentId> --club=<slug>

E8 fake card: payment_intent.payment_failed delivered (provider reference redacted)
  6) e2e/core/e8-core.spec.ts:1288:5 › E8-W04 (c) card leg on the fictional Stripe club: [COBRA LES TARGETES] → 202 → CHARGING settles on its own (6b(a)) → «impagat (targeta)» and the member's banner → «cobrat» 

    Error: expect(locator).toHaveCount(expected) failed

    Locator:  getByText('Cobrant les targetes…')
    Expected: 0
    Received: 1
    Timeout:  60000ms

    Call log:
      - Expect "toHaveCount" getByText('Cobrant les targetes…') with timeout 60000ms
      - waiting for getByText('Cobrant les targetes…')
        122 × locator resolved to 1 element
            - unexpected value "1"


      1322 |   // The provider refuses the charge while D6 stays open: its 5 s poll settles the page by itself.
      1323 |   await requestFakeCardEvent("payment_intent.payment_failed");
    > 1324 |   await expect(page.getByText("Cobrant les targetes…")).toHaveCount(0, { timeout: 60_000 });
           |                                                         ^
      1325 |   const failed = await billingPeriod(admin, period);
      1326 |   expect(failed.run?.status).toBe("COMPLETED");
      1327 |   expect(failed.counts.failed).toBeGreaterThan(0);
        at /work/e2e/core/e8-core.spec.ts:1324:57

    attachment #1: oauth-token-calls (text/plain) ──────────────────────────────────────────────────
    2026-10-09T07:56:49.325Z grant_type=refresh_token status=400 cookie=none context=w5c1 page=127.0.0.1:4177/entrar started=2026-10-09T07:56:49.320Z overlap=no set-cookie=ah_refresh(empty)(Path=/oauth2/token; Max-Age=0; Expires=Thu, 01 Jan 1970 00:00:00 GMT; HttpOnly; SameSite=Strict) test="E8-W04 (c) ...
    ────────────────────────────────────────────────────────────────────────────────────────────────

    Error Context: test-results/core-e1/e8-core-E8-W04-c-card-leg--56e55--member-s-banner-→-«cobrat»/error-context.md

    Error Context: test-results/core-e1/e8-core-E8-W04-c-card-leg--56e55--member-s-banner-→-«cobrat»/error-context.md

    attachment #4: trace (application/zip) ─────────────────────────────────────────────────────────
    test-results/core-e1/e8-core-E8-W04-c-card-leg--56e55--member-s-banner-→-«cobrat»/trace.zip
    Usage:

        pnpm exec playwright show-trace test-results/core-e1/e8-core-E8-W04-c-card-leg--56e55--member-s-banner-→-«cobrat»/trace.zip

    ────────────────────────────────────────────────────────────────────────────────────────────────


  6 failed
    e2e/core/e8-core.spec.ts:584:5 › E8-W04 T-13-32 (e·1): screen 14 request → «Inactivitats» → D10 approval; the seeded inactive member on 04, D5 and D10 
    e2e/core/e8-core.spec.ts:719:5 › E8-W04 (d) R-12-23/24 pack: a 04 booking consumes one session, an in-time 07 cancellation returns it, 13 shows both; the expired pack stays unusable 
    e2e/core/e8-core.spec.ts:828:5 › E8-W04 T-12-27 (a)(b) + step 3 + step 5: simulate → generate → XML → returned → rollback → same numbers; cash paid; accounting export; GET /invoices timings 
    e2e/core/e8-core.spec.ts:1142:5 › E8-W04 T-13-32 (e·2) in es: 15 → «Baixes» → D10 approval → D5 «baixa dd/mm» and «Baixes previstes»; the month after has no receipt (R-13-11) 
    e2e/core/e8-core.spec.ts:1232:5 › E8-W04 (f) T-13-24 / T-12-21: instructor gates, another member's /me/…/{id} (also a family member's) is not found, nothing secret rendered 
    e2e/core/e8-core.spec.ts:1288:5 › E8-W04 (c) card leg on the fictional Stripe club: [COBRA LES TARGETES] → 202 → CHARGING settles on its own (6b(a)) → «impagat (targeta)» and the member's banner → «cobrat» 

 ELIFECYCLE  Command failed with exit code 1.
