heavy.sh: 13:01 waiting for the host lock, held by: 13:01 agilityhub-core-api-c: docker build -t ghcr.io/jboixtcm/agilityhub-core-api:e11-t06 .
heavy.sh: 13:02 got the host lock after 1 min 15 s

> agilityhub-core-web@0.0.0 e2e:core /Users/jordib/dev/agilityhub/agilityhub-core-web
> bash scripts/e2e-core.sh E8-W04 e8-core.spec.ts

core image: ghcr.io/jboixtcm/agilityhub-core-api:main arm64 revision= created=2026-10-09T00:19:48.527835998Z digests=[ghcr.io/jboixtcm/agilityhub-core-api@sha256:2b342f5af3e3ffd77f5c08f5b5c762a2bacf9332973c0a196d22d066d634e779]
core image seeds (/app/seeds): club-canic.yaml club-fifo.yaml club-minim.yaml club-perf.yaml demo-canic.yaml demo-fifo.yaml demo-perf.yaml pages 
E4_WEEK_START=2026-10-05 (club-local Monday, Europe/Madrid)
E5_WEEK_START=2026-10-12 (the club-local Monday after today, Europe/Madrid)
E8_WEEK_START=2026-10-19 (the second club-local Monday after today, Europe/Madrid)
demo seed: /Users/jordib/dev/agilityhub/agilityhub-core-web/roadmap/evidence/E8-W04/demo-canic.yaml (311 lines)
fifo demo seed: /Users/jordib/dev/agilityhub/agilityhub-core-web/roadmap/evidence/E8-W04/demo-fifo.yaml (62 lines)
pnpm store: /private/tmp/agilityhub-core-web-pnpm-store (package cache only)
 Network agilityhub-e8-w04_default Creating 
 Volume agilityhub-e8-w04_mongo-data Creating 
 Network agilityhub-e8-w04_default Creating 
 Volume agilityhub-e8-w04_mailbox Creating 
 Volume agilityhub-e8-w04_mailbox Creating 
 Volume agilityhub-e8-w04_export-files Creating 
 Volume agilityhub-e8-w04_export-files Creating 
 Volume agilityhub-e8-w04_mongo-data Creating 
 Volume agilityhub-e8-w04_mailbox Created 
 Volume agilityhub-e8-w04_mailbox Created 
 Volume agilityhub-e8-w04_mongo-data Created 
 Volume agilityhub-e8-w04_mongo-data Created 
 Volume agilityhub-e8-w04_export-files Created 
 Volume agilityhub-e8-w04_export-files Created 
 Network agilityhub-e8-w04_default Created 
 Network agilityhub-e8-w04_default Created 
 Container agilityhub-e8-w04-mongo-1 Creating 
 Container agilityhub-e8-w04-mongo-1 Created 
 Container agilityhub-e8-w04-seed-1 Creating 
 Container agilityhub-e8-w04-seed-1 Created 
 Container agilityhub-e8-w04-activate-demo-club-1 Creating 
 Container agilityhub-e8-w04-activate-demo-club-1 Created 
 Container agilityhub-e8-w04-core-1 Creating 
 Container agilityhub-e8-w04-core-1 Created 
 Container agilityhub-e8-w04-mongo-1 Starting 
 Container agilityhub-e8-w04-mongo-1 Started 
 Container agilityhub-e8-w04-mongo-1 Waiting 
 Container agilityhub-e8-w04-mongo-1 Healthy 
 Container agilityhub-e8-w04-seed-1 Starting 
 Container agilityhub-e8-w04-seed-1 Started 
 Container agilityhub-e8-w04-seed-1 Waiting 
 Container agilityhub-e8-w04-seed-1 Exited 
 Container agilityhub-e8-w04-activate-demo-club-1 Starting 
 Container agilityhub-e8-w04-activate-demo-club-1 Started 
 Container agilityhub-e8-w04-activate-demo-club-1 Waiting 
 Container agilityhub-e8-w04-mongo-1 Waiting 
 Container agilityhub-e8-w04-activate-demo-club-1 Exited 
 Container agilityhub-e8-w04-mongo-1 Healthy 
 Container agilityhub-e8-w04-core-1 Starting 
 Container agilityhub-e8-w04-core-1 Started 
 Container agilityhub-e8-w04-activate-demo-club-1 Waiting 
 Container agilityhub-e8-w04-core-1 Waiting 
 Container agilityhub-e8-w04-mongo-1 Waiting 
 Container agilityhub-e8-w04-seed-1 Waiting 
 Container agilityhub-e8-w04-activate-demo-club-1 Exited 
 Container agilityhub-e8-w04-seed-1 Exited 
 Container agilityhub-e8-w04-mongo-1 Healthy 
 Container agilityhub-e8-w04-core-1 Healthy 
seed log: /Users/jordib/dev/agilityhub/agilityhub-core-web/roadmap/evidence/E8-W04/seed-files.log (191 lines)
E8 seed totals: Cànic billing/lifecycle and FIFO card scenarios asserted
 Container agilityhub-e8-w04-playwright-run-e9479a934212 Creating 
 Container agilityhub-e8-w04-playwright-run-e9479a934212 Created 
! Corepack is about to download https://registry.npmjs.org/pnpm/-/pnpm-9.15.9.tgz
 WARN  Unsupported engine: wanted: {"node":">=22 <23"} (current: {"node":"v24.20.0","pnpm":"9.15.9"})
(node:33) [DEP0169] DeprecationWarning: `url.parse()` behavior is not standardized and prone to errors that have security implications. Use the WHATWG URL API instead. CVEs are not issued for `url.parse()` vulnerabilities.
(Use `node --trace-deprecation ...` to show where the warning was created)
Scope: all 11 workspace projects
Lockfile is up to date, resolution step is skipped
Progress: resolved 1, reused 0, downloaded 0, added 0
Packages: +852
++++++++++++++++++++++++++++++++++++++++++++++++++++++++++++++++++++++++++++++++
Progress: resolved 852, reused 666, downloaded 0, added 0
Progress: resolved 852, reused 851, downloaded 0, added 240
Progress: resolved 852, reused 851, downloaded 0, added 485
Progress: resolved 852, reused 852, downloaded 0, added 754
Progress: resolved 852, reused 852, downloaded 0, added 838
Progress: resolved 852, reused 852, downloaded 0, added 851
Progress: resolved 852, reused 852, downloaded 0, added 852, done

devDependencies:
+ @commitlint/cli 21.2.2
+ @commitlint/config-conventional 21.2.2
+ @eslint/css 2.0.0
+ @eslint/js 9.39.5
+ @playwright/test 1.63.0
+ @size-limit/file 13.0.3
+ @types/node 24.13.3
+ eslint 9.39.5
+ eslint-import-resolver-typescript 4.4.5
+ eslint-plugin-import 2.32.0
+ eslint-plugin-jsx-a11y 6.10.2
+ eslint-plugin-react 7.37.5
+ eslint-plugin-react-hooks 7.1.1
+ globals 17.12.0
+ husky 9.1.7
+ i18next-parser 9.4.0
+ lint-staged 17.5.0
+ msw 2.15.0
+ prettier 3.9.6
+ size-limit 13.0.3
+ turbo 2.10.12
+ typescript 5.9.3
+ typescript-eslint 8.69.0

. prepare$ node packages/config/scripts/prepare-husky.mjs
. prepare: .git can't be found
. prepare: Done
Done in 7.2s using pnpm v9.15.9
[WebServer] (node:116) [DEP0169] DeprecationWarning: `url.parse()` behavior is not standardized and prone to errors that have security implications. Use the WHATWG URL API instead. CVEs are not issued for `url.parse()` vulnerabilities.
[WebServer] (Use `node --trace-deprecation ...` to show where the warning was created)

[WebServer] (node:193) [DEP0169] DeprecationWarning: `url.parse()` behavior is not standardized and prone to errors that have security implications. Use the WHATWG URL API instead. CVEs are not issued for `url.parse()` vulnerabilities.
[WebServer] (Use `node --trace-deprecation ...` to show where the warning was created)

[WebServer] (node:294) [DEP0169] DeprecationWarning: `url.parse()` behavior is not standardized and prone to errors that have security implications. Use the WHATWG URL API instead. CVEs are not issued for `url.parse()` vulnerabilities.
[WebServer] (Use `node --trace-deprecation ...` to show where the warning was created)


[WebServer] (node:392) [DEP0169] DeprecationWarning: `url.parse()` behavior is not standardized and prone to errors that have security implications. Use the WHATWG URL API instead. CVEs are not issued for `url.parse()` vulnerabilities.
[WebServer] (Use `node --trace-deprecation ...` to show where the warning was created)
[WebServer] (node:487) [DEP0169] DeprecationWarning: `url.parse()` behavior is not standardized and prone to errors that have security implications. Use the WHATWG URL API instead. CVEs are not issued for `url.parse()` vulnerabilities.
[WebServer] (Use `node --trace-deprecation ...` to show where the warning was created)


Running 6 tests using 1 worker

[1/6] e2e/core/e8-core.spec.ts:678:5 › E8-W04 T-13-32 (e·1): screen 14 request → «Inactivitats» → D10 approval; the seeded inactive member on 04, D5 and D10
[2/6] e2e/core/e8-core.spec.ts:816:5 › E8-W04 (d) R-12-23/24 pack: a 04 booking consumes one session, an in-time 07 cancellation returns it, 13 shows both; the expired pack stays unusable
[3/6] e2e/core/e8-core.spec.ts:956:5 › E8-W04 T-12-27 (a)(b) + step 3 + step 5: simulate → generate → XML → returned → rollback → same numbers; cash paid; accounting export; GET /invoices timings
[4/6] e2e/core/e8-core.spec.ts:1270:5 › E8-W04 T-13-32 (e·2) in es: 15 → «Baixes» → D10 approval → D5 «baixa dd/mm» and «Baixes previstes»; the month after has no receipt (R-13-11)
[5/6] e2e/core/e8-core.spec.ts:1361:5 › E8-W04 (f) T-13-24 / T-12-21: instructor gates, another member's /me/…/{id} (also a family member's) is not found, nothing secret rendered
[6/6] e2e/core/e8-core.spec.ts:1453:5 › E8-W04 (c) card leg on the fictional Stripe club: [COBRA LES TARGETES] → 202 → CHARGING settles on its own (6b(a)) → «impagat (targeta)» and the member's banner → «cobrat»
E8 fake card: payment_intent.succeeded delivered (provider reference redacted)
  6 passed (1.7m)
