
> agilityhub-core-web@0.0.0 e2e:docker /Users/jordib/dev/agilityhub/agilityhub-core-web
> bash scripts/e2e-docker.sh E8-W04 -- --grep 'T-13-29 renders a new inactivity request' --pass-with-no-tests

Running Playwright in mcr.microsoft.com/playwright:v1.63.0-noble
Evidence copied back for: E8-W04
Capture folder of the permanent mock specs: <the task of each spec>
Playwright arguments: --workers=4 --grep T-13-29 renders a new inactivity request --pass-with-no-tests
Checkout copied into the container: 379M
! Corepack is about to download https://registry.npmjs.org/pnpm/-/pnpm-9.15.9.tgz
 WARN  Unsupported engine: wanted: {"node":">=22 <23"} (current: {"node":"v24.20.0","pnpm":"9.15.9"})
(node:23) [DEP0169] DeprecationWarning: `url.parse()` behavior is not standardized and prone to errors that have security implications. Use the WHATWG URL API instead. CVEs are not issued for `url.parse()` vulnerabilities.
(Use `node --trace-deprecation ...` to show where the warning was created)
Scope: all 11 workspace projects
Lockfile is up to date, resolution step is skipped
Progress: resolved 1, reused 0, downloaded 0, added 0
Packages: +852
++++++++++++++++++++++++++++++++++++++++++++++++++++++++++++++++++++++++++++++++
Progress: resolved 852, reused 0, downloaded 98, added 97
Progress: resolved 852, reused 0, downloaded 332, added 332
Progress: resolved 852, reused 0, downloaded 521, added 521
Progress: resolved 852, reused 0, downloaded 556, added 556
Progress: resolved 852, reused 0, downloaded 637, added 637
Progress: resolved 852, reused 0, downloaded 740, added 740
Progress: resolved 852, reused 0, downloaded 849, added 849
Progress: resolved 852, reused 0, downloaded 850, added 850
Progress: resolved 852, reused 0, downloaded 851, added 851
Progress: resolved 852, reused 0, downloaded 852, added 852, done
.../node_modules/msw postinstall$ node -e "import('./config/scripts/postinstall.js').catch(() => void 0)"
.../node_modules/unrs-resolver postinstall$ node postinstall.js
.../esbuild@0.25.12/node_modules/esbuild postinstall$ node install.js
.../node_modules/unrs-resolver postinstall: Done
.../node_modules/msw postinstall: Done
.../esbuild@0.25.12/node_modules/esbuild postinstall: Done

devDependencies:
+ @commitlint/cli 21.2.2
+ @commitlint/config-conventional 21.2.2
+ @eslint/css 2.0.0
+ @eslint/js 9.39.5
+ @playwright/test 1.63.0
+ @size-limit/file 13.0.3
+ @types/node 24.13.3
+ eslint 9.39.5
+ eslint-import-resolver-typescript 4.4.5
+ eslint-plugin-import 2.32.0
+ eslint-plugin-jsx-a11y 6.10.2
+ eslint-plugin-react 7.37.5
+ eslint-plugin-react-hooks 7.1.1
+ globals 17.12.0
+ husky 9.1.7
+ i18next-parser 9.4.0
+ lint-staged 17.5.0
+ msw 2.15.0
+ prettier 3.9.6
+ size-limit 13.0.3
+ turbo 2.10.12
+ typescript 5.9.3
+ typescript-eslint 8.69.0

. prepare$ node packages/config/scripts/prepare-husky.mjs
. prepare: .git can't be found
. prepare: Done
Done in 10.5s using pnpm v9.15.9

Attention:
Turborepo now collects completely anonymous telemetry regarding usage.
This information is used to shape the Turborepo roadmap and prioritize features.
You can learn more, including how to opt-out if you'd not like to participate in this anonymous program, by visiting the following URL:
https://turborepo.dev/docs/telemetry


   • Packages in scope: @agilityhub/api-client, @agilityhub/auth, @agilityhub/config, @agilityhub/course-core, @agilityhub/i18n, @agilityhub/shared-types, @agilityhub/ui, clubs, clubs-admin, id
   • Running e2e in 10 packages
   • Remote caching disabled

@agilityhub/course-core:build: cache miss, executing bba73eceb7caeae4
@agilityhub/course-core:build: 
@agilityhub/course-core:build: > @agilityhub/course-core@0.0.1 build /work/packages/course-core
@agilityhub/course-core:build: > tsc -p tsconfig.build.json
@agilityhub/course-core:build: 
@agilityhub/shared-types:build: cache miss, executing 1a214891a9863528
@agilityhub/shared-types:build: 
@agilityhub/shared-types:build: > @agilityhub/shared-types@0.0.1 build /work/packages/shared-types
@agilityhub/shared-types:build: > tsc -p tsconfig.build.json
@agilityhub/shared-types:build: 
id:build: cache miss, executing 13675711f8d7f3d9
id:build: 
id:build: > id@0.0.0 build /work/apps/id
id:build: > tsc --noEmit && vite build
id:build: 
id:build: [36mvite v8.2.2 [32mbuilding client environment for production...[36m[39m
id:build: transforming...
id:build: ✓ 242 modules transformed.
id:build: rendering chunks...
id:build: computing gzip size...
id:build: dist/index.html                                           0.39 kB │ gzip:   0.27 kB
id:build: dist/assets/sprite-BOr1Ydze.svg                           5.78 kB │ gzip:   1.52 kB
id:build: dist/assets/montserrat-latin-600-normal-UVxSCcoG.woff2   18.68 kB
id:build: dist/assets/montserrat-latin-500-normal-DRFEGfly.woff2   18.74 kB
id:build: dist/assets/montserrat-latin-400-normal-BLhwKU8k.woff2   18.78 kB
id:build: dist/assets/montserrat-latin-700-normal-BdjcYUrC.woff2   18.82 kB
id:build: dist/assets/montserrat-latin-600-normal-CdhFl4lI.woff    20.54 kB
id:build: dist/assets/montserrat-latin-500-normal-Dok2oTci.woff    20.60 kB
id:build: dist/assets/montserrat-latin-400-normal-xItZbAXg.woff    20.64 kB
id:build: dist/assets/montserrat-latin-700-normal-BWkrl476.woff    20.67 kB
id:build: dist/assets/index-CIhKnQD-.css                           52.05 kB │ gzip:   9.48 kB
id:build: dist/assets/common-BpH9cuss.js                            2.30 kB │ gzip:   1.09 kB
id:build: dist/assets/common-D5M4a98u.js                            2.39 kB │ gzip:   1.18 kB
id:build: dist/assets/common-DLazKDt-.js                            2.45 kB │ gzip:   1.20 kB
id:build: dist/assets/id-cJQwgM2i.js                                2.89 kB │ gzip:   1.28 kB
id:build: dist/assets/id-Dio3OKNo.js                                3.04 kB │ gzip:   1.41 kB
id:build: dist/assets/id-Rnv2hXs4.js                                3.10 kB │ gzip:   1.42 kB
id:build: dist/assets/errors-DLyAknxo.js                           21.99 kB │ gzip:   7.18 kB
id:build: dist/assets/errors-Bvp7svDM.js                           23.31 kB │ gzip:   7.57 kB
id:build: dist/assets/errors-QdWmQXin.js                           23.32 kB │ gzip:   7.54 kB
id:build: dist/assets/index-BZ8Jzamd.js                           327.49 kB │ gzip: 100.92 kB
id:build: 
id:build: [32m✓ built in 635ms[39m
clubs-admin:build: cache miss, executing 1c92d6a1e16c024e
clubs-admin:build: 
clubs-admin:build: > clubs-admin@0.0.0 build /work/apps/clubs-admin
clubs-admin:build: > tsc --noEmit && vite build
clubs-admin:build: 
clubs-admin:build: [36mvite v8.2.2 [32mbuilding client environment for production...[36m[39m
clubs-admin:build: transforming...
clubs-admin:build: ✓ 323 modules transformed.
clubs-admin:build: rendering chunks...
clubs-admin:build: computing gzip size...
clubs-admin:build: dist/index.html                                             2.65 kB │ gzip:   0.91 kB
clubs-admin:build: dist/assets/sprite-BOr1Ydze.svg                             5.78 kB │ gzip:   1.52 kB
clubs-admin:build: dist/assets/montserrat-latin-600-normal-UVxSCcoG.woff2     18.68 kB
clubs-admin:build: dist/assets/montserrat-latin-500-normal-DRFEGfly.woff2     18.74 kB
clubs-admin:build: dist/assets/montserrat-latin-400-normal-BLhwKU8k.woff2     18.78 kB
clubs-admin:build: dist/assets/montserrat-latin-700-normal-BdjcYUrC.woff2     18.82 kB
clubs-admin:build: dist/assets/montserrat-latin-600-normal-CdhFl4lI.woff      20.54 kB
clubs-admin:build: dist/assets/montserrat-latin-500-normal-Dok2oTci.woff      20.60 kB
clubs-admin:build: dist/assets/montserrat-latin-400-normal-xItZbAXg.woff      20.64 kB
clubs-admin:build: dist/assets/montserrat-latin-700-normal-BWkrl476.woff      20.67 kB
clubs-admin:build: dist/assets/index-DmSYc35g.css                            133.28 kB │ gzip:  20.09 kB
clubs-admin:build: dist/assets/notifications-ChKXsAvB.js                       0.75 kB │ gzip:   0.47 kB
clubs-admin:build: dist/assets/notifications-dxKZmlHL.js                       0.75 kB │ gzip:   0.43 kB
clubs-admin:build: dist/assets/notifications-BP8GtpgC.js                       0.75 kB │ gzip:   0.47 kB
clubs-admin:build: dist/assets/billing-Dcn1Gx1O.js                             1.08 kB │ gzip:   0.56 kB
clubs-admin:build: dist/assets/billing-B7XHt--p.js                             1.17 kB │ gzip:   0.63 kB
clubs-admin:build: dist/assets/billing-fouQ79Yi.js                             1.19 kB │ gzip:   0.64 kB
clubs-admin:build: dist/assets/history-B1Xz7N4l.js                             1.27 kB │ gzip:   0.65 kB
clubs-admin:build: dist/assets/history-D5FndTjo.js                             1.32 kB │ gzip:   0.68 kB
clubs-admin:build: dist/assets/admin-training-DDv2dFuD.js                      1.35 kB │ gzip:   0.63 kB
clubs-admin:build: dist/assets/history-Bs5JKpAd.js                             1.35 kB │ gzip:   0.69 kB
clubs-admin:build: dist/assets/admin-training-Du9KAoeO.js                      1.42 kB │ gzip:   0.68 kB
clubs-admin:build: dist/assets/admin-training-CtWdBvS6.js                      1.44 kB │ gzip:   0.69 kB
clubs-admin:build: dist/assets/training-CYuCURIa.js                            1.57 kB │ gzip:   0.80 kB
clubs-admin:build: dist/assets/home-CLVBc5a3.js                                1.59 kB │ gzip:   0.79 kB
clubs-admin:build: dist/assets/training-DhvOYmdN.js                            1.62 kB │ gzip:   0.85 kB
clubs-admin:build: dist/assets/training-B5riWOVN.js                            1.63 kB │ gzip:   0.86 kB
clubs-admin:build: dist/assets/leave-BJCFfMEA.js                               1.64 kB │ gzip:   0.83 kB
clubs-admin:build: dist/assets/home-DIaHUeYG.js                                1.65 kB │ gzip:   0.84 kB
clubs-admin:build: dist/assets/home-vQT0WHAi.js                                1.67 kB │ gzip:   0.84 kB
clubs-admin:build: dist/assets/leave-CNFxa8RY.js                               1.75 kB │ gzip:   0.94 kB
clubs-admin:build: dist/assets/leave-DLQuaFFq.js                               1.76 kB │ gzip:   0.94 kB
clubs-admin:build: dist/assets/activities-_j5UPNJ2.js                          1.79 kB │ gzip:   0.83 kB
clubs-admin:build: dist/assets/activities-D_fvQi10.js                          1.86 kB │ gzip:   0.91 kB
clubs-admin:build: dist/assets/activities-BKuUowmB.js                          1.88 kB │ gzip:   0.91 kB
clubs-admin:build: dist/assets/inactivity-1DJxpGMC.js                          1.93 kB │ gzip:   0.93 kB
clubs-admin:build: dist/assets/inactivity-CCuSHOmb.js                          2.02 kB │ gzip:   1.02 kB
clubs-admin:build: dist/assets/inactivity-CpsDk17I.js                          2.04 kB │ gzip:   1.01 kB
clubs-admin:build: dist/assets/admin-dashboard-VZhOZ68T.js                     2.07 kB │ gzip:   1.02 kB
clubs-admin:build: dist/assets/admin-dashboard-MI69Hia9.js                     2.13 kB │ gzip:   1.10 kB
clubs-admin:build: dist/assets/admin-dashboard-DNVY2TkD.js                     2.18 kB │ gzip:   1.11 kB
clubs-admin:build: dist/assets/id-cJQwgM2i.js                                  2.89 kB │ gzip:   1.28 kB
clubs-admin:build: dist/assets/id-Dio3OKNo.js                                  3.04 kB │ gzip:   1.41 kB
clubs-admin:build: dist/assets/id-Rnv2hXs4.js                                  3.10 kB │ gzip:   1.42 kB
clubs-admin:build: dist/assets/admin-messaging-Deb_qeG3.js                     4.53 kB │ gzip:   1.87 kB
clubs-admin:build: dist/assets/admin-messaging-BzpSHSUj.js                     4.70 kB │ gzip:   2.01 kB
clubs-admin:build: dist/assets/admin-messaging-dXGlHtst.js                     4.79 kB │ gzip:   2.03 kB
clubs-admin:build: dist/assets/booking-C2JFywZY.js                             4.84 kB │ gzip:   1.84 kB
clubs-admin:build: dist/assets/auth-C10lCXDJ.js                                5.05 kB │ gzip:   2.14 kB
clubs-admin:build: dist/assets/booking-BnHoP-fw.js                             5.18 kB │ gzip:   2.03 kB
clubs-admin:build: dist/assets/booking-oFemWAlT.js                             5.19 kB │ gzip:   2.03 kB
clubs-admin:build: dist/assets/admin-catalogs-p29fM8xq.js                      5.41 kB │ gzip:   2.01 kB
clubs-admin:build: dist/assets/auth-Uy3Y-og8.js                                5.63 kB │ gzip:   2.37 kB
clubs-admin:build: dist/assets/signup-BkgU37Eh.js                              5.63 kB │ gzip:   2.54 kB
clubs-admin:build: dist/assets/admin-catalogs-dZtpqy8S.js                      5.67 kB │ gzip:   2.23 kB
clubs-admin:build: dist/assets/admin-audit-DY0X8EOb.js                         5.68 kB │ gzip:   2.37 kB
clubs-admin:build: dist/assets/auth-DU3LoyRH.js                                5.70 kB │ gzip:   2.38 kB
clubs-admin:build: dist/assets/admin-catalogs-D4wG5vIy.js                      5.87 kB │ gzip:   2.26 kB
clubs-admin:build: dist/assets/signup-Bi4UbtBk.js                              5.88 kB │ gzip:   2.80 kB
clubs-admin:build: dist/assets/signup-DQ9RZKro.js                              5.97 kB │ gzip:   2.82 kB
clubs-admin:build: dist/assets/admin-activities-Cmq1QEmn.js                    6.01 kB │ gzip:   2.42 kB
clubs-admin:build: dist/assets/admin-activities-p-Yew4Zm.js                    6.17 kB │ gzip:   2.62 kB
clubs-admin:build: dist/assets/admin-audit-BH-XD2BI.js                         6.19 kB │ gzip:   2.60 kB
clubs-admin:build: dist/assets/admin-audit-CaX7fz6F.js                         6.30 kB │ gzip:   2.62 kB
clubs-admin:build: dist/assets/admin-activities-7OuSwNid.js                    6.38 kB │ gzip:   2.68 kB
clubs-admin:build: dist/assets/census-C3liY4XU.js                              6.70 kB │ gzip:   2.61 kB
clubs-admin:build: dist/assets/census-BmS6bUgr.js                              7.05 kB │ gzip:   2.88 kB
clubs-admin:build: dist/assets/census-RIv3bZuC.js                              7.25 kB │ gzip:   2.92 kB
clubs-admin:build: dist/assets/admin-scheduling-nhXWwjRG.js                    8.23 kB │ gzip:   3.04 kB
clubs-admin:build: dist/assets/enums-CBHhsYyt.js                               8.55 kB │ gzip:   3.49 kB
clubs-admin:build: dist/assets/admin-scheduling-DeLeUPtJ.js                    8.64 kB │ gzip:   3.30 kB
clubs-admin:build: dist/assets/admin-scheduling-BhSriSnV.js                    8.64 kB │ gzip:   3.31 kB
clubs-admin:build: dist/assets/enums-Fb9eEND4.js                               8.82 kB │ gzip:   3.61 kB
clubs-admin:build: dist/assets/enums-C7fH82AG.js                               8.86 kB │ gzip:   3.60 kB
clubs-admin:build: dist/assets/instructor-Drv5FS73.js                          8.95 kB │ gzip:   3.24 kB
clubs-admin:build: dist/assets/instructor-C9Nzp3I-.js                          9.33 kB │ gzip:   3.45 kB
clubs-admin:build: dist/assets/instructor-DOywIQyk.js                          9.43 kB │ gzip:   3.47 kB
clubs-admin:build: dist/assets/admin-billing-CSu7p_6R.js                       9.83 kB │ gzip:   3.47 kB
clubs-admin:build: dist/assets/admin-billing-CC32bEji.js                      10.03 kB │ gzip:   3.78 kB
clubs-admin:build: dist/assets/admin-billing-C6P5ZjUV.js                      10.24 kB │ gzip:   3.81 kB
clubs-admin:build: dist/assets/admin-census-Cs77qzU3.js                       17.55 kB │ gzip:   6.53 kB
clubs-admin:build: dist/assets/admin-census-CKc7ESYs.js                       18.59 kB │ gzip:   7.03 kB
clubs-admin:build: dist/assets/admin-census-DV0dTNnQ.js                       19.02 kB │ gzip:   7.12 kB
clubs-admin:build: dist/assets/errors-DLyAknxo.js                             21.99 kB │ gzip:   7.18 kB
clubs-admin:build: dist/assets/admin-settings-BGWZWGcY.js                     23.15 kB │ gzip:   8.03 kB
clubs-admin:build: dist/assets/errors-Bvp7svDM.js                             23.31 kB │ gzip:   7.57 kB
clubs-admin:build: dist/assets/errors-QdWmQXin.js                             23.32 kB │ gzip:   7.54 kB
clubs-admin:build: dist/assets/admin-settings-Djo9n4mk.js                     24.88 kB │ gzip:   8.71 kB
clubs-admin:build: dist/assets/admin-settings-DfNEfLE4.js                     25.34 kB │ gzip:   8.72 kB
clubs-admin:build: dist/assets/index-Cr3fqJOA.js                           1,258.58 kB │ gzip: 425.77 kB
clubs-admin:build: 
clubs-admin:build: [33m[33m[INEFFECTIVE_DYNAMIC_IMPORT] [0m../../packages/i18n/src/locales/ca/common.json is dynamically imported by ../../packages/i18n/src/resources.ts but also statically imported by ../../packages/i18n/src/catalog.ts, dynamic import will not move module into another chunk.
clubs-admin:build: [39m
clubs-admin:build: [33m[plugin builtin:vite-reporter] 
clubs-admin:build: (!) Some chunks are larger than 500 kB after minification. Consider:
clubs-admin:build: - Using dynamic import() to code-split the application
clubs-admin:build: - Use build.rolldownOptions.output.codeSplitting to improve chunking: https://rolldown.rs/reference/OutputOptions.codeSplitting
clubs-admin:build: - Adjust chunk size limit for this warning via build.chunkSizeWarningLimit.[39m
clubs-admin:build: [33m[33m[INEFFECTIVE_DYNAMIC_IMPORT] [0m../../packages/i18n/src/locales/ca/shell.json is dynamically imported by ../../packages/i18n/src/resources.ts but also statically imported by ../../packages/i18n/src/catalog.ts, dynamic import will not move module into another chunk.
clubs-admin:build: [39m
clubs-admin:build: [33m[33m[INEFFECTIVE_DYNAMIC_IMPORT] [0m../../packages/i18n/src/locales/en/common.json is dynamically imported by ../../packages/i18n/src/resources.ts but also statically imported by ../../packages/i18n/src/catalog.ts, dynamic import will not move module into another chunk.
clubs-admin:build: [39m
clubs-admin:build: [33m[33m[INEFFECTIVE_DYNAMIC_IMPORT] [0m../../packages/i18n/src/locales/en/shell.json is dynamically imported by ../../packages/i18n/src/resources.ts but also statically imported by ../../packages/i18n/src/catalog.ts, dynamic import will not move module into another chunk.
clubs-admin:build: [39m
clubs-admin:build: [33m[33m[INEFFECTIVE_DYNAMIC_IMPORT] [0m../../packages/i18n/src/locales/es/common.json is dynamically imported by ../../packages/i18n/src/resources.ts but also statically imported by ../../packages/i18n/src/catalog.ts, dynamic import will not move module into another chunk.
clubs-admin:build: [39m
clubs-admin:build: [33m[33m[INEFFECTIVE_DYNAMIC_IMPORT] [0m../../packages/i18n/src/locales/es/shell.json is dynamically imported by ../../packages/i18n/src/resources.ts but also statically imported by ../../packages/i18n/src/catalog.ts, dynamic import will not move module into another chunk.
clubs-admin:build: [39m
clubs-admin:build: [32m✓ built in 463ms[39m
clubs:build: cache miss, executing d4b4076f12288a3f
clubs:build: 
clubs:build: > clubs@0.0.0 build /work/apps/clubs
clubs:build: > tsc --noEmit && vite build
clubs:build: 
clubs:build: [36mvite v8.2.2 [32mbuilding client environment for production...[36m[39m
clubs:build: transforming...
clubs:build: ✓ 297 modules transformed.
clubs:build: rendering chunks...
clubs:build: computing gzip size...
clubs:build: dist/index.html                                           2.71 kB │ gzip:   0.94 kB
clubs:build: dist/assets/sprite-BOr1Ydze.svg                           5.78 kB │ gzip:   1.52 kB
clubs:build: dist/assets/montserrat-latin-600-normal-UVxSCcoG.woff2   18.68 kB
clubs:build: dist/assets/montserrat-latin-500-normal-DRFEGfly.woff2   18.74 kB
clubs:build: dist/assets/montserrat-latin-400-normal-BLhwKU8k.woff2   18.78 kB
clubs:build: dist/assets/montserrat-latin-700-normal-BdjcYUrC.woff2   18.82 kB
clubs:build: dist/assets/montserrat-latin-600-normal-CdhFl4lI.woff    20.54 kB
clubs:build: dist/assets/montserrat-latin-500-normal-Dok2oTci.woff    20.60 kB
clubs:build: dist/assets/montserrat-latin-400-normal-xItZbAXg.woff    20.64 kB
clubs:build: dist/assets/montserrat-latin-700-normal-BWkrl476.woff    20.67 kB
clubs:build: dist/assets/index-LjaIcP_5.css                          119.76 kB │ gzip:  18.90 kB
clubs:build: dist/assets/notifications-ChKXsAvB.js                     0.75 kB │ gzip:   0.47 kB
clubs:build: dist/assets/notifications-dxKZmlHL.js                     0.75 kB │ gzip:   0.43 kB
clubs:build: dist/assets/notifications-BP8GtpgC.js                     0.75 kB │ gzip:   0.47 kB
clubs:build: dist/assets/billing-Dcn1Gx1O.js                           1.08 kB │ gzip:   0.56 kB
clubs:build: dist/assets/virtual_pwa-register-C10DEVw0.js              1.12 kB │ gzip:   0.60 kB
clubs:build: dist/assets/billing-B7XHt--p.js                           1.17 kB │ gzip:   0.63 kB
clubs:build: dist/assets/billing-fouQ79Yi.js                           1.19 kB │ gzip:   0.64 kB
clubs:build: dist/assets/history-B1Xz7N4l.js                           1.27 kB │ gzip:   0.65 kB
clubs:build: dist/assets/history-D5FndTjo.js                           1.32 kB │ gzip:   0.68 kB
clubs:build: dist/assets/admin-training-DDv2dFuD.js                    1.35 kB │ gzip:   0.63 kB
clubs:build: dist/assets/history-Bs5JKpAd.js                           1.35 kB │ gzip:   0.69 kB
clubs:build: dist/assets/admin-training-Du9KAoeO.js                    1.42 kB │ gzip:   0.68 kB
clubs:build: dist/assets/admin-training-CtWdBvS6.js                    1.44 kB │ gzip:   0.69 kB
clubs:build: dist/assets/training-CYuCURIa.js                          1.57 kB │ gzip:   0.80 kB
clubs:build: dist/assets/home-CLVBc5a3.js                              1.59 kB │ gzip:   0.79 kB
clubs:build: dist/assets/training-DhvOYmdN.js                          1.62 kB │ gzip:   0.85 kB
clubs:build: dist/assets/training-B5riWOVN.js                          1.63 kB │ gzip:   0.86 kB
clubs:build: dist/assets/leave-BJCFfMEA.js                             1.64 kB │ gzip:   0.83 kB
clubs:build: dist/assets/home-DIaHUeYG.js                              1.65 kB │ gzip:   0.84 kB
clubs:build: dist/assets/home-vQT0WHAi.js                              1.67 kB │ gzip:   0.84 kB
clubs:build: dist/assets/leave-CNFxa8RY.js                             1.75 kB │ gzip:   0.94 kB
clubs:build: dist/assets/leave-DLQuaFFq.js                             1.76 kB │ gzip:   0.94 kB
clubs:build: dist/assets/activities-_j5UPNJ2.js                        1.79 kB │ gzip:   0.83 kB
clubs:build: dist/assets/activities-D_fvQi10.js                        1.86 kB │ gzip:   0.91 kB
clubs:build: dist/assets/activities-BKuUowmB.js                        1.88 kB │ gzip:   0.91 kB
clubs:build: dist/assets/inactivity-1DJxpGMC.js                        1.93 kB │ gzip:   0.93 kB
clubs:build: dist/assets/inactivity-CCuSHOmb.js                        2.02 kB │ gzip:   1.02 kB
clubs:build: dist/assets/inactivity-CpsDk17I.js                        2.04 kB │ gzip:   1.01 kB
clubs:build: dist/assets/admin-dashboard-VZhOZ68T.js                   2.07 kB │ gzip:   1.02 kB
clubs:build: dist/assets/admin-dashboard-MI69Hia9.js                   2.13 kB │ gzip:   1.10 kB
clubs:build: dist/assets/admin-dashboard-DNVY2TkD.js                   2.18 kB │ gzip:   1.11 kB
clubs:build: dist/assets/id-cJQwgM2i.js                                2.89 kB │ gzip:   1.28 kB
clubs:build: dist/assets/id-Dio3OKNo.js                                3.04 kB │ gzip:   1.41 kB
clubs:build: dist/assets/id-Rnv2hXs4.js                                3.10 kB │ gzip:   1.42 kB
clubs:build: dist/assets/admin-messaging-Deb_qeG3.js                   4.53 kB │ gzip:   1.87 kB
clubs:build: dist/assets/admin-messaging-BzpSHSUj.js                   4.70 kB │ gzip:   2.01 kB
clubs:build: dist/assets/admin-messaging-dXGlHtst.js                   4.79 kB │ gzip:   2.03 kB
clubs:build: dist/assets/booking-C2JFywZY.js                           4.84 kB │ gzip:   1.84 kB
clubs:build: dist/assets/auth-C10lCXDJ.js                              5.05 kB │ gzip:   2.14 kB
clubs:build: dist/assets/booking-BnHoP-fw.js                           5.18 kB │ gzip:   2.03 kB
clubs:build: dist/assets/booking-oFemWAlT.js                           5.19 kB │ gzip:   2.03 kB
clubs:build: dist/assets/admin-catalogs-p29fM8xq.js                    5.41 kB │ gzip:   2.01 kB
clubs:build: dist/assets/auth-Uy3Y-og8.js                              5.63 kB │ gzip:   2.37 kB
clubs:build: dist/assets/signup-BkgU37Eh.js                            5.63 kB │ gzip:   2.54 kB
clubs:build: dist/assets/workbox-window.prod.es5-Bd17z0YL.js           5.65 kB │ gzip:   2.20 kB
clubs:build: dist/assets/admin-catalogs-dZtpqy8S.js                    5.67 kB │ gzip:   2.23 kB
clubs:build: dist/assets/admin-audit-DY0X8EOb.js                       5.68 kB │ gzip:   2.37 kB
clubs:build: dist/assets/auth-DU3LoyRH.js                              5.70 kB │ gzip:   2.38 kB
clubs:build: dist/assets/admin-catalogs-D4wG5vIy.js                    5.87 kB │ gzip:   2.26 kB
clubs:build: dist/assets/signup-Bi4UbtBk.js                            5.88 kB │ gzip:   2.80 kB
clubs:build: dist/assets/signup-DQ9RZKro.js                            5.97 kB │ gzip:   2.82 kB
clubs:build: dist/assets/admin-activities-Cmq1QEmn.js                  6.01 kB │ gzip:   2.42 kB
clubs:build: dist/assets/admin-activities-p-Yew4Zm.js                  6.17 kB │ gzip:   2.62 kB
clubs:build: dist/assets/admin-audit-BH-XD2BI.js                       6.19 kB │ gzip:   2.60 kB
clubs:build: dist/assets/admin-audit-CaX7fz6F.js                       6.30 kB │ gzip:   2.62 kB
clubs:build: dist/assets/admin-activities-7OuSwNid.js                  6.38 kB │ gzip:   2.68 kB
clubs:build: dist/assets/census-C3liY4XU.js                            6.70 kB │ gzip:   2.61 kB
clubs:build: dist/assets/census-BmS6bUgr.js                            7.05 kB │ gzip:   2.88 kB
clubs:build: dist/assets/census-RIv3bZuC.js                            7.25 kB │ gzip:   2.92 kB
clubs:build: dist/assets/admin-scheduling-nhXWwjRG.js                  8.23 kB │ gzip:   3.04 kB
clubs:build: dist/assets/enums-CBHhsYyt.js                             8.55 kB │ gzip:   3.49 kB
clubs:build: dist/assets/admin-scheduling-DeLeUPtJ.js                  8.64 kB │ gzip:   3.30 kB
clubs:build: dist/assets/admin-scheduling-BhSriSnV.js                  8.64 kB │ gzip:   3.31 kB
clubs:build: dist/assets/enums-Fb9eEND4.js                             8.82 kB │ gzip:   3.61 kB
clubs:build: dist/assets/enums-C7fH82AG.js                             8.86 kB │ gzip:   3.60 kB
clubs:build: dist/assets/instructor-Drv5FS73.js                        8.95 kB │ gzip:   3.24 kB
clubs:build: dist/assets/instructor-C9Nzp3I-.js                        9.33 kB │ gzip:   3.45 kB
clubs:build: dist/assets/instructor-DOywIQyk.js                        9.43 kB │ gzip:   3.47 kB
clubs:build: dist/assets/admin-billing-CSu7p_6R.js                     9.83 kB │ gzip:   3.47 kB
clubs:build: dist/assets/admin-billing-CC32bEji.js                    10.03 kB │ gzip:   3.78 kB
clubs:build: dist/assets/admin-billing-C6P5ZjUV.js                    10.24 kB │ gzip:   3.81 kB
clubs:build: dist/assets/admin-census-Cs77qzU3.js                     17.55 kB │ gzip:   6.53 kB
clubs:build: dist/assets/admin-census-CKc7ESYs.js                     18.59 kB │ gzip:   7.03 kB
clubs:build: dist/assets/admin-census-DV0dTNnQ.js                     19.02 kB │ gzip:   7.12 kB
clubs:build: dist/assets/errors-DLyAknxo.js                           21.99 kB │ gzip:   7.18 kB
clubs:build: dist/assets/admin-settings-BGWZWGcY.js                   23.15 kB │ gzip:   8.03 kB
clubs:build: dist/assets/errors-Bvp7svDM.js                           23.31 kB │ gzip:   7.57 kB
clubs:build: dist/assets/errors-QdWmQXin.js                           23.32 kB │ gzip:   7.54 kB
clubs:build: dist/assets/admin-settings-Djo9n4mk.js                   24.88 kB │ gzip:   8.71 kB
clubs:build: dist/assets/admin-settings-DfNEfLE4.js                   25.34 kB │ gzip:   8.72 kB
clubs:build: dist/assets/index-QPGIEr8j.js                           678.33 kB │ gzip: 194.64 kB
clubs:build: 
clubs:build: [33m[33m[INEFFECTIVE_DYNAMIC_IMPORT] [0m../../packages/i18n/src/locales/ca/common.json is dynamically imported by ../../packages/i18n/src/resources.ts but also statically imported by ../../packages/i18n/src/catalog.ts, dynamic import will not move module into another chunk.
clubs:build: [39m
clubs:build: [33m[plugin builtin:vite-reporter] 
clubs:build: (!) Some chunks are larger than 500 kB after minification. Consider:
clubs:build: - Using dynamic import() to code-split the application
clubs:build: - Use build.rolldownOptions.output.codeSplitting to improve chunking: https://rolldown.rs/reference/OutputOptions.codeSplitting
clubs:build: - Adjust chunk size limit for this warning via build.chunkSizeWarningLimit.[39m
clubs:build: [33m[33m[INEFFECTIVE_DYNAMIC_IMPORT] [0m../../packages/i18n/src/locales/ca/shell.json is dynamically imported by ../../packages/i18n/src/resources.ts but also statically imported by ../../packages/i18n/src/catalog.ts, dynamic import will not move module into another chunk.
clubs:build: [39m
clubs:build: [33m[33m[INEFFECTIVE_DYNAMIC_IMPORT] [0m../../packages/i18n/src/locales/en/common.json is dynamically imported by ../../packages/i18n/src/resources.ts but also statically imported by ../../packages/i18n/src/catalog.ts, dynamic import will not move module into another chunk.
clubs:build: [39m
clubs:build: [33m[33m[INEFFECTIVE_DYNAMIC_IMPORT] [0m../../packages/i18n/src/locales/en/shell.json is dynamically imported by ../../packages/i18n/src/resources.ts but also statically imported by ../../packages/i18n/src/catalog.ts, dynamic import will not move module into another chunk.
clubs:build: [39m
clubs:build: [33m[33m[INEFFECTIVE_DYNAMIC_IMPORT] [0m../../packages/i18n/src/locales/es/common.json is dynamically imported by ../../packages/i18n/src/resources.ts but also statically imported by ../../packages/i18n/src/catalog.ts, dynamic import will not move module into another chunk.
clubs:build: [39m
clubs:build: [33m[33m[INEFFECTIVE_DYNAMIC_IMPORT] [0m../../packages/i18n/src/locales/es/shell.json is dynamically imported by ../../packages/i18n/src/resources.ts but also statically imported by ../../packages/i18n/src/catalog.ts, dynamic import will not move module into another chunk.
clubs:build: [39m
clubs:build: [32m✓ built in 384ms[39m
clubs:build: 
clubs:build: PWA v1.3.0
clubs:build: Building src/sw.ts service worker ("es" format)...
clubs:build: [36mvite v8.2.2 [32mbuilding client environment for production...[36m[39m
clubs:build: [warn] `inlineDynamicImports` option is deprecated, please use `codeSplitting: false` instead.
clubs:build: transforming...
clubs:build: ✓ 60 modules transformed.
clubs:build: rendering chunks...
clubs:build: computing gzip size...
clubs:build: dist/sw.mjs  17.90 kB │ gzip: 6.01 kB
clubs:build: 
clubs:build: [32m✓ built in 48ms[39m
clubs:build: 
clubs:build: PWA v1.3.0
clubs:build: mode      injectManifest
clubs:build: format:   es
clubs:build: precache  83 entries (1277.43 KiB)
clubs:build: files generated
clubs:build:   dist/sw.js
id:e2e: cache bypass, force executing ac3346f88b452386
id:e2e: 
id:e2e: > id@0.0.0 e2e /work/apps/id
id:e2e: > playwright test --workers\=4 --grep 'T-13-29 renders a new inactivity request' --pass-with-no-tests
id:e2e: 
id:e2e: 
id:e2e: 
clubs-admin:e2e: cache bypass, force executing 49561d80b1a9edb7
clubs-admin:e2e: 
clubs-admin:e2e: > clubs-admin@0.0.0 e2e /work/apps/clubs-admin
clubs-admin:e2e: > playwright test --workers\=4 --grep 'T-13-29 renders a new inactivity request' --pass-with-no-tests
clubs-admin:e2e: 
clubs-admin:e2e: [WebServer] (node:771) [DEP0169] DeprecationWarning: `url.parse()` behavior is not standardized and prone to errors that have security implications. Use the WHATWG URL API instead. CVEs are not issued for `url.parse()` vulnerabilities.
clubs-admin:e2e: [WebServer] (Use `node --trace-deprecation ...` to show where the warning was created)
clubs-admin:e2e: 
clubs-admin:e2e: 
clubs:e2e: cache bypass, force executing fc5567d56d5e21e0
clubs:e2e: 
clubs:e2e: > clubs@0.0.0 e2e /work/apps/clubs
clubs:e2e: > playwright test --workers\=4 --grep 'T-13-29 renders a new inactivity request' --pass-with-no-tests
clubs:e2e: 
clubs:e2e: [WebServer] (node:994) [DEP0169] DeprecationWarning: `url.parse()` behavior is not standardized and prone to errors that have security implications. Use the WHATWG URL API instead. CVEs are not issued for `url.parse()` vulnerabilities.
clubs:e2e: [WebServer] (Use `node --trace-deprecation ...` to show where the warning was created)
clubs:e2e: 
clubs:e2e: Running 1 test using 1 worker
clubs:e2e: ·
clubs:e2e:   1 passed (6.9s)

 Tasks:    8 successful, 8 total
Cached:    0 cached, 8 total
  Time:    41.297s 

