• turbo 2.10.12

   • Packages in scope: @agilityhub/api-client, @agilityhub/auth, @agilityhub/config, @agilityhub/i18n, @agilityhub/ui, clubs, clubs-admin, id
   • Running lint, typecheck, test, build in 8 packages
   • Remote caching disabled

@agilityhub/ui:test: cache miss, executing 44e5867c62c4013b
clubs-admin:lint: cache miss, executing cdbf97c5b7b503da
@agilityhub/api-client:typecheck: cache hit, replaying logs 03af05f2a666e9c8
@agilityhub/api-client:lint: cache hit, replaying logs 46739636aefb0ce6
@agilityhub/ui:typecheck: cache hit, replaying logs d26e2473e3d7101b
@agilityhub/ui:typecheck: 
@agilityhub/ui:typecheck: > @agilityhub/ui@0.0.0 typecheck /Users/jordib/dev/agilityhub/agilityhub-core-web/packages/ui
@agilityhub/ui:typecheck: > tsc --noEmit
@agilityhub/ui:typecheck: 
@agilityhub/auth:lint: cache hit, replaying logs 124b2e03cc508bda
@agilityhub/config:lint: cache hit, replaying logs 9bfae1aac519771f
@agilityhub/api-client:typecheck: 
@agilityhub/api-client:typecheck: > @agilityhub/api-client@0.0.0 typecheck /Users/jordib/dev/agilityhub/agilityhub-core-web/packages/api-client
@agilityhub/api-client:typecheck: > tsc --noEmit
@agilityhub/api-client:typecheck: 
@agilityhub/i18n:lint: cache hit, replaying logs 7968281db020c6fd
@agilityhub/config:lint: 
@agilityhub/api-client:lint: 
clubs:lint: cache hit, replaying logs 3ec98ef18a20b240
@agilityhub/config:lint: > @agilityhub/config@0.0.0 lint /Users/jordib/dev/agilityhub/agilityhub-core-web/packages/config
@agilityhub/config:lint: > eslint . --max-warnings 0 --config ../../eslint.config.mjs
@agilityhub/config:lint: 
@agilityhub/auth:lint: 
@agilityhub/api-client:lint: > @agilityhub/api-client@0.0.0 lint /Users/jordib/dev/agilityhub/agilityhub-core-web/packages/api-client
@agilityhub/api-client:lint: > eslint src --ignore-pattern src/generated/** --max-warnings 0 --config ../../eslint.config.mjs
@agilityhub/api-client:lint: 
@agilityhub/auth:lint: > @agilityhub/auth@0.0.0 lint /Users/jordib/dev/agilityhub/agilityhub-core-web/packages/auth
@agilityhub/i18n:lint: 
@agilityhub/i18n:lint: > @agilityhub/i18n@0.0.0 lint /Users/jordib/dev/agilityhub/agilityhub-core-web/packages/i18n
@agilityhub/ui:lint: cache hit, replaying logs 419af4dc3b65fd96
@agilityhub/auth:lint: > eslint src --max-warnings 0 --config ../../eslint.config.mjs
@agilityhub/auth:lint: 
@agilityhub/i18n:lint: > eslint src --max-warnings 0 --config ../../eslint.config.mjs
@agilityhub/i18n:lint: 
@agilityhub/api-client:test: cache miss, executing d53e8ab720cd52b3
clubs:lint: 
clubs:lint: > clubs@0.0.0 lint /Users/jordib/dev/agilityhub/agilityhub-core-web/apps/clubs
@agilityhub/ui:lint: 
@agilityhub/ui:lint: > @agilityhub/ui@0.0.0 lint /Users/jordib/dev/agilityhub/agilityhub-core-web/packages/ui
@agilityhub/ui:lint: > eslint src --max-warnings 0 --config ../../eslint.config.mjs
@agilityhub/ui:lint: 
clubs:lint: > eslint . --max-warnings 0 --config ../../eslint.config.mjs
clubs:lint: 
@agilityhub/config:typecheck: cache hit, replaying logs d963af231b5e6a98
@agilityhub/config:typecheck: 
@agilityhub/config:typecheck: > @agilityhub/config@0.0.0 typecheck /Users/jordib/dev/agilityhub/agilityhub-core-web/packages/config
id:build: cache miss, executing 772f4e67cd7b48ea
@agilityhub/i18n:test: cache miss, executing b711cc2dfd3c11c9
clubs-admin:build: cache miss, executing 0a2885ab72d9da2b
@agilityhub/config:typecheck: > node --check eslint.config.mjs && node --check prettier.config.mjs && node --check scripts/prepare-husky.mjs
@agilityhub/config:typecheck: 
clubs:build: cache miss, executing be4abd8366a4a93a
@agilityhub/i18n:typecheck: cache hit, replaying logs cefe6862e868dee5
@agilityhub/i18n:typecheck: 
@agilityhub/i18n:typecheck: > @agilityhub/i18n@0.0.0 typecheck /Users/jordib/dev/agilityhub/agilityhub-core-web/packages/i18n
@agilityhub/i18n:typecheck: > tsc --noEmit
@agilityhub/i18n:typecheck: 
id:lint: cache hit, replaying logs e72f0ee3bae6b9fe
id:lint: 
id:lint: > id@0.0.0 lint /Users/jordib/dev/agilityhub/agilityhub-core-web/apps/id
id:lint: > eslint . --max-warnings 0 --config ../../eslint.config.mjs
id:lint: 
@agilityhub/auth:test: cache miss, executing 21fbd049f7234ecf
@agilityhub/auth:typecheck: cache hit, replaying logs 4c74b8b20608730e
@agilityhub/auth:typecheck: 
@agilityhub/auth:typecheck: > @agilityhub/auth@0.0.0 typecheck /Users/jordib/dev/agilityhub/agilityhub-core-web/packages/auth
@agilityhub/auth:typecheck: > tsc --noEmit
@agilityhub/auth:typecheck: 
id:test: cache miss, executing b5c91a567abe301f
id:typecheck: cache miss, executing 804e6ac82cdab446
@agilityhub/auth:test: 
@agilityhub/auth:test: > @agilityhub/auth@0.0.0 test /Users/jordib/dev/agilityhub/agilityhub-core-web/packages/auth
@agilityhub/auth:test: > vitest run
@agilityhub/auth:test: 
clubs-admin:lint: 
clubs-admin:lint: > clubs-admin@0.0.0 lint /Users/jordib/dev/agilityhub/agilityhub-core-web/apps/clubs-admin
clubs-admin:lint: > eslint . --max-warnings 0 --config ../../eslint.config.mjs
clubs-admin:lint: 
id:build: 
id:build: > id@0.0.0 build /Users/jordib/dev/agilityhub/agilityhub-core-web/apps/id
id:build: > tsc --noEmit && vite build
id:build: 
clubs:build: 
clubs:build: > clubs@0.0.0 build /Users/jordib/dev/agilityhub/agilityhub-core-web/apps/clubs
clubs:build: > tsc --noEmit && vite build
clubs:build: 
id:test: 
id:test: > id@0.0.0 test /Users/jordib/dev/agilityhub/agilityhub-core-web/apps/id
id:test: > vitest run
id:test: 
@agilityhub/ui:test: 
@agilityhub/ui:test: > @agilityhub/ui@0.0.0 test /Users/jordib/dev/agilityhub/agilityhub-core-web/packages/ui
@agilityhub/ui:test: > vitest run
@agilityhub/ui:test: 
clubs-admin:build: 
clubs-admin:build: > clubs-admin@0.0.0 build /Users/jordib/dev/agilityhub/agilityhub-core-web/apps/clubs-admin
clubs-admin:build: > tsc --noEmit && vite build
clubs-admin:build: 
@agilityhub/i18n:test: 
@agilityhub/i18n:test: > @agilityhub/i18n@0.0.0 test /Users/jordib/dev/agilityhub/agilityhub-core-web/packages/i18n
@agilityhub/i18n:test: > vitest run
@agilityhub/i18n:test: 
@agilityhub/api-client:test: 
@agilityhub/api-client:test: > @agilityhub/api-client@0.0.0 test /Users/jordib/dev/agilityhub/agilityhub-core-web/packages/api-client
@agilityhub/api-client:test: > vitest run
@agilityhub/api-client:test: 
id:typecheck: 
id:typecheck: > id@0.0.0 typecheck /Users/jordib/dev/agilityhub/agilityhub-core-web/apps/id
id:typecheck: > tsc --noEmit
id:typecheck: 
@agilityhub/auth:test: 
@agilityhub/auth:test: [1m[30m[46m RUN [49m[39m[22m [36mv5.0.0 [39m[90m/Users/jordib/dev/agilityhub/agilityhub-core-web/packages/auth[39m
@agilityhub/auth:test: 
@agilityhub/api-client:test: 
@agilityhub/api-client:test: [1m[30m[46m RUN [49m[39m[22m [36mv5.0.0 [39m[90m/Users/jordib/dev/agilityhub/agilityhub-core-web/packages/api-client[39m
@agilityhub/api-client:test: 
@agilityhub/i18n:test: 
@agilityhub/i18n:test: [1m[30m[46m RUN [49m[39m[22m [36mv5.0.0 [39m[90m/Users/jordib/dev/agilityhub/agilityhub-core-web/packages/i18n[39m
@agilityhub/i18n:test: 
@agilityhub/ui:test: 
@agilityhub/ui:test: [1m[30m[46m RUN [49m[39m[22m [36mv5.0.0 [39m[90m/Users/jordib/dev/agilityhub/agilityhub-core-web/packages/ui[39m
@agilityhub/ui:test: 
id:test: 
id:test: [1m[30m[46m RUN [49m[39m[22m [36mv5.0.0 [39m[90m/Users/jordib/dev/agilityhub/agilityhub-core-web/apps/id[39m
id:test: 
@agilityhub/i18n:test:  [32m✓[39m src/locale.test.ts [2m([22m[2m3 tests[22m[2m)[22m[32m 3[2mms[22m[39m
@agilityhub/i18n:test:  [32m✓[39m src/index.test.ts [2m([22m[2m3 tests[22m[2m)[22m[32m 32[2mms[22m[39m
@agilityhub/i18n:test:  [32m✓[39m src/format.test.ts [2m([22m[2m12 tests[22m[2m)[22m[32m 60[2mms[22m[39m
@agilityhub/i18n:test: 
@agilityhub/i18n:test: [2m Test Files [22m [1m[32m3 passed[39m[22m[90m (3)[39m
@agilityhub/i18n:test: [2m      Tests [22m [1m[32m18 passed[39m[22m[90m (18)[39m
@agilityhub/i18n:test: [2m   Start at [22m 09:56:04
@agilityhub/i18n:test: [2m   Duration [22m 508ms[2m (transform 70%, import 17%, tests 12%, worker 1%)[22m
@agilityhub/i18n:test: 
clubs-admin:test: cache miss, executing 87c30e94c9c7539d
@agilityhub/api-client:test:  [32m✓[39m src/club-pages.test.ts [2m([22m[2m1 test[22m[2m)[22m[32m 27[2mms[22m[39m
clubs-admin:test: 
clubs-admin:test: > clubs-admin@0.0.0 test /Users/jordib/dev/agilityhub/agilityhub-core-web/apps/clubs-admin
clubs-admin:test: > vitest run
clubs-admin:test: 
@agilityhub/api-client:test:  [32m✓[39m src/mocks/fixtures.contract.test.ts [2m([22m[2m19 tests[22m[2m)[22m[33m 447[2mms[22m[39m
@agilityhub/api-client:test:  [32m✓[39m src/index.test.ts [2m([22m[2m11 tests[22m[2m)[22m[33m 453[2mms[22m[39m
@agilityhub/api-client:test: 
@agilityhub/api-client:test: [2m Test Files [22m [1m[32m3 passed[39m[22m[90m (3)[39m
@agilityhub/api-client:test: [2m      Tests [22m [1m[32m31 passed[39m[22m[90m (31)[39m
@agilityhub/api-client:test: [2m   Start at [22m 09:56:04
@agilityhub/api-client:test: [2m   Duration [22m 1.39s[2m (transform 34%, tests 33%, import 33%)[22m
@agilityhub/api-client:test: 
clubs-admin:test: 
clubs-admin:test: [1m[30m[46m RUN [49m[39m[22m [36mv5.0.0 [39m[90m/Users/jordib/dev/agilityhub/agilityhub-core-web/apps/clubs-admin[39m
clubs-admin:test: 
clubs:typecheck: cache miss, executing b3de090f19b67ead
@agilityhub/ui:test:  [32m✓[39m src/universal-list.test.tsx [2m([22m[2m5 tests[22m[2m)[22m[32m 5[2mms[22m[39m
@agilityhub/ui:test:  [32m✓[39m src/index.test.ts [2m([22m[2m2 tests[22m[2m)[22m[32m 2[2mms[22m[39m
@agilityhub/ui:test:  [32m✓[39m src/branding.test.tsx [2m([22m[2m4 tests[22m[2m)[22m[32m 25[2mms[22m[39m
@agilityhub/auth:test:  [32m✓[39m src/auth-client.test.ts [2m([22m[2m14 tests[22m[2m)[22m[32m 122[2mms[22m[39m
@agilityhub/ui:test:  [32m✓[39m src/icons/Icon.test.tsx [2m([22m[2m1 test[22m[2m)[22m[32m 143[2mms[22m[39m
@agilityhub/ui:test:  [32m✓[39m src/limited-markdown.test.tsx [2m([22m[2m1 test[22m[2m)[22m[32m 158[2mms[22m[39m
@agilityhub/ui:test:  [32m✓[39m src/schedule-grid.test.tsx [2m([22m[2m1 test[22m[2m)[22m[32m 199[2mms[22m[39m
clubs:typecheck: 
clubs:typecheck: > clubs@0.0.0 typecheck /Users/jordib/dev/agilityhub/agilityhub-core-web/apps/clubs
clubs:typecheck: > tsc --noEmit
clubs:typecheck: 
@agilityhub/ui:test:  [32m✓[39m src/components.test.tsx [2m([22m[2m27 tests[22m[2m)[22m[33m 387[2mms[22m[39m
@agilityhub/ui:test: 
@agilityhub/ui:test: [2m Test Files [22m [1m[32m7 passed[39m[22m[90m (7)[39m
@agilityhub/ui:test: [2m      Tests [22m [1m[32m41 passed[39m[22m[90m (41)[39m
@agilityhub/ui:test: [2m   Start at [22m 09:56:04
@agilityhub/ui:test: [2m   Duration [22m 1.84s[2m (environment 67%, setup 16%, tests 9%, transform 7%, import 2%)[22m
@agilityhub/ui:test: 
clubs:test: cache miss, executing c96a910c0c0cd7a5
@agilityhub/auth:test:  [32m✓[39m src/session.test.tsx [2m([22m[2m3 tests[22m[2m)[22m[32m 167[2mms[22m[39m
@agilityhub/auth:test: 
@agilityhub/auth:test: [2m Test Files [22m [1m[32m2 passed[39m[22m[90m (2)[39m
@agilityhub/auth:test: [2m      Tests [22m [1m[32m17 passed[39m[22m[90m (17)[39m
@agilityhub/auth:test: [2m   Start at [22m 09:56:04
@agilityhub/auth:test: [2m   Duration [22m 1.99s[2m (environment 64%, import 15%, transform 12%, tests 9%)[22m
@agilityhub/auth:test: 
clubs-admin:typecheck: cache miss, executing da0667d71450ab98
clubs:test: 
clubs:test: > clubs@0.0.0 test /Users/jordib/dev/agilityhub/agilityhub-core-web/apps/clubs
clubs:test: > vitest run
clubs:test: 
clubs-admin:typecheck: 
clubs-admin:typecheck: > clubs-admin@0.0.0 typecheck /Users/jordib/dev/agilityhub/agilityhub-core-web/apps/clubs-admin
clubs-admin:typecheck: > tsc --noEmit
clubs-admin:typecheck: 
id:test:  [32m✓[39m src/App.test.tsx [2m([22m[2m9 tests[22m[2m)[22m[33m 547[2mms[22m[39m
id:test: 
id:test: [2m Test Files [22m [1m[32m1 passed[39m[22m[90m (1)[39m
id:test: [2m      Tests [22m [1m[32m9 passed[39m[22m[90m (9)[39m
id:test: [2m   Start at [22m 09:56:04
id:test: [2m   Duration [22m 2.29s[2m (environment 43%, tests 26%, transform 19%, setup 9%, import 3%)[22m
id:test: 
clubs:test: 
clubs:test: [1m[30m[46m RUN [49m[39m[22m [36mv5.0.0 [39m[90m/Users/jordib/dev/agilityhub/agilityhub-core-web/apps/clubs[39m
clubs:test: 
clubs-admin:test:  [32m✓[39m src/catalogs/derived-settings.test.ts [2m([22m[2m2 tests[22m[2m)[22m[32m 2[2mms[22m[39m
clubs-admin:test: [90mstderr[2m | src/census/CensusRecordPage.test.tsx[2m > [22m[2mT-03-39 D10 member record[2m > [22m[2mrenders the approved badges, masked account, consent warning, dog rights, and WhatsApp URL
clubs-admin:test: [22m[39m[BrandingProvider] Club Agility Cànic: primary and onPrimary contrast (3.32:1) is below WCAG AA.
clubs-admin:test: 
clubs-admin:test: [90mstderr[2m | src/planning/TemplateDayPage.test.tsx[2m > [22m[2mT-06-27 D3b day view per ring / per instructor[2m > [22m[2mshows only the rings used that day in catalog order, plus «Sense» when a class has no ring
clubs-admin:test: [22m[39m[BrandingProvider] Club Agility Cànic: primary and onPrimary contrast (3.32:1) is below WCAG AA.
clubs-admin:test: 
clubs-admin:test:  [32m✓[39m src/planning/description.test.ts [2m([22m[2m6 tests[22m[2m)[22m[32m 201[2mms[22m[39m
clubs-admin:test: [90mstderr[2m | src/dashboard/SignupReviewPage.test.tsx[2m > [22m[2mT-04-33 D2 signup validation[2m > [22m[2mshows masked data, signed documents, consent warning, level, invoice, and Stripe payment
clubs-admin:test: [22m[39m[BrandingProvider] Club Agility Cànic: primary and onPrimary contrast (3.32:1) is below WCAG AA.
clubs-admin:test: 
clubs-admin:test: [90mstderr[2m | src/census/CensusListPage.test.tsx[2m > [22m[2mT-03-38 D5 universal member list[2m > [22m[2mrenders applied filters and preserves selection when page size changes
clubs-admin:test: [22m[39m[BrandingProvider] Club Agility Cànic: primary and onPrimary contrast (3.32:1) is below WCAG AA.
clubs-admin:test: 
clubs-admin:test: [90mstderr[2m | src/dashboard/DashboardPage.test.tsx[2m > [22m[2mT-14-25 D1 dashboard[2m > [22m[2mrenders the server aggregate, all risk rows, pending signups, and accessible chart
clubs-admin:test: [22m[39m[BrandingProvider] Club Agility Cànic: primary and onPrimary contrast (3.32:1) is below WCAG AA.
clubs-admin:test: 
clubs-admin:test: [90mstderr[2m | src/catalogs/ClubPagesCard.test.tsx[2m > [22m[2mT-05-CP-07 club page editor[2m > [22m[2mwarns about provisional text and confirms the next consent version before publishing
clubs-admin:test: [22m[39m[BrandingProvider] Club Agility Cànic: primary and onPrimary contrast (3.32:1) is below WCAG AA.
clubs-admin:test: 
clubs-admin:test: [90mstderr[2m | src/audit/AuditPage.test.tsx[2m > [22m[2mT-14-26 member audit and exports[2m > [22m[2mfilters by action and opens the masked before/after change drawer
clubs-admin:test: [22m[39m[BrandingProvider] Club Agility Cànic: primary and onPrimary contrast (3.32:1) is below WCAG AA.
clubs-admin:test: 
clubs-admin:test: [90mstderr[2m | src/planning/TemplatesPage.test.tsx[2m > [22m[2mT-06-26 D3 weekly templates[2m > [22m[2mprefills band and day from an empty cell, fills the description by levels, keeps the manual text and asks for another class in the band
clubs-admin:test: [22m[39m[BrandingProvider] Club Agility Cànic: primary and onPrimary contrast (3.32:1) is below WCAG AA.
clubs-admin:test: 
clubs-admin:test: [90mstderr[2m | src/catalogs/ClubPagesCard.test.tsx[2m > [22m[2mT-05-CP-07 club page editor[2m > [22m[2mmaps STALE_VERSION to the page-specific reload message
clubs-admin:test: [22m[39m[BrandingProvider] Club Agility Cànic: primary and onPrimary contrast (3.32:1) is below WCAG AA.
clubs-admin:test: 
clubs-admin:test: [90mstderr[2m | src/dashboard/DashboardPage.test.tsx[2m > [22m[2mT-14-25 D1 dashboard[2m > [22m[2mhides nullable module blocks and refetches when the window regains focus
clubs-admin:test: [22m[39m[BrandingProvider] Club Agility Cànic: primary and onPrimary contrast (3.32:1) is below WCAG AA.
clubs-admin:test: 
clubs-admin:test: [90mstderr[2m | src/planning/TemplateDayPage.test.tsx[2m > [22m[2mT-06-27 D3b day view per ring / per instructor[2m > [22m[2mdrops unused rings and the «Sense» column on a day without them
clubs-admin:test: [22m[39m[BrandingProvider] Club Agility Cànic: primary and onPrimary contrast (3.32:1) is below WCAG AA.
clubs-admin:test: 
clubs-admin:test: [90mstderr[2m | src/dashboard/SignupReviewPage.test.tsx[2m > [22m[2mT-04-33 D2 signup validation[2m > [22m[2medits pending data, requires a rejection reason, and validates through the server
clubs-admin:test: [22m[39m[BrandingProvider] Club Agility Cànic: primary and onPrimary contrast (3.32:1) is below WCAG AA.
clubs-admin:test: 
clubs-admin:test: [90mstderr[2m | src/census/CensusRecordPage.test.tsx[2m > [22m[2mT-03-39 D10 member record[2m > [22m[2mblocks and unblocks new bookings with the required reason
clubs-admin:test: [22m[39m[BrandingProvider] Club Agility Cànic: primary and onPrimary contrast (3.32:1) is below WCAG AA.
clubs-admin:test: 
clubs-admin:test:  [32m✓[39m src/dashboard/DashboardPage.test.tsx [2m([22m[2m2 tests[22m[2m)[22m[32m 297[2mms[22m[39m
clubs-admin:test:  [32m✓[39m src/catalogs/ClubPagesCard.test.tsx [2m([22m[2m2 tests[22m[2m)[22m[33m 382[2mms[22m[39m
clubs-admin:test: [90mstderr[2m | src/planning/TemplateDayPage.test.tsx[2m > [22m[2mT-06-27 D3b day view per ring / per instructor[2m > [22m[2mswitches to one column per instructor with a class that day
clubs-admin:test: [22m[39m[BrandingProvider] Club Agility Cànic: primary and onPrimary contrast (3.32:1) is below WCAG AA.
clubs-admin:test: 
clubs-admin:test: [90mstderr[2m | src/planning/TemplateDayPage.test.tsx[2m > [22m[2mT-06-27 D3b day view per ring / per instructor[2m > [22m[2mmoves between days and goes back to the weekly view of the same template
clubs-admin:test: [22m[39m[BrandingProvider] Club Agility Cànic: primary and onPrimary contrast (3.32:1) is below WCAG AA.
clubs-admin:test: 
clubs-admin:test: [90mstderr[2m | src/audit/AuditPage.test.tsx[2m > [22m[2mT-14-26 member audit and exports[2m > [22m[2mopens the exports drawer for a queued job and exposes its READY download
clubs-admin:test: [22m[39m[BrandingProvider] Club Agility Cànic: primary and onPrimary contrast (3.32:1) is below WCAG AA.
clubs-admin:test: 
clubs-admin:test: [90mstderr[2m | src/App.test.tsx[2m > [22m[2mT-02-14 clubs-admin shell[2m > [22m[2muses the compact mark with the runtime club name
clubs-admin:test: [22m[39m[BrandingProvider] Club Agility Cànic: primary and onPrimary contrast (3.32:1) is below WCAG AA.
clubs-admin:test: 
clubs-admin:test: [90mstderr[2m | src/planning/TemplateDayPage.test.tsx[2m > [22m[2mT-06-27 D3b day view per ring / per instructor[2m > [22m[2mshows the Saturday template with its single day
clubs-admin:test: [22m[39m[BrandingProvider] Club Agility Cànic: primary and onPrimary contrast (3.32:1) is below WCAG AA.
clubs-admin:test: 
clubs-admin:test: [90mstderr[2m | src/census/CensusRecordPage.test.tsx[2m > [22m[2mT-03-39 D10 member record[2m > [22m[2mmaps STALE_VERSION when another administrator edited the member
clubs-admin:test: [22m[39m[BrandingProvider] Club Agility Cànic: primary and onPrimary contrast (3.32:1) is below WCAG AA.
clubs-admin:test: 
clubs-admin:test:  [32m✓[39m src/planning/TemplateDayPage.test.tsx [2m([22m[2m5 tests[22m[2m)[22m[33m 559[2mms[22m[39m
clubs-admin:test: [90mstderr[2m | src/dashboard/SignupReviewPage.test.tsx[2m > [22m[2mT-04-33 D2 signup validation[2m > [22m[2mmaps validation errors to the level and next-invoice fields
clubs-admin:test: [22m[39m[BrandingProvider] Club Agility Cànic: primary and onPrimary contrast (3.32:1) is below WCAG AA.
clubs-admin:test: 
clubs-admin:test: [90mstderr[2m | src/App.test.tsx[2m > [22m[2mT-02-14 clubs-admin shell[2m > [22m[2mhides the Configuració group from instructors
clubs-admin:test: [22m[39m[BrandingProvider] Club Agility Cànic: primary and onPrimary contrast (3.32:1) is below WCAG AA.
clubs-admin:test: 
clubs-admin:test: [90mstderr[2m | src/App.test.tsx[2m > [22m[2mT-02-14 clubs-admin shell[2m > [22m[2mT-06-26 shows «Plantilla setmanal» to instructors (read-only D3, S06 §13-10)
clubs-admin:test: [22m[39m[BrandingProvider] Club Agility Cànic: primary and onPrimary contrast (3.32:1) is below WCAG AA.
clubs-admin:test: 
clubs-admin:test: [90mstderr[2m | src/App.test.tsx[2m > [22m[2mT-02-14 clubs-admin shell[2m > [22m[2mshows the fixed sidebar groups to administrators
clubs-admin:test: [22m[39m[BrandingProvider] Club Agility Cànic: primary and onPrimary contrast (3.32:1) is below WCAG AA.
clubs-admin:test: 
clubs-admin:test: [90mstderr[2m | src/App.test.tsx[2m > [22m[2mT-01-18 clubs-admin access[2m > [22m[2moffers magic-link and password entry with the shared auth components
clubs-admin:test: [22m[39m[BrandingProvider] Club Agility Cànic: primary and onPrimary contrast (3.32:1) is below WCAG AA.
clubs-admin:test: 
clubs-admin:test: [90mstderr[2m | src/census/CensusRecordPage.test.tsx[2m > [22m[2mT-03-38 dog record[2m > [22m[2mshows the complete dog record and changes level without a booking warning
clubs-admin:test: [22m[39m[BrandingProvider] Club Agility Cànic: primary and onPrimary contrast (3.32:1) is below WCAG AA.
clubs-admin:test: 
clubs-admin:test: [90mstderr[2m | src/dashboard/SignupReviewPage.test.tsx[2m > [22m[2mT-04-33 D2 signup validation[2m > [22m[2mrequires explicit confirmation when a manual upfront payment is zero
clubs-admin:test: [22m[39m[BrandingProvider] Club Agility Cànic: primary and onPrimary contrast (3.32:1) is below WCAG AA.
clubs-admin:test: 
clubs-admin:test: [90mstderr[2m | src/census/CensusListPage.test.tsx[2m > [22m[2mT-03-38 D5 universal member list[2m > [22m[2mtoggles visible columns and synchronizes the ordered fields to the URL
clubs-admin:test: [22m[39m[BrandingProvider] Club Agility Cànic: primary and onPrimary contrast (3.32:1) is below WCAG AA.
clubs-admin:test: 
clubs-admin:test: [90mstderr[2m | src/App.test.tsx[2m > [22m[2mT-01-20 clubs-admin handoff[2m > [22m[2mexchanges the one-time handoff code on the landing route
clubs-admin:test: [22m[39m[BrandingProvider] Club Agility Cànic: primary and onPrimary contrast (3.32:1) is below WCAG AA.
clubs-admin:test: 
clubs-admin:test: [90mstderr[2m | src/App.test.tsx[2m > [22m[2mT-01-26 clubs-admin onboarding[2m > [22m[2mshows profile completion as a non-dismissible backoffice modal
clubs-admin:test: [22m[39m[BrandingProvider] Club Agility Cànic: primary and onPrimary contrast (3.32:1) is below WCAG AA.
clubs-admin:test: 
clubs-admin:test: [90mstderr[2m | src/dashboard/SignupReviewPage.test.tsx[2m > [22m[2mT-04-33 D2 signup validation[2m > [22m[2mrejects a pending signup only after receiving a valid reason
clubs-admin:test: [22m[39m[BrandingProvider] Club Agility Cànic: primary and onPrimary contrast (3.32:1) is below WCAG AA.
clubs-admin:test: 
clubs-admin:test: [90mstderr[2m | src/App.test.tsx[2m > [22m[2mT-01-26 clubs-admin onboarding[2m > [22m[2mremoves the postpone action when the policy limit is exhausted
clubs-admin:test: [22m[39m[BrandingProvider] Club Agility Cànic: primary and onPrimary contrast (3.32:1) is below WCAG AA.
clubs-admin:test: 
clubs-admin:test:  [32m✓[39m src/App.test.tsx [2m([22m[2m9 tests[22m[2m)[22m[33m 413[2mms[22m[39m
clubs-admin:test: [90mstderr[2m | src/census/CensusRecordPage.test.tsx[2m > [22m[2mT-03-38 dog record[2m > [22m[2mdeactivates and reactivates a dog without deleting its record
clubs-admin:test: [22m[39m[BrandingProvider] Club Agility Cànic: primary and onPrimary contrast (3.32:1) is below WCAG AA.
clubs-admin:test: 
clubs-admin:test:  [32m✓[39m src/dashboard/SignupReviewPage.test.tsx [2m([22m[2m5 tests[22m[2m)[22m[33m 922[2mms[22m[39m
id:build: vite v8.2.2 building client environment for production...
id:build: transforming...
clubs-admin:test: [90mstderr[2m | src/census/CensusListPage.test.tsx[2m > [22m[2mT-03-42 D15 translated dog list[2m > [22m[2mrenders the approved columns and dog record links
clubs-admin:test: [22m[39m[BrandingProvider] Club Agility Cànic: primary and onPrimary contrast (3.32:1) is below WCAG AA.
clubs-admin:test: 
clubs-admin:test: [90mstderr[2m | src/planning/TemplatesPage.test.tsx[2m > [22m[2mT-06-26 D3 weekly templates[2m > [22m[2msaves every change of a full cell at once with the template version
clubs-admin:test: [22m[39m[BrandingProvider] Club Agility Cànic: primary and onPrimary contrast (3.32:1) is below WCAG AA.
clubs-admin:test: 
id:build: ✓ 426 modules transformed.
clubs:test: [90mstderr[2m | src/InfoPage.test.tsx[2m > [22m[2mT-05-CP-07 screen 30 Info[2m > [22m[2mshows FAQ, rules and other active pages only
clubs:test: [22m[39m[BrandingProvider] Club Agility Cànic: primary and onPrimary contrast (3.32:1) is below WCAG AA.
clubs:test: 
clubs-admin:test:  [32m✓[39m src/census/CensusRecordPage.test.tsx [2m([22m[2m5 tests[22m[2m)[22m[33m 1103[2mms[22m[39m
id:build: rendering chunks...
clubs:test: [90mstderr[2m | src/SignupPage.test.tsx[2m > [22m[2mT-04-29 signup person and draft[2m > [22m[2mpersists a current draft, expires it after 24 hours and maps identity states
clubs:test: [22m[39m[BrandingProvider] Club Agility Cànic: primary and onPrimary contrast (3.32:1) is below WCAG AA.
clubs:test: 
clubs:test: [90mstderr[2m | src/App.test.tsx[2m > [22m[2mT-02-14 clubs shell[2m > [22m[2muses the compact mark with the runtime club name
clubs:test: [22m[39m[BrandingProvider] Club Agility Cànic: primary and onPrimary contrast (3.32:1) is below WCAG AA.
clubs:test: 
clubs:test: [90mstderr[2m | src/InfoPage.test.tsx[2m > [22m[2mT-05-CP-07 screen 30 Info[2m > [22m[2mkeeps Info available without the FAQ module and omits the FAQ tab
clubs:test: [22m[39m[BrandingProvider] Club Agility Cànic: primary and onPrimary contrast (3.32:1) is below WCAG AA.
clubs:test: 
id:build: computing gzip size...
clubs:test:  [32m✓[39m src/InfoPage.test.tsx [2m([22m[2m2 tests[22m[2m)[22m[32m 162[2mms[22m[39m
id:build: dist/index.html                                           0.39 kB │ gzip:   0.27 kB
id:build: dist/assets/sprite-BOr1Ydze.svg                           5.78 kB │ gzip:   1.52 kB
id:build: dist/assets/montserrat-latin-600-normal-UVxSCcoG.woff2   18.68 kB
id:build: dist/assets/montserrat-latin-500-normal-DRFEGfly.woff2   18.74 kB
id:build: dist/assets/montserrat-latin-400-normal-BLhwKU8k.woff2   18.78 kB
id:build: dist/assets/montserrat-latin-700-normal-BdjcYUrC.woff2   18.82 kB
id:build: dist/assets/montserrat-latin-600-normal-CdhFl4lI.woff    20.54 kB
id:build: dist/assets/montserrat-latin-500-normal-Dok2oTci.woff    20.60 kB
id:build: dist/assets/montserrat-latin-400-normal-xItZbAXg.woff    20.64 kB
id:build: dist/assets/montserrat-latin-700-normal-BWkrl476.woff    20.67 kB
id:build: dist/assets/index-BovMhrXw.css                           36.66 kB │ gzip:   7.22 kB
id:build: dist/assets/enums-BmgPRUjN.js                             0.75 kB │ gzip:   0.46 kB
id:build: dist/assets/enums-CxtzH42O.js                             0.76 kB │ gzip:   0.48 kB
id:build: dist/assets/enums-dgoQ9odQ.js                             0.77 kB │ gzip:   0.48 kB
id:build: dist/assets/shell-aHeTXtRj.js                             1.31 kB │ gzip:   0.70 kB
id:build: dist/assets/shell-j-5bNr7h.js                             1.36 kB │ gzip:   0.78 kB
id:build: dist/assets/shell-CFpLUFsp.js                             1.39 kB │ gzip:   0.78 kB
id:build: dist/assets/common-CaTKPWMi.js                            1.39 kB │ gzip:   0.75 kB
id:build: dist/assets/common-CnQ6CNO1.js                            1.47 kB │ gzip:   0.82 kB
id:build: dist/assets/admin-dashboard-DEroKKpe.js                   1.50 kB │ gzip:   0.80 kB
id:build: dist/assets/common-CgR5fNLl.js                            1.51 kB │ gzip:   0.83 kB
id:build: dist/assets/admin-dashboard-C2DxNGts.js                   1.58 kB │ gzip:   0.88 kB
id:build: dist/assets/admin-dashboard-C7J1Sedq.js                   1.63 kB │ gzip:   0.89 kB
id:build: dist/assets/admin-audit-BZSQ9q1n.js                       2.88 kB │ gzip:   1.34 kB
id:build: dist/assets/id-cJQwgM2i.js                                2.89 kB │ gzip:   1.28 kB
id:build: dist/assets/id-Dio3OKNo.js                                3.04 kB │ gzip:   1.41 kB
id:build: dist/assets/id-Rnv2hXs4.js                                3.10 kB │ gzip:   1.42 kB
id:build: dist/assets/admin-audit-qNWjTa9T.js                       3.13 kB │ gzip:   1.49 kB
id:build: dist/assets/admin-scheduling-DJXeHkWh.js                  3.19 kB │ gzip:   1.48 kB
id:build: dist/assets/admin-audit-B9HrUHsS.js                       3.21 kB │ gzip:   1.51 kB
id:build: dist/assets/admin-scheduling-BATJs3Gv.js                  3.31 kB │ gzip:   1.58 kB
id:build: dist/assets/admin-scheduling-BLZinRcP.js                  3.32 kB │ gzip:   1.59 kB
id:build: dist/assets/auth-B2g8lbGP.js                              4.30 kB │ gzip:   1.88 kB
id:build: dist/assets/signup-DVenis1D.js                            4.72 kB │ gzip:   2.22 kB
id:build: dist/assets/auth-CPbUJNgL.js                              4.74 kB │ gzip:   2.09 kB
id:build: dist/assets/auth-DjeifVuz.js                              4.80 kB │ gzip:   2.09 kB
id:build: dist/assets/signup-DNLtsJ8E.js                            4.98 kB │ gzip:   2.48 kB
id:build: dist/assets/signup-Cmt4S_ay.js                            5.05 kB │ gzip:   2.49 kB
id:build: dist/assets/admin-catalogs-DAQTDns9.js                    5.22 kB │ gzip:   1.95 kB
id:build: dist/assets/admin-catalogs-Coe9B6Bf.js                    5.48 kB │ gzip:   2.16 kB
id:build: dist/assets/admin-catalogs-CvR4YWAF.js                    5.68 kB │ gzip:   2.19 kB
id:build: dist/assets/census-2y4pkTWD.js                            5.96 kB │ gzip:   2.39 kB
id:build: dist/assets/census-CfjHQ4Uz.js                            6.29 kB │ gzip:   2.64 kB
id:build: dist/assets/census-C9vkPZEn.js                            6.47 kB │ gzip:   2.67 kB
id:build: dist/assets/admin-census-1EJBTIn-.js                      8.55 kB │ gzip:   3.38 kB
id:build: dist/assets/admin-census-Du0-IMyk.js                      9.01 kB │ gzip:   3.64 kB
id:build: dist/assets/admin-census-DNahXOci.js                      9.32 kB │ gzip:   3.72 kB
id:build: dist/assets/admin-settings-ed4raEOS.js                   17.01 kB │ gzip:   6.05 kB
id:build: dist/assets/admin-settings-DWM9_lDb.js                   18.15 kB │ gzip:   6.62 kB
id:build: dist/assets/admin-settings-D3Fbd__C.js                   18.51 kB │ gzip:   6.62 kB
id:build: dist/assets/errors-yddfzlc-.js                           21.82 kB │ gzip:   7.09 kB
id:build: dist/assets/errors-DxuNneJ-.js                           23.16 kB │ gzip:   7.50 kB
id:build: dist/assets/errors-iP07Datg.js                           23.16 kB │ gzip:   7.46 kB
id:build: dist/assets/index-D2unRG5W.js                           320.37 kB │ gzip:  99.37 kB
id:build: dist/assets/browser-C4FP0TLg.js                         739.55 kB │ gzip: 336.41 kB
id:build: 
id:build: [plugin builtin:vite-reporter] 
id:build: (!) Some chunks are larger than 500 kB after minification. Consider:
id:build: - Using dynamic import() to code-split the application
id:build: - Use build.rolldownOptions.output.codeSplitting to improve chunking: https://rolldown.rs/reference/OutputOptions.codeSplitting
id:build: - Adjust chunk size limit for this warning via build.chunkSizeWarningLimit.
id:build: ✓ built in 289ms
clubs:test: [90mstderr[2m | src/App.test.tsx[2m > [22m[2mT-02-14 clubs shell[2m > [22m[2mfilters the six-tab mockup navigation by modules and roles
clubs:test: [22m[39m[BrandingProvider] Club Agility Cànic: primary and onPrimary contrast (3.32:1) is below WCAG AA.
clubs:test: 
clubs:test: [90mstderr[2m | src/App.test.tsx[2m > [22m[2mT-02-14 clubs shell[2m > [22m[2momits Entrenaments when FREE_TRAINING is disabled
clubs:test: [22m[39m[BrandingProvider] Club Agility Cànic: primary and onPrimary contrast (3.32:1) is below WCAG AA.
clubs:test: 
clubs:test: [90mstderr[2m | src/App.test.tsx[2m > [22m[2mT-01-18 access screen[2m > [22m[2muses the exact access actions, focuses an empty email and gates signup
clubs:test: [22m[39m[BrandingProvider] Club Agility Cànic: primary and onPrimary contrast (3.32:1) is below WCAG AA.
clubs:test: 
clubs:test: [90mstderr[2m | src/App.test.tsx[2m > [22m[2mT-01-18 access screen[2m > [22m[2muses the exact access actions, focuses an empty email and gates signup
clubs:test: [22m[39m[BrandingProvider] Club Mínim: primary and onPrimary contrast (3.32:1) is below WCAG AA.
clubs:test: 
clubs:test: [90mstderr[2m | src/SignupPage.test.tsx[2m > [22m[2mT-04-29 signup person and draft[2m > [22m[2mpersists a current draft, expires it after 24 hours and maps identity states
clubs:test: [22m[39m[BrandingProvider] Club Agility Cànic: primary and onPrimary contrast (3.32:1) is below WCAG AA.
clubs:test: 
clubs:test: [90mstderr[2m | src/App.test.tsx[2m > [22m[2mT-01-18 access screen[2m > [22m[2mshows the Retry-After countdown and disables requests
clubs:test: [22m[39m[BrandingProvider] Club Agility Cànic: primary and onPrimary contrast (3.32:1) is below WCAG AA.
clubs:test: 
clubs:test: [90mstderr[2m | src/SignupPage.test.tsx[2m > [22m[2mT-04-29 signup person and draft[2m > [22m[2mpersists a current draft, expires it after 24 hours and maps identity states
clubs:test: [22m[39m[BrandingProvider] Club Agility Cànic: primary and onPrimary contrast (3.32:1) is below WCAG AA.
clubs:test: 
clubs:test: [90mstderr[2m | src/App.test.tsx[2m > [22m[2mT-01-19 activation screen[2m > [22m[2mrenders gender-aware, reset and invalid-link variants
clubs:test: [22m[39m[BrandingProvider] Club Agility Cànic: primary and onPrimary contrast (3.32:1) is below WCAG AA.
clubs:test: 
clubs:test: [90mstderr[2m | src/SignupPage.test.tsx[2m > [22m[2mT-04-29 signup person and draft[2m > [22m[2mkeeps the draft and refetches localized configuration after a language change
clubs:test: [22m[39m[BrandingProvider] Club Agility Cànic: primary and onPrimary contrast (3.32:1) is below WCAG AA.
clubs:test: 
clubs:test: [90mstderr[2m | src/App.test.tsx[2m > [22m[2mT-01-19 activation screen[2m > [22m[2mrenders gender-aware, reset and invalid-link variants
clubs:test: [22m[39m[BrandingProvider] Club Agility Cànic: primary and onPrimary contrast (3.32:1) is below WCAG AA.
clubs:test: 
clubs:test: [90mstderr[2m | src/App.test.tsx[2m > [22m[2mT-01-19 activation screen[2m > [22m[2mrenders gender-aware, reset and invalid-link variants
clubs:test: [22m[39m[BrandingProvider] Club Agility Cànic: primary and onPrimary contrast (3.32:1) is below WCAG AA.
clubs:test: 
clubs:test: [90mstderr[2m | src/SignupPage.test.tsx[2m > [22m[2mT-04-29 signup person and draft[2m > [22m[2mmasks and validates the browser-independent birth date control
clubs:test: [22m[39m[BrandingProvider] Club Agility Cànic: primary and onPrimary contrast (3.32:1) is below WCAG AA.
clubs:test: 
clubs:test: [90mstderr[2m | src/App.test.tsx[2m > [22m[2mT-01-19 activation screen[2m > [22m[2mrenders gender-aware, reset and invalid-link variants
clubs:test: [22m[39m[BrandingProvider] Club Agility Cànic: primary and onPrimary contrast (3.32:1) is below WCAG AA.
clubs:test: 
clubs:test: [90mstderr[2m | src/App.test.tsx[2m > [22m[2mT-01-19 activation screen[2m > [22m[2mrenders gender-aware, reset and invalid-link variants
clubs:test: [22m[39m[BrandingProvider] Club Agility Cànic: primary and onPrimary contrast (3.32:1) is below WCAG AA.
clubs:test: 
clubs:test: [90mstderr[2m | src/App.test.tsx[2m > [22m[2mT-01-20 profile choice[2m > [22m[2mshows cards for every available role and sends the remember choice
clubs:test: [22m[39m[BrandingProvider] Club Agility Cànic: primary and onPrimary contrast (3.32:1) is below WCAG AA.
clubs:test: 
clubs:test: [90mstderr[2m | src/App.test.tsx[2m > [22m[2mT-01-21 profile access rows and impersonation[2m > [22m[2mrenders the mockup rows in order without account sessions or backoffice handoff
clubs:test: [22m[39m[BrandingProvider] Club Agility Cànic: primary and onPrimary contrast (3.32:1) is below WCAG AA.
clubs:test: 
clubs:test: [90mstderr[2m | src/SignupPage.test.tsx[2m > [22m[2mT-04-30 signup dog, uploads, plans and module gates[2m > [22m[2muploads sequentially named vaccination pages and renders API plans
clubs:test: [22m[39m[BrandingProvider] Club Agility Cànic: primary and onPrimary contrast (3.32:1) is below WCAG AA.
clubs:test: 
clubs-admin:test: [90mstderr[2m | src/planning/TemplatesPage.test.tsx[2m > [22m[2mT-06-26 D3 weekly templates[2m > [22m[2mmarks the inconsistency on the cells and in the footer note and blocks the generation
clubs-admin:test: [22m[39m[BrandingProvider] Club Agility Cànic: primary and onPrimary contrast (3.32:1) is below WCAG AA.
clubs-admin:test: 
clubs:test: [90mstderr[2m | src/App.test.tsx[2m > [22m[2mT-01-21 profile access rows and impersonation[2m > [22m[2mkeeps the impersonation banner visible from /me
clubs:test: [22m[39m[BrandingProvider] Club Agility Cànic: primary and onPrimary contrast (3.32:1) is below WCAG AA.
clubs:test: 
clubs:test: [90mstderr[2m | src/App.test.tsx[2m > [22m[2mT-01-26 imported-account onboarding and policy re-consent[2m > [22m[2mrenders configured fields and sends consent, profile data and image choice
clubs:test: [22m[39m[BrandingProvider] Club Agility Cànic: primary and onPrimary contrast (3.32:1) is below WCAG AA.
clubs:test: 
clubs:test: [90mstderr[2m | src/SignupPage.test.tsx[2m > [22m[2mT-04-30 signup dog, uploads, plans and module gates[2m > [22m[2mremoves amounts without BILLING and the family offer and step without FAMILY_GROUP
clubs:test: [22m[39m[BrandingProvider] Club Agility Cànic: primary and onPrimary contrast (3.32:1) is below WCAG AA.
clubs:test: 
clubs:test: [90mstderr[2m | src/SignupPage.test.tsx[2m > [22m[2mT-04-30 signup dog, uploads, plans and module gates[2m > [22m[2mremoves amounts without BILLING and the family offer and step without FAMILY_GROUP
clubs:test: [22m[39m[BrandingProvider] Club Agility Cànic: primary and onPrimary contrast (3.32:1) is below WCAG AA.
clubs:test: 
clubs:test: [90mstderr[2m | src/App.test.tsx[2m > [22m[2mT-01-26 imported-account onboarding and policy re-consent[2m > [22m[2mredirects blocking onboarding and permits a policy postponement
clubs:test: [22m[39m[BrandingProvider] Club Agility Cànic: primary and onPrimary contrast (3.32:1) is below WCAG AA.
clubs:test: 
clubs:test: [90mstderr[2m | src/SignupPage.test.tsx[2m > [22m[2mT-04-31 signup family lookup[2m > [22m[2mcontinues empty, resolves the fixture family and supports a pending lookup
clubs:test: [22m[39m[BrandingProvider] Club Agility Cànic: primary and onPrimary contrast (3.32:1) is below WCAG AA.
clubs:test: 
clubs:test: [90mstderr[2m | src/SignupPage.test.tsx[2m > [22m[2mT-04-31 signup family lookup[2m > [22m[2mcontinues empty, resolves the fixture family and supports a pending lookup
clubs:test: [22m[39m[BrandingProvider] Club Agility Cànic: primary and onPrimary contrast (3.32:1) is below WCAG AA.
clubs:test: 
clubs:test: [90mstderr[2m | src/App.test.tsx[2m > [22m[2mT-01-26 imported-account onboarding and policy re-consent[2m > [22m[2mredirects blocking onboarding and permits a policy postponement
clubs:test: [22m[39m[BrandingProvider] Club Agility Cànic: primary and onPrimary contrast (3.32:1) is below WCAG AA.
clubs:test: 
clubs:test: [90mstderr[2m | src/SignupPage.test.tsx[2m > [22m[2mT-04-31 signup family lookup[2m > [22m[2mcontinues empty, resolves the fixture family and supports a pending lookup
clubs:test: [22m[39m[BrandingProvider] Club Agility Cànic: primary and onPrimary contrast (3.32:1) is below WCAG AA.
clubs:test: 
clubs:build: vite v8.2.2 building client environment for production...
clubs:test: [90mstderr[2m | src/App.test.tsx[2m > [22m[2mT-01-26 imported-account onboarding and policy re-consent[2m > [22m[2mreloads an outdated policy version before accepting it
clubs:test: [22m[39m[BrandingProvider] Club Agility Cànic: primary and onPrimary contrast (3.32:1) is below WCAG AA.
clubs:test: 
clubs:build: transforming...
clubs-admin:test: [90mstderr[2m | src/audit/AuditPage.test.tsx[2m > [22m[2mT-14-26 member audit and exports[2m > [22m[2mshows the catalogued EXPORT_LIMIT explanation in the exports drawer
clubs-admin:test: [22m[39m[BrandingProvider] Club Agility Cànic: primary and onPrimary contrast (3.32:1) is below WCAG AA.
clubs-admin:test: 
clubs:test: [90mstderr[2m | src/SignupPage.test.tsx[2m > [22m[2mT-04-31 signup family lookup[2m > [22m[2mkeeps the dog draft when returning from the family step
clubs:test: [22m[39m[BrandingProvider] Club Agility Cànic: primary and onPrimary contrast (3.32:1) is below WCAG AA.
clubs:test: 
clubs:test: [90mstderr[2m | src/App.test.tsx[2m > [22m[2mT-01-26 imported-account onboarding and policy re-consent[2m > [22m[2mrenders the screen and pop-up in Catalan, Spanish and English
clubs:test: [22m[39m[BrandingProvider] Club Mínim: primary and onPrimary contrast (3.32:1) is below WCAG AA.
clubs:test: 
clubs:test: [90mstderr[2m | src/SignupPage.test.tsx[2m > [22m[2mT-04-32 signup payment, checkout and add-dog mode[2m > [22m[2mrenders API totals and payment conditions and submits only after privacy consent
clubs:test: [22m[39m[BrandingProvider] Club Agility Cànic: primary and onPrimary contrast (3.32:1) is below WCAG AA.
clubs:test: 
clubs:test: [90mstderr[2m | src/App.test.tsx[2m > [22m[2mT-01-26 imported-account onboarding and policy re-consent[2m > [22m[2mrenders the screen and pop-up in Catalan, Spanish and English
clubs:test: [22m[39m[BrandingProvider] Club Mínim: primary and onPrimary contrast (3.32:1) is below WCAG AA.
clubs:test: 
clubs:test: [90mstderr[2m | src/App.test.tsx[2m > [22m[2mT-01-26 imported-account onboarding and policy re-consent[2m > [22m[2mrenders the screen and pop-up in Catalan, Spanish and English
clubs:test: [22m[39m[BrandingProvider] Club Mínim: primary and onPrimary contrast (3.32:1) is below WCAG AA.
clubs:test: 
clubs-admin:test: [90mstderr[2m | src/planning/TemplatesPage.test.tsx[2m > [22m[2mT-06-26 D3 weekly templates[2m > [22m[2mconfirms «Es generaran com a esborrany les classes de la setmana del …» and generates the proposed week
clubs-admin:test: [22m[39m[BrandingProvider] Club Agility Cànic: primary and onPrimary contrast (3.32:1) is below WCAG AA.
clubs-admin:test: 
clubs:test: [90mstderr[2m | src/App.test.tsx[2m > [22m[2mT-01-26 imported-account onboarding and policy re-consent[2m > [22m[2mrenders the screen and pop-up in Catalan, Spanish and English
clubs:test: [22m[39m[BrandingProvider] Club Mínim: primary and onPrimary contrast (3.32:1) is below WCAG AA.
clubs:test: 
clubs:build: ✓ 429 modules transformed.
clubs:test: [90mstderr[2m | src/SignupPage.test.tsx[2m > [22m[2mT-04-32 signup payment, checkout and add-dog mode[2m > [22m[2mredirects through checkout when Stripe is enabled
clubs:test: [22m[39m[BrandingProvider] Club Agility Cànic: primary and onPrimary contrast (3.32:1) is below WCAG AA.
clubs:test: 
clubs:test: [90mstderr[2m | src/App.test.tsx[2m > [22m[2mT-01-26 imported-account onboarding and policy re-consent[2m > [22m[2mrenders the screen and pop-up in Catalan, Spanish and English
clubs:test: [22m[39m[BrandingProvider] Club Mínim: primary and onPrimary contrast (3.32:1) is below WCAG AA.
clubs:test: 
clubs:test: [90mstderr[2m | src/App.test.tsx[2m > [22m[2mT-01-26 imported-account onboarding and policy re-consent[2m > [22m[2mrenders the screen and pop-up in Catalan, Spanish and English
clubs:test: [22m[39m[BrandingProvider] Club Mínim: primary and onPrimary contrast (3.32:1) is below WCAG AA.
clubs:test: 
clubs:test: [90mstderr[2m | src/SignupPage.test.tsx[2m > [22m[2mT-04-32 signup payment, checkout and add-dog mode[2m > [22m[2muses the member plan and payment method and posts the add-dog flow
clubs:test: [22m[39m[BrandingProvider] Club Agility Cànic: primary and onPrimary contrast (3.32:1) is below WCAG AA.
clubs:test: 
clubs:build: rendering chunks...
clubs:test: [90mstderr[2m | src/App.test.tsx[2m > [22m[2mT-03-40 mobile own dogs[2m > [22m[2mrenders own dogs, saves the note, shows task totals and gates TASKS
clubs:test: [22m[39m[BrandingProvider] Club Agility Cànic: primary and onPrimary contrast (3.32:1) is below WCAG AA.
clubs:test: 
clubs-admin:test:  [32m✓[39m src/census/CensusListPage.test.tsx [2m([22m[2m3 tests[22m[2m)[22m[33m 1958[2mms[22m[39m
clubs-admin:test:    [32m✓[39m T-03-38 D5 universal member list [2m(2)[22m
clubs-admin:test:      [33m[2m✓[22m[39m renders applied filters and preserves selection when page size changes[33m 688[2mms[22m[39m
clubs-admin:test:      [33m[2m✓[22m[39m toggles visible columns and synchronizes the ordered fields to the URL[33m 343[2mms[22m[39m
clubs-admin:test:    [32m✓[39m T-03-42 D15 translated dog list [2m(1)[22m
clubs-admin:test:      [33m[2m✓[22m[39m renders the approved columns and dog record links[33m 923[2mms[22m[39m
clubs:test:  [32m✓[39m src/SignupPage.test.tsx [2m([22m[2m10 tests[22m[2m)[22m[33m 860[2mms[22m[39m
clubs:test:    [32m✓[39m T-04-29 signup person and draft [2m(3)[22m
clubs:test:      [33m[2m✓[22m[39m persists a current draft, expires it after 24 hours and maps identity states[33m 342[2mms[22m[39m
clubs-admin:test: [90mstderr[2m | src/audit/AuditPage.test.tsx[2m > [22m[2mT-14-26 member audit and exports[2m > [22m[2mroutes a queued members list export into the global drawer
clubs-admin:test: [22m[39m[BrandingProvider] Club Agility Cànic: primary and onPrimary contrast (3.32:1) is below WCAG AA.
clubs-admin:test: 
clubs:build: computing gzip size...
clubs:build: dist/registerSW.js                                        0.13 kB
clubs:build: dist/index.html                                           2.78 kB │ gzip:   0.97 kB
clubs:build: dist/assets/sprite-BOr1Ydze.svg                           5.78 kB │ gzip:   1.52 kB
clubs:build: dist/assets/montserrat-latin-600-normal-UVxSCcoG.woff2   18.68 kB
clubs:build: dist/assets/montserrat-latin-500-normal-DRFEGfly.woff2   18.74 kB
clubs:build: dist/assets/montserrat-latin-400-normal-BLhwKU8k.woff2   18.78 kB
clubs:build: dist/assets/montserrat-latin-700-normal-BdjcYUrC.woff2   18.82 kB
clubs:build: dist/assets/montserrat-latin-600-normal-CdhFl4lI.woff    20.54 kB
clubs:build: dist/assets/montserrat-latin-500-normal-Dok2oTci.woff    20.60 kB
clubs:build: dist/assets/montserrat-latin-400-normal-xItZbAXg.woff    20.64 kB
clubs:build: dist/assets/montserrat-latin-700-normal-BWkrl476.woff    20.67 kB
clubs:build: dist/assets/index-C1MPHEdG.css                           62.04 kB │ gzip:  10.67 kB
clubs:build: dist/assets/enums-BmgPRUjN.js                             0.75 kB │ gzip:   0.46 kB
clubs:build: dist/assets/enums-CxtzH42O.js                             0.76 kB │ gzip:   0.48 kB
clubs:build: dist/assets/enums-dgoQ9odQ.js                             0.77 kB │ gzip:   0.48 kB
clubs:build: dist/assets/admin-dashboard-DEroKKpe.js                   1.50 kB │ gzip:   0.80 kB
clubs:build: dist/assets/admin-dashboard-C2DxNGts.js                   1.58 kB │ gzip:   0.88 kB
clubs:build: dist/assets/admin-dashboard-C7J1Sedq.js                   1.63 kB │ gzip:   0.89 kB
clubs:build: dist/assets/admin-audit-BZSQ9q1n.js                       2.88 kB │ gzip:   1.34 kB
clubs:build: dist/assets/id-cJQwgM2i.js                                2.89 kB │ gzip:   1.28 kB
clubs:build: dist/assets/id-Dio3OKNo.js                                3.04 kB │ gzip:   1.41 kB
clubs:build: dist/assets/id-Rnv2hXs4.js                                3.10 kB │ gzip:   1.42 kB
clubs:build: dist/assets/admin-audit-qNWjTa9T.js                       3.13 kB │ gzip:   1.49 kB
clubs:build: dist/assets/admin-scheduling-DJXeHkWh.js                  3.19 kB │ gzip:   1.48 kB
clubs:build: dist/assets/admin-audit-B9HrUHsS.js                       3.21 kB │ gzip:   1.51 kB
clubs:build: dist/assets/admin-scheduling-BATJs3Gv.js                  3.31 kB │ gzip:   1.58 kB
clubs:build: dist/assets/admin-scheduling-BLZinRcP.js                  3.32 kB │ gzip:   1.59 kB
clubs:build: dist/assets/auth-B2g8lbGP.js                              4.30 kB │ gzip:   1.88 kB
clubs:build: dist/assets/signup-DVenis1D.js                            4.72 kB │ gzip:   2.22 kB
clubs:build: dist/assets/auth-CPbUJNgL.js                              4.74 kB │ gzip:   2.09 kB
clubs:build: dist/assets/auth-DjeifVuz.js                              4.80 kB │ gzip:   2.09 kB
clubs:build: dist/assets/signup-DNLtsJ8E.js                            4.98 kB │ gzip:   2.48 kB
clubs:build: dist/assets/signup-Cmt4S_ay.js                            5.05 kB │ gzip:   2.49 kB
clubs:build: dist/assets/admin-catalogs-DAQTDns9.js                    5.22 kB │ gzip:   1.95 kB
clubs:build: dist/assets/admin-catalogs-Coe9B6Bf.js                    5.48 kB │ gzip:   2.16 kB
clubs:build: dist/assets/admin-catalogs-CvR4YWAF.js                    5.68 kB │ gzip:   2.19 kB
clubs:build: dist/assets/census-2y4pkTWD.js                            5.96 kB │ gzip:   2.39 kB
clubs:build: dist/assets/census-CfjHQ4Uz.js                            6.29 kB │ gzip:   2.64 kB
clubs:build: dist/assets/census-C9vkPZEn.js                            6.47 kB │ gzip:   2.67 kB
clubs:build: dist/assets/admin-census-1EJBTIn-.js                      8.55 kB │ gzip:   3.38 kB
clubs:build: dist/assets/admin-census-Du0-IMyk.js                      9.01 kB │ gzip:   3.64 kB
clubs:build: dist/assets/admin-census-DNahXOci.js                      9.32 kB │ gzip:   3.72 kB
clubs:build: dist/assets/admin-settings-ed4raEOS.js                   17.01 kB │ gzip:   6.05 kB
clubs:build: dist/assets/admin-settings-DWM9_lDb.js                   18.15 kB │ gzip:   6.62 kB
clubs:build: dist/assets/admin-settings-D3Fbd__C.js                   18.51 kB │ gzip:   6.62 kB
clubs:build: dist/assets/errors-yddfzlc-.js                           21.82 kB │ gzip:   7.09 kB
clubs:build: dist/assets/errors-DxuNneJ-.js                           23.16 kB │ gzip:   7.50 kB
clubs:build: dist/assets/errors-iP07Datg.js                           23.16 kB │ gzip:   7.46 kB
clubs:build: dist/assets/index-DkA3yInZ.js                           416.55 kB │ gzip: 124.87 kB
clubs:build: dist/assets/browser-C4FP0TLg.js                         739.55 kB │ gzip: 336.41 kB
clubs:build: 
clubs:build: [33m[INEFFECTIVE_DYNAMIC_IMPORT] [0m../../packages/i18n/src/locales/ca/common.json is dynamically imported by ../../packages/i18n/src/resources.ts but also statically imported by ../../packages/i18n/src/catalog.ts, dynamic import will not move module into another chunk.
clubs:build: 
clubs:build: [plugin builtin:vite-reporter] 
clubs:build: (!) Some chunks are larger than 500 kB after minification. Consider:
clubs:build: - Using dynamic import() to code-split the application
clubs:build: - Use build.rolldownOptions.output.codeSplitting to improve chunking: https://rolldown.rs/reference/OutputOptions.codeSplitting
clubs:build: - Adjust chunk size limit for this warning via build.chunkSizeWarningLimit.
clubs:build: [33m[INEFFECTIVE_DYNAMIC_IMPORT] [0m../../packages/i18n/src/locales/ca/shell.json is dynamically imported by ../../packages/i18n/src/resources.ts but also statically imported by ../../packages/i18n/src/catalog.ts, dynamic import will not move module into another chunk.
clubs:build: 
clubs:build: [33m[INEFFECTIVE_DYNAMIC_IMPORT] [0m../../packages/i18n/src/locales/en/common.json is dynamically imported by ../../packages/i18n/src/resources.ts but also statically imported by ../../packages/i18n/src/catalog.ts, dynamic import will not move module into another chunk.
clubs:build: 
clubs:build: [33m[INEFFECTIVE_DYNAMIC_IMPORT] [0m../../packages/i18n/src/locales/en/shell.json is dynamically imported by ../../packages/i18n/src/resources.ts but also statically imported by ../../packages/i18n/src/catalog.ts, dynamic import will not move module into another chunk.
clubs:build: 
clubs:build: [33m[INEFFECTIVE_DYNAMIC_IMPORT] [0m../../packages/i18n/src/locales/es/common.json is dynamically imported by ../../packages/i18n/src/resources.ts but also statically imported by ../../packages/i18n/src/catalog.ts, dynamic import will not move module into another chunk.
clubs:build: 
clubs:build: [33m[INEFFECTIVE_DYNAMIC_IMPORT] [0m../../packages/i18n/src/locales/es/shell.json is dynamically imported by ../../packages/i18n/src/resources.ts but also statically imported by ../../packages/i18n/src/catalog.ts, dynamic import will not move module into another chunk.
clubs:build: 
clubs:build: ✓ built in 219ms
clubs:test: [90mstderr[2m | src/App.test.tsx[2m > [22m[2mT-03-40 mobile own dogs[2m > [22m[2mrenders own dogs, saves the note, shows task totals and gates TASKS
clubs:test: [22m[39m[BrandingProvider] Club Mínim: primary and onPrimary contrast (3.32:1) is below WCAG AA.
clubs:test: 
clubs:test: [90mstderr[2m | src/App.test.tsx[2m > [22m[2mT-03-41 mobile own data[2m > [22m[2mkeeps identity read-only, resolves towns, maps READ_ONLY and gates billing
clubs:test: [22m[39m[BrandingProvider] Club Agility Cànic: primary and onPrimary contrast (3.32:1) is below WCAG AA.
clubs:test: 
clubs-admin:test: [90mstderr[2m | src/audit/AuditPage.test.tsx[2m > [22m[2mT-14-26 member audit and exports[2m > [22m[2mroutes a queued dogs list export into the global drawer
clubs-admin:test: [22m[39m[BrandingProvider] Club Agility Cànic: primary and onPrimary contrast (3.32:1) is below WCAG AA.
clubs-admin:test: 
clubs-admin:test: [90mstderr[2m | src/planning/TemplatesPage.test.tsx[2m > [22m[2mT-06-26 D3 weekly templates[2m > [22m[2mhides every action from INSTRUCTOR and keeps the cells inert (A22 c)
clubs-admin:test: [22m[39m[BrandingProvider] Club Agility Cànic: primary and onPrimary contrast (3.32:1) is below WCAG AA.
clubs-admin:test: 
clubs:test: [90mstderr[2m | src/App.test.tsx[2m > [22m[2mT-03-41 mobile own data[2m > [22m[2mkeeps identity read-only, resolves towns, maps READ_ONLY and gates billing
clubs:test: [22m[39m[BrandingProvider] Club Mínim: primary and onPrimary contrast (3.32:1) is below WCAG AA.
clubs:test: 
clubs:test:  [32m✓[39m src/App.test.tsx [2m([22m[2m17 tests[22m[2m)[22m[33m 922[2mms[22m[39m
clubs:test: 
clubs:test: [2m Test Files [22m [1m[32m3 passed[39m[22m[90m (3)[39m
clubs:test: [2m      Tests [22m [1m[32m29 passed[39m[22m[90m (29)[39m
clubs:test: [2m   Start at [22m 09:56:06
clubs:test: [2m   Duration [22m 2.67s[2m (environment 31%, tests 29%, transform 25%, setup 7%, import 7%)[22m
clubs:test: 
clubs-admin:test: [90mstderr[2m | src/audit/AuditPage.test.tsx[2m > [22m[2mT-14-26 member audit and exports[2m > [22m[2mlinks LastChange to the entity-scoped audit trail
clubs-admin:test: [22m[39m[BrandingProvider] Club Agility Cànic: primary and onPrimary contrast (3.32:1) is below WCAG AA.
clubs-admin:test: 
clubs-admin:test:  [32m✓[39m src/audit/AuditPage.test.tsx [2m([22m[2m6 tests[22m[2m)[22m[33m 2063[2mms[22m[39m
clubs-admin:test:    [32m✓[39m T-14-26 member audit and exports [2m(6)[22m
clubs-admin:test:      [33m[2m✓[22m[39m filters by action and opens the masked before/after change drawer[33m 425[2mms[22m[39m
clubs-admin:test:      [33m[2m✓[22m[39m opens the exports drawer for a queued job and exposes its READY download[33m 1275[2mms[22m[39m
clubs-admin:test: [90mstderr[2m | src/planning/TemplatesPage.test.tsx[2m > [22m[2mT-06-26 D3 weekly templates[2m > [22m[2mshows the coverage table with the D3 vocabulary and one-decimal places
clubs-admin:test: [22m[39m[BrandingProvider] Club Agility Cànic: primary and onPrimary contrast (3.32:1) is below WCAG AA.
clubs-admin:test: 
clubs-admin:test: [90mstderr[2m | src/planning/TemplatesPage.test.tsx[2m > [22m[2mT-06-26 D3 weekly templates[2m > [22m[2mR-06-15 offers instructor chips with maxInstructorsPerClass = 2
clubs-admin:test: [22m[39m[BrandingProvider] Club Agility Cànic: primary and onPrimary contrast (3.32:1) is below WCAG AA.
clubs-admin:test: 
clubs-admin:test: [90mstderr[2m | src/planning/TemplatesPage.test.tsx[2m > [22m[2mT-06-26 D3 weekly templates[2m > [22m[2mR-06-15 hides levels and coverage with levels.enabled = false and requires a manual description
clubs-admin:test: [22m[39m[BrandingProvider] Club Agility Cànic: primary and onPrimary contrast (3.32:1) is below WCAG AA.
clubs-admin:test: 
clubs-admin:test:  [32m✓[39m src/planning/TemplatesPage.test.tsx [2m([22m[2m8 tests[22m[2m)[22m[33m 2317[2mms[22m[39m
clubs-admin:test:    [32m✓[39m T-06-26 D3 weekly templates [2m(8)[22m
clubs-admin:test:      [33m[2m✓[22m[39m prefills band and day from an empty cell, fills the description by levels, keeps the manual text and asks for another class in the band[33m 966[2mms[22m[39m
clubs-admin:test:      [33m[2m✓[22m[39m saves every change of a full cell at once with the template version[33m 512[2mms[22m[39m
clubs-admin:test: 
clubs-admin:test: [2m Test Files [22m [1m[32m11 passed[39m[22m[90m (11)[39m
clubs-admin:test: [2m      Tests [22m [1m[32m53 passed[39m[22m[90m (53)[39m
clubs-admin:test: [2m   Start at [22m 09:56:05
clubs-admin:test: [2m   Duration [22m 4.20s[2m (tests 36%, environment 35%, transform 14%, import 8%, setup 7%)[22m
clubs-admin:test: 
clubs-admin:build: src/planning/description.test.ts(8,7): error TS2322: Type '{ locales: string[]; club: { slug: string; name: string; city: string; }; defaultLocale: string; timeZone: string; currency: string; countryProfile: { code: string; idDocumentTypes: string[]; phonePrefix: string; }; ... 4 more ...; legal: { ...; }; }' is not assignable to type 'Branding'.
clubs-admin:build:   The types of 'theme.mode' are incompatible between these types.
clubs-admin:build:     Type 'string' is not assignable to type 'ThemeMode'.
clubs-admin:build:  ELIFECYCLE  Command failed with exit code 2.
clubs-admin#build:  ERROR  command (/Users/jordib/dev/agilityhub/agilityhub-core-web/apps/clubs-admin) /Users/jordib/.nvm/versions/node/v24.15.0/bin/pnpm run build exited (2)

 Tasks:    22 successful, 26 total
Cached:    12 cached, 26 total
  Time:    6.793s 
Failed:    clubs-admin#build

 ERROR  run failed: command  exited (2)
