# stage start 2026-09-25T22:58:51.251Z · e1-core.spec.ts e2-core.spec.ts
2026-09-25T22:58:52.042Z grant_type=refresh_token status=400 cookie=none test="T-01-18 password login reaches the seeded account" body={"code":"REFRESH_EXPIRED"}
2026-09-25T22:58:52.174Z grant_type=password status=200 cookie=none test="T-01-18 password login reaches the seeded account"
2026-09-25T22:58:52.357Z grant_type=refresh_token status=200 cookie=sent test="T-01-18 password login reaches the seeded account"
2026-09-25T22:58:52.661Z grant_type=refresh_token status=400 cookie=none test="T-01-21 seeded administrator opens the real backoffice" body={"code":"REFRESH_EXPIRED"}
2026-09-25T22:58:52.822Z grant_type=password status=200 cookie=none test="T-01-21 seeded administrator opens the real backoffice"
2026-09-25T22:58:53.036Z grant_type=refresh_token status=200 cookie=sent test="T-01-21 seeded administrator opens the real backoffice"
2026-09-25T22:58:53.484Z grant_type=refresh_token status=400 cookie=none test="T-01-20 club session is restored by the core" body={"code":"REFRESH_EXPIRED"}
2026-09-25T22:58:53.575Z grant_type=password status=200 cookie=none test="T-01-20 club session is restored by the core"
2026-09-25T22:58:53.728Z grant_type=refresh_token status=200 cookie=sent test="T-01-20 club session is restored by the core"
2026-09-25T22:58:53.877Z grant_type=refresh_token status=200 cookie=sent test="T-01-20 club session is restored by the core"
2026-09-25T22:58:54.200Z grant_type=refresh_token status=400 cookie=none test="T-01-20 club session is restored by the core" body={"code":"REFRESH_EXPIRED"}
2026-09-25T22:58:54.274Z grant_type=password status=200 cookie=none test="T-01-20 club session is restored by the core"
2026-09-25T22:58:54.429Z grant_type=refresh_token status=200 cookie=sent test="T-01-20 club session is restored by the core"
2026-09-25T22:58:54.683Z grant_type=refresh_token status=400 cookie=none test="T-01-19 magic link is delivered and exchanged end to end" body={"code":"REFRESH_EXPIRED"}
2026-09-25T22:58:55.319Z grant_type=refresh_token status=400 cookie=none test="T-01-19 magic link is delivered and exchanged end to end" body={"code":"REFRESH_EXPIRED"}
2026-09-25T22:58:55.330Z grant_type=urn:agilityhub:grant:magic-link status=200 cookie=none test="T-01-19 magic link is delivered and exchanged end to end"
2026-09-25T22:58:55.551Z grant_type=refresh_token status=200 cookie=sent test="T-01-19 magic link is delivered and exchanged end to end"
2026-09-25T22:58:55.827Z grant_type=refresh_token status=400 cookie=none test="T-01-26 published seed enters without pending onboarding" body={"code":"REFRESH_EXPIRED"}
2026-09-25T22:58:55.907Z grant_type=password status=200 cookie=none test="T-01-26 published seed enters without pending onboarding"
2026-09-25T22:58:56.059Z grant_type=refresh_token status=200 cookie=sent test="T-01-26 published seed enters without pending onboarding"
2026-09-25T22:58:56.328Z grant_type=refresh_token status=400 cookie=none test="T-01-22 apps/id resumes a real authorize flow through oauth2/session" body={"code":"REFRESH_EXPIRED"}
2026-09-25T22:58:56.460Z grant_type=password status=200 cookie=none test="T-01-22 apps/id resumes a real authorize flow through oauth2/session"
2026-09-25T22:58:56.600Z grant_type=refresh_token status=200 cookie=sent test="T-01-22 apps/id resumes a real authorize flow through oauth2/session"
2026-09-25T22:58:56.820Z grant_type=refresh_token status=200 cookie=sent test="T-01-22 apps/id resumes a real authorize flow through oauth2/session"
2026-09-25T22:58:57.147Z grant_type=refresh_token status=400 cookie=sent test="T-01-22 apps/id resumes a real authorize flow through oauth2/session" body={"code":"REFRESH_EXPIRED"}
2026-09-25T22:58:57.291Z grant_type=password status=200 cookie=sent test="T-01-22 apps/id resumes a real authorize flow through oauth2/session"
2026-09-25T22:58:57.625Z grant_type=refresh_token status=400 cookie=none test="T-02-07 E3-W12 step 5 · the public footer of 01 shows /branding's identity and registered office (S02 R-02-02)" body={"code":"REFRESH_EXPIRED"}
2026-09-25T22:58:57.993Z grant_type=refresh_token status=400 cookie=none test="T-03-42 real census flow, booking block and member profile" body={"code":"REFRESH_EXPIRED"}
2026-09-25T22:58:58.130Z grant_type=password status=200 cookie=none test="T-03-42 real census flow, booking block and member profile"
2026-09-25T22:58:58.342Z grant_type=refresh_token status=200 cookie=sent test="T-03-42 real census flow, booking block and member profile"
2026-09-25T22:59:02.917Z grant_type=refresh_token status=400 cookie=none test="T-03-42 real census flow, booking block and member profile" body={"code":"REFRESH_EXPIRED"}
2026-09-25T22:59:03.017Z grant_type=password status=200 cookie=none test="T-03-42 real census flow, booking block and member profile"
2026-09-25T22:59:03.179Z grant_type=refresh_token status=200 cookie=sent test="T-03-42 real census flow, booking block and member profile"
2026-09-25T22:59:03.340Z grant_type=refresh_token status=200 cookie=sent test="T-03-42 real census flow, booking block and member profile"
2026-09-25T22:59:03.593Z grant_type=refresh_token status=200 cookie=sent test="T-03-42 real census flow, booking block and member profile"
2026-09-25T22:59:11.083Z grant_type=refresh_token status=400 cookie=none test="T-05-CP-07 real club page edit renders styled Markdown on screen 30" body={"code":"REFRESH_EXPIRED"}
2026-09-25T22:59:11.181Z grant_type=password status=200 cookie=none test="T-05-CP-07 real club page edit renders styled Markdown on screen 30"
2026-09-25T22:59:11.352Z grant_type=refresh_token status=200 cookie=sent test="T-05-CP-07 real club page edit renders styled Markdown on screen 30"
2026-09-25T22:59:11.517Z grant_type=refresh_token status=200 cookie=sent test="T-05-CP-07 real club page edit renders styled Markdown on screen 30"
2026-09-25T22:59:11.910Z grant_type=refresh_token status=400 cookie=none test="T-03-40 E3-W12 step 4 · screen 13 reads GET /me/dogs only: the seed's document types, «Nivell» per dog, no /parameters (S03 §6)" body={"code":"REFRESH_EXPIRED"}
2026-09-25T22:59:11.998Z grant_type=password status=200 cookie=none test="T-03-40 E3-W12 step 4 · screen 13 reads GET /me/dogs only: the seed's document types, «Nivell» per dog, no /parameters (S03 §6)"
2026-09-25T22:59:12.159Z grant_type=refresh_token status=200 cookie=sent test="T-03-40 E3-W12 step 4 · screen 13 reads GET /me/dogs only: the seed's document types, «Nivell» per dog, no /parameters (S03 §6)"
2026-09-25T22:59:12.319Z grant_type=refresh_token status=200 cookie=sent test="T-03-40 E3-W12 step 4 · screen 13 reads GET /me/dogs only: the seed's document types, «Nivell» per dog, no /parameters (S03 §6)"
# stage end 2026-09-25T22:59:12.604Z · e1-core.spec.ts e2-core.spec.ts · 43 calls · 14 non-2xx
# stage start 2026-09-25T23:00:12.424Z · e3-signup.spec.ts
2026-09-25T23:00:13.081Z grant_type=refresh_token status=400 cookie=none test="T-02-07 E3-W12 step 5 · the signup's public footer shows /branding's identity and registered office (S02 R-02-02)" body={"code":"REFRESH_EXPIRED"}
2026-09-25T23:00:13.536Z grant_type=refresh_token status=400 cookie=none test="T-04-34 public signup is validated and enters through the N-02 welcome link" body={"code":"REFRESH_EXPIRED"}
2026-09-25T23:00:14.037Z grant_type=refresh_token status=400 cookie=none test="T-04-34 public signup is validated and enters through the N-02 welcome link" body={"code":"REFRESH_EXPIRED"}
2026-09-25T23:00:14.320Z grant_type=refresh_token status=400 cookie=none test="T-04-34 public signup is validated and enters through the N-02 welcome link" body={"code":"REFRESH_EXPIRED"}
2026-09-25T23:00:14.624Z grant_type=refresh_token status=400 cookie=none test="T-04-34 public signup is validated and enters through the N-02 welcome link" body={"code":"REFRESH_EXPIRED"}
2026-09-25T23:00:15.064Z grant_type=refresh_token status=400 cookie=none test="T-04-34 public signup is validated and enters through the N-02 welcome link" body={"code":"REFRESH_EXPIRED"}
2026-09-25T23:00:15.439Z grant_type=refresh_token status=400 cookie=none test="T-04-34 public signup is validated and enters through the N-02 welcome link" body={"code":"REFRESH_EXPIRED"}
2026-09-25T23:00:15.593Z grant_type=password status=200 cookie=none test="T-04-34 public signup is validated and enters through the N-02 welcome link"
2026-09-25T23:00:15.773Z grant_type=refresh_token status=200 cookie=sent test="T-04-34 public signup is validated and enters through the N-02 welcome link"
2026-09-25T23:00:17.555Z grant_type=refresh_token status=400 cookie=none test="T-04-34 public signup is validated and enters through the N-02 welcome link" body={"code":"REFRESH_EXPIRED"}
2026-09-25T23:00:17.567Z grant_type=urn:agilityhub:grant:magic-link status=200 cookie=none test="T-04-34 public signup is validated and enters through the N-02 welcome link"
2026-09-25T23:00:17.760Z grant_type=refresh_token status=200 cookie=sent test="T-04-34 public signup is validated and enters through the N-02 welcome link"
2026-09-25T23:00:18.011Z grant_type=refresh_token status=400 cookie=none test="T-04-34 public signup is validated and enters through the N-02 welcome link" body={"code":"REFRESH_EXPIRED"}
2026-09-25T23:00:18.376Z grant_type=refresh_token status=400 cookie=none test="T-04-34 public signup is validated and enters through the N-02 welcome link" body={"code":"REFRESH_EXPIRED"}
2026-09-25T23:00:18.672Z grant_type=refresh_token status=400 cookie=none test="T-04-34 public signup is validated and enters through the N-02 welcome link" body={"code":"REFRESH_EXPIRED"}
2026-09-25T23:00:18.837Z grant_type=refresh_token status=400 cookie=none test="T-04-34 public signup is validated and enters through the N-02 welcome link" body={"code":"REFRESH_EXPIRED"}
2026-09-25T23:00:19.255Z grant_type=refresh_token status=400 cookie=none test="T-04-34 public signup is validated and enters through the N-02 welcome link" body={"code":"REFRESH_EXPIRED"}
2026-09-25T23:00:19.823Z grant_type=refresh_token status=400 cookie=none test="T-04-34 public signup is validated and enters through the N-02 welcome link" body={"code":"REFRESH_EXPIRED"}
2026-09-25T23:00:20.188Z grant_type=refresh_token status=400 cookie=none test="T-04-34 public signup is validated and enters through the N-02 welcome link" body={"code":"REFRESH_EXPIRED"}
2026-09-25T23:00:20.640Z grant_type=refresh_token status=400 cookie=none test="T-04-34 public signup is validated and enters through the N-02 welcome link" body={"code":"REFRESH_EXPIRED"}
2026-09-25T23:00:20.887Z grant_type=refresh_token status=400 cookie=none test="T-04-34 public signup is validated and enters through the N-02 welcome link" body={"code":"REFRESH_EXPIRED"}
2026-09-25T23:00:21.202Z grant_type=refresh_token status=400 cookie=none test="T-04-34 public signup is validated and enters through the N-02 welcome link" body={"code":"REFRESH_EXPIRED"}
2026-09-25T23:00:22.623Z grant_type=refresh_token status=200 cookie=sent test="T-04-34 public signup is validated and enters through the N-02 welcome link"
2026-09-25T23:00:23.078Z grant_type=refresh_token status=200 cookie=sent test="T-04-34 public signup is validated and enters through the N-02 welcome link"
2026-09-25T23:00:23.553Z grant_type=refresh_token status=200 cookie=sent test="T-04-34 public signup is validated and enters through the N-02 welcome link"
2026-09-25T23:00:23.701Z grant_type=refresh_token status=200 cookie=sent test="T-04-34 public signup is validated and enters through the N-02 welcome link"
2026-09-25T23:00:26.408Z grant_type=refresh_token status=400 cookie=none test="T-04-34 public signup is validated and enters through the N-02 welcome link" body={"code":"REFRESH_EXPIRED"}
2026-09-25T23:00:26.752Z grant_type=refresh_token status=400 cookie=none test="T-04-34 public signup is validated and enters through the N-02 welcome link" body={"code":"REFRESH_EXPIRED"}
2026-09-25T23:00:26.989Z grant_type=refresh_token status=400 cookie=none test="T-04-34 public signup is validated and enters through the N-02 welcome link" body={"code":"REFRESH_EXPIRED"}
2026-09-25T23:00:27.169Z grant_type=refresh_token status=400 cookie=none test="T-04-34 public signup is validated and enters through the N-02 welcome link" body={"code":"REFRESH_EXPIRED"}
2026-09-25T23:00:27.503Z grant_type=refresh_token status=400 cookie=none test="T-04-34 public signup is validated and enters through the N-02 welcome link" body={"code":"REFRESH_EXPIRED"}
2026-09-25T23:00:30.312Z grant_type=refresh_token status=400 cookie=none test="T-04-34 signup.enabled=false shows only the configured closed text" body={"code":"REFRESH_EXPIRED"}
# stage end 2026-09-25T23:00:30.416Z · e3-signup.spec.ts · 32 calls · 24 non-2xx
# stage start 2026-09-25T23:01:29.555Z · e4-core.spec.ts
2026-09-25T23:01:30.268Z grant_type=refresh_token status=400 cookie=none test="T-06-28 E2E (a) D3: the three seeded templates, «Setmana B» blocked by its inconsistency, «Setmana A» generates the proposed week, D3b per ring" body={"code":"REFRESH_EXPIRED"}
2026-09-25T23:01:30.430Z grant_type=password status=200 cookie=none test="T-06-28 E2E (a) D3: the three seeded templates, «Setmana B» blocked by its inconsistency, «Setmana A» generates the proposed week, D3b per ring"
2026-09-25T23:01:30.620Z grant_type=refresh_token status=200 cookie=sent test="T-06-28 E2E (a) D3: the three seeded templates, «Setmana B» blocked by its inconsistency, «Setmana A» generates the proposed week, D3b per ring"
2026-09-25T23:01:34.134Z grant_type=refresh_token status=400 cookie=none test="T-06-28 E2E (c) screens 10 and 23: the member never sees the cancelled class nor counts, the validated week is visible; the instructor sees the block, the dimmed class and n/n" body={"code":"REFRESH_EXPIRED"}
2026-09-25T23:01:34.218Z grant_type=password status=200 cookie=none test="T-06-28 E2E (c) screens 10 and 23: the member never sees the cancelled class nor counts, the validated week is visible; the instructor sees the block, the dimmed class and n/n"
2026-09-25T23:01:34.361Z grant_type=refresh_token status=200 cookie=sent test="T-06-28 E2E (c) screens 10 and 23: the member never sees the cancelled class nor counts, the validated week is visible; the instructor sees the block, the dimmed class and n/n"
2026-09-25T23:01:34.508Z grant_type=refresh_token status=200 cookie=sent test="T-06-28 E2E (c) screens 10 and 23: the member never sees the cancelled class nor counts, the validated week is visible; the instructor sees the block, the dimmed class and n/n"
2026-09-25T23:01:34.763Z grant_type=refresh_token status=200 cookie=sent test="T-06-28 E2E (c) screens 10 and 23: the member never sees the cancelled class nor counts, the validated week is visible; the instructor sees the block, the dimmed class and n/n"
2026-09-25T23:01:35.100Z grant_type=refresh_token status=400 cookie=none test="T-06-28 E2E (c) screens 10 and 23: the member never sees the cancelled class nor counts, the validated week is visible; the instructor sees the block, the dimmed class and n/n" body={"code":"REFRESH_EXPIRED"}
2026-09-25T23:01:35.209Z grant_type=password status=200 cookie=none test="T-06-28 E2E (c) screens 10 and 23: the member never sees the cancelled class nor counts, the validated week is visible; the instructor sees the block, the dimmed class and n/n"
2026-09-25T23:01:35.354Z grant_type=refresh_token status=200 cookie=sent test="T-06-28 E2E (c) screens 10 and 23: the member never sees the cancelled class nor counts, the validated week is visible; the instructor sees the block, the dimmed class and n/n"
2026-09-25T23:01:35.506Z grant_type=refresh_token status=200 cookie=sent test="T-06-28 E2E (c) screens 10 and 23: the member never sees the cancelled class nor counts, the validated week is visible; the instructor sees the block, the dimmed class and n/n"
2026-09-25T23:01:38.060Z grant_type=refresh_token status=400 cookie=none test="T-07-32 E2E (e) ca: 04 → detail → register → 03 → cancel in time; the waitlist of the full «Seminari de handling» and the FIFO promotion when the admin adds a place" body={"code":"REFRESH_EXPIRED"}
2026-09-25T23:01:38.131Z grant_type=password status=200 cookie=none test="T-07-32 E2E (e) ca: 04 → detail → register → 03 → cancel in time; the waitlist of the full «Seminari de handling» and the FIFO promotion when the admin adds a place"
2026-09-25T23:01:38.279Z grant_type=refresh_token status=200 cookie=sent test="T-07-32 E2E (e) ca: 04 → detail → register → 03 → cancel in time; the waitlist of the full «Seminari de handling» and the FIFO promotion when the admin adds a place"
2026-09-25T23:01:38.425Z grant_type=refresh_token status=200 cookie=sent test="T-07-32 E2E (e) ca: 04 → detail → register → 03 → cancel in time; the waitlist of the full «Seminari de handling» and the FIFO promotion when the admin adds a place"
2026-09-25T23:01:38.643Z grant_type=refresh_token status=200 cookie=sent test="T-07-32 E2E (e) ca: 04 → detail → register → 03 → cancel in time; the waitlist of the full «Seminari de handling» and the FIFO promotion when the admin adds a place"
2026-09-25T23:01:38.963Z grant_type=refresh_token status=200 cookie=sent test="T-07-32 E2E (e) ca: 04 → detail → register → 03 → cancel in time; the waitlist of the full «Seminari de handling» and the FIFO promotion when the admin adds a place"
2026-09-25T23:01:39.211Z grant_type=refresh_token status=200 cookie=sent test="T-07-32 E2E (e) ca: 04 → detail → register → 03 → cancel in time; the waitlist of the full «Seminari de handling» and the FIFO promotion when the admin adds a place"
2026-09-25T23:01:39.501Z grant_type=refresh_token status=200 cookie=sent test="T-07-32 E2E (e) ca: 04 → detail → register → 03 → cancel in time; the waitlist of the full «Seminari de handling» and the FIFO promotion when the admin adds a place"
2026-09-25T23:01:39.653Z grant_type=refresh_token status=200 cookie=sent test="T-07-32 E2E (e) ca: 04 → detail → register → 03 → cancel in time; the waitlist of the full «Seminari de handling» and the FIFO promotion when the admin adds a place"
2026-09-25T23:01:40.777Z grant_type=refresh_token status=400 cookie=none test="T-07-32 E2E (e) es: the same member flow with the es literals, a second FIFO promotion, then the admin cancels the seminar (200) and the registrant reads «cancel·lada pel club»" body={"code":"REFRESH_EXPIRED"}
2026-09-25T23:01:40.848Z grant_type=password status=200 cookie=none test="T-07-32 E2E (e) es: the same member flow with the es literals, a second FIFO promotion, then the admin cancels the seminar (200) and the registrant reads «cancel·lada pel club»"
2026-09-25T23:01:40.991Z grant_type=refresh_token status=200 cookie=sent test="T-07-32 E2E (e) es: the same member flow with the es literals, a second FIFO promotion, then the admin cancels the seminar (200) and the registrant reads «cancel·lada pel club»"
2026-09-25T23:01:41.129Z grant_type=refresh_token status=200 cookie=sent test="T-07-32 E2E (e) es: the same member flow with the es literals, a second FIFO promotion, then the admin cancels the seminar (200) and the registrant reads «cancel·lada pel club»"
2026-09-25T23:01:41.327Z grant_type=refresh_token status=200 cookie=sent test="T-07-32 E2E (e) es: the same member flow with the es literals, a second FIFO promotion, then the admin cancels the seminar (200) and the registrant reads «cancel·lada pel club»"
2026-09-25T23:01:41.590Z grant_type=refresh_token status=200 cookie=sent test="T-07-32 E2E (e) es: the same member flow with the es literals, a second FIFO promotion, then the admin cancels the seminar (200) and the registrant reads «cancel·lada pel club»"
2026-09-25T23:01:41.808Z grant_type=refresh_token status=200 cookie=sent test="T-07-32 E2E (e) es: the same member flow with the es literals, a second FIFO promotion, then the admin cancels the seminar (200) and the registrant reads «cancel·lada pel club»"
2026-09-25T23:01:42.224Z grant_type=refresh_token status=200 cookie=sent test="T-07-32 E2E (e) es: the same member flow with the es literals, a second FIFO promotion, then the admin cancels the seminar (200) and the registrant reads «cancel·lada pel club»"
2026-09-25T23:01:43.409Z grant_type=refresh_token status=200 cookie=sent test="T-07-32 E2E (e) es: the same member flow with the es literals, a second FIFO promotion, then the admin cancels the seminar (200) and the registrant reads «cancel·lada pel club»"
# stage end 2026-09-25T23:01:44.359Z · e4-core.spec.ts · 30 calls · 5 non-2xx
