
 RUN  v5.0.0 /Users/jordib/dev/agilityhub/agilityhub-core-web/packages/api-client

 ❯ src/mocks/backoffice-handlers.test.ts (38 tests | 1 failed | 30 skipped) 794ms
   ❯ E7-W07 step 5 · the staff reads never book a dog over its week's limit (S08 R-08-02, R-08-03, R-08-19) (7)
     × T-08-03 E7-W07 round 2 #3 (R-08-02, R-08-19): at dl 10 at 8:12, cancelling Tuesday's 18:50 class leaves Wednesday's registrants as they were (ids, dogs, states, bookedAt), in D4 and in D10's list; Tuesday's are the same dogs under the same ids, now CANCELLED_BY_CLUB, and its late cancellation stays CANCELLED_LATE 15ms

⎯⎯⎯⎯⎯⎯⎯ Failed Tests 1 ⎯⎯⎯⎯⎯⎯⎯

 FAIL  src/mocks/backoffice-handlers.test.ts > E7-W07 step 5 · the staff reads never book a dog over its week's limit (S08 R-08-02, R-08-03, R-08-19) > T-08-03 E7-W07 round 2 #3 (R-08-02, R-08-19): at dl 10 at 8:12, cancelling Tuesday's 18:50 class leaves Wednesday's registrants as they were (ids, dogs, states, bookedAt), in D4 and in D10's list; Tuesday's are the same dogs under the same ids, now CANCELLED_BY_CLUB, and its late cancellation stays CANCELLED_LATE
AssertionError: expected [ { …(14) }, { …(14) }, …(3) ] to deeply equal [ { …(14) }, { …(14) }, …(3) ]

- Expected
+ Received

@@ -19,64 +19,64 @@
      "bookedAt": "2026-08-09T11:50:00.000Z",
      "bookingWeekKey": "2026-08-09",
      "classSessionId": "cls-2026-08-12-1850-0",
      "classStartsAt": "2026-08-12T16:50:00Z",
      "displayState": "CONFIRMED",
-     "dogId": "dog-mixa",
-     "dogName": "Mixa",
+     "dogId": "dog-nass",
+     "dogName": "Nass",
      "id": "cb-cls-2026-08-12-1850-0-1",
      "late": null,
-     "levelCode": "C",
-     "memberId": "member-jana",
-     "memberName": "Jana",
+     "levelCode": "B",
+     "memberId": "member-anna",
+     "memberName": "Anna",
      "origin": "BACKOFFICE",
      "state": "ACTIVE",
    },
    {
      "bookedAt": "2026-08-09T06:50:00.000Z",
      "bookingWeekKey": "2026-08-09",
      "classSessionId": "cls-2026-08-12-1850-0",
      "classStartsAt": "2026-08-12T16:50:00Z",
      "displayState": "CONFIRMED",
-     "dogId": "dog-kai",
-     "dogName": "Kai",
+     "dogId": "dog-fish",
+     "dogName": "Fish",
      "id": "cb-cls-2026-08-12-1850-0-2",
      "late": null,
      "levelCode": "B",
-     "memberId": "member-irene",
-     "memberName": "Irene",
+     "memberId": "member-eva",
+     "memberName": "Eva",
      "origin": "APP",
      "state": "ACTIVE",
    },
    {
      "bookedAt": "2026-08-09T01:50:00.000Z",
      "bookingWeekKey": "2026-08-09",
      "classSessionId": "cls-2026-08-12-1850-0",
      "classStartsAt": "2026-08-12T16:50:00Z",
      "displayState": "CONFIRMED",
-     "dogId": "dog-coco",
-     "dogName": "Coco",
+     "dogId": "dog-blat",
+     "dogName": "Blat",
      "id": "cb-cls-2026-08-12-1850-0-3",
      "late": null,
-     "levelCode": "C",
-     "memberId": "member-nil",
-     "memberName": "Nil",
+     "levelCode": "B",
+     "memberId": "member-pau",
+     "memberName": "Pau",
      "origin": "APP",
      "state": "ACTIVE",
    },
    {
      "bookedAt": "2026-08-08T20:50:00.000Z",
      "bookingWeekKey": "2026-08-09",
      "classSessionId": "cls-2026-08-12-1850-0",
      "classStartsAt": "2026-08-12T16:50:00Z",
      "displayState": "CANCELLED_LATE",
-     "dogId": "dog-rumba",
-     "dogName": "Rumba",
+     "dogId": "dog-mixa",
+     "dogName": "Mixa",
      "id": "cb-cls-2026-08-12-1850-0-4",
      "late": true,
-     "levelCode": "B",
-     "memberId": "member-joel",
-     "memberName": "Joel",
+     "levelCode": "C",
+     "memberId": "member-jana",
+     "memberName": "Jana",
      "origin": "APP",
      "state": "CANCELLED_LATE",
    },
  ]

 ❯ src/mocks/backoffice-handlers.test.ts:1228:41
    1226|     expect(tuesday.some((item) => item.state === "CANCELLED_LATE")).to…
    1227|     await cancelTuesday();
    1228|     expect(await registrants(D4_CLASS)).toEqual(wednesday);
       |                                         ^
    1229|     // R-06-10: each ACTIVE booking turns CANCELLED_BY_CLUB, the same …
    1230|     // (R-08-02); the late cancellation stays as it was.

⎯⎯⎯⎯⎯⎯⎯⎯⎯⎯⎯⎯⎯⎯⎯⎯⎯⎯⎯⎯⎯⎯⎯⎯[1/1]⎯


 Test Files  1 failed (1)
      Tests  1 failed | 7 passed | 30 skipped (38)
   Start at  13:42:58
   Duration  1.58s (tests 53%, transform 26%, import 21%)

