
 RUN  v5.0.0 /Users/jordib/dev/agilityhub/agilityhub-core-web/packages/api-client

 ✓ src/mocks/booking-handlers.test.ts > E5-W01 step 10 · the S08 mock world answers as the api (S08 §6, CATALEG_ERRORS §3 rule 0) > GET /me/home: the mockup rows in order, «amb {dog}» only with «Tots», counters from what counts (R-08-02) 26ms
 ✓ src/mocks/booking-handlers.test.ts > E5-W01 step 10 · the S08 mock world answers as the api (S08 §6, CATALEG_ERRORS §3 rule 0) > GET /me/home?dogId= keeps the member's activity rows under every dog, as the api's MemberHomeQuery (E5-W01 round 2, review #3) 5ms
 ✓ src/mocks/booking-handlers.test.ts > E5-W01 step 10 · the S08 mock world answers as the api (S08 §6, CATALEG_ERRORS §3 rule 0) > GET /me/bookable-classes reproduces 04: pack, the six rows, and the Rock and Toby variants 13ms
 ✓ src/mocks/booking-handlers.test.ts > E5-W01 step 10 · the S08 mock world answers as the api (S08 §6, CATALEG_ERRORS §3 rule 0) > module variants: WAITLIST off reads FULL without counts; SINGLE_CLASS prices every row and drops the pack 11ms
 ✓ src/mocks/booking-handlers.test.ts > E5-W01 step 10 · the S08 mock world answers as the api (S08 §6, CATALEG_ERRORS §3 rule 0) > POST /seat-holds: a plain hold of 30 s from the api clock; each refused row with its code, status and details 18ms
 ✓ src/mocks/booking-handlers.test.ts > E5-W01 step 10 · the S08 mock world answers as the api (S08 §6, CATALEG_ERRORS §3 rule 0) > POST /bookings confirms the hold (pack −1, calendar links); an expired hold is 409 SEAT_HOLD_EXPIRED 15ms
 ✓ src/mocks/booking-handlers.test.ts > E5-W01 step 10 · the S08 mock world answers as the api (S08 §6, CATALEG_ERRORS §3 rule 0) > bookingLimit (mockup 06): the hold proposes Duna's two swappable bookings (2 of 2); the swap cancels the old one 7ms
 ✓ src/mocks/backoffice-handlers.test.ts > E5-W03 step 8 · S15 processes (GET /jobs, trigger, switch, runs) answer like the api > T-15-32 lists the processes whose module is on: 10 in the full club, 9 in the Cànic, 8 in the club mínim 46ms
 ✓ src/mocks/backoffice-handlers.test.ts > E5-W03 step 8 · S15 processes (GET /jobs, trigger, switch, runs) answer like the api > R-15-08 [Simula] answers the plan (WOULD_*), [Executa ara] the run; both are a JobRun and the history shows them 25ms
 ✓ src/mocks/backoffice-handlers.test.ts > E5-W03 step 8 · S15 processes (GET /jobs, trigger, switch, runs) answer like the api > R-15-09 refuses an INSTRUCTOR and an impersonation token; JOB_UNKNOWN and MODULE_DISABLED are 404; a running process is 409 8ms
 ✓ src/mocks/backoffice-handlers.test.ts > E5-W03 step 8 · S15 processes (GET /jobs, trigger, switch, runs) answer like the api > R-15-09 the switch answers {name, enabled} and GET /jobs reflects it; a disabled process still runs by hand 7ms
 ✓ src/mocks/booking-handlers.test.ts > E5-W01 step 10 · the S08 mock world answers as the api (S08 §6, CATALEG_ERRORS §3 rule 0) > bookingSingleClass: PAY_TO_BOOK answers PAYMENT_PENDING with a same-origin checkoutUrl; Rock is charged on the receipt 7ms
 ✓ src/mocks/booking-handlers.test.ts > E5-W01 step 10 · the S08 mock world answers as the api (S08 §6, CATALEG_ERRORS §3 rule 0) > GET /bookings/{id} and the cancellation: late by R-08-10 (4 h, the edge in time), displayState, then 409 6ms
 ✓ src/mocks/booking-handlers.test.ts > E5-W01 step 10 · the S08 mock world answers as the api (S08 §6, CATALEG_ERRORS §3 rule 0) > the waitlist: join a WAITLIST_OPEN row (it leaves 04), refusals, the detail, leaving it, and the claim of a NOTIFIED entry 20ms
 ✓ src/mocks/booking-handlers.test.ts > E5-W01 step 10 · the S08 mock world answers as the api (S08 §6, CATALEG_ERRORS §3 rule 0) > WAITLIST off: every waitlist route is 404 MODULE_DISABLED 3ms
 ✓ src/mocks/booking-handlers.test.ts > E5-W05 step 7 · the booking world's clock sits after its club's week opening, and its weeks follow R-08-01 as the api computes them > E5-W05 step 7: at Sunday 2 at 20:30 (weekOpensAt SUNDAY 20:00) W0 is 2026-08-02 and W1 2026-08-09: Monday 3 counts in the current week, Monday 10 is next, Monday 17 opens with W1, and the limit refusal (Monday 3 at 20:00, the same W0) names the coming opening 10ms
 ✓ src/mocks/booking-handlers.test.ts > E5-W05 step 7 · the booking world's clock sits after its club's week opening, and its weeks follow R-08-01 as the api computes them > E5-W05 step 7: 06's done class belongs to W0 at the clock (it began at the week's opening, Sunday 2 at 20:00): in the bookingLimitDone world the hold lists it as DONE beside the cancellable Monday 3 (E7-W07 round 2 #5a) 3ms
 ✓ src/mocks/booking-handlers.test.ts > E5-W05 step 7 · the booking world's clock sits after its club's week opening, and its weeks follow R-08-01 as the api computes them > E5-W05 step 7: one minute before the opening (Sunday 2 at 19:59) the weeks are one earlier: Wednesday 5 to Saturday 8 are next week's, Monday 10 opens at 20:00, Monday 17 is not listed yet, and Saturday 8 swaps next week's Monday 3 9ms
 ✓ src/mocks/booking-handlers.test.ts > E5-W05 step 7 · the booking world's clock sits after its club's week opening, and its weeks follow R-08-01 as the api computes them > E5-W05 step 7: the weeks come from `bookings.weekOpensAt` (T-08-44, a club whose week opens on Monday at 00:00) 6ms
 ✓ src/mocks/booking-handlers.test.ts > E5-W05 round 2 · the limits come from the world's bookings and the club's parameters (R-08-02, R-08-03, R-08-09) > E5-W05 round 3 #2: the hold is refused only when the week's limit is reached and nothing can be swapped (R-08-09): the member world's «ds 8» (Duna 1 of 2, her Monday 3 cancellable) holds the seat 4ms
 ✓ src/mocks/booking-handlers.test.ts > E5-W05 round 2 · the limits come from the world's bookings and the club's parameters (R-08-02, R-08-03, R-08-09) > E5-W05 round 3 #2: bookingLimitDone at Monday 3 at 20:00 (mockup 29): every row of Duna's week reads «Límit setmanal» (R-08-03), and the refusal has current = limit = 2 = /me/home's count, the two done classes as notSelectable (real ids), no swap and the coming opening 15ms
 ✓ src/mocks/booking-handlers.test.ts > E5-W05 round 2 · the limits come from the world's bookings and the club's parameters (R-08-02, R-08-03, R-08-09) > E5-W05 round 2 #6: Monday 3 cancelled late (at 16:00, within the 4 h) still counts: the refusal lists it as DONE (R-08-09) and counts it as /me/home does 11ms
 ✓ src/mocks/booking-handlers.test.ts > E5-W05 round 2 · the limits come from the world's bookings and the club's parameters (R-08-02, R-08-03, R-08-09) > E5-W05 round 2 #6: one minute before the opening the NEXT refusal counts next week's bookings as /me/home does, and no class of a NEXT week is DONE 7ms
 ✓ src/mocks/backoffice-handlers.test.ts > E5-W03 step 8 · S15 §6 form A (GET /risk-review) > T-15-33 sends the four statuses of the spec's example on the club's today; riskReviewEmpty sends none; MEMBER → 403 21ms
 ✓ src/mocks/backoffice-handlers.test.ts > E5-W03 step 8 · S15 §6 form A (GET /risk-review) > E5-W03 round 2 · review #5: on the example day each item is a calendar class of its day, and its registrants are the notified ones 23ms
 ✓ src/mocks/backoffice-handlers.test.ts > E5-W05 step 15 · the risk review's rows are classes of the calendar world on any day > E5-W05 step 15: on S15's example day (dl 10 at 8:12) each row is a class of its week in the state its status implies, and the WILL_CANCEL class is still active 29ms
 ✓ src/mocks/backoffice-handlers.test.ts > E5-W05 step 15 · the risk review's rows are classes of the calendar world on any day > E5-W05 step 15: on dt 11-08 at 9:00, the day after the example each row is a class of its week in the state its status implies 11ms
 ✓ src/mocks/backoffice-handlers.test.ts > E5-W05 step 15 · the risk review's rows are classes of the calendar world on any day > E5-W05 step 15: on dc 23-09 at 10:00, after that day's review each row is a class of its week in the state its status implies 17ms
 ✓ src/mocks/backoffice-handlers.test.ts > E5-W05 step 15 · the risk review's rows are classes of the calendar world on any day > E5-W05 step 15: on dl 21-09 at 12:00, a Monday after its review (Wednesday's «Cadells» ahead) each row is a class of its week in the state its status implies 10ms
 ✓ src/mocks/backoffice-handlers.test.ts > E5-W05 step 15 · the risk review's rows are classes of the calendar world on any day > E5-W05 round 2 #12: on dg 27-09 at 12:00, the review's probe day, the form has no row because no active class falls in its window: the week ahead is still a draft 8ms
 ✓ src/mocks/booking-handlers.test.ts > E5-W05 round 2 · the limits come from the world's bookings and the club's parameters (R-08-02, R-08-03, R-08-09) > E5-W05 round 2 #11.b: a PAYMENT_PENDING booking the hold cannot swap is LATE_WINDOW (the api's), beside the swappable Friday 7; a begun class DONE (bookingLimitDone: the refusal) 9ms
 ✓ src/mocks/booking-handlers.test.ts > E5-W05 round 2 · the limits come from the world's bookings and the club's parameters (R-08-02, R-08-03, R-08-09) > E5-W05 round 2 #11.b: the hold lists Duna's PAYMENT_PENDING class of the week as LATE_WINDOW and counts it (bookingSingleClass, PAY_TO_BOOK); Monday 3 is still the swap 9ms
 ✓ src/mocks/booking-handlers.test.ts > E5-W05 round 2 · the limits come from the world's bookings and the club's parameters (R-08-02, R-08-03, R-08-09) > E5-W05 round 2 #11.c: the limits are the club's bookings.maxCurrentWeek and bookings.maxNextWeek: /me/home, the hold and the refusal follow a saved change 8ms
 ✓ src/mocks/booking-handlers.test.ts > E5-W05 round 2 · the limits come from the world's bookings and the club's parameters (R-08-02, R-08-03, R-08-09) > T-08-03 E7-W07 round 2 #5a (R-08-02, R-08-03; ruling E86): in the bookingLimit world at its clock (mockup 06) Duna's bookings that count in W0 are within the week's limit: /me/home, D10's list and the hold all count 2 of 2, Monday 3 and Friday 7, both swappable 8ms
 ✓ src/mocks/booking-handlers.test.ts > E7-W07 step 6 · «Límit setmanal» only where the api refuses the hold (S08 R-08-03, R-08-09; ruling E85) > T-08-05 E7-W07 step 6 (R-08-03, R-08-09, ruling E85): in the default world at 2026-08-02T20:30:00+02:00 (late window 240 min) a row reads WEEKLY_LIMIT_DONE exactly when its hold answers 409 BOOKING_LIMIT_REACHED (any such row: false) 27ms
 ✓ src/mocks/booking-handlers.test.ts > E7-W07 step 6 · «Límit setmanal» only where the api refuses the hold (S08 R-08-03, R-08-09; ruling E85) > T-08-05 E7-W07 step 6 (R-08-03, R-08-09, ruling E85): in the default world at 2026-08-02T19:59:00+02:00 (late window 240 min) a row reads WEEKLY_LIMIT_DONE exactly when its hold answers 409 BOOKING_LIMIT_REACHED (any such row: false) 24ms
 ✓ src/mocks/booking-handlers.test.ts > E7-W07 step 6 · «Límit setmanal» only where the api refuses the hold (S08 R-08-03, R-08-09; ruling E85) > T-08-05 E7-W07 step 6 (R-08-03, R-08-09, ruling E85): in the default world at 2026-08-02T19:59:00+02:00 (late window 1440 min) a row reads WEEKLY_LIMIT_DONE exactly when its hold answers 409 BOOKING_LIMIT_REACHED (any such row: true) 21ms
 ✓ src/mocks/backoffice-handlers.test.ts > E5-W05 step 16 · the back-office mock finds classes and waiting entries in the caller's club only > E5-W05 step 16: an ADMIN of another club cannot cancel the entry (404), nor read the class's registrants and waiting list, nor see its classes in the risk review 10ms
 ✓ src/mocks/backoffice-handlers.test.ts > E5-W03 step 8 · S08 staff reads (registrants, waiting list, GET /bookings) > answers the D4 class's 4 bookings (+ 1 late cancellation) and its 2 waiting entries; R-08-16 removal, then WAITLIST_ENTRY_NOT_LIVE 17ms
 ✓ src/mocks/backoffice-handlers.test.ts > E5-W03 step 8 · S08 staff reads (registrants, waiting list, GET /bookings) > E5-W03 round 2 · review #7: a removal checks WAITLIST, the role and the entry's owner; an impersonation never reaches another member's entry 7ms
 ✓ src/mocks/backoffice-handlers.test.ts > E5-W03 step 8 · S08 staff reads (registrants, waiting list, GET /bookings) > T-08-47 GET /bookings filters by member, refuses an undeclared filter (400 INVALID_FILTER) and a MEMBER (403) 16ms
 ✓ src/mocks/backoffice-handlers.test.ts > E5-W03 step 8 · S09 ring-usage register (GET /training-bookings, GET /ring-blocks) > T-09-27 lists the week's training bookings for the staff (MEMBER 403, FREE_TRAINING off 404) and exports only for ADMIN 9ms
 ✓ src/mocks/backoffice-handlers.test.ts > E5-W03 step 8 · S09 ring-usage register (GET /training-bookings, GET /ring-blocks) > T-09-30 redacts the blocks for a MEMBER, refuses him `note`, and keeps the activity's block and a cancelled one from being cancelled 10ms
 ✓ src/mocks/backoffice-handlers.test.ts > E5-W05 step 7 · the staff lists' bookingWeekKey follows R-08-01 (the opening's hour) > E5-W05 step 7: Duna's class of Sunday 2 at 20:00 (mockup 06's done class) belongs to the week that opens then, 2026-08-02, as Monday 3's does 13ms
 ✓ src/mocks/booking-handlers.test.ts > E7-W07 step 6 · «Límit setmanal» only where the api refuses the hold (S08 R-08-03, R-08-09; ruling E85) > T-08-05 E7-W07 step 6 (R-08-03, R-08-09, ruling E85): in the bookingLimit (mockup 06) world at 2026-08-02T20:30:00+02:00 (late window 240 min) a row reads WEEKLY_LIMIT_DONE exactly when its hold answers 409 BOOKING_LIMIT_REACHED (any such row: false) 28ms
 ✓ src/mocks/booking-handlers.test.ts > E7-W07 step 6 · «Límit setmanal» only where the api refuses the hold (S08 R-08-03, R-08-09; ruling E85) > T-08-05 E7-W07 step 6 (R-08-03, R-08-09, ruling E85): in the bookingLimitDone (06's done row) world at 2026-08-02T20:30:00+02:00 (late window 240 min) a row reads WEEKLY_LIMIT_DONE exactly when its hold answers 409 BOOKING_LIMIT_REACHED (any such row: false) 29ms
 ✓ src/mocks/booking-handlers.test.ts > E7-W07 step 6 · «Límit setmanal» only where the api refuses the hold (S08 R-08-03, R-08-09; ruling E85) > T-08-05 E7-W07 step 6 (R-08-03, R-08-09, ruling E85): in the bookingLimitDone (mockup 29) world at 2026-08-03T20:00:00+02:00 (late window 240 min) a row reads WEEKLY_LIMIT_DONE exactly when its hold answers 409 BOOKING_LIMIT_REACHED (any such row: true) 26ms
 ✓ src/mocks/booking-handlers.test.ts > E7-W07 step 6 · «Límit setmanal» only where the api refuses the hold (S08 R-08-03, R-08-09; ruling E85) > E7-W07 step 6 (R-08-03, ruling E85): the default world's «ds 8» is a normal row at 1 of 2 (Duna's Monday 3 still swappable): BOOKABLE with its 3 seats, and its tap holds the seat with no limit reached 6ms
 ✓ src/mocks/backoffice-handlers.test.ts > E5-W05 step 5 · complete filter values (CONVENCIONS_API §4) and the lists' search (E75) > E5-W05 step 5: registerMany has more than 1000 training bookings; «Nil Fictici Soler» is not in the first 1000, and GET /training-bookings/filter-values counts him over the whole set 29ms
 ✓ src/mocks/backoffice-handlers.test.ts > E5-W05 step 5 · complete filter values (CONVENCIONS_API §4) and the lists' search (E75) > E5-W05 step 5: GET /ring-blocks/filter-values counts every block, «Cadells» (only after row 1000) included, labelled with the ring's name 13ms
 ✓ src/mocks/backoffice-handlers.test.ts > E5-W05 step 5 · complete filter values (CONVENCIONS_API §4) and the lists' search (E75) > E5-W05 step 5: GET /bookings/filter-values counts the member's classes by state; GET /bookings has no search (a non-blank q is INVALID_FILTER, E75) 19ms
 ✓ src/mocks/backoffice-handlers.test.ts > E5-W05 step 5 · complete filter values (CONVENCIONS_API §4) and the lists' search (E75) > E5-W05 round 2 #11.a: GET /bookings/filter-values labels a class «{club-local start YYYY-MM-DDTHH:mm} · {description}», as the core does 12ms
 ✓ src/mocks/backoffice-handlers.test.ts > E5-W05 step 5 · complete filter values (CONVENCIONS_API §4) and the lists' search (E75) > E5-W05 step 5: a ring block's search reads its ring's name and, for staff, its note (S09 §2, E75) 4ms
 ✓ src/mocks/backoffice-handlers.test.ts > E5-W05 step 5 · complete filter values (CONVENCIONS_API §4) and the lists' search (E75) > E5-W05 round 2 #4: an ADMIN of another club (adminOtherClub) finds no booking, training booking or ring block of this club, and no filter value: the tenant comes from the JWT 20ms
 ✓ src/mocks/backoffice-handlers.test.ts > E5-W05 step 5 · complete filter values (CONVENCIONS_API §4) and the lists' search (E75) > E7-W07 step 8 (E5-W05 round 3 review #1, R-09-13): an ADMIN of another club cannot cancel a block of this club's register (404 NOT_FOUND, the activity's block too), and the block is still ACTIVE for this club's own ADMIN, who cancels it 6ms
 ✓ src/mocks/backoffice-handlers.test.ts > E5-W05 round 2 · the staff registrants' level is the dog's own, and follows levels.enabled (S08 §6) > E5-W05 round 2 #3: GET /class-sessions/{id}/bookings sends each dog's own level (D4's «B+C»: Duna «C», Mixa «C», Kai «B», Coco «C», Rumba «B»), and null in a club with levels.enabled = false 9ms
 ✓ src/mocks/backoffice-handlers.test.ts > E5-W05 round 2 · the staff registrants' level is the dog's own, and follows levels.enabled (S08 §6) > E5-W05 round 3 #4: in every class of the calendar and day-grid worlds each registrant's level is one the class allows (S08 R-08-04), no dog is listed twice, and the rows match the class's counters 180ms
 ✓ src/mocks/backoffice-handlers.test.ts > E5-W05 round 2 · the jobs mock reads its parameters (S15 R-15-01, R-15-12) > E5-W05 round 2 #11.d: no-show-notices runs at messaging.noShowNoticeTime (08:00): its schedule, its runs and its next run; a saved change moves the schedule and the next run 7ms
 ✓ src/mocks/backoffice-handlers.test.ts > E5-W05 round 2 · the jobs mock reads its parameters (S15 R-15-01, R-15-12) > E5-W05 round 2 #14: nextScheduledForLocal follows jobs.dailyTime, classes.riskReviewTime and bookings.weekOpensAt, as schedule.localTime does 3ms
 ✓ src/mocks/backoffice-handlers.test.ts > E5-W05 round 2 · the jobs mock reads its parameters (S15 R-15-01, R-15-12) > E5-W05 round 2 #14: the risk review reads classes.minDogs, as D4's risk mark does: with minDogs = 1 the class with one dog is at risk in neither D1 nor D4 17ms
 ✓ src/mocks/backoffice-handlers.test.ts > E5-W05 round 2 · the jobs mock reads its parameters (S15 R-15-01, R-15-12) > E5-W05 round 2 #14: with the risk review switched off, no active class names notified members (no review ran); a class it cancelled keeps the ones it notified 9ms
 ✓ src/mocks/backoffice-handlers.test.ts > E7-W07 step 5 · the staff reads never book a dog over its week's limit (S08 R-08-02, R-08-03, R-08-19) > T-08-03 E7-W07 step 5 (R-08-02, R-08-03, R-08-19): at dl 10 at 8:12 (D1 and D10, S15's example day) no dog of the default world is booked over its week's limit in the calendar or the day grid, counted with the member's own bookings; every class still lists its counters' registrants, of a level it allows, no dog twice 165ms
 ✓ src/mocks/backoffice-handlers.test.ts > E7-W07 step 5 · the staff reads never book a dog over its week's limit (S08 R-08-02, R-08-03, R-08-19) > T-08-03 E7-W07 step 5 (R-08-02, R-08-03, R-08-19): at dc 12 at 10:00 (D4) no dog of the default world is booked over its week's limit in the calendar or the day grid, counted with the member's own bookings; every class still lists its counters' registrants, of a level it allows, no dog twice 137ms
 ✓ src/mocks/backoffice-handlers.test.ts > E7-W07 step 5 · the staff reads never book a dog over its week's limit (S08 R-08-02, R-08-03, R-08-19) > T-08-03 E7-W07 step 5 (R-08-02, R-08-03, R-08-19): at dl 3 at 7:10 (the ring-usage register) no dog of the default world is booked over its week's limit in the calendar or the day grid, counted with the member's own bookings; every class still lists its counters' registrants, of a level it allows, no dog twice 142ms
 ✓ src/mocks/backoffice-handlers.test.ts > E7-W07 step 5 · the staff reads never book a dog over its week's limit (S08 R-08-02, R-08-03, R-08-19) > T-08-03 E7-W07 step 5 (R-08-02, R-08-03, R-08-19): at dl 3 at 21:00 (screen 23's drawer) no dog of the default world is booked over its week's limit in the calendar or the day grid, counted with the member's own bookings; every class still lists its counters' registrants, of a level it allows, no dog twice 142ms
 ✓ src/mocks/backoffice-handlers.test.ts > E7-W07 step 5 · the staff reads never book a dog over its week's limit (S08 R-08-02, R-08-03, R-08-19) > T-08-03 E7-W07 step 5 (R-08-02, R-08-03, R-08-19): at dg 2 at 20:30 (the member world) no dog of the default world is booked over its week's limit in the calendar or the day grid, counted with the member's own bookings; every class still lists its counters' registrants, of a level it allows, no dog twice 149ms
 ✓ src/mocks/backoffice-handlers.test.ts > E7-W07 step 5 · the staff reads never book a dog over its week's limit (S08 R-08-02, R-08-03, R-08-19) > T-08-03 E7-W07 round 2 #3 (R-08-02, R-08-19): at dl 10 at 8:12, cancelling Tuesday's 18:50 class leaves Wednesday's registrants as they were (ids, dogs, states, bookedAt), in D4 and in D10's list; Tuesday's are the same dogs under the same ids, now CANCELLED_BY_CLUB, and its late cancellation stays CANCELLED_LATE 26ms
 ✓ src/mocks/backoffice-handlers.test.ts > E7-W07 step 5 · the staff reads never book a dog over its week's limit (S08 R-08-02, R-08-03, R-08-19) > T-08-03 E7-W07 round 2 #3 (R-08-02, R-08-03): after Tuesday's 18:50 class is cancelled, still no dog of the calendar or the day grid is booked over its week's limit, and every class lists its counters' registrants 332ms

 Test Files  2 passed (2)
      Tests  68 passed (68)
   Start at  13:50:32
   Duration  2.38s (tests 65%, transform 22%, import 13%)

