
 RUN  v5.0.0 /Users/jordib/dev/agilityhub/agilityhub-core-web/packages/api-client

 ↓ src/mocks/census-handlers.test.ts > E7-W07 step 3 (E7-W06 review #4, A8; S14 §5, T-14-19) · every S03 mutation of an erased member is refused with 409 MEMBER_ERASED > E7-W07 step 3 (S14 §5, T-14-19): PATCH /members/{id} of the erased member answers 409 MEMBER_ERASED in the api's envelope (details {}), not 404
 ↓ src/mocks/census-handlers.test.ts > E7-W07 step 3 (E7-W06 review #4, A8; S14 §5, T-14-19) · every S03 mutation of an erased member is refused with 409 MEMBER_ERASED > E7-W07 step 3 (S14 §5, T-14-19): PATCH /members/{id}/payment-method of the erased member answers 409 MEMBER_ERASED in the api's envelope (details {}), not 404
 ↓ src/mocks/census-handlers.test.ts > E7-W07 step 3 (E7-W06 review #4, A8; S14 §5, T-14-19) · every S03 mutation of an erased member is refused with 409 MEMBER_ERASED > E7-W07 step 3 (S14 §5, T-14-19): PUT /members/{id}/roles of the erased member answers 409 MEMBER_ERASED in the api's envelope (details {}), not 404
 ↓ src/mocks/census-handlers.test.ts > E7-W07 step 3 (E7-W06 review #4, A8; S14 §5, T-14-19) · every S03 mutation of an erased member is refused with 409 MEMBER_ERASED > E7-W07 step 3 (S14 §5, T-14-19): POST /members/{id}/booking-block of the erased member answers 409 MEMBER_ERASED in the api's envelope (details {}), not 404
 ↓ src/mocks/census-handlers.test.ts > E7-W07 step 3 (E7-W06 review #4, A8; S14 §5, T-14-19) · every S03 mutation of an erased member is refused with 409 MEMBER_ERASED > E7-W07 step 3 (S14 §5, T-14-19): DELETE /members/{id}/booking-block of the erased member answers 409 MEMBER_ERASED in the api's envelope (details {}), not 404
 ↓ src/mocks/census-handlers.test.ts > E7-W07 step 3 (E7-W06 review #4, A8; S14 §5, T-14-19) · every S03 mutation of an erased member is refused with 409 MEMBER_ERASED > E7-W07 step 3 (S14 §5, T-14-19): POST /members/{id}/access-resend of the erased member answers 409 MEMBER_ERASED in the api's envelope (details {}), not 404
 ↓ src/mocks/census-handlers.test.ts > E7-W07 step 3 (E7-W06 review #4, A8; S14 §5, T-14-19) · every S03 mutation of an erased member is refused with 409 MEMBER_ERASED > E7-W07 step 3 (S14 §5, T-14-19): POST /members/{id}/impersonation-token of the erased member answers 409 MEMBER_ERASED in the api's envelope (details {}), not 404
 ↓ src/mocks/census-handlers.test.ts > E7-W07 step 3 (E7-W06 review #4, A8; S14 §5, T-14-19) · every S03 mutation of an erased member is refused with 409 MEMBER_ERASED > E7-W07 step 3 (S14 §5, T-14-19): POST /members/{id}/validation of the erased member answers 409 MEMBER_ERASED in the api's envelope (details {}), not 404
 ↓ src/mocks/census-handlers.test.ts > E7-W07 step 3 (E7-W06 review #4, A8; S14 §5, T-14-19) · every S03 mutation of an erased member is refused with 409 MEMBER_ERASED > E7-W07 step 3 (S14 §5, T-14-19): POST /members/{id}/validation?dryRun=true of the erased member answers 409 MEMBER_ERASED in the api's envelope (details {}), not 404
 ↓ src/mocks/census-handlers.test.ts > E7-W07 step 3 (E7-W06 review #4, A8; S14 §5, T-14-19) · every S03 mutation of an erased member is refused with 409 MEMBER_ERASED > E7-W07 step 3 (S14 §5, T-14-19): POST /members/{id}/rejection of the erased member answers 409 MEMBER_ERASED in the api's envelope (details {}), not 404
 ↓ src/mocks/census-handlers.test.ts > E7-W07 step 3 (E7-W06 review #4, A8; S14 §5, T-14-19) · every S03 mutation of an erased member is refused with 409 MEMBER_ERASED > E7-W07 step 3 (S14 §5, T-14-19): PUT /members/{id}/notification-preferences of the erased member answers 409 MEMBER_ERASED in the api's envelope (details {}), not 404
 ↓ src/mocks/census-handlers.test.ts > E7-W07 step 3 (E7-W06 review #4, A8; S14 §5, T-14-19) · every S03 mutation of an erased member is refused with 409 MEMBER_ERASED > E7-W07 step 3 (T-03-35): the role refusal comes before the erasure — PATCH /members/{id} by the impersonated scenario is 403 IMPERSONATION_DENIED, as the api orders them
 ↓ src/mocks/census-handlers.test.ts > E7-W07 step 3 (E7-W06 review #4, A8; S14 §5, T-14-19) · every S03 mutation of an erased member is refused with 409 MEMBER_ERASED > E7-W07 step 3 (T-03-35): the role refusal comes before the erasure — PATCH /members/{id} by the instructor scenario is 403 FORBIDDEN, as the api orders them
 ↓ src/mocks/census-handlers.test.ts > E7-W07 step 3 (E7-W06 review #4, A8; S14 §5, T-14-19) · every S03 mutation of an erased member is refused with 409 MEMBER_ERASED > E7-W07 step 3 (T-03-35): the role refusal comes before the erasure — PATCH /members/{id} by the member scenario is 403 FORBIDDEN, as the api orders them
 ↓ src/mocks/census-handlers.test.ts > E7-W07 step 3 (E7-W06 review #4, A8; S14 §5, T-14-19) · every S03 mutation of an erased member is refused with 409 MEMBER_ERASED > E7-W07 step 3 (T-03-35): the role refusal comes before the erasure — PATCH /members/{id}/payment-method by the impersonated scenario is 403 IMPERSONATION_DENIED, as the api orders them
 ↓ src/mocks/census-handlers.test.ts > E7-W07 step 3 (E7-W06 review #4, A8; S14 §5, T-14-19) · every S03 mutation of an erased member is refused with 409 MEMBER_ERASED > E7-W07 step 3 (T-03-35): the role refusal comes before the erasure — PATCH /members/{id}/payment-method by the instructor scenario is 403 FORBIDDEN, as the api orders them
 ↓ src/mocks/census-handlers.test.ts > E7-W07 step 3 (E7-W06 review #4, A8; S14 §5, T-14-19) · every S03 mutation of an erased member is refused with 409 MEMBER_ERASED > E7-W07 step 3 (T-03-35): the role refusal comes before the erasure — PATCH /members/{id}/payment-method by the member scenario is 403 FORBIDDEN, as the api orders them
 ↓ src/mocks/census-handlers.test.ts > E7-W07 step 3 (E7-W06 review #4, A8; S14 §5, T-14-19) · every S03 mutation of an erased member is refused with 409 MEMBER_ERASED > E7-W07 step 3 (T-03-35): the role refusal comes before the erasure — PUT /members/{id}/roles by the impersonated scenario is 403 IMPERSONATION_DENIED, as the api orders them
 ↓ src/mocks/census-handlers.test.ts > E7-W07 step 3 (E7-W06 review #4, A8; S14 §5, T-14-19) · every S03 mutation of an erased member is refused with 409 MEMBER_ERASED > E7-W07 step 3 (T-03-35): the role refusal comes before the erasure — PUT /members/{id}/roles by the instructor scenario is 403 FORBIDDEN, as the api orders them
 ↓ src/mocks/census-handlers.test.ts > E7-W07 step 3 (E7-W06 review #4, A8; S14 §5, T-14-19) · every S03 mutation of an erased member is refused with 409 MEMBER_ERASED > E7-W07 step 3 (T-03-35): the role refusal comes before the erasure — PUT /members/{id}/roles by the member scenario is 403 FORBIDDEN, as the api orders them
 ↓ src/mocks/census-handlers.test.ts > E7-W07 step 3 (E7-W06 review #4, A8; S14 §5, T-14-19) · every S03 mutation of an erased member is refused with 409 MEMBER_ERASED > E7-W07 step 3 (T-03-35): the role refusal comes before the erasure — POST /members/{id}/booking-block by the impersonated scenario is 403 IMPERSONATION_DENIED, as the api orders them
 ↓ src/mocks/census-handlers.test.ts > E7-W07 step 3 (E7-W06 review #4, A8; S14 §5, T-14-19) · every S03 mutation of an erased member is refused with 409 MEMBER_ERASED > E7-W07 step 3 (T-03-35): the role refusal comes before the erasure — POST /members/{id}/booking-block by the instructor scenario is 403 FORBIDDEN, as the api orders them
 ↓ src/mocks/census-handlers.test.ts > E7-W07 step 3 (E7-W06 review #4, A8; S14 §5, T-14-19) · every S03 mutation of an erased member is refused with 409 MEMBER_ERASED > E7-W07 step 3 (T-03-35): the role refusal comes before the erasure — POST /members/{id}/booking-block by the member scenario is 403 FORBIDDEN, as the api orders them
 ↓ src/mocks/census-handlers.test.ts > E7-W07 step 3 (E7-W06 review #4, A8; S14 §5, T-14-19) · every S03 mutation of an erased member is refused with 409 MEMBER_ERASED > E7-W07 step 3 (T-03-35): the role refusal comes before the erasure — DELETE /members/{id}/booking-block by the impersonated scenario is 403 IMPERSONATION_DENIED, as the api orders them
 ↓ src/mocks/census-handlers.test.ts > E7-W07 step 3 (E7-W06 review #4, A8; S14 §5, T-14-19) · every S03 mutation of an erased member is refused with 409 MEMBER_ERASED > E7-W07 step 3 (T-03-35): the role refusal comes before the erasure — DELETE /members/{id}/booking-block by the instructor scenario is 403 FORBIDDEN, as the api orders them
 ↓ src/mocks/census-handlers.test.ts > E7-W07 step 3 (E7-W06 review #4, A8; S14 §5, T-14-19) · every S03 mutation of an erased member is refused with 409 MEMBER_ERASED > E7-W07 step 3 (T-03-35): the role refusal comes before the erasure — DELETE /members/{id}/booking-block by the member scenario is 403 FORBIDDEN, as the api orders them
 ↓ src/mocks/census-handlers.test.ts > E7-W07 step 3 (E7-W06 review #4, A8; S14 §5, T-14-19) · every S03 mutation of an erased member is refused with 409 MEMBER_ERASED > E7-W07 step 3 (T-03-35): the role refusal comes before the erasure — POST /members/{id}/access-resend by the impersonated scenario is 403 IMPERSONATION_DENIED, as the api orders them
 ↓ src/mocks/census-handlers.test.ts > E7-W07 step 3 (E7-W06 review #4, A8; S14 §5, T-14-19) · every S03 mutation of an erased member is refused with 409 MEMBER_ERASED > E7-W07 step 3 (T-03-35): the role refusal comes before the erasure — POST /members/{id}/access-resend by the instructor scenario is 403 FORBIDDEN, as the api orders them
 ↓ src/mocks/census-handlers.test.ts > E7-W07 step 3 (E7-W06 review #4, A8; S14 §5, T-14-19) · every S03 mutation of an erased member is refused with 409 MEMBER_ERASED > E7-W07 step 3 (T-03-35): the role refusal comes before the erasure — POST /members/{id}/access-resend by the member scenario is 403 FORBIDDEN, as the api orders them
 ↓ src/mocks/census-handlers.test.ts > E7-W07 step 3 (E7-W06 review #4, A8; S14 §5, T-14-19) · every S03 mutation of an erased member is refused with 409 MEMBER_ERASED > E7-W07 step 3 (T-03-35): the role refusal comes before the erasure — POST /members/{id}/impersonation-token by the impersonated scenario is 403 IMPERSONATION_DENIED, as the api orders them
 ↓ src/mocks/census-handlers.test.ts > E7-W07 step 3 (E7-W06 review #4, A8; S14 §5, T-14-19) · every S03 mutation of an erased member is refused with 409 MEMBER_ERASED > E7-W07 step 3 (T-03-35): the role refusal comes before the erasure — POST /members/{id}/impersonation-token by the instructor scenario is 403 FORBIDDEN, as the api orders them
 ↓ src/mocks/census-handlers.test.ts > E7-W07 step 3 (E7-W06 review #4, A8; S14 §5, T-14-19) · every S03 mutation of an erased member is refused with 409 MEMBER_ERASED > E7-W07 step 3 (T-03-35): the role refusal comes before the erasure — POST /members/{id}/impersonation-token by the member scenario is 403 FORBIDDEN, as the api orders them
 ↓ src/mocks/census-handlers.test.ts > E7-W07 step 3 (E7-W06 review #4, A8; S14 §5, T-14-19) · every S03 mutation of an erased member is refused with 409 MEMBER_ERASED > E7-W07 step 3 (T-03-35): the role refusal comes before the erasure — POST /members/{id}/validation by the impersonated scenario is 403 IMPERSONATION_DENIED, as the api orders them
 ↓ src/mocks/census-handlers.test.ts > E7-W07 step 3 (E7-W06 review #4, A8; S14 §5, T-14-19) · every S03 mutation of an erased member is refused with 409 MEMBER_ERASED > E7-W07 step 3 (T-03-35): the role refusal comes before the erasure — POST /members/{id}/validation by the instructor scenario is 403 FORBIDDEN, as the api orders them
 ↓ src/mocks/census-handlers.test.ts > E7-W07 step 3 (E7-W06 review #4, A8; S14 §5, T-14-19) · every S03 mutation of an erased member is refused with 409 MEMBER_ERASED > E7-W07 step 3 (T-03-35): the role refusal comes before the erasure — POST /members/{id}/validation by the member scenario is 403 FORBIDDEN, as the api orders them
 ↓ src/mocks/census-handlers.test.ts > E7-W07 step 3 (E7-W06 review #4, A8; S14 §5, T-14-19) · every S03 mutation of an erased member is refused with 409 MEMBER_ERASED > E7-W07 step 3 (T-03-35): the role refusal comes before the erasure — POST /members/{id}/validation?dryRun=true by the impersonated scenario is 403 IMPERSONATION_DENIED, as the api orders them
 ↓ src/mocks/census-handlers.test.ts > E7-W07 step 3 (E7-W06 review #4, A8; S14 §5, T-14-19) · every S03 mutation of an erased member is refused with 409 MEMBER_ERASED > E7-W07 step 3 (T-03-35): the role refusal comes before the erasure — POST /members/{id}/validation?dryRun=true by the instructor scenario is 403 FORBIDDEN, as the api orders them
 ↓ src/mocks/census-handlers.test.ts > E7-W07 step 3 (E7-W06 review #4, A8; S14 §5, T-14-19) · every S03 mutation of an erased member is refused with 409 MEMBER_ERASED > E7-W07 step 3 (T-03-35): the role refusal comes before the erasure — POST /members/{id}/validation?dryRun=true by the member scenario is 403 FORBIDDEN, as the api orders them
 ↓ src/mocks/census-handlers.test.ts > E7-W07 step 3 (E7-W06 review #4, A8; S14 §5, T-14-19) · every S03 mutation of an erased member is refused with 409 MEMBER_ERASED > E7-W07 step 3 (T-03-35): the role refusal comes before the erasure — POST /members/{id}/rejection by the impersonated scenario is 403 IMPERSONATION_DENIED, as the api orders them
 ↓ src/mocks/census-handlers.test.ts > E7-W07 step 3 (E7-W06 review #4, A8; S14 §5, T-14-19) · every S03 mutation of an erased member is refused with 409 MEMBER_ERASED > E7-W07 step 3 (T-03-35): the role refusal comes before the erasure — POST /members/{id}/rejection by the instructor scenario is 403 FORBIDDEN, as the api orders them
 ↓ src/mocks/census-handlers.test.ts > E7-W07 step 3 (E7-W06 review #4, A8; S14 §5, T-14-19) · every S03 mutation of an erased member is refused with 409 MEMBER_ERASED > E7-W07 step 3 (T-03-35): the role refusal comes before the erasure — POST /members/{id}/rejection by the member scenario is 403 FORBIDDEN, as the api orders them
 ↓ src/mocks/census-handlers.test.ts > E7-W07 step 3 (E7-W06 review #4, A8; S14 §5, T-14-19) · every S03 mutation of an erased member is refused with 409 MEMBER_ERASED > E7-W07 step 3 (T-03-35): the role refusal comes before the erasure — PUT /members/{id}/notification-preferences by the impersonated scenario is 403 IMPERSONATION_DENIED, as the api orders them
 ↓ src/mocks/census-handlers.test.ts > E7-W07 step 3 (E7-W06 review #4, A8; S14 §5, T-14-19) · every S03 mutation of an erased member is refused with 409 MEMBER_ERASED > E7-W07 step 3 (T-03-35): the role refusal comes before the erasure — PUT /members/{id}/notification-preferences by the instructor scenario is 403 FORBIDDEN, as the api orders them
 ↓ src/mocks/census-handlers.test.ts > E7-W07 step 3 (E7-W06 review #4, A8; S14 §5, T-14-19) · every S03 mutation of an erased member is refused with 409 MEMBER_ERASED > E7-W07 step 3 (T-03-35): the role refusal comes before the erasure — PUT /members/{id}/notification-preferences by the member scenario is 403 FORBIDDEN, as the api orders them
 ↓ src/mocks/census-handlers.test.ts > E7-W07 step 3 (E7-W06 review #4, A8; S14 §5, T-14-19) · every S03 mutation of an erased member is refused with 409 MEMBER_ERASED > E7-W07 round 2 #4 (T-03-35, CONVENCIONS_API §10): PATCH /members/{id} of this club's erased member by an ADMIN of another club is 404 NOT_FOUND «Member not found», before the erasure is revealed
 ↓ src/mocks/census-handlers.test.ts > E7-W07 step 3 (E7-W06 review #4, A8; S14 §5, T-14-19) · every S03 mutation of an erased member is refused with 409 MEMBER_ERASED > E7-W07 round 2 #4 (T-03-35, CONVENCIONS_API §10): PATCH /members/{id}/payment-method of this club's erased member by an ADMIN of another club is 404 NOT_FOUND «Member not found», before the erasure is revealed
 ↓ src/mocks/census-handlers.test.ts > E7-W07 step 3 (E7-W06 review #4, A8; S14 §5, T-14-19) · every S03 mutation of an erased member is refused with 409 MEMBER_ERASED > E7-W07 round 2 #4 (T-03-35, CONVENCIONS_API §10): PUT /members/{id}/roles of this club's erased member by an ADMIN of another club is 404 NOT_FOUND «Member not found», before the erasure is revealed
 ↓ src/mocks/census-handlers.test.ts > E7-W07 step 3 (E7-W06 review #4, A8; S14 §5, T-14-19) · every S03 mutation of an erased member is refused with 409 MEMBER_ERASED > E7-W07 round 2 #4 (T-03-35, CONVENCIONS_API §10): POST /members/{id}/booking-block of this club's erased member by an ADMIN of another club is 404 NOT_FOUND «Member not found», before the erasure is revealed
 ↓ src/mocks/census-handlers.test.ts > E7-W07 step 3 (E7-W06 review #4, A8; S14 §5, T-14-19) · every S03 mutation of an erased member is refused with 409 MEMBER_ERASED > E7-W07 round 2 #4 (T-03-35, CONVENCIONS_API §10): DELETE /members/{id}/booking-block of this club's erased member by an ADMIN of another club is 404 NOT_FOUND «Member not found», before the erasure is revealed
 ↓ src/mocks/census-handlers.test.ts > E7-W07 step 3 (E7-W06 review #4, A8; S14 §5, T-14-19) · every S03 mutation of an erased member is refused with 409 MEMBER_ERASED > E7-W07 round 2 #4 (T-03-35, CONVENCIONS_API §10): POST /members/{id}/access-resend of this club's erased member by an ADMIN of another club is 404 NOT_FOUND «Member not found», before the erasure is revealed
 ↓ src/mocks/census-handlers.test.ts > E7-W07 step 3 (E7-W06 review #4, A8; S14 §5, T-14-19) · every S03 mutation of an erased member is refused with 409 MEMBER_ERASED > E7-W07 round 2 #4 (T-03-35, CONVENCIONS_API §10): POST /members/{id}/impersonation-token of this club's erased member by an ADMIN of another club is 404 NOT_FOUND «Member not found», before the erasure is revealed
 ↓ src/mocks/census-handlers.test.ts > E7-W07 step 3 (E7-W06 review #4, A8; S14 §5, T-14-19) · every S03 mutation of an erased member is refused with 409 MEMBER_ERASED > E7-W07 round 2 #4 (T-03-35, CONVENCIONS_API §10): POST /members/{id}/validation of this club's erased member by an ADMIN of another club is 404 NOT_FOUND «Member not found», before the erasure is revealed
 ↓ src/mocks/census-handlers.test.ts > E7-W07 step 3 (E7-W06 review #4, A8; S14 §5, T-14-19) · every S03 mutation of an erased member is refused with 409 MEMBER_ERASED > E7-W07 round 2 #4 (T-03-35, CONVENCIONS_API §10): POST /members/{id}/validation?dryRun=true of this club's erased member by an ADMIN of another club is 404 NOT_FOUND «Member not found», before the erasure is revealed
 ↓ src/mocks/census-handlers.test.ts > E7-W07 step 3 (E7-W06 review #4, A8; S14 §5, T-14-19) · every S03 mutation of an erased member is refused with 409 MEMBER_ERASED > E7-W07 round 2 #4 (T-03-35, CONVENCIONS_API §10): POST /members/{id}/rejection of this club's erased member by an ADMIN of another club is 404 NOT_FOUND «Member not found», before the erasure is revealed
 ↓ src/mocks/census-handlers.test.ts > E7-W07 step 3 (E7-W06 review #4, A8; S14 §5, T-14-19) · every S03 mutation of an erased member is refused with 409 MEMBER_ERASED > E7-W07 round 2 #4 (T-03-35, CONVENCIONS_API §10): PUT /members/{id}/notification-preferences of this club's erased member by an ADMIN of another club is 404 NOT_FOUND «Member not found», before the erasure is revealed
 ↓ src/mocks/census-handlers.test.ts > E7-W07 step 3 (E7-W06 review #4, A8; S14 §5, T-14-19) · every S03 mutation of an erased member is refused with 409 MEMBER_ERASED > E7-W07 round 2 #4 (T-03-35): D10's preferences read of this club's erased member by an ADMIN of another club is 404 NOT_FOUND too; this club's ADMIN still gets 409 MEMBER_ERASED
 ↓ src/mocks/census-handlers.test.ts > E7-W07 step 3 (E7-W06 review #4, A8; S14 §5, T-14-19) · every S03 mutation of an erased member is refused with 409 MEMBER_ERASED > E7-W07 step 3 (S14 R-14-15, INC-53 item 10): the erased member's overview nulls every field R-14-15 nulls, keeps what it keeps, and still sends the snapshot's required address and birthDate
 × src/mocks/census-handlers.test.ts > E7-W07 round 2 #5c · the census refusals answer the snapshot's status (CATALEG_ERRORS rule 0) > E7-W07 round 2 #5c (S03 §6, the snapshot's ErrorCode): «Reenvia accés» for a member who is not active answers 422 MEMBER_NOT_ACTIVE, not 409 13ms
   → expected { code: 'MEMBER_NOT_ACTIVE', …(2) } to deeply equal { code: 'MEMBER_NOT_ACTIVE', …(2) }
 × src/mocks/census-handlers.test.ts > E7-W07 round 2 #5c · the census refusals answer the snapshot's status (CATALEG_ERRORS rule 0) > E7-W07 round 2 #5c (S03 §6, the snapshot's ErrorCode): «Desbloqueja les reserves» for a member without a block answers 422 BOOKING_BLOCK_NOT_ACTIVE, not 409 4ms
   → expected { …(3) } to deeply equal { …(3) }

⎯⎯⎯⎯⎯⎯⎯ Failed Tests 2 ⎯⎯⎯⎯⎯⎯⎯

 FAIL  src/mocks/census-handlers.test.ts > E7-W07 round 2 #5c · the census refusals answer the snapshot's status (CATALEG_ERRORS rule 0) > E7-W07 round 2 #5c (S03 §6, the snapshot's ErrorCode): «Reenvia accés» for a member who is not active answers 422 MEMBER_NOT_ACTIVE, not 409
AssertionError: expected { code: 'MEMBER_NOT_ACTIVE', …(2) } to deeply equal { code: 'MEMBER_NOT_ACTIVE', …(2) }

- Expected
+ Received

  {
    "code": "MEMBER_NOT_ACTIVE",
    "details": {},
-   "status": 422,
+   "status": 409,
  }

 ❯ src/mocks/census-handlers.test.ts:271:83
    269|     member.status = "LEFT";
    270|     const params = { path: { id: member.id } };
    271|     expect(await failure(client.POST("/members/{id}/access-resend", { …
       |                                                                                   ^
    272|       code: "MEMBER_NOT_ACTIVE",
    273|       details: {},

⎯⎯⎯⎯⎯⎯⎯⎯⎯⎯⎯⎯⎯⎯⎯⎯⎯⎯⎯⎯⎯⎯⎯⎯[1/2]⎯

 FAIL  src/mocks/census-handlers.test.ts > E7-W07 round 2 #5c · the census refusals answer the snapshot's status (CATALEG_ERRORS rule 0) > E7-W07 round 2 #5c (S03 §6, the snapshot's ErrorCode): «Desbloqueja les reserves» for a member without a block answers 422 BOOKING_BLOCK_NOT_ACTIVE, not 409
AssertionError: expected { …(3) } to deeply equal { …(3) }

- Expected
+ Received

  {
    "code": "BOOKING_BLOCK_NOT_ACTIVE",
    "details": {},
-   "status": 422,
+   "status": 409,
  }

 ❯ src/mocks/census-handlers.test.ts:282:85
    280|     member.bookingBlock = { active: false };
    281|     const params = { path: { id: member.id } };
    282|     expect(await failure(client.DELETE("/members/{id}/booking-block", …
       |                                                                                     ^
    283|       code: "BOOKING_BLOCK_NOT_ACTIVE",
    284|       details: {},

⎯⎯⎯⎯⎯⎯⎯⎯⎯⎯⎯⎯⎯⎯⎯⎯⎯⎯⎯⎯⎯⎯⎯⎯[2/2]⎯


 Test Files  1 failed (1)
      Tests  2 failed | 57 skipped (59)
   Start at  13:53:29
   Duration  750ms (transform 56%, import 40%, tests 3%)

