
 RUN  v5.0.0 /Users/jordib/dev/agilityhub/agilityhub-core-web/apps/clubs

 ❯ src/instructor/tasks.test.tsx (34 tests | 2 failed) 3542ms
   ❯ E6-W05 (reviews of E6-W02's round 2): screen 26 (10)
     × step 1 (R-10-11): after a refused creation, a retry past the upload's five minutes uploads the file again and creates the task 96ms
   ❯ E6-W04 step 0d (review of E6-W05): screen 26 (4)
     × E6-W04 step 0d: a reused file the api refuses as bound to another task (422 ATTACHMENT_ENTITY_MISMATCH) is uploaded again, once, and the submission sent again with a new key 78ms

⎯⎯⎯⎯⎯⎯⎯ Failed Tests 2 ⎯⎯⎯⎯⎯⎯⎯

 FAIL  src/instructor/tasks.test.tsx > E6-W05 (reviews of E6-W02's round 2): screen 26 > step 1 (R-10-11): after a refused creation, a retry past the upload's five minutes uploads the file again and creates the task
AssertionError: expected [ Array(7) ] to deeply equal [ Array(6) ]

- Expected
+ Received

  [
    "POST /attachments/upload-url",
    "PUT /mock-uploads/…",
    "POST /tasks",
+   "POST /tasks",
    "POST /attachments/upload-url",
    "PUT /mock-uploads/…",
    "POST /tasks",
  ]

 ❯ src/instructor/tasks.test.tsx:683:30
    681|     });
    682|     expect(cardText(cards()[0])).toBe("pendent | Salts amb calma | 03-…
    683|     expect(writes(requests)).toEqual([
       |                              ^
    684|       "POST /attachments/upload-url",
    685|       "PUT /mock-uploads/…",

⎯⎯⎯⎯⎯⎯⎯⎯⎯⎯⎯⎯⎯⎯⎯⎯⎯⎯⎯⎯⎯⎯⎯⎯[1/2]⎯

 FAIL  src/instructor/tasks.test.tsx > E6-W04 step 0d (review of E6-W05): screen 26 > E6-W04 step 0d: a reused file the api refuses as bound to another task (422 ATTACHMENT_ENTITY_MISMATCH) is uploaded again, once, and the submission sent again with a new key
AssertionError: expected [ <li …(1)>…(3)</li>, …(3) ] to have a length of 5 but got 4

- Expected
+ Received

- 5
+ 4

 ❯ src/instructor/tasks.test.tsx:1129:21
    1127|       expect(screen.queryByRole("form", { name: "Nova tasca" })).toBeN…
    1128|     });
    1129|     expect(cards()).toHaveLength(5);
       |                     ^
    1130|     expect(within(tasksBlock()).queryByRole("alert")).toBeNull();
    1131|     expect(writes(requests)).toEqual([

⎯⎯⎯⎯⎯⎯⎯⎯⎯⎯⎯⎯⎯⎯⎯⎯⎯⎯⎯⎯⎯⎯⎯⎯[2/2]⎯


 Test Files  1 failed | 2 passed (3)
      Tests  2 failed | 87 passed (89)
   Start at  10:41:14
   Duration  6.44s (tests 61%, transform 22%, environment 9%, import 7%, setup 2%)

undefined
/Users/jordib/dev/agilityhub/agilityhub-core-web/apps/clubs:
 ERR_PNPM_RECURSIVE_EXEC_FIRST_FAIL  Command failed with exit code 1: vitest run src/instructor/tasks.test.tsx src/instructor/RingBlockPage.test.tsx src/instructor/instructor.test.tsx
