
 RUN  v5.0.0 /Users/jordib/dev/agilityhub/agilityhub-core-web/packages/api-client

 ❯ src/preferences-saver.test.ts (18 tests | 1 failed) 115ms
   ❯ E7-W06 step 4 (E7-W05 review #1) and E7-W07 step 2 (E7-W06 review #3, ruling E85: option a): a failed save after a restore whose departure overlapped (8)
     × E7-W07 round 2 (self-review #1; CONVENCIONS_API §7, E85): a 4xx refusal with the api's body (422 INVALID_REMINDER_OPTION) of what was kept is the api's answer — the refused choice leaves what is kept and the api's values show, so the member's next change is saved on its own 8ms

⎯⎯⎯⎯⎯⎯⎯ Failed Tests 1 ⎯⎯⎯⎯⎯⎯⎯

 FAIL  src/preferences-saver.test.ts > E7-W06 step 4 (E7-W05 review #1) and E7-W07 step 2 (E7-W06 review #3, ruling E85: option a): a failed save after a restore whose departure overlapped > E7-W07 round 2 (self-review #1; CONVENCIONS_API §7, E85): a 4xx refusal with the api's body (422 INVALID_REMINDER_OPTION) of what was kept is the api's answer — the refused choice leaves what is kept and the api's values show, so the member's next change is saved on its own
AssertionError: expected [] to deeply equal [ undefined ]

- Expected
+ Received

- [
-   undefined,
- ]
+ []

 ❯ src/preferences-saver.test.ts:466:20
    464|     await tick();
    465|     expect(h.failed).toHaveLength(1);
    466|     expect(h.kept).toEqual([undefined]);
       |                    ^
    467|     expect(h.saver.state().queued).toEqual({});
    468|     expect(shownPreferences(h.saver.state())?.reminderMinutesBefore).t…

⎯⎯⎯⎯⎯⎯⎯⎯⎯⎯⎯⎯⎯⎯⎯⎯⎯⎯⎯⎯⎯⎯⎯⎯[1/1]⎯


 Test Files  1 failed (1)
      Tests  1 failed | 17 passed (18)
   Start at  14:54:03
   Duration  297ms (tests 65%, transform 28%, import 6%, worker 1%)

