
 RUN  v5.0.0 /Users/jordib/dev/agilityhub/agilityhub-core-web/packages/api-client

 ❯ src/mocks/census-handlers.test.ts (71 tests | 9 failed) 127ms
   ❯ E7-W07 round 2 (self-review #3; T-03-35, CONVENCIONS_API §10) · an ADMIN of another club finds no member of this club (12)
     × E7-W07 round 2 (T-03-35): PATCH /members/{id} of this club's live member by an ADMIN of another club is 404 NOT_FOUND «Member not found» 20ms
     × E7-W07 round 2 (T-03-35): PATCH /members/{id}/payment-method of this club's live member by an ADMIN of another club is 404 NOT_FOUND «Member not found» 4ms
     × E7-W07 round 2 (T-03-35): PUT /members/{id}/roles of this club's live member by an ADMIN of another club is 404 NOT_FOUND «Member not found» 3ms
     × E7-W07 round 2 (T-03-35): POST /members/{id}/booking-block of this club's live member by an ADMIN of another club is 404 NOT_FOUND «Member not found» 2ms
     × E7-W07 round 2 (T-03-35): DELETE /members/{id}/booking-block of this club's live member by an ADMIN of another club is 404 NOT_FOUND «Member not found» 3ms
     × E7-W07 round 2 (T-03-35): POST /members/{id}/access-resend of this club's live member by an ADMIN of another club is 404 NOT_FOUND «Member not found» 2ms
     × E7-W07 round 2 (T-03-35): POST /members/{id}/impersonation-token of this club's live member by an ADMIN of another club is 404 NOT_FOUND «Member not found» 2ms
     × E7-W07 round 2 (T-03-35): PUT /members/{id}/notification-preferences of this club's live member by an ADMIN of another club is 404 NOT_FOUND «Member not found» 2ms
     × E7-W07 round 2 (T-03-35): D10's preferences read of this club's live member by an ADMIN of another club is 404; this club's ADMIN reads it 1ms

⎯⎯⎯⎯⎯⎯⎯ Failed Tests 9 ⎯⎯⎯⎯⎯⎯⎯

 FAIL  src/mocks/census-handlers.test.ts > E7-W07 round 2 (self-review #3; T-03-35, CONVENCIONS_API §10) · an ADMIN of another club finds no member of this club > E7-W07 round 2 (T-03-35): PATCH /members/{id} of this club's live member by an ADMIN of another club is 404 NOT_FOUND «Member not found»
AssertionError: expected { code: 'STALE_VERSION', …(2) } to deeply equal { Object (code, details, ...) }

- Expected
+ Received

  {
-   "code": "NOT_FOUND",
+   "code": "STALE_VERSION",
    "details": {},
-   "status": 404,
+   "status": 409,
  }

 ❯ src/mocks/census-handlers.test.ts:151:37
    149|     async (_route, call) => {
    150|       mockScenario("adminOtherClub");
    151|       expect(await failure(call())).toEqual({ code: "NOT_FOUND", detai…
       |                                     ^
    152|     },
    153|   );

⎯⎯⎯⎯⎯⎯⎯⎯⎯⎯⎯⎯⎯⎯⎯⎯⎯⎯⎯⎯⎯⎯⎯⎯[1/9]⎯

 FAIL  src/mocks/census-handlers.test.ts > E7-W07 round 2 (self-review #3; T-03-35, CONVENCIONS_API §10) · an ADMIN of another club finds no member of this club > E7-W07 round 2 (T-03-35): PATCH /members/{id}/payment-method of this club's live member by an ADMIN of another club is 404 NOT_FOUND «Member not found»
 FAIL  src/mocks/census-handlers.test.ts > E7-W07 round 2 (self-review #3; T-03-35, CONVENCIONS_API §10) · an ADMIN of another club finds no member of this club > E7-W07 round 2 (T-03-35): PUT /members/{id}/roles of this club's live member by an ADMIN of another club is 404 NOT_FOUND «Member not found»
 FAIL  src/mocks/census-handlers.test.ts > E7-W07 round 2 (self-review #3; T-03-35, CONVENCIONS_API §10) · an ADMIN of another club finds no member of this club > E7-W07 round 2 (T-03-35): POST /members/{id}/booking-block of this club's live member by an ADMIN of another club is 404 NOT_FOUND «Member not found»
 FAIL  src/mocks/census-handlers.test.ts > E7-W07 round 2 (self-review #3; T-03-35, CONVENCIONS_API §10) · an ADMIN of another club finds no member of this club > E7-W07 round 2 (T-03-35): POST /members/{id}/access-resend of this club's live member by an ADMIN of another club is 404 NOT_FOUND «Member not found»
 FAIL  src/mocks/census-handlers.test.ts > E7-W07 round 2 (self-review #3; T-03-35, CONVENCIONS_API §10) · an ADMIN of another club finds no member of this club > E7-W07 round 2 (T-03-35): POST /members/{id}/impersonation-token of this club's live member by an ADMIN of another club is 404 NOT_FOUND «Member not found»
 FAIL  src/mocks/census-handlers.test.ts > E7-W07 round 2 (self-review #3; T-03-35, CONVENCIONS_API §10) · an ADMIN of another club finds no member of this club > E7-W07 round 2 (T-03-35): PUT /members/{id}/notification-preferences of this club's live member by an ADMIN of another club is 404 NOT_FOUND «Member not found»
Error: Expected an ApiError
 ❯ failure src/mocks/census-handlers.test.ts:42:9
     40|     throw error;
     41|   }
     42|   throw new Error("Expected an ApiError");
       |         ^
     43| }
     44|
 ❯ src/mocks/census-handlers.test.ts:151:14

⎯⎯⎯⎯⎯⎯⎯⎯⎯⎯⎯⎯⎯⎯⎯⎯⎯⎯⎯⎯⎯⎯⎯⎯[2/9]⎯

 FAIL  src/mocks/census-handlers.test.ts > E7-W07 round 2 (self-review #3; T-03-35, CONVENCIONS_API §10) · an ADMIN of another club finds no member of this club > E7-W07 round 2 (T-03-35): DELETE /members/{id}/booking-block of this club's live member by an ADMIN of another club is 404 NOT_FOUND «Member not found»
AssertionError: expected { …(3) } to deeply equal { Object (code, details, ...) }

- Expected
+ Received

  {
-   "code": "NOT_FOUND",
+   "code": "BOOKING_BLOCK_NOT_ACTIVE",
    "details": {},
-   "status": 404,
+   "status": 422,
  }

 ❯ src/mocks/census-handlers.test.ts:151:37
    149|     async (_route, call) => {
    150|       mockScenario("adminOtherClub");
    151|       expect(await failure(call())).toEqual({ code: "NOT_FOUND", detai…
       |                                     ^
    152|     },
    153|   );

⎯⎯⎯⎯⎯⎯⎯⎯⎯⎯⎯⎯⎯⎯⎯⎯⎯⎯⎯⎯⎯⎯⎯⎯[3/9]⎯

 FAIL  src/mocks/census-handlers.test.ts > E7-W07 round 2 (self-review #3; T-03-35, CONVENCIONS_API §10) · an ADMIN of another club finds no member of this club > E7-W07 round 2 (T-03-35): D10's preferences read of this club's live member by an ADMIN of another club is 404; this club's ADMIN reads it
Error: Expected an ApiError
 ❯ failure src/mocks/census-handlers.test.ts:42:9
     40|     throw error;
     41|   }
     42|   throw new Error("Expected an ApiError");
       |         ^
     43| }
     44|
 ❯ src/mocks/census-handlers.test.ts:161:12

⎯⎯⎯⎯⎯⎯⎯⎯⎯⎯⎯⎯⎯⎯⎯⎯⎯⎯⎯⎯⎯⎯⎯⎯[4/9]⎯


 Test Files  1 failed (1)
      Tests  9 failed | 62 passed (71)
   Start at  14:56:00
   Duration  1.11s (transform 52%, import 35%, tests 13%)

