
 RUN  v5.0.0 /Users/jordib/dev/agilityhub/agilityhub-core-web/packages/api-client

 ❯ src/mocks/census-handlers.test.ts (45 tests | 45 failed) 130ms
   ❯ E7-W07 step 3 (E7-W06 review #4, A8; S14 §5, T-14-19) · every S03 mutation of an erased member is refused with 409 MEMBER_ERASED (45)
     × E7-W07 step 3 (S14 §5, T-14-19): PATCH /members/{id} of the erased member answers 409 MEMBER_ERASED in the api's envelope (details {}), not 404 69ms
     × E7-W07 step 3 (S14 §5, T-14-19): PATCH /members/{id}/payment-method of the erased member answers 409 MEMBER_ERASED in the api's envelope (details {}), not 404 3ms
     × E7-W07 step 3 (S14 §5, T-14-19): PUT /members/{id}/roles of the erased member answers 409 MEMBER_ERASED in the api's envelope (details {}), not 404 2ms
     × E7-W07 step 3 (S14 §5, T-14-19): POST /members/{id}/booking-block of the erased member answers 409 MEMBER_ERASED in the api's envelope (details {}), not 404 2ms
     × E7-W07 step 3 (S14 §5, T-14-19): DELETE /members/{id}/booking-block of the erased member answers 409 MEMBER_ERASED in the api's envelope (details {}), not 404 2ms
     × E7-W07 step 3 (S14 §5, T-14-19): POST /members/{id}/access-resend of the erased member answers 409 MEMBER_ERASED in the api's envelope (details {}), not 404 1ms
     × E7-W07 step 3 (S14 §5, T-14-19): POST /members/{id}/impersonation-token of the erased member answers 409 MEMBER_ERASED in the api's envelope (details {}), not 404 2ms
     × E7-W07 step 3 (S14 §5, T-14-19): POST /members/{id}/validation of the erased member answers 409 MEMBER_ERASED in the api's envelope (details {}), not 404 1ms
     × E7-W07 step 3 (S14 §5, T-14-19): POST /members/{id}/validation?dryRun=true of the erased member answers 409 MEMBER_ERASED in the api's envelope (details {}), not 404 3ms
     × E7-W07 step 3 (S14 §5, T-14-19): POST /members/{id}/rejection of the erased member answers 409 MEMBER_ERASED in the api's envelope (details {}), not 404 1ms
     × E7-W07 step 3 (S14 §5, T-14-19): PUT /members/{id}/notification-preferences of the erased member answers 409 MEMBER_ERASED in the api's envelope (details {}), not 404 2ms
     × E7-W07 step 3 (T-03-35): the role refusal comes before the erasure — PATCH /members/{id} by the impersonated scenario is 403 IMPERSONATION_DENIED, as the api orders them 1ms
     × E7-W07 step 3 (T-03-35): the role refusal comes before the erasure — PATCH /members/{id} by the instructor scenario is 403 FORBIDDEN, as the api orders them 1ms
     × E7-W07 step 3 (T-03-35): the role refusal comes before the erasure — PATCH /members/{id} by the member scenario is 403 FORBIDDEN, as the api orders them 1ms
     × E7-W07 step 3 (T-03-35): the role refusal comes before the erasure — PATCH /members/{id}/payment-method by the impersonated scenario is 403 IMPERSONATION_DENIED, as the api orders them 2ms
     × E7-W07 step 3 (T-03-35): the role refusal comes before the erasure — PATCH /members/{id}/payment-method by the instructor scenario is 403 FORBIDDEN, as the api orders them 1ms
     × E7-W07 step 3 (T-03-35): the role refusal comes before the erasure — PATCH /members/{id}/payment-method by the member scenario is 403 FORBIDDEN, as the api orders them 1ms
     × E7-W07 step 3 (T-03-35): the role refusal comes before the erasure — PUT /members/{id}/roles by the impersonated scenario is 403 IMPERSONATION_DENIED, as the api orders them 1ms
     × E7-W07 step 3 (T-03-35): the role refusal comes before the erasure — PUT /members/{id}/roles by the instructor scenario is 403 FORBIDDEN, as the api orders them 1ms
     × E7-W07 step 3 (T-03-35): the role refusal comes before the erasure — PUT /members/{id}/roles by the member scenario is 403 FORBIDDEN, as the api orders them 1ms
     × E7-W07 step 3 (T-03-35): the role refusal comes before the erasure — POST /members/{id}/booking-block by the impersonated scenario is 403 IMPERSONATION_DENIED, as the api orders them 1ms
     × E7-W07 step 3 (T-03-35): the role refusal comes before the erasure — POST /members/{id}/booking-block by the instructor scenario is 403 FORBIDDEN, as the api orders them 1ms
     × E7-W07 step 3 (T-03-35): the role refusal comes before the erasure — POST /members/{id}/booking-block by the member scenario is 403 FORBIDDEN, as the api orders them 1ms
     × E7-W07 step 3 (T-03-35): the role refusal comes before the erasure — DELETE /members/{id}/booking-block by the impersonated scenario is 403 IMPERSONATION_DENIED, as the api orders them 1ms
     × E7-W07 step 3 (T-03-35): the role refusal comes before the erasure — DELETE /members/{id}/booking-block by the instructor scenario is 403 FORBIDDEN, as the api orders them 1ms
     × E7-W07 step 3 (T-03-35): the role refusal comes before the erasure — DELETE /members/{id}/booking-block by the member scenario is 403 FORBIDDEN, as the api orders them 1ms
     × E7-W07 step 3 (T-03-35): the role refusal comes before the erasure — POST /members/{id}/access-resend by the impersonated scenario is 403 IMPERSONATION_DENIED, as the api orders them 1ms
     × E7-W07 step 3 (T-03-35): the role refusal comes before the erasure — POST /members/{id}/access-resend by the instructor scenario is 403 FORBIDDEN, as the api orders them 1ms
     × E7-W07 step 3 (T-03-35): the role refusal comes before the erasure — POST /members/{id}/access-resend by the member scenario is 403 FORBIDDEN, as the api orders them 1ms
     × E7-W07 step 3 (T-03-35): the role refusal comes before the erasure — POST /members/{id}/impersonation-token by the impersonated scenario is 403 IMPERSONATION_DENIED, as the api orders them 1ms
     × E7-W07 step 3 (T-03-35): the role refusal comes before the erasure — POST /members/{id}/impersonation-token by the instructor scenario is 403 FORBIDDEN, as the api orders them 1ms
     × E7-W07 step 3 (T-03-35): the role refusal comes before the erasure — POST /members/{id}/impersonation-token by the member scenario is 403 FORBIDDEN, as the api orders them 1ms
     × E7-W07 step 3 (T-03-35): the role refusal comes before the erasure — POST /members/{id}/validation by the impersonated scenario is 403 IMPERSONATION_DENIED, as the api orders them 1ms
     × E7-W07 step 3 (T-03-35): the role refusal comes before the erasure — POST /members/{id}/validation by the instructor scenario is 403 FORBIDDEN, as the api orders them 1ms
     × E7-W07 step 3 (T-03-35): the role refusal comes before the erasure — POST /members/{id}/validation by the member scenario is 403 FORBIDDEN, as the api orders them 1ms
     × E7-W07 step 3 (T-03-35): the role refusal comes before the erasure — POST /members/{id}/validation?dryRun=true by the impersonated scenario is 403 IMPERSONATION_DENIED, as the api orders them 1ms
     × E7-W07 step 3 (T-03-35): the role refusal comes before the erasure — POST /members/{id}/validation?dryRun=true by the instructor scenario is 403 FORBIDDEN, as the api orders them 1ms
     × E7-W07 step 3 (T-03-35): the role refusal comes before the erasure — POST /members/{id}/validation?dryRun=true by the member scenario is 403 FORBIDDEN, as the api orders them 1ms
     × E7-W07 step 3 (T-03-35): the role refusal comes before the erasure — POST /members/{id}/rejection by the impersonated scenario is 403 IMPERSONATION_DENIED, as the api orders them 1ms
     × E7-W07 step 3 (T-03-35): the role refusal comes before the erasure — POST /members/{id}/rejection by the instructor scenario is 403 FORBIDDEN, as the api orders them 1ms
     × E7-W07 step 3 (T-03-35): the role refusal comes before the erasure — POST /members/{id}/rejection by the member scenario is 403 FORBIDDEN, as the api orders them 1ms
     × E7-W07 step 3 (T-03-35): the role refusal comes before the erasure — PUT /members/{id}/notification-preferences by the impersonated scenario is 403 IMPERSONATION_DENIED, as the api orders them 1ms
     × E7-W07 step 3 (T-03-35): the role refusal comes before the erasure — PUT /members/{id}/notification-preferences by the instructor scenario is 403 FORBIDDEN, as the api orders them 2ms
     × E7-W07 step 3 (T-03-35): the role refusal comes before the erasure — PUT /members/{id}/notification-preferences by the member scenario is 403 FORBIDDEN, as the api orders them 1ms
     × E7-W07 step 3 (S14 R-14-15, INC-53 item 10): the erased member's overview nulls every field R-14-15 nulls, keeps what it keeps, and still sends the snapshot's required address and birthDate 2ms

⎯⎯⎯⎯⎯⎯ Failed Tests 45 ⎯⎯⎯⎯⎯⎯⎯

 FAIL  src/mocks/census-handlers.test.ts > E7-W07 step 3 (E7-W06 review #4, A8; S14 §5, T-14-19) · every S03 mutation of an erased member is refused with 409 MEMBER_ERASED > E7-W07 step 3 (S14 §5, T-14-19): PATCH /members/{id} of the erased member answers 409 MEMBER_ERASED in the api's envelope (details {}), not 404
 FAIL  src/mocks/census-handlers.test.ts > E7-W07 step 3 (E7-W06 review #4, A8; S14 §5, T-14-19) · every S03 mutation of an erased member is refused with 409 MEMBER_ERASED > E7-W07 step 3 (S14 §5, T-14-19): PATCH /members/{id}/payment-method of the erased member answers 409 MEMBER_ERASED in the api's envelope (details {}), not 404
 FAIL  src/mocks/census-handlers.test.ts > E7-W07 step 3 (E7-W06 review #4, A8; S14 §5, T-14-19) · every S03 mutation of an erased member is refused with 409 MEMBER_ERASED > E7-W07 step 3 (S14 §5, T-14-19): PUT /members/{id}/roles of the erased member answers 409 MEMBER_ERASED in the api's envelope (details {}), not 404
 FAIL  src/mocks/census-handlers.test.ts > E7-W07 step 3 (E7-W06 review #4, A8; S14 §5, T-14-19) · every S03 mutation of an erased member is refused with 409 MEMBER_ERASED > E7-W07 step 3 (S14 §5, T-14-19): POST /members/{id}/booking-block of the erased member answers 409 MEMBER_ERASED in the api's envelope (details {}), not 404
 FAIL  src/mocks/census-handlers.test.ts > E7-W07 step 3 (E7-W06 review #4, A8; S14 §5, T-14-19) · every S03 mutation of an erased member is refused with 409 MEMBER_ERASED > E7-W07 step 3 (S14 §5, T-14-19): DELETE /members/{id}/booking-block of the erased member answers 409 MEMBER_ERASED in the api's envelope (details {}), not 404
 FAIL  src/mocks/census-handlers.test.ts > E7-W07 step 3 (E7-W06 review #4, A8; S14 §5, T-14-19) · every S03 mutation of an erased member is refused with 409 MEMBER_ERASED > E7-W07 step 3 (S14 §5, T-14-19): POST /members/{id}/access-resend of the erased member answers 409 MEMBER_ERASED in the api's envelope (details {}), not 404
 FAIL  src/mocks/census-handlers.test.ts > E7-W07 step 3 (E7-W06 review #4, A8; S14 §5, T-14-19) · every S03 mutation of an erased member is refused with 409 MEMBER_ERASED > E7-W07 step 3 (S14 §5, T-14-19): POST /members/{id}/impersonation-token of the erased member answers 409 MEMBER_ERASED in the api's envelope (details {}), not 404
 FAIL  src/mocks/census-handlers.test.ts > E7-W07 step 3 (E7-W06 review #4, A8; S14 §5, T-14-19) · every S03 mutation of an erased member is refused with 409 MEMBER_ERASED > E7-W07 step 3 (S14 §5, T-14-19): POST /members/{id}/validation of the erased member answers 409 MEMBER_ERASED in the api's envelope (details {}), not 404
 FAIL  src/mocks/census-handlers.test.ts > E7-W07 step 3 (E7-W06 review #4, A8; S14 §5, T-14-19) · every S03 mutation of an erased member is refused with 409 MEMBER_ERASED > E7-W07 step 3 (S14 §5, T-14-19): POST /members/{id}/validation?dryRun=true of the erased member answers 409 MEMBER_ERASED in the api's envelope (details {}), not 404
 FAIL  src/mocks/census-handlers.test.ts > E7-W07 step 3 (E7-W06 review #4, A8; S14 §5, T-14-19) · every S03 mutation of an erased member is refused with 409 MEMBER_ERASED > E7-W07 step 3 (S14 §5, T-14-19): POST /members/{id}/rejection of the erased member answers 409 MEMBER_ERASED in the api's envelope (details {}), not 404
 FAIL  src/mocks/census-handlers.test.ts > E7-W07 step 3 (E7-W06 review #4, A8; S14 §5, T-14-19) · every S03 mutation of an erased member is refused with 409 MEMBER_ERASED > E7-W07 step 3 (S14 §5, T-14-19): PUT /members/{id}/notification-preferences of the erased member answers 409 MEMBER_ERASED in the api's envelope (details {}), not 404
AssertionError: expected { code: 'NETWORK', …(2) } to deeply equal { code: 'MEMBER_ERASED', …(2) }

- Expected
+ Received

  {
-   "code": "MEMBER_ERASED",
-   "details": {},
-   "status": 409,
+   "code": "NETWORK",
+   "details": TypeError {
+     "message": "fetch failed",
+     "cause": Error {
+       "message": "getaddrinfo ENOTFOUND core.example.test",
+       "errno": -3008,
+       "code": "ENOTFOUND",
+       "syscall": "getaddrinfo",
+       "hostname": "core.example.test",
+     },
+   },
+   "status": 0,
  }

 ❯ src/mocks/census-handlers.test.ts:136:37
    134|     "E7-W07 step 3 (S14 §5, T-14-19): %s of the erased member answers …
    135|     async (_route, call) => {
    136|       expect(await failure(call())).toEqual({ code: "MEMBER_ERASED", d…
       |                                     ^
    137|     },
    138|   );

⎯⎯⎯⎯⎯⎯⎯⎯⎯⎯⎯⎯⎯⎯⎯⎯⎯⎯⎯⎯⎯⎯⎯[1/45]⎯

 FAIL  src/mocks/census-handlers.test.ts > E7-W07 step 3 (E7-W06 review #4, A8; S14 §5, T-14-19) · every S03 mutation of an erased member is refused with 409 MEMBER_ERASED > E7-W07 step 3 (T-03-35): the role refusal comes before the erasure — PATCH /members/{id} by the impersonated scenario is 403 IMPERSONATION_DENIED, as the api orders them
 FAIL  src/mocks/census-handlers.test.ts > E7-W07 step 3 (E7-W06 review #4, A8; S14 §5, T-14-19) · every S03 mutation of an erased member is refused with 409 MEMBER_ERASED > E7-W07 step 3 (T-03-35): the role refusal comes before the erasure — PATCH /members/{id}/payment-method by the impersonated scenario is 403 IMPERSONATION_DENIED, as the api orders them
 FAIL  src/mocks/census-handlers.test.ts > E7-W07 step 3 (E7-W06 review #4, A8; S14 §5, T-14-19) · every S03 mutation of an erased member is refused with 409 MEMBER_ERASED > E7-W07 step 3 (T-03-35): the role refusal comes before the erasure — PUT /members/{id}/roles by the impersonated scenario is 403 IMPERSONATION_DENIED, as the api orders them
 FAIL  src/mocks/census-handlers.test.ts > E7-W07 step 3 (E7-W06 review #4, A8; S14 §5, T-14-19) · every S03 mutation of an erased member is refused with 409 MEMBER_ERASED > E7-W07 step 3 (T-03-35): the role refusal comes before the erasure — POST /members/{id}/booking-block by the impersonated scenario is 403 IMPERSONATION_DENIED, as the api orders them
 FAIL  src/mocks/census-handlers.test.ts > E7-W07 step 3 (E7-W06 review #4, A8; S14 §5, T-14-19) · every S03 mutation of an erased member is refused with 409 MEMBER_ERASED > E7-W07 step 3 (T-03-35): the role refusal comes before the erasure — DELETE /members/{id}/booking-block by the impersonated scenario is 403 IMPERSONATION_DENIED, as the api orders them
 FAIL  src/mocks/census-handlers.test.ts > E7-W07 step 3 (E7-W06 review #4, A8; S14 §5, T-14-19) · every S03 mutation of an erased member is refused with 409 MEMBER_ERASED > E7-W07 step 3 (T-03-35): the role refusal comes before the erasure — POST /members/{id}/access-resend by the impersonated scenario is 403 IMPERSONATION_DENIED, as the api orders them
 FAIL  src/mocks/census-handlers.test.ts > E7-W07 step 3 (E7-W06 review #4, A8; S14 §5, T-14-19) · every S03 mutation of an erased member is refused with 409 MEMBER_ERASED > E7-W07 step 3 (T-03-35): the role refusal comes before the erasure — POST /members/{id}/impersonation-token by the impersonated scenario is 403 IMPERSONATION_DENIED, as the api orders them
 FAIL  src/mocks/census-handlers.test.ts > E7-W07 step 3 (E7-W06 review #4, A8; S14 §5, T-14-19) · every S03 mutation of an erased member is refused with 409 MEMBER_ERASED > E7-W07 step 3 (T-03-35): the role refusal comes before the erasure — POST /members/{id}/validation by the impersonated scenario is 403 IMPERSONATION_DENIED, as the api orders them
 FAIL  src/mocks/census-handlers.test.ts > E7-W07 step 3 (E7-W06 review #4, A8; S14 §5, T-14-19) · every S03 mutation of an erased member is refused with 409 MEMBER_ERASED > E7-W07 step 3 (T-03-35): the role refusal comes before the erasure — POST /members/{id}/validation?dryRun=true by the impersonated scenario is 403 IMPERSONATION_DENIED, as the api orders them
 FAIL  src/mocks/census-handlers.test.ts > E7-W07 step 3 (E7-W06 review #4, A8; S14 §5, T-14-19) · every S03 mutation of an erased member is refused with 409 MEMBER_ERASED > E7-W07 step 3 (T-03-35): the role refusal comes before the erasure — POST /members/{id}/rejection by the impersonated scenario is 403 IMPERSONATION_DENIED, as the api orders them
 FAIL  src/mocks/census-handlers.test.ts > E7-W07 step 3 (E7-W06 review #4, A8; S14 §5, T-14-19) · every S03 mutation of an erased member is refused with 409 MEMBER_ERASED > E7-W07 step 3 (T-03-35): the role refusal comes before the erasure — PUT /members/{id}/notification-preferences by the impersonated scenario is 403 IMPERSONATION_DENIED, as the api orders them
AssertionError: expected { code: 'NETWORK', …(2) } to deeply equal { code: 'IMPERSONATION_DENIED', …(2) }

- Expected
+ Received

  {
-   "code": "IMPERSONATION_DENIED",
-   "details": {},
-   "status": 403,
+   "code": "NETWORK",
+   "details": TypeError {
+     "message": "fetch failed",
+     "cause": Error {
+       "message": "getaddrinfo ENOTFOUND core.example.test",
+       "errno": -3008,
+       "code": "ENOTFOUND",
+       "syscall": "getaddrinfo",
+       "hostname": "core.example.test",
+     },
+   },
+   "status": 0,
  }

 ❯ src/mocks/census-handlers.test.ts:153:37
    151|     async (_route, scenario, code, call) => {
    152|       mockScenario(scenario);
    153|       expect(await failure(call())).toEqual({ code, details: {}, statu…
       |                                     ^
    154|     },
    155|   );

⎯⎯⎯⎯⎯⎯⎯⎯⎯⎯⎯⎯⎯⎯⎯⎯⎯⎯⎯⎯⎯⎯⎯[2/45]⎯

 FAIL  src/mocks/census-handlers.test.ts > E7-W07 step 3 (E7-W06 review #4, A8; S14 §5, T-14-19) · every S03 mutation of an erased member is refused with 409 MEMBER_ERASED > E7-W07 step 3 (T-03-35): the role refusal comes before the erasure — PATCH /members/{id} by the instructor scenario is 403 FORBIDDEN, as the api orders them
 FAIL  src/mocks/census-handlers.test.ts > E7-W07 step 3 (E7-W06 review #4, A8; S14 §5, T-14-19) · every S03 mutation of an erased member is refused with 409 MEMBER_ERASED > E7-W07 step 3 (T-03-35): the role refusal comes before the erasure — PATCH /members/{id} by the member scenario is 403 FORBIDDEN, as the api orders them
 FAIL  src/mocks/census-handlers.test.ts > E7-W07 step 3 (E7-W06 review #4, A8; S14 §5, T-14-19) · every S03 mutation of an erased member is refused with 409 MEMBER_ERASED > E7-W07 step 3 (T-03-35): the role refusal comes before the erasure — PATCH /members/{id}/payment-method by the instructor scenario is 403 FORBIDDEN, as the api orders them
 FAIL  src/mocks/census-handlers.test.ts > E7-W07 step 3 (E7-W06 review #4, A8; S14 §5, T-14-19) · every S03 mutation of an erased member is refused with 409 MEMBER_ERASED > E7-W07 step 3 (T-03-35): the role refusal comes before the erasure — PATCH /members/{id}/payment-method by the member scenario is 403 FORBIDDEN, as the api orders them
 FAIL  src/mocks/census-handlers.test.ts > E7-W07 step 3 (E7-W06 review #4, A8; S14 §5, T-14-19) · every S03 mutation of an erased member is refused with 409 MEMBER_ERASED > E7-W07 step 3 (T-03-35): the role refusal comes before the erasure — PUT /members/{id}/roles by the instructor scenario is 403 FORBIDDEN, as the api orders them
 FAIL  src/mocks/census-handlers.test.ts > E7-W07 step 3 (E7-W06 review #4, A8; S14 §5, T-14-19) · every S03 mutation of an erased member is refused with 409 MEMBER_ERASED > E7-W07 step 3 (T-03-35): the role refusal comes before the erasure — PUT /members/{id}/roles by the member scenario is 403 FORBIDDEN, as the api orders them
 FAIL  src/mocks/census-handlers.test.ts > E7-W07 step 3 (E7-W06 review #4, A8; S14 §5, T-14-19) · every S03 mutation of an erased member is refused with 409 MEMBER_ERASED > E7-W07 step 3 (T-03-35): the role refusal comes before the erasure — POST /members/{id}/booking-block by the instructor scenario is 403 FORBIDDEN, as the api orders them
 FAIL  src/mocks/census-handlers.test.ts > E7-W07 step 3 (E7-W06 review #4, A8; S14 §5, T-14-19) · every S03 mutation of an erased member is refused with 409 MEMBER_ERASED > E7-W07 step 3 (T-03-35): the role refusal comes before the erasure — POST /members/{id}/booking-block by the member scenario is 403 FORBIDDEN, as the api orders them
 FAIL  src/mocks/census-handlers.test.ts > E7-W07 step 3 (E7-W06 review #4, A8; S14 §5, T-14-19) · every S03 mutation of an erased member is refused with 409 MEMBER_ERASED > E7-W07 step 3 (T-03-35): the role refusal comes before the erasure — DELETE /members/{id}/booking-block by the instructor scenario is 403 FORBIDDEN, as the api orders them
 FAIL  src/mocks/census-handlers.test.ts > E7-W07 step 3 (E7-W06 review #4, A8; S14 §5, T-14-19) · every S03 mutation of an erased member is refused with 409 MEMBER_ERASED > E7-W07 step 3 (T-03-35): the role refusal comes before the erasure — DELETE /members/{id}/booking-block by the member scenario is 403 FORBIDDEN, as the api orders them
 FAIL  src/mocks/census-handlers.test.ts > E7-W07 step 3 (E7-W06 review #4, A8; S14 §5, T-14-19) · every S03 mutation of an erased member is refused with 409 MEMBER_ERASED > E7-W07 step 3 (T-03-35): the role refusal comes before the erasure — POST /members/{id}/access-resend by the instructor scenario is 403 FORBIDDEN, as the api orders them
 FAIL  src/mocks/census-handlers.test.ts > E7-W07 step 3 (E7-W06 review #4, A8; S14 §5, T-14-19) · every S03 mutation of an erased member is refused with 409 MEMBER_ERASED > E7-W07 step 3 (T-03-35): the role refusal comes before the erasure — POST /members/{id}/access-resend by the member scenario is 403 FORBIDDEN, as the api orders them
 FAIL  src/mocks/census-handlers.test.ts > E7-W07 step 3 (E7-W06 review #4, A8; S14 §5, T-14-19) · every S03 mutation of an erased member is refused with 409 MEMBER_ERASED > E7-W07 step 3 (T-03-35): the role refusal comes before the erasure — POST /members/{id}/impersonation-token by the instructor scenario is 403 FORBIDDEN, as the api orders them
 FAIL  src/mocks/census-handlers.test.ts > E7-W07 step 3 (E7-W06 review #4, A8; S14 §5, T-14-19) · every S03 mutation of an erased member is refused with 409 MEMBER_ERASED > E7-W07 step 3 (T-03-35): the role refusal comes before the erasure — POST /members/{id}/impersonation-token by the member scenario is 403 FORBIDDEN, as the api orders them
 FAIL  src/mocks/census-handlers.test.ts > E7-W07 step 3 (E7-W06 review #4, A8; S14 §5, T-14-19) · every S03 mutation of an erased member is refused with 409 MEMBER_ERASED > E7-W07 step 3 (T-03-35): the role refusal comes before the erasure — POST /members/{id}/validation by the instructor scenario is 403 FORBIDDEN, as the api orders them
 FAIL  src/mocks/census-handlers.test.ts > E7-W07 step 3 (E7-W06 review #4, A8; S14 §5, T-14-19) · every S03 mutation of an erased member is refused with 409 MEMBER_ERASED > E7-W07 step 3 (T-03-35): the role refusal comes before the erasure — POST /members/{id}/validation by the member scenario is 403 FORBIDDEN, as the api orders them
 FAIL  src/mocks/census-handlers.test.ts > E7-W07 step 3 (E7-W06 review #4, A8; S14 §5, T-14-19) · every S03 mutation of an erased member is refused with 409 MEMBER_ERASED > E7-W07 step 3 (T-03-35): the role refusal comes before the erasure — POST /members/{id}/validation?dryRun=true by the instructor scenario is 403 FORBIDDEN, as the api orders them
 FAIL  src/mocks/census-handlers.test.ts > E7-W07 step 3 (E7-W06 review #4, A8; S14 §5, T-14-19) · every S03 mutation of an erased member is refused with 409 MEMBER_ERASED > E7-W07 step 3 (T-03-35): the role refusal comes before the erasure — POST /members/{id}/validation?dryRun=true by the member scenario is 403 FORBIDDEN, as the api orders them
 FAIL  src/mocks/census-handlers.test.ts > E7-W07 step 3 (E7-W06 review #4, A8; S14 §5, T-14-19) · every S03 mutation of an erased member is refused with 409 MEMBER_ERASED > E7-W07 step 3 (T-03-35): the role refusal comes before the erasure — POST /members/{id}/rejection by the instructor scenario is 403 FORBIDDEN, as the api orders them
 FAIL  src/mocks/census-handlers.test.ts > E7-W07 step 3 (E7-W06 review #4, A8; S14 §5, T-14-19) · every S03 mutation of an erased member is refused with 409 MEMBER_ERASED > E7-W07 step 3 (T-03-35): the role refusal comes before the erasure — POST /members/{id}/rejection by the member scenario is 403 FORBIDDEN, as the api orders them
 FAIL  src/mocks/census-handlers.test.ts > E7-W07 step 3 (E7-W06 review #4, A8; S14 §5, T-14-19) · every S03 mutation of an erased member is refused with 409 MEMBER_ERASED > E7-W07 step 3 (T-03-35): the role refusal comes before the erasure — PUT /members/{id}/notification-preferences by the instructor scenario is 403 FORBIDDEN, as the api orders them
 FAIL  src/mocks/census-handlers.test.ts > E7-W07 step 3 (E7-W06 review #4, A8; S14 §5, T-14-19) · every S03 mutation of an erased member is refused with 409 MEMBER_ERASED > E7-W07 step 3 (T-03-35): the role refusal comes before the erasure — PUT /members/{id}/notification-preferences by the member scenario is 403 FORBIDDEN, as the api orders them
AssertionError: expected { code: 'NETWORK', …(2) } to deeply equal { Object (code, details, ...) }

- Expected
+ Received

  {
-   "code": "FORBIDDEN",
-   "details": {},
-   "status": 403,
+   "code": "NETWORK",
+   "details": TypeError {
+     "message": "fetch failed",
+     "cause": Error {
+       "message": "getaddrinfo ENOTFOUND core.example.test",
+       "errno": -3008,
+       "code": "ENOTFOUND",
+       "syscall": "getaddrinfo",
+       "hostname": "core.example.test",
+     },
+   },
+   "status": 0,
  }

 ❯ src/mocks/census-handlers.test.ts:153:37
    151|     async (_route, scenario, code, call) => {
    152|       mockScenario(scenario);
    153|       expect(await failure(call())).toEqual({ code, details: {}, statu…
       |                                     ^
    154|     },
    155|   );

⎯⎯⎯⎯⎯⎯⎯⎯⎯⎯⎯⎯⎯⎯⎯⎯⎯⎯⎯⎯⎯⎯⎯[3/45]⎯

 FAIL  src/mocks/census-handlers.test.ts > E7-W07 step 3 (E7-W06 review #4, A8; S14 §5, T-14-19) · every S03 mutation of an erased member is refused with 409 MEMBER_ERASED > E7-W07 step 3 (S14 R-14-15, INC-53 item 10): the erased member's overview nulls every field R-14-15 nulls, keeps what it keeps, and still sends the snapshot's required address and birthDate
ApiError: fetch failed
 ❯ Function.network src/api-error.ts:63:12
     61|
     62|   static network(error: unknown): ApiError {
     63|     return new ApiError({
       |            ^
     64|       code: "NETWORK",
     65|       details: error,
 ❯ Object.onError src/client.ts:125:49
 ❯ coreFetch ../../node_modules/.pnpm/openapi-fetch@0.17.0/node_modules/openapi-fetch/src/index.js:180:38
 ❯ src/mocks/census-handlers.test.ts:158:22

⎯⎯⎯⎯⎯⎯⎯⎯⎯⎯⎯⎯⎯⎯⎯⎯⎯⎯⎯⎯⎯⎯⎯[4/45]⎯


 Test Files  1 failed (1)
      Tests  45 failed (45)
   Start at  10:27:01
   Duration  939ms (transform 46%, import 38%, tests 15%)

undefined
/Users/jordib/dev/agilityhub/agilityhub-core-web/packages/api-client:
 ERR_PNPM_RECURSIVE_EXEC_FIRST_FAIL  Command failed with exit code 1: vitest run src/mocks/census-handlers.test.ts
