
> clubs-admin@0.0.0 lint /Users/jordib/dev/agilityhub/agilityhub-core-web/apps/clubs-admin
> eslint . --max-warnings 0 --config ../../eslint.config.mjs


/Users/jordib/dev/agilityhub/agilityhub-core-web/apps/clubs-admin/src/activities/ActivityPage.tsx
   365:9   error  Unsafe assignment of an error typed value                       @typescript-eslint/no-unsafe-assignment
   365:27  error  Unsafe call of a type that could not be resolved                @typescript-eslint/no-unsafe-call
   366:9   error  Unsafe assignment of an error typed value                       @typescript-eslint/no-unsafe-assignment
   366:28  error  Unsafe call of a type that could not be resolved                @typescript-eslint/no-unsafe-call
   646:21  error  Unsafe assignment of an error typed value                       @typescript-eslint/no-unsafe-assignment
   646:40  error  Unsafe call of a type that could not be resolved                @typescript-eslint/no-unsafe-call
   646:56  error  Unsafe member access .keyFor on a type that cannot be resolved  @typescript-eslint/no-unsafe-member-access
   724:7   error  Unsafe call of a type that could not be resolved                @typescript-eslint/no-unsafe-call
   724:23  error  Unsafe member access .reset on a type that cannot be resolved   @typescript-eslint/no-unsafe-member-access
   739:7   error  Unsafe call of a type that could not be resolved                @typescript-eslint/no-unsafe-call
   739:23  error  Unsafe member access .reset on a type that cannot be resolved   @typescript-eslint/no-unsafe-member-access
   775:7   error  Unsafe call of a type that could not be resolved                @typescript-eslint/no-unsafe-call
   775:24  error  Unsafe member access .reset on a type that cannot be resolved   @typescript-eslint/no-unsafe-member-access
   800:19  error  Unsafe assignment of an error typed value                       @typescript-eslint/no-unsafe-assignment
   800:38  error  Unsafe call of a type that could not be resolved                @typescript-eslint/no-unsafe-call
   800:55  error  Unsafe member access .keyFor on a type that cannot be resolved  @typescript-eslint/no-unsafe-member-access
  1579:19  error  Unsafe call of a type that could not be resolved                @typescript-eslint/no-unsafe-call
  1579:36  error  Unsafe member access .reset on a type that cannot be resolved   @typescript-eslint/no-unsafe-member-access

/Users/jordib/dev/agilityhub/agilityhub-core-web/apps/clubs-admin/src/activities/shared.tsx
  10:34  error  'useMemo' is defined but never used  @typescript-eslint/no-unused-vars
  10:43  error  'useRef' is defined but never used   @typescript-eslint/no-unused-vars

✖ 20 problems (20 errors, 0 warnings)

/Users/jordib/dev/agilityhub/agilityhub-core-web/apps/clubs-admin:
 ERR_PNPM_RECURSIVE_RUN_FIRST_FAIL  clubs-admin@0.0.0 lint: `eslint . --max-warnings 0 --config ../../eslint.config.mjs`
Exit status 1
