• turbo 2.10.12

   • Packages in scope: @agilityhub/api-client, @agilityhub/ui, clubs-admin
   • Running lint, typecheck in 3 packages
   • Remote caching disabled

@agilityhub/ui:lint: cache miss, executing 93c0c681487983f4
@agilityhub/ui:typecheck: cache miss, executing 155540625039445b
@agilityhub/api-client:lint: cache miss, executing 3132861a4f63b434
@agilityhub/api-client:typecheck: cache miss, executing e61129c7feb1668e
clubs-admin:lint: cache miss, executing 84b46778cc6800f2
@agilityhub/ui:lint: 
@agilityhub/ui:lint: > @agilityhub/ui@0.0.0 lint /Users/jordib/dev/agilityhub/agilityhub-core-web/packages/ui
@agilityhub/ui:lint: > eslint src --max-warnings 0 --config ../../eslint.config.mjs
@agilityhub/ui:lint: 
@agilityhub/ui:typecheck: 
@agilityhub/ui:typecheck: > @agilityhub/ui@0.0.0 typecheck /Users/jordib/dev/agilityhub/agilityhub-core-web/packages/ui
@agilityhub/ui:typecheck: > tsc --noEmit
@agilityhub/ui:typecheck: 
clubs-admin:lint: 
clubs-admin:lint: > clubs-admin@0.0.0 lint /Users/jordib/dev/agilityhub/agilityhub-core-web/apps/clubs-admin
clubs-admin:lint: > eslint . --max-warnings 0 --config ../../eslint.config.mjs
clubs-admin:lint: 
@agilityhub/api-client:lint: 
@agilityhub/api-client:lint: > @agilityhub/api-client@0.0.0 lint /Users/jordib/dev/agilityhub/agilityhub-core-web/packages/api-client
@agilityhub/api-client:lint: > eslint src --ignore-pattern src/generated/** --max-warnings 0 --config ../../eslint.config.mjs
@agilityhub/api-client:lint: 
@agilityhub/api-client:typecheck: 
@agilityhub/api-client:typecheck: > @agilityhub/api-client@0.0.0 typecheck /Users/jordib/dev/agilityhub/agilityhub-core-web/packages/api-client
@agilityhub/api-client:typecheck: > tsc --noEmit
@agilityhub/api-client:typecheck: 
@agilityhub/i18n:typecheck: cache miss, executing 83d39f9ff54bd998
@agilityhub/i18n:typecheck: 
@agilityhub/i18n:typecheck: > @agilityhub/i18n@0.0.0 typecheck /Users/jordib/dev/agilityhub/agilityhub-core-web/packages/i18n
@agilityhub/i18n:typecheck: > tsc --noEmit
@agilityhub/i18n:typecheck: 
@agilityhub/auth:typecheck: cache miss, executing d98f33665224417c
@agilityhub/auth:typecheck: 
@agilityhub/auth:typecheck: > @agilityhub/auth@0.0.0 typecheck /Users/jordib/dev/agilityhub/agilityhub-core-web/packages/auth
@agilityhub/auth:typecheck: > tsc --noEmit
@agilityhub/auth:typecheck: 
clubs-admin:typecheck: cache miss, executing 57b4651d97c8d8cb
clubs-admin:typecheck: 
clubs-admin:typecheck: > clubs-admin@0.0.0 typecheck /Users/jordib/dev/agilityhub/agilityhub-core-web/apps/clubs-admin
clubs-admin:typecheck: > tsc --noEmit
clubs-admin:typecheck: 
clubs-admin:lint: 
clubs-admin:lint: /Users/jordib/dev/agilityhub/agilityhub-core-web/apps/clubs-admin/src/instructor/WeekAgendaPage.tsx
clubs-admin:lint:   469:9  error  `tabIndex` should only be declared on interactive elements  jsx-a11y/no-noninteractive-tabindex
clubs-admin:lint: 
clubs-admin:lint: ✖ 1 problem (1 error, 0 warnings)
clubs-admin:lint: 
clubs-admin:lint:  ELIFECYCLE  Command failed with exit code 1.
clubs-admin#lint:  ERROR  command (/Users/jordib/dev/agilityhub/agilityhub-core-web/apps/clubs-admin) /Users/jordib/.nvm/versions/node/v24.15.0/bin/pnpm run lint exited (1)

 Tasks:    7 successful, 8 total
Cached:    0 cached, 8 total
  Time:    20.078s 
Failed:    clubs-admin#lint

 ERROR  run failed: command  exited (1)
