
> agilityhub-core-web@0.0.0 e2e:docker /Users/jordib/dev/agilityhub/agilityhub-core-web
> bash scripts/e2e-docker.sh E6-W03 '--grep=round 2 #4' --pass-with-no-tests

Running Playwright in mcr.microsoft.com/playwright:v1.63.0-noble
Evidence copied back for: E6-W03
Playwright arguments: --grep=round 2 #4 --pass-with-no-tests
Checkout copied into the container: 253M
! Corepack is about to download https://registry.npmjs.org/pnpm/-/pnpm-9.15.9.tgz
 WARN  Unsupported engine: wanted: {"node":">=22 <23"} (current: {"node":"v24.20.0","pnpm":"9.15.9"})
(node:23) [DEP0169] DeprecationWarning: `url.parse()` behavior is not standardized and prone to errors that have security implications. Use the WHATWG URL API instead. CVEs are not issued for `url.parse()` vulnerabilities.
(Use `node --trace-deprecation ...` to show where the warning was created)
Scope: all 11 workspace projects
Lockfile is up to date, resolution step is skipped
Progress: resolved 1, reused 0, downloaded 0, added 0
Packages: +851
++++++++++++++++++++++++++++++++++++++++++++++++++++++++++++++++++++++++++++++++
Progress: resolved 851, reused 0, downloaded 95, added 0
Progress: resolved 851, reused 0, downloaded 289, added 289
Progress: resolved 851, reused 0, downloaded 485, added 485
Progress: resolved 851, reused 0, downloaded 546, added 546
Progress: resolved 851, reused 0, downloaded 577, added 577
Progress: resolved 851, reused 0, downloaded 637, added 637
Progress: resolved 851, reused 0, downloaded 733, added 732
Progress: resolved 851, reused 0, downloaded 826, added 826
Progress: resolved 851, reused 0, downloaded 849, added 849
Progress: resolved 851, reused 0, downloaded 850, added 850
Progress: resolved 851, reused 0, downloaded 851, added 851, done
.../node_modules/unrs-resolver postinstall$ node postinstall.js
.../node_modules/msw postinstall$ node -e "import('./config/scripts/postinstall.js').catch(() => void 0)"
.../esbuild@0.25.12/node_modules/esbuild postinstall$ node install.js
.../node_modules/msw postinstall: Done
.../node_modules/unrs-resolver postinstall: Done
.../esbuild@0.25.12/node_modules/esbuild postinstall: Done

devDependencies:
+ @commitlint/cli 21.2.2
+ @commitlint/config-conventional 21.2.2
+ @eslint/css 2.0.0
+ @eslint/js 9.39.5
+ @playwright/test 1.63.0
+ @size-limit/file 13.0.3
+ @types/node 24.13.3
+ eslint 9.39.5
+ eslint-import-resolver-typescript 4.4.5
+ eslint-plugin-import 2.32.0
+ eslint-plugin-jsx-a11y 6.10.2
+ eslint-plugin-react 7.37.5
+ eslint-plugin-react-hooks 7.1.1
+ globals 17.12.0
+ husky 9.1.7
+ i18next-parser 9.4.0
+ lint-staged 17.5.0
+ msw 2.15.0
+ prettier 3.9.6
+ size-limit 13.0.3
+ turbo 2.10.12
+ typescript 5.9.3
+ typescript-eslint 8.69.0

. prepare$ node packages/config/scripts/prepare-husky.mjs
. prepare: .git can't be found
. prepare: Done
Done in 11.8s using pnpm v9.15.9

Attention:
Turborepo now collects completely anonymous telemetry regarding usage.
This information is used to shape the Turborepo roadmap and prioritize features.
You can learn more, including how to opt-out if you'd not like to participate in this anonymous program, by visiting the following URL:
https://turborepo.dev/docs/telemetry


   • Packages in scope: @agilityhub/api-client, @agilityhub/auth, @agilityhub/config, @agilityhub/course-core, @agilityhub/i18n, @agilityhub/shared-types, @agilityhub/ui, clubs, clubs-admin, id
   • Running e2e in 10 packages
   • Remote caching disabled

@agilityhub/course-core:build: cache miss, executing 6ced891fee9c94b5
@agilityhub/course-core:build: 
@agilityhub/course-core:build: > @agilityhub/course-core@0.0.1 build /work/packages/course-core
@agilityhub/course-core:build: > tsc -p tsconfig.build.json
@agilityhub/course-core:build: 
@agilityhub/shared-types:build: cache miss, executing c7af227b5bb2ddb6
@agilityhub/shared-types:build: 
@agilityhub/shared-types:build: > @agilityhub/shared-types@0.0.1 build /work/packages/shared-types
@agilityhub/shared-types:build: > tsc -p tsconfig.build.json
@agilityhub/shared-types:build: 
clubs-admin:build: cache miss, executing fd2082acbed798b1
clubs-admin:build: 
clubs-admin:build: > clubs-admin@0.0.0 build /work/apps/clubs-admin
clubs-admin:build: > tsc --noEmit && vite build
clubs-admin:build: 
clubs-admin:build: src/followup/followup.test.tsx(32,3): error TS2305: Module '"./unread"' has no exported member 'FollowUpReadFailureNotice'.
clubs-admin:build:  ELIFECYCLE  Command failed with exit code 2.
id:build: cache miss, executing a6e03ff85b3e0aa4
clubs:build: cache miss, executing af417e497d33264e
clubs-admin#build:  ERROR  command (/work/apps/clubs-admin) /usr/bin/pnpm run build exited (2)

 Tasks:    2 successful, 5 total
Cached:    0 cached, 5 total
  Time:    9.264s 
Failed:    clubs-admin#build

 ERROR  run failed: command  exited (2)
 ELIFECYCLE  Command failed with exit code 2.
