
> agilityhub-core-web@0.0.0 e2e:core /Users/jordib/dev/agilityhub/agilityhub-core-web
> bash scripts/e2e-core.sh E7-W03 e6-core.spec.ts

core image: ghcr.io/jboixtcm/agilityhub-core-api:main arm64 revision=c374bb2a7480b84892d27baf0bfab84cc5861234 created=2026-10-01T06:48:26.383621806Z
core image seeds (/app/seeds): club-canic.yaml club-fifo.yaml club-minim.yaml club-perf.yaml demo-canic.yaml demo-fifo.yaml demo-perf.yaml pages 
E4_WEEK_START=2026-09-28 (club-local Monday, Europe/Madrid)
E5_WEEK_START=2026-10-05 (the club-local Monday after today, Europe/Madrid)
demo seed: /Users/jordib/dev/agilityhub/agilityhub-core-web/roadmap/evidence/E7-W03/demo-canic.yaml (296 lines)
 Network agilityhub-e7-w03_default Creating 
 Volume agilityhub-e7-w03_export-files Creating 
 Volume agilityhub-e7-w03_mongo-data Creating 
 Volume agilityhub-e7-w03_mailbox Creating 
 Volume agilityhub-e7-w03_mongo-data Creating 
 Volume agilityhub-e7-w03_export-files Creating 
 Volume agilityhub-e7-w03_mailbox Creating 
 Network agilityhub-e7-w03_default Creating 
 Volume agilityhub-e7-w03_export-files Created 
 Volume agilityhub-e7-w03_export-files Created 
 Volume agilityhub-e7-w03_mongo-data Created 
 Volume agilityhub-e7-w03_mongo-data Created 
 Volume agilityhub-e7-w03_mailbox Created 
 Volume agilityhub-e7-w03_mailbox Created 
 Network agilityhub-e7-w03_default Created 
 Network agilityhub-e7-w03_default Created 
 Container agilityhub-e7-w03-mongo-1 Creating 
 Container agilityhub-e7-w03-mongo-1 Created 
 Container agilityhub-e7-w03-seed-1 Creating 
 Container agilityhub-e7-w03-seed-1 Created 
 Container agilityhub-e7-w03-activate-demo-club-1 Creating 
 Container agilityhub-e7-w03-activate-demo-club-1 Created 
 Container agilityhub-e7-w03-core-1 Creating 
 Container agilityhub-e7-w03-core-1 Created 
 Container agilityhub-e7-w03-mongo-1 Starting 
 Container agilityhub-e7-w03-mongo-1 Started 
 Container agilityhub-e7-w03-mongo-1 Waiting 
 Container agilityhub-e7-w03-mongo-1 Healthy 
 Container agilityhub-e7-w03-seed-1 Starting 
 Container agilityhub-e7-w03-seed-1 Started 
 Container agilityhub-e7-w03-seed-1 Waiting 
 Container agilityhub-e7-w03-seed-1 Exited 
 Container agilityhub-e7-w03-activate-demo-club-1 Starting 
 Container agilityhub-e7-w03-activate-demo-club-1 Started 
 Container agilityhub-e7-w03-activate-demo-club-1 Waiting 
 Container agilityhub-e7-w03-mongo-1 Waiting 
 Container agilityhub-e7-w03-activate-demo-club-1 Exited 
 Container agilityhub-e7-w03-mongo-1 Healthy 
 Container agilityhub-e7-w03-core-1 Starting 
 Container agilityhub-e7-w03-core-1 Started 
 Container agilityhub-e7-w03-core-1 Waiting 
 Container agilityhub-e7-w03-mongo-1 Waiting 
 Container agilityhub-e7-w03-seed-1 Waiting 
 Container agilityhub-e7-w03-activate-demo-club-1 Waiting 
 Container agilityhub-e7-w03-activate-demo-club-1 Exited 
 Container agilityhub-e7-w03-seed-1 Exited 
 Container agilityhub-e7-w03-mongo-1 Healthy 
 Container agilityhub-e7-w03-core-1 Healthy 
seed log: /Users/jordib/dev/agilityhub/agilityhub-core-web/roadmap/evidence/E7-W03/seed-files.log (155 lines)
 Container agilityhub-e7-w03-playwright-run-3b691e75fd94 Creating 
 Container agilityhub-e7-w03-playwright-run-3b691e75fd94 Created 
! Corepack is about to download https://registry.npmjs.org/pnpm/-/pnpm-9.15.9.tgz
 WARN  Unsupported engine: wanted: {"node":">=22 <23"} (current: {"node":"v24.20.0","pnpm":"9.15.9"})
(node:21) [DEP0169] DeprecationWarning: `url.parse()` behavior is not standardized and prone to errors that have security implications. Use the WHATWG URL API instead. CVEs are not issued for `url.parse()` vulnerabilities.
(Use `node --trace-deprecation ...` to show where the warning was created)
Scope: all 11 workspace projects
Lockfile is up to date, resolution step is skipped
Progress: resolved 1, reused 0, downloaded 0, added 0
Packages: +852
++++++++++++++++++++++++++++++++++++++++++++++++++++++++++++++++++++++++++++++++
Progress: resolved 852, reused 0, downloaded 231, added 0
Progress: resolved 852, reused 0, downloaded 542, added 542
Progress: resolved 852, reused 0, downloaded 721, added 719
Progress: resolved 852, reused 0, downloaded 852, added 852, done
.../node_modules/unrs-resolver postinstall$ node postinstall.js
.../node_modules/msw postinstall$ node -e "import('./config/scripts/postinstall.js').catch(() => void 0)"
.../esbuild@0.25.12/node_modules/esbuild postinstall$ node install.js
.../node_modules/msw postinstall: Done
.../node_modules/unrs-resolver postinstall: Done
.../esbuild@0.25.12/node_modules/esbuild postinstall: Done

devDependencies:
+ @commitlint/cli 21.2.2
+ @commitlint/config-conventional 21.2.2
+ @eslint/css 2.0.0
+ @eslint/js 9.39.5
+ @playwright/test 1.63.0
+ @size-limit/file 13.0.3
+ @types/node 24.13.3
+ eslint 9.39.5
+ eslint-import-resolver-typescript 4.4.5
+ eslint-plugin-import 2.32.0
+ eslint-plugin-jsx-a11y 6.10.2
+ eslint-plugin-react 7.37.5
+ eslint-plugin-react-hooks 7.1.1
+ globals 17.12.0
+ husky 9.1.7
+ i18next-parser 9.4.0
+ lint-staged 17.5.0
+ msw 2.15.0
+ prettier 3.9.6
+ size-limit 13.0.3
+ turbo 2.10.12
+ typescript 5.9.3
+ typescript-eslint 8.69.0

. prepare$ node packages/config/scripts/prepare-husky.mjs
. prepare: .git can't be found
. prepare: Done
Done in 4.7s using pnpm v9.15.9

[WebServer] (node:135) [DEP0169] DeprecationWarning: `url.parse()` behavior is not standardized and prone to errors that have security implications. Use the WHATWG URL API instead. CVEs are not issued for `url.parse()` vulnerabilities.
[WebServer] (Use `node --trace-deprecation ...` to show where the warning was created)

[WebServer] (node:215) [DEP0169] DeprecationWarning: `url.parse()` behavior is not standardized and prone to errors that have security implications. Use the WHATWG URL API instead. CVEs are not issued for `url.parse()` vulnerabilities.
[WebServer] (Use `node --trace-deprecation ...` to show where the warning was created)

[WebServer] (node:313) [DEP0169] DeprecationWarning: `url.parse()` behavior is not standardized and prone to errors that have security implications. Use the WHATWG URL API instead. CVEs are not issued for `url.parse()` vulnerabilities.
[WebServer] (Use `node --trace-deprecation ...` to show where the warning was created)

Running 14 tests using 1 worker

[1/14] e2e/core/e6-core.spec.ts:1145:5 › E6-W04 step 2 · preflight (S10 answers), the processes off, POST /test/clock to Monday 04:00 and the parameters the flows read
[2/14] e2e/core/e6-core.spec.ts:1256:7 › Monday 04:00 › T-10-28 (f) 22 · the seeded month gives the card's metrics (86%, 7 classes, 2,3 a week) and its three blocks, before anything is marked
[3/14] e2e/core/e6-core.spec.ts:1315:7 › Monday 04:00 › T-10-27 T-10-23 (a)(c) 20 → 21 · the seeded class, Rita present and Nil «no presentat» against the second instructor's save: 409 STALE_VERSION, the merge keeps them, the second [DESA] saves
[4/14] e2e/core/e6-core.spec.ts:1449:7 › Monday 04:00 › T-10-11 T-10-27 (b) R-10-05 · «ha avisat» more than 4 h ahead: CANCELLED, the seat released, the waitlist notified; the row stays, final and inert
[5/14] e2e/core/e6-core.spec.ts:1535:7 › Monday 04:00 › T-10-29 (d) D12 · the week with the class, a training at half height and a block; the panel cycles Martí to «present» through the same contract; the week PDF
[6/14] e2e/core/e6-core.spec.ts:1660:7 › Monday 04:00 › T-10-28 T-10-15 (f) 26 → D13 → 13 · a task with a real signed upload, edited, done and reopened; D13 shows it with the counters; Rita sees it on her screens, completes it as a member, and no /me answer carries DOG_OBSERVATIONS
[7/14] e2e/core/e6-core.spec.ts:1930:7 › Monday 04:00 › T-10-30 T-10-06 (h) D14 · per-account unread marks: instructor A reads the member's note, unread for instructor B too, and then everything; B still has them unread (the note after A's read as well), never the task she wrote; D14's filter values and search on the core
  1) e2e/core/e6-core.spec.ts:1930:7 › Monday 04:00 › T-10-30 T-10-06 (h) D14 · per-account unread marks: instructor A reads the member's note, unread for instructor B too, and then everything; B still has them unread (the note after A's read as well), never the task she wrote; D14's filter values and search on the core 

    Test timeout of 420000ms exceeded.

    Error: page.waitForResponse: Target page, context or browser has been closed

      2083 |     };
      2084 |     await otherPage.locator(".ah-universal-list__filter-menu > summary").click();
    > 2085 |     const valuesRead = otherPage.waitForResponse(valuesOf("authorAccountId", null));
           |                                  ^
      2086 |     await otherPage.getByLabel("Columna", { exact: true }).selectOption("authorAccountId");
      2087 |     const valuesAnswer = await valuesRead;
      2088 |     expect(valuesAnswer.status()).toBe(200);
        at /work/e2e/core/e6-core.spec.ts:2085:34

    Error: locator.selectOption: Target page, context or browser has been closed
    Call log:
      - waiting for getByLabel('Columna', { exact: true })


      2084 |     await otherPage.locator(".ah-universal-list__filter-menu > summary").click();
      2085 |     const valuesRead = otherPage.waitForResponse(valuesOf("authorAccountId", null));
    > 2086 |     await otherPage.getByLabel("Columna", { exact: true }).selectOption("authorAccountId");
           |                                                            ^
      2087 |     const valuesAnswer = await valuesRead;
      2088 |     expect(valuesAnswer.status()).toBe(200);
      2089 |     const authorValues = (await valuesAnswer.json()) as FilterValues;
        at /work/e2e/core/e6-core.spec.ts:2086:60

    Error: browser.newContext: Protocol error (Browser.setDownloadBehavior): Failed to find browser context for id 175BAEAE015EC505C1952071314FDEBE

      381 |   locale: Locale = "ca",
      382 | ): Promise<BrowserContext> {
    > 383 |   const context = await browser.newContext({ acceptDownloads: true, viewport });
          |                   ^
      384 |   await context.addInitScript((value) => {
      385 |     localStorage.setItem("agilityhub.locale", value);
      386 |   }, locale);
        at newContext (/work/e2e/core/e6-core.spec.ts:383:19)
        at adminSession (/work/e2e/core/e6-core.spec.ts:484:19)
        at /work/e2e/core/e6-core.spec.ts:1134:35

    attachment #1: oauth-token-calls (text/plain) ──────────────────────────────────────────────────
    2026-10-01T12:51:41.087Z grant_type=refresh_token status=400 cookie=none context=w0c8 page=127.0.0.1:4174/entrar started=2026-10-01T12:51:41.080Z overlap=no set-cookie=ah_refresh(empty)(Path=/oauth2/token; Max-Age=0; Expires=Thu, 01 Jan 1970 00:00:00 GMT; HttpOnly; SameSite=Strict) test="Monday 04:0...
    ────────────────────────────────────────────────────────────────────────────────────────────────

    Error Context: test-results/core-e1/e6-core-Monday-04-00-T-10--77e7f-lues-and-search-on-the-core/error-context.md

    Error Context: test-results/core-e1/e6-core-Monday-04-00-T-10--77e7f-lues-and-search-on-the-core/error-context.md

    Error Context: test-results/core-e1/e6-core-Monday-04-00-T-10--77e7f-lues-and-search-on-the-core/error-context.md

    attachment #5: trace (application/zip) ─────────────────────────────────────────────────────────
    test-results/core-e1/e6-core-Monday-04-00-T-10--77e7f-lues-and-search-on-the-core/trace.zip
    Usage:

        pnpm exec playwright show-trace test-results/core-e1/e6-core-Monday-04-00-T-10--77e7f-lues-and-search-on-the-core/trace.zip

    ────────────────────────────────────────────────────────────────────────────────────────────────


[8/14] e2e/core/e6-core.spec.ts:2146:7 › Monday 04:00 › T-10-02 T-10-15 T-10-25 T-10-22 E6-W04 step 5 · the core's statuses for ATTENDANCE_NOTIFIED_FINAL, TASK_ALREADY_DONE (a second completion), TASK_NOT_DONE and a member's read of the instructor card
[9/14] e2e/core/e6-core.spec.ts:2193:7 › Monday 04:00 › T-10-01 T-10-11 T-10-22 E6-W04 review #3 · the core's statuses for ATTENDANCE_NOT_OPEN (Tuesday's class), ATTENDANCE_BOOKING_NOT_ACTIVE (a late-cancelled booking, as ADMIN), INSTRUCTOR_NOTICE_DISABLED (the parameter off) and IMPERSONATION_DENIED (an impersonated GET /instructor/day and GET /followup)
[10/14] e2e/core/e6-core.spec.ts:2336:5 › (e) P8 at 09:46 from D11: the dry run plans the class and the waiting entry and writes nothing; the run finishes it, the sheet stays markable and the entry leaves the waitlist
[11/14] e2e/core/e6-core.spec.ts:2452:5 › T-10-26 (e) P3 at Tuesday 08:00 from D11: Nil's row says «avís ja enviat», one N-19, and a second run sends nothing new
[12/14] e2e/core/e6-core.spec.ts:2637:5 › T-10-31 (g) 25 · Rita's history: the Monday class «feta», the seeded no-show, the club's cancellation with its message, the late cancellation; Alba's notice never on her account; an activity row with its page
[13/14] e2e/core/e6-core.spec.ts:2655:5 › (i) es · T-10-32 on real data: 20 and 21 in Spanish (a save round trip that leaves the states), and 25's badges and detail lines
[14/14] e2e/core/e6-core.spec.ts:2704:5 › T-10-01 T-10-27 E6-W04 review #3 · at Wednesday 00:00 the Monday sheet is closed to an instructor: 21's circles inert, and a PUT answers 422 ATTENDANCE_WINDOW_CLOSED with its editableUntil; nothing changes
  1 failed
    e2e/core/e6-core.spec.ts:1930:7 › Monday 04:00 › T-10-30 T-10-06 (h) D14 · per-account unread marks: instructor A reads the member's note, unread for instructor B too, and then everything; B still has them unread (the note after A's read as well), never the task she wrote; D14's filter values and search on the core 
  7 did not run
  6 passed (7.3m)

e6 notifications: /Users/jordib/dev/agilityhub/agilityhub-core-web/roadmap/evidence/E7-W03/e6-notifications.json
 ELIFECYCLE  Command failed with exit code 1.
