# E7-W03 round 2 #6 and #5 (D11): the same tests after the fix (2026-10-01)

$ pnpm --dir packages/api-client exec vitest run src/mocks/backoffice-handlers.test.ts -t "E7-W03 round 2|T-15-32" --reporter=verbose
# exit code: 0

 RUN  v5.0.0 /Users/jordib/dev/agilityhub/agilityhub-core-web/packages/api-client

 ✓ src/mocks/backoffice-handlers.test.ts > E7-W03 round 2 #6 · S15 §6 `GET /jobs`: the processes of a module that is off are absent (R-15-01, R-15-16) > E7-W03 round 2 #6 · T-15-32: under waitlist.mode = ALL_AT_ONCE the Cànic lists the core's processes in catalog order — no waitlist-fifo — plus billing-reminder (BILLING on, a P10 the core does not register yet) 105ms
 ✓ src/mocks/backoffice-handlers.test.ts > E7-W03 round 2 #6 · S15 §6 `GET /jobs`: the processes of a module that is off are absent (R-15-01, R-15-16) > E7-W03 round 2 #6 · R-15-09: under ALL_AT_ONCE waitlist-fifo's routes answer like a process whose module is off — 404 MODULE_DISABLED (CATALEG_ERRORS §1) — and nothing runs or switches 54ms
 ✓ src/mocks/backoffice-handlers.test.ts > E7-W03 round 2 #6 · S15 §6 `GET /jobs`: the processes of a module that is off are absent (R-15-01, R-15-16) > E7-W03 round 2 #6 · T-15-24: with waitlist.mode = FIFO waitlist-fifo is listed at its catalog place and runs — its history is a FIFO club's, never SKIPPED{MODULE_OFF} 55ms
 ✓ src/mocks/backoffice-handlers.test.ts > E5-W03 step 8 · S15 processes (GET /jobs, trigger, switch, runs) answer like the api > T-15-32 with waitlist.mode = FIFO lists the processes whose module is on: 10 in the full club, 9 in the Cànic, 8 in the club mínim 32ms
 ↓ src/mocks/backoffice-handlers.test.ts > E5-W03 step 8 · S15 processes (GET /jobs, trigger, switch, runs) answer like the api > R-15-08 [Simula] answers the plan (WOULD_*), [Executa ara] the run; both are a JobRun and the history shows them
 ↓ src/mocks/backoffice-handlers.test.ts > E5-W03 step 8 · S15 processes (GET /jobs, trigger, switch, runs) answer like the api > R-15-09 refuses an INSTRUCTOR and an impersonation token; JOB_UNKNOWN and MODULE_DISABLED are 404; a running process is 409
 ↓ src/mocks/backoffice-handlers.test.ts > E5-W03 step 8 · S15 processes (GET /jobs, trigger, switch, runs) answer like the api > R-15-09 the switch answers {name, enabled} and GET /jobs reflects it; a disabled process still runs by hand
 ↓ src/mocks/backoffice-handlers.test.ts > E5-W03 step 8 · S15 processes (GET /jobs, trigger, switch, runs) answer like the api > E7-W03 step 0e · R-15-14 [Simula] on reminders plans WOULD_REMIND {bookingId, memberId, startsAt, lead} for a booking due now, and [Executa ara] the same item as REMIND
 ✓ src/mocks/backoffice-handlers.test.ts > E5-W03 step 8 · S15 processes (GET /jobs, trigger, switch, runs) answer like the api > E7-W03 round 2 #5 (D11) · R-15-14: [Simula] on reminders counts WOULD_REMIND and [Executa ara] classReminders, as the core does 15ms
 ↓ src/mocks/backoffice-handlers.test.ts > E5-W03 step 8 · S15 §6 form A (GET /risk-review) > T-15-33 sends the four statuses of the spec's example on the club's today; riskReviewEmpty sends none; MEMBER → 403
 ↓ src/mocks/backoffice-handlers.test.ts > E5-W03 step 8 · S15 §6 form A (GET /risk-review) > E5-W03 round 2 · review #5: on the example day each item is a calendar class of its day, and its registrants are the notified ones
 ↓ src/mocks/backoffice-handlers.test.ts > E5-W05 step 15 · the risk review's rows are classes of the calendar world on any day > E5-W05 step 15: on S15's example day (dl 10 at 8:12) each row is a class of its week in the state its status implies, and the WILL_CANCEL class is still active
 ↓ src/mocks/backoffice-handlers.test.ts > E5-W05 step 15 · the risk review's rows are classes of the calendar world on any day > E5-W05 step 15: on dt 11-08 at 9:00, the day after the example each row is a class of its week in the state its status implies
 ↓ src/mocks/backoffice-handlers.test.ts > E5-W05 step 15 · the risk review's rows are classes of the calendar world on any day > E5-W05 step 15: on dc 23-09 at 10:00, after that day's review each row is a class of its week in the state its status implies
 ↓ src/mocks/backoffice-handlers.test.ts > E5-W05 step 15 · the risk review's rows are classes of the calendar world on any day > E5-W05 step 15: on dl 21-09 at 12:00, a Monday after its review (Wednesday's «Cadells» ahead) each row is a class of its week in the state its status implies
 ↓ src/mocks/backoffice-handlers.test.ts > E5-W05 step 15 · the risk review's rows are classes of the calendar world on any day > E5-W05 round 2 #12: on dg 27-09 at 12:00, the review's probe day, the form has no row because no active class falls in its window: the week ahead is still a draft
 ↓ src/mocks/backoffice-handlers.test.ts > E5-W05 step 16 · the back-office mock finds classes and waiting entries in the caller's club only > E5-W05 step 16: an ADMIN of another club cannot cancel the entry (404), nor read the class's registrants and waiting list, nor see its classes in the risk review
 ↓ src/mocks/backoffice-handlers.test.ts > E5-W03 step 8 · S08 staff reads (registrants, waiting list, GET /bookings) > answers the D4 class's 4 bookings (+ 1 late cancellation) and its 2 waiting entries; R-08-16 removal, then WAITLIST_ENTRY_NOT_LIVE
 ↓ src/mocks/backoffice-handlers.test.ts > E5-W03 step 8 · S08 staff reads (registrants, waiting list, GET /bookings) > E5-W03 round 2 · review #7: a removal checks WAITLIST, the role and the entry's owner; an impersonation never reaches another member's entry
 ↓ src/mocks/backoffice-handlers.test.ts > E5-W03 step 8 · S08 staff reads (registrants, waiting list, GET /bookings) > T-08-47 GET /bookings filters by member, refuses an undeclared filter (400 INVALID_FILTER) and a MEMBER (403)
 ↓ src/mocks/backoffice-handlers.test.ts > E5-W03 step 8 · S09 ring-usage register (GET /training-bookings, GET /ring-blocks) > T-09-27 lists the week's training bookings for the staff (MEMBER 403, FREE_TRAINING off 404) and exports only for ADMIN
 ↓ src/mocks/backoffice-handlers.test.ts > E5-W03 step 8 · S09 ring-usage register (GET /training-bookings, GET /ring-blocks) > T-09-30 redacts the blocks for a MEMBER, refuses him `note`, and keeps the activity's block and a cancelled one from being cancelled
 ↓ src/mocks/backoffice-handlers.test.ts > E5-W05 step 7 · the staff lists' bookingWeekKey follows R-08-01 (the opening's hour) > E5-W05 step 7: Duna's class of Sunday 2 at 20:00 (mockup 06's done class) belongs to the week that opens then, 2026-08-02, as Monday 3's does
 ↓ src/mocks/backoffice-handlers.test.ts > E5-W05 step 5 · complete filter values (CONVENCIONS_API §4) and the lists' search (E75) > E5-W05 step 5: registerMany has more than 1000 training bookings; «Nil Fictici Soler» is not in the first 1000, and GET /training-bookings/filter-values counts him over the whole set
 ↓ src/mocks/backoffice-handlers.test.ts > E5-W05 step 5 · complete filter values (CONVENCIONS_API §4) and the lists' search (E75) > E5-W05 step 5: GET /ring-blocks/filter-values counts every block, «Cadells» (only after row 1000) included, labelled with the ring's name
 ↓ src/mocks/backoffice-handlers.test.ts > E5-W05 step 5 · complete filter values (CONVENCIONS_API §4) and the lists' search (E75) > E5-W05 step 5: GET /bookings/filter-values counts the member's classes by state; GET /bookings has no search (a non-blank q is INVALID_FILTER, E75)
 ↓ src/mocks/backoffice-handlers.test.ts > E5-W05 step 5 · complete filter values (CONVENCIONS_API §4) and the lists' search (E75) > E5-W05 round 2 #11.a: GET /bookings/filter-values labels a class «{club-local start YYYY-MM-DDTHH:mm} · {description}», as the core does
 ↓ src/mocks/backoffice-handlers.test.ts > E5-W05 step 5 · complete filter values (CONVENCIONS_API §4) and the lists' search (E75) > E5-W05 step 5: a ring block's search reads its ring's name and, for staff, its note (S09 §2, E75)
 ↓ src/mocks/backoffice-handlers.test.ts > E5-W05 step 5 · complete filter values (CONVENCIONS_API §4) and the lists' search (E75) > E5-W05 round 2 #4: an ADMIN of another club (adminOtherClub) finds no booking, training booking or ring block of this club, and no filter value: the tenant comes from the JWT
 ↓ src/mocks/backoffice-handlers.test.ts > E5-W05 step 5 · complete filter values (CONVENCIONS_API §4) and the lists' search (E75) > E7-W07 step 8 (E5-W05 round 3 review #1, R-09-13): an ADMIN of another club cannot cancel a block of this club's register (404 NOT_FOUND, the activity's block too), and the block is still ACTIVE for this club's own ADMIN, who cancels it
 ↓ src/mocks/backoffice-handlers.test.ts > E5-W05 round 2 · the staff registrants' level is the dog's own, and follows levels.enabled (S08 §6) > E5-W05 round 2 #3: GET /class-sessions/{id}/bookings sends each dog's own level (D4's «B+C»: Duna «C», Mixa «C», Kai «B», Coco «C», Rumba «B»), and null in a club with levels.enabled = false
 ↓ src/mocks/backoffice-handlers.test.ts > E5-W05 round 2 · the staff registrants' level is the dog's own, and follows levels.enabled (S08 §6) > E5-W05 round 3 #4: in every class of the calendar and day-grid worlds each registrant's level is one the class allows (S08 R-08-04), no dog is listed twice, and the rows match the class's counters
 ↓ src/mocks/backoffice-handlers.test.ts > E5-W05 round 2 · the jobs mock reads its parameters (S15 R-15-01, R-15-12) > E5-W05 round 2 #11.d: no-show-notices runs at messaging.noShowNoticeTime (08:00): its schedule, its runs and its next run; a saved change moves the schedule and the next run
 ↓ src/mocks/backoffice-handlers.test.ts > E5-W05 round 2 · the jobs mock reads its parameters (S15 R-15-01, R-15-12) > E5-W05 round 2 #14: nextScheduledForLocal follows jobs.dailyTime, classes.riskReviewTime and bookings.weekOpensAt, as schedule.localTime does
 ↓ src/mocks/backoffice-handlers.test.ts > E5-W05 round 2 · the jobs mock reads its parameters (S15 R-15-01, R-15-12) > E5-W05 round 2 #14: the risk review reads classes.minDogs, as D4's risk mark does: with minDogs = 1 the class with one dog is at risk in neither D1 nor D4
 ↓ src/mocks/backoffice-handlers.test.ts > E5-W05 round 2 · the jobs mock reads its parameters (S15 R-15-01, R-15-12) > E5-W05 round 2 #14: with the risk review switched off, no active class names notified members (no review ran); a class it cancelled keeps the ones it notified
 ↓ src/mocks/backoffice-handlers.test.ts > E7-W07 step 5 · the staff reads never book a dog over its week's limit (S08 R-08-02, R-08-03, R-08-19) > T-08-03 E7-W07 step 5 (R-08-02, R-08-03, R-08-19): at dl 10 at 8:12 (D1 and D10, S15's example day) no dog of the default world is booked over its week's limit in the calendar or the day grid, counted with the member's own bookings; every class still lists its counters' registrants, of a level it allows, no dog twice
 ↓ src/mocks/backoffice-handlers.test.ts > E7-W07 step 5 · the staff reads never book a dog over its week's limit (S08 R-08-02, R-08-03, R-08-19) > T-08-03 E7-W07 step 5 (R-08-02, R-08-03, R-08-19): at dc 12 at 10:00 (D4) no dog of the default world is booked over its week's limit in the calendar or the day grid, counted with the member's own bookings; every class still lists its counters' registrants, of a level it allows, no dog twice
 ↓ src/mocks/backoffice-handlers.test.ts > E7-W07 step 5 · the staff reads never book a dog over its week's limit (S08 R-08-02, R-08-03, R-08-19) > T-08-03 E7-W07 step 5 (R-08-02, R-08-03, R-08-19): at dl 3 at 7:10 (the ring-usage register) no dog of the default world is booked over its week's limit in the calendar or the day grid, counted with the member's own bookings; every class still lists its counters' registrants, of a level it allows, no dog twice
 ↓ src/mocks/backoffice-handlers.test.ts > E7-W07 step 5 · the staff reads never book a dog over its week's limit (S08 R-08-02, R-08-03, R-08-19) > T-08-03 E7-W07 step 5 (R-08-02, R-08-03, R-08-19): at dl 3 at 21:00 (screen 23's drawer) no dog of the default world is booked over its week's limit in the calendar or the day grid, counted with the member's own bookings; every class still lists its counters' registrants, of a level it allows, no dog twice
 ↓ src/mocks/backoffice-handlers.test.ts > E7-W07 step 5 · the staff reads never book a dog over its week's limit (S08 R-08-02, R-08-03, R-08-19) > T-08-03 E7-W07 step 5 (R-08-02, R-08-03, R-08-19): at dg 2 at 20:30 (the member world) no dog of the default world is booked over its week's limit in the calendar or the day grid, counted with the member's own bookings; every class still lists its counters' registrants, of a level it allows, no dog twice
 ↓ src/mocks/backoffice-handlers.test.ts > E7-W07 step 5 · the staff reads never book a dog over its week's limit (S08 R-08-02, R-08-03, R-08-19) > T-08-03 E7-W07 round 2 #3 (R-08-02, R-08-19): at dl 10 at 8:12, cancelling Tuesday's 18:50 class leaves Wednesday's registrants as they were (ids, dogs, states, bookedAt), in D4 and in D10's list; Tuesday's are the same dogs under the same ids, now CANCELLED_BY_CLUB, and its late cancellation stays CANCELLED_LATE
 ↓ src/mocks/backoffice-handlers.test.ts > E7-W07 step 5 · the staff reads never book a dog over its week's limit (S08 R-08-02, R-08-03, R-08-19) > T-08-03 E7-W07 round 2 #3 (R-08-02, R-08-03): after Tuesday's 18:50 class is cancelled, still no dog of the calendar or the day grid is booked over its week's limit, and every class lists its counters' registrants
 ↓ src/mocks/backoffice-handlers.test.ts > E7-W07 round 2 #5b · the staff rows were booked, and the waiting entries joined, before now (S08 R-08-01) > T-08-03 E7-W07 round 2 #5b (R-08-01): at dl 10 at 8:12 (D1 and D10, S15's example day) every staff row's bookedAt (D4, screen 23, D10's list) and every waiting entry's joinedAt is no later than now and no earlier than its class's week first opened
 ↓ src/mocks/backoffice-handlers.test.ts > E7-W07 round 2 #5b · the staff rows were booked, and the waiting entries joined, before now (S08 R-08-01) > T-08-03 E7-W07 round 2 #5b (R-08-01): at dc 12 at 10:00 (D4) every staff row's bookedAt (D4, screen 23, D10's list) and every waiting entry's joinedAt is no later than now and no earlier than its class's week first opened
 ↓ src/mocks/backoffice-handlers.test.ts > E7-W07 round 2 #5b · the staff rows were booked, and the waiting entries joined, before now (S08 R-08-01) > T-08-03 E7-W07 round 2 #5b (R-08-01): at dl 3 at 7:10 (the ring-usage register) every staff row's bookedAt (D4, screen 23, D10's list) and every waiting entry's joinedAt is no later than now and no earlier than its class's week first opened
 ↓ src/mocks/backoffice-handlers.test.ts > E7-W07 round 2 #5b · the staff rows were booked, and the waiting entries joined, before now (S08 R-08-01) > T-08-03 E7-W07 round 2 #5b (R-08-01): at dg 2 at 20:30 (the member world) every staff row's bookedAt (D4, screen 23, D10's list) and every waiting entry's joinedAt is no later than now and no earlier than its class's week first opened

 Test Files  1 passed (1)
      Tests  5 passed | 42 skipped (47)
   Start at  20:52:34
   Duration  1.81s (transform 51%, import 33%, tests 16%)


$ pnpm --dir apps/clubs-admin exec vitest run src/catalogs/JobsCard.test.tsx src/catalogs/JobsCardCounters.test.tsx -t "E7-W03 round 2|with waitlist.mode = FIFO" --reporter=verbose
# exit code: 0

 RUN  v5.0.0 /Users/jordib/dev/agilityhub/agilityhub-core-web/apps/clubs-admin

 ↓ src/catalogs/JobsCardCounters.test.tsx > T-15-27 E7-W07 step 8 (E7-W06's report; S15 R-15-19): D11 names every counter of the cleanup > T-15-27 E7-W07 step 8 (ca): the last run of «Neteja tècnica» says each cleanup counter by its label, never its raw key
 ↓ src/catalogs/JobsCardCounters.test.tsx > T-15-27 E7-W07 step 8 (E7-W06's report; S15 R-15-19): D11 names every counter of the cleanup > T-15-27 E7-W07 step 8 (es): the last run of «Limpieza técnica» says each cleanup counter by its label, never its raw key
 ↓ src/catalogs/JobsCardCounters.test.tsx > T-15-27 E7-W07 step 8 (E7-W06's report; S15 R-15-19): D11 names every counter of the cleanup > T-15-27 E7-W07 step 8 (en): the last run of «Technical cleanup» says each cleanup counter by its label, never its raw key
 ✓ src/catalogs/JobsCardCounters.test.tsx > T-15-34 E7-W03 round 2 #5 (D11; ruling E89, INC-53 item 15): P4's dry-run counter WOULD_REMIND and its run's classReminders read with their labels (S15 R-15-14) > T-15-34 E7-W03 round 2 #5 (es): «Recordatorios»'s last run and [Simula] plan say «1 recordatorio previsto», its [Executa ara] summary the class reminders' label, never WOULD_REMIND or classReminders 503ms
 ✓ src/catalogs/JobsCard.test.tsx > T-15-32 D11 «Processos automàtics» (S15 §2, R-15-01, R-15-08, R-15-09) > E7-W03 round 2 #6 · S15 §2 «fila absent»: under waitlist.mode = ALL_AT_ONCE the Cànic's card has no «Llista d'espera (FIFO)» row — the core's seven processes plus «Recordatori de facturació» 317ms
 ✓ src/catalogs/JobsCard.test.tsx > T-15-32 D11 «Processos automàtics» (S15 §2, R-15-01, R-15-08, R-15-09) > with waitlist.mode = FIFO lists the ten processes of the full club and the eight of the club mínim, each with its cadence and last run 284ms
 ↓ src/catalogs/JobsCard.test.tsx > T-15-32 D11 «Processos automàtics» (S15 §2, R-15-01, R-15-08, R-15-09) > paints a failed last run in the danger tone
 ↓ src/catalogs/JobsCard.test.tsx > T-15-32 D11 «Processos automàtics» (S15 §2, R-15-01, R-15-08, R-15-09) > R-15-09 dims a disabled process and keeps its [Executa ara] (and [Simula])
 ↓ src/catalogs/JobsCard.test.tsx > T-15-32 D11 «Processos automàtics» (S15 §2, R-15-01, R-15-08, R-15-09) > asks before disabling (S15 §2 literal) and writes PUT /jobs/{name}/switch {enabled: false} only after the confirmation
 ↓ src/catalogs/JobsCard.test.tsx > T-15-32 D11 «Processos automàtics» (S15 §2, R-15-01, R-15-08, R-15-09) > R-15-08 [Simula] shows the plan of the response (the WOULD_* items as delivered) and says nothing was applied
 ↓ src/catalogs/JobsCard.test.tsx > T-15-32 D11 «Processos automàtics» (S15 §2, R-15-01, R-15-08, R-15-09) > R-15-09 [Executa ara] asks, runs {dryRun: false} and shows the run's summary, then reads the list again
 ↓ src/catalogs/JobsCard.test.tsx > T-15-32 D11 «Processos automàtics» (S15 §2, R-15-01, R-15-08, R-15-09) > keeps one Idempotency-Key per payload while the outcome is unknown: a retry after a lost answer reuses it
 ↓ src/catalogs/JobsCard.test.tsx > T-15-32 D11 «Processos automàtics» (S15 §2, R-15-01, R-15-08, R-15-09) > 409 JOB_ALREADY_RUNNING shows its message inside the confirmation and reads the list again
 ↓ src/catalogs/JobsCard.test.tsx > T-15-32 D11 «Processos automàtics» (S15 §2, R-15-01, R-15-08, R-15-09) > JOB_UNKNOWN (404: S15 writes 404, rule 0 implies 422) shows its message and reads the list again
 ↓ src/catalogs/JobsCard.test.tsx > T-15-32 D11 «Processos automàtics» (S15 §2, R-15-01, R-15-08, R-15-09) > JOB_UNKNOWN (422: S15 writes 404, rule 0 implies 422) shows its message and reads the list again
 ↓ src/catalogs/JobsCard.test.tsx > T-15-32 D11 «Processos automàtics» (S15 §2, R-15-01, R-15-08, R-15-09) > opens a process's run history and a run's sheet (effects and errors)
 ↓ src/catalogs/JobsCard.test.tsx > T-15-32 D11 «Processos automàtics» (S15 §2, R-15-01, R-15-08, R-15-09) > E5-W03 round 2 · review #1: the run history pages through the api's list, and its filters narrow it
 ↓ src/catalogs/JobsCard.test.tsx > T-15-32 D11 «Processos automàtics» (S15 §2, R-15-01, R-15-08, R-15-09) > E5-W03 round 2 · E68: P1's and P8's counters read with their own labels
 ↓ src/catalogs/JobsCard.test.tsx > T-15-32 D11 «Processos automàtics» (S15 §2, R-15-01, R-15-08, R-15-09) > R-15-09 an impersonation token cannot manage the processes: the card says why and lists none
 ↓ src/catalogs/JobsCard.test.tsx > T-15-34 (i18n) the processes' and the risk card's keys in ca, es and en > has every admin-settings:jobs.* and admin-dashboard:risk.* key in the three locales, none empty and none forbidden
 ↓ src/catalogs/JobsCard.test.tsx > T-15-34 (i18n) the processes' and the risk card's keys in ca, es and en > renders the card in es
 ↓ src/catalogs/JobsCard.test.tsx > T-15-34 (i18n) the processes' and the risk card's keys in ca, es and en > renders the card in en
 ↓ src/catalogs/JobsCard.test.tsx > T-15-34 (i18n) the processes' and the risk card's keys in ca, es and en > shows the cadence in club-local time whatever the device's time zone
 ↓ src/catalogs/JobsCard.test.tsx > E5-W05 step 18 · the run drawer (S15 §2, R-15-21) > E5-W05 step 18: a failed history page keeps the pager and offers a retry, the drawer stays open, and the retry shows page 2
 ↓ src/catalogs/JobsCard.test.tsx > E5-W05 step 18 · the run drawer (S15 §2, R-15-21) > E5-W05 step 18 (R-15-21, T-15-35): a risk-review run's cancelled class opens in D4 on its week with the class selected, as D1's rows do
 ↓ src/catalogs/JobsCard.test.tsx > E5-W05 round 2 #7 · a run's Week and Member effects link to D4 and D10 (R-15-21) > E5-W05 round 3 #5 (S15 R-15-11): with a Friday opening, the Week item opens D4 on the ISO week that holds `openedWeekKey` + 1 day (Saturday 8 → Monday 3), and the Member item opens D10
 ↓ src/catalogs/JobsCard.test.tsx > E5-W05 round 2 #7 · a run's Week and Member effects link to D4 and D10 (R-15-21) > E5-W05 round 3 #5 (ruling E82, INC-53): when the api's Week item carries `isoWeekStart` in its detail, the link opens that week as it is
 ↓ src/catalogs/JobsCard.test.tsx > E5-W05 round 2 #7 · a run's Week and Member effects link to D4 and D10 (R-15-21) > E5-W05 round 2 #7 (assumption A3): a class answer that arrives after the drawer closed navigates nowhere
 ↓ src/catalogs/JobsCard.test.tsx > E5-W05 step 17 · D11 after a schedule change (R-15-01) > E5-W05 step 17: saving jobs.dailyTime reads GET /jobs again, so «Caducitats» and «Neteja tècnica» show the new time at once
 ↓ src/catalogs/JobsCard.test.tsx > T-15-32 E7-W06 step 1 (CONVENCIONS_API §7, E79, E80): S15's triggers keep their key on IN_PROGRESS > E7-W06 step 1: [Simula] keeps its Idempotency-Key on IN_PROGRESS, says «L'operació encara està en curs…», the retry sends the same key, and a new [Simula] after the api's answer takes a new key
 ↓ src/catalogs/JobsCard.test.tsx > T-15-32 E7-W06 step 1 (CONVENCIONS_API §7, E79, E80): S15's triggers keep their key on IN_PROGRESS > E7-W06 step 1: [Executa ara] keeps its Idempotency-Key on IN_PROGRESS, says «L'operació encara està en curs…» inside the confirmation, which stays open, the retry sends the same key, and a new run after the api's answer takes a new key
 ↓ src/catalogs/JobsCard.test.tsx > T-15-32 E7-W06 step 1 (CONVENCIONS_API §7, E79, E80): S15's triggers keep their key on IN_PROGRESS > E7-W06 review #5: closing [Executa ara]'s confirmation after an unanswered run gives it up — a run asked for later is a new one with a new key, never the replay of the old one
 ↓ src/catalogs/JobsCard.test.tsx > T-15-32 E7-W06 step 1 (CONVENCIONS_API §7, E79, E80): S15's triggers keep their key on IN_PROGRESS > E7-W06 review #5: an unanswered [Simula] keeps its key for 5 minutes only — a simulation asked for later is a new one
 ↓ src/catalogs/JobsCard.test.tsx > T-15-32 E7-W06 step 1 (CONVENCIONS_API §7, E79, E80): S15's triggers keep their key on IN_PROGRESS > T-15-32 E7-W07 step 4 (CONVENCIONS_API §7, E85): [Simula] keeps its key after a 503 with the api's body — the retry sends the same one — and a 409 JOB_ALREADY_RUNNING retires it — the next [Simula] is a new submission
 ✓ src/catalogs/JobsCardCounters.test.tsx > T-15-34 E7-W03 round 2 #5 (D11; ruling E89, INC-53 item 15): P4's dry-run counter WOULD_REMIND and its run's classReminders read with their labels (S15 R-15-14) > T-15-34 E7-W03 round 2 #5 (en): «Reminders»'s last run and [Simula] plan say «1 planned reminder», its [Executa ara] summary the class reminders' label, never WOULD_REMIND or classReminders 299ms
 ✓ src/catalogs/JobsCardCounters.test.tsx > T-15-34 E7-W03 round 2 #5 (D11; ruling E89, INC-53 item 15): P4's dry-run counter WOULD_REMIND and its run's classReminders read with their labels (S15 R-15-14) > T-15-34 E7-W03 round 2 #5 (ca): «Recordatoris»'s last run and [Simula] plan say «1 recordatori previst», its [Executa ara] summary the class reminders' label, never WOULD_REMIND or classReminders 184ms
 ↓ src/catalogs/JobsCardCounters.test.tsx > T-15-27 E7-W06 step 5 (ruling E82, E6-W04 Q3): D11 names the cleanup's ring-slot counter (S15 R-15-19) > T-15-27 E7-W06 step 5 (ca): the last run of «Neteja tècnica» reads «2 bloquejos tècnics de pista caducats», never the raw ttlPendingRingSlotLocks
 ↓ src/catalogs/JobsCardCounters.test.tsx > T-15-27 E7-W06 step 5 (ruling E82, E6-W04 Q3): D11 names the cleanup's ring-slot counter (S15 R-15-19) > T-15-27 E7-W06 step 5 (es): the last run of «Limpieza técnica» reads «2 bloqueos técnicos de pista caducados», never the raw ttlPendingRingSlotLocks
 ↓ src/catalogs/JobsCardCounters.test.tsx > T-15-27 E7-W06 step 5 (ruling E82, E6-W04 Q3): D11 names the cleanup's ring-slot counter (S15 R-15-19) > T-15-27 E7-W06 step 5 (en): the last run of «Technical cleanup» reads «2 expired technical ring locks», never the raw ttlPendingRingSlotLocks

 Test Files  2 passed (2)
      Tests  5 passed | 34 skipped (39)
   Start at  20:52:41
   Duration  4.96s (transform 33%, environment 30%, tests 18%, import 13%, setup 7%)

  Transform  transforming modules took 3.02s · 33% of tracked time, re-done on every run
             persist transforms across runs with fsModuleCache: true
             learn more: https://vitest.dev/guide/improving-performance#caching-between-reruns

