
> agilityhub-core-web@0.0.0 e2e:core /Users/jordib/dev/agilityhub/agilityhub-core-web
> bash scripts/e2e-core.sh E4-W15

E4_WEEK_START=2026-09-21 (club-local Monday, Europe/Madrid)
 Network agilityhub-e4-w15_default Creating 
 Volume agilityhub-e4-w15_mongo-data Creating 
 Volume agilityhub-e4-w15_export-files Creating 
 Volume agilityhub-e4-w15_mailbox Creating 
 Network agilityhub-e4-w15_default Creating 
 Volume agilityhub-e4-w15_export-files Creating 
 Volume agilityhub-e4-w15_mongo-data Creating 
 Volume agilityhub-e4-w15_mailbox Creating 
 Volume agilityhub-e4-w15_export-files Created 
 Volume agilityhub-e4-w15_export-files Created 
 Volume agilityhub-e4-w15_mongo-data Created 
 Volume agilityhub-e4-w15_mongo-data Created 
 Volume agilityhub-e4-w15_mailbox Created 
 Volume agilityhub-e4-w15_mailbox Created 
 Network agilityhub-e4-w15_default Created 
 Network agilityhub-e4-w15_default Created 
 Container agilityhub-e4-w15-mongo-1 Creating 
 Container agilityhub-e4-w15-mongo-1 Created 
 Container agilityhub-e4-w15-seed-1 Creating 
 Container agilityhub-e4-w15-seed-1 Created 
 Container agilityhub-e4-w15-activate-demo-club-1 Creating 
 Container agilityhub-e4-w15-activate-demo-club-1 Created 
 Container agilityhub-e4-w15-core-1 Creating 
 Container agilityhub-e4-w15-core-1 Created 
 Container agilityhub-e4-w15-mongo-1 Starting 
 Container agilityhub-e4-w15-mongo-1 Started 
 Container agilityhub-e4-w15-mongo-1 Waiting 
 Container agilityhub-e4-w15-mongo-1 Healthy 
 Container agilityhub-e4-w15-seed-1 Starting 
 Container agilityhub-e4-w15-seed-1 Started 
 Container agilityhub-e4-w15-seed-1 Waiting 
 Container agilityhub-e4-w15-seed-1 Exited 
 Container agilityhub-e4-w15-activate-demo-club-1 Starting 
 Container agilityhub-e4-w15-activate-demo-club-1 Started 
 Container agilityhub-e4-w15-activate-demo-club-1 Waiting 
 Container agilityhub-e4-w15-mongo-1 Waiting 
 Container agilityhub-e4-w15-activate-demo-club-1 Exited 
 Container agilityhub-e4-w15-mongo-1 Healthy 
 Container agilityhub-e4-w15-core-1 Starting 
 Container agilityhub-e4-w15-core-1 Started 
 Container agilityhub-e4-w15-activate-demo-club-1 Waiting 
 Container agilityhub-e4-w15-core-1 Waiting 
 Container agilityhub-e4-w15-mongo-1 Waiting 
 Container agilityhub-e4-w15-seed-1 Waiting 
 Container agilityhub-e4-w15-activate-demo-club-1 Exited 
 Container agilityhub-e4-w15-seed-1 Exited 
 Container agilityhub-e4-w15-mongo-1 Healthy 
 Container agilityhub-e4-w15-core-1 Healthy 
seed log: /Users/jordib/dev/agilityhub/agilityhub-core-web/roadmap/evidence/E4-W15/seed-e1-e2.log (106 lines)
 Container agilityhub-e4-w15-mongo-1 Running 
 Container agilityhub-e4-w15-core-1 Running 
 Container agilityhub-e4-w15-mongo-1 Waiting 
 Container agilityhub-e4-w15-mongo-1 Healthy 
 Container agilityhub-e4-w15-seed-1 Starting 
 Container agilityhub-e4-w15-seed-1 Started 
 Container agilityhub-e4-w15-seed-1 Waiting 
 Container agilityhub-e4-w15-seed-1 Exited 
 Container agilityhub-e4-w15-activate-demo-club-1 Starting 
 Container agilityhub-e4-w15-activate-demo-club-1 Started 
 Container agilityhub-e4-w15-mongo-1 Waiting 
 Container agilityhub-e4-w15-activate-demo-club-1 Waiting 
 Container agilityhub-e4-w15-activate-demo-club-1 Exited 
 Container agilityhub-e4-w15-mongo-1 Healthy 
 Container agilityhub-e4-w15-core-1 Waiting 
 Container agilityhub-e4-w15-core-1 Healthy 
 Container agilityhub-e4-w15-playwright-run-d6ebf70642e1 Creating 
 Container agilityhub-e4-w15-playwright-run-d6ebf70642e1 Created 
! Corepack is about to download https://registry.npmjs.org/pnpm/-/pnpm-9.15.9.tgz
 WARN  Unsupported engine: wanted: {"node":">=22 <23"} (current: {"node":"v24.20.0","pnpm":"9.15.9"})
(node:20) [DEP0169] DeprecationWarning: `url.parse()` behavior is not standardized and prone to errors that have security implications. Use the WHATWG URL API instead. CVEs are not issued for `url.parse()` vulnerabilities.
(Use `node --trace-deprecation ...` to show where the warning was created)
Scope: all 11 workspace projects
Lockfile is up to date, resolution step is skipped
Progress: resolved 1, reused 0, downloaded 0, added 0
Packages: +851
++++++++++++++++++++++++++++++++++++++++++++++++++++++++++++++++++++++++++++++++
Progress: resolved 851, reused 0, downloaded 99, added 0
Progress: resolved 851, reused 0, downloaded 314, added 313
Progress: resolved 851, reused 0, downloaded 524, added 524
Progress: resolved 851, reused 0, downloaded 549, added 549
Progress: resolved 851, reused 0, downloaded 591, added 591
Progress: resolved 851, reused 0, downloaded 680, added 679
Progress: resolved 851, reused 0, downloaded 794, added 794
Progress: resolved 851, reused 0, downloaded 848, added 848
Progress: resolved 851, reused 0, downloaded 850, added 850
Progress: resolved 851, reused 0, downloaded 851, added 851, done
.../node_modules/unrs-resolver postinstall$ node postinstall.js
.../node_modules/msw postinstall$ node -e "import('./config/scripts/postinstall.js').catch(() => void 0)"
.../esbuild@0.25.12/node_modules/esbuild postinstall$ node install.js
.../node_modules/msw postinstall: Done
.../node_modules/unrs-resolver postinstall: Done
.../esbuild@0.25.12/node_modules/esbuild postinstall: Done

devDependencies:
+ @commitlint/cli 21.2.2
+ @commitlint/config-conventional 21.2.2
+ @eslint/css 2.0.0
+ @eslint/js 9.39.5
+ @playwright/test 1.63.0
+ @size-limit/file 13.0.3
+ @types/node 24.13.3
+ eslint 9.39.5
+ eslint-import-resolver-typescript 4.4.5
+ eslint-plugin-import 2.32.0
+ eslint-plugin-jsx-a11y 6.10.2
+ eslint-plugin-react 7.37.5
+ eslint-plugin-react-hooks 7.1.1
+ globals 17.12.0
+ husky 9.1.7
+ i18next-parser 9.4.0
+ lint-staged 17.5.0
+ msw 2.15.0
+ prettier 3.9.6
+ size-limit 13.0.3
+ turbo 2.10.12
+ typescript 5.9.3
+ typescript-eslint 8.69.0

. prepare$ node packages/config/scripts/prepare-husky.mjs
. prepare: .git can't be found
. prepare: Done
Done in 10.7s using pnpm v9.15.9
[WebServer] (node:134) [DEP0169] DeprecationWarning: `url.parse()` behavior is not standardized and prone to errors that have security implications. Use the WHATWG URL API instead. CVEs are not issued for `url.parse()` vulnerabilities.
[WebServer] (Use `node --trace-deprecation ...` to show where the warning was created)

[WebServer] (node:214) [DEP0169] DeprecationWarning: `url.parse()` behavior is not standardized and prone to errors that have security implications. Use the WHATWG URL API instead. CVEs are not issued for `url.parse()` vulnerabilities.
[WebServer] (Use `node --trace-deprecation ...` to show where the warning was created)


[WebServer] (node:312) [DEP0169] DeprecationWarning: `url.parse()` behavior is not standardized and prone to errors that have security implications. Use the WHATWG URL API instead. CVEs are not issued for `url.parse()` vulnerabilities.
[WebServer] (Use `node --trace-deprecation ...` to show where the warning was created)

Running 12 tests using 1 worker

[1/12] e2e/core/e1-core.spec.ts:157:5 › T-01-18 password login reaches the seeded account
[2/12] e2e/core/e1-core.spec.ts:173:5 › T-01-21 seeded administrator opens the real backoffice
[3/12] e2e/core/e1-core.spec.ts:189:5 › T-01-20 club session is restored by the core
[4/12] e2e/core/e1-core.spec.ts:212:5 › T-01-19 magic link is delivered and exchanged end to end
[5/12] e2e/core/e1-core.spec.ts:234:5 › T-01-26 published seed enters without pending onboarding
[6/12] e2e/core/e1-core.spec.ts:244:5 › T-01-22 apps/id resumes a real authorize flow through oauth2/session
[7/12] e2e/core/e1-core.spec.ts:334:5 › T-02-07 E3-W12 step 5 · the public footer of 01 shows /branding's identity and registered office (S02 R-02-02)
[8/12] e2e/core/e2-core.spec.ts:206:5 › T-03-42 real census flow, booking block and member profile
[9/12] e2e/core/e2-core.spec.ts:389:5 › T-05-22/T-05-25 real catalog create, edit and deactivate round trips
[10/12] e2e/core/e2-core.spec.ts:474:5 › T-02-13/T-14-26 real parameter history, export and audit
[11/12] e2e/core/e2-core.spec.ts:561:5 › T-05-CP-07 real club page edit renders styled Markdown on screen 30
[12/12] e2e/core/e2-core.spec.ts:614:5 › T-03-40 E3-W12 step 4 · screen 13 reads GET /me/dogs only: the seed's document types, «Nivell» per dog, no /parameters (S03 §6)
  12 passed (30.5s)
 Network agilityhub-e4-w15_default Creating 
 Network agilityhub-e4-w15_default Creating 
 Volume agilityhub-e4-w15_export-files Creating 
 Volume agilityhub-e4-w15_export-files Creating 
 Volume agilityhub-e4-w15_mailbox Creating 
 Volume agilityhub-e4-w15_mongo-data Creating 
 Volume agilityhub-e4-w15_mongo-data Creating 
 Volume agilityhub-e4-w15_mailbox Creating 
 Volume agilityhub-e4-w15_mongo-data Created 
 Volume agilityhub-e4-w15_mongo-data Created 
 Volume agilityhub-e4-w15_export-files Created 
 Volume agilityhub-e4-w15_export-files Created 
 Volume agilityhub-e4-w15_mailbox Created 
 Volume agilityhub-e4-w15_mailbox Created 
 Network agilityhub-e4-w15_default Created 
 Network agilityhub-e4-w15_default Created 
 Container agilityhub-e4-w15-mongo-1 Creating 
 Container agilityhub-e4-w15-mongo-1 Created 
 Container agilityhub-e4-w15-seed-1 Creating 
 Container agilityhub-e4-w15-seed-1 Created 
 Container agilityhub-e4-w15-activate-demo-club-1 Creating 
 Container agilityhub-e4-w15-activate-demo-club-1 Created 
 Container agilityhub-e4-w15-core-1 Creating 
 Container agilityhub-e4-w15-core-1 Created 
 Container agilityhub-e4-w15-mongo-1 Starting 
 Container agilityhub-e4-w15-mongo-1 Started 
 Container agilityhub-e4-w15-mongo-1 Waiting 
 Container agilityhub-e4-w15-mongo-1 Healthy 
 Container agilityhub-e4-w15-seed-1 Starting 
 Container agilityhub-e4-w15-seed-1 Started 
 Container agilityhub-e4-w15-seed-1 Waiting 
 Container agilityhub-e4-w15-seed-1 Exited 
 Container agilityhub-e4-w15-activate-demo-club-1 Starting 
 Container agilityhub-e4-w15-activate-demo-club-1 Started 
 Container agilityhub-e4-w15-mongo-1 Waiting 
 Container agilityhub-e4-w15-activate-demo-club-1 Waiting 
 Container agilityhub-e4-w15-activate-demo-club-1 Exited 
 Container agilityhub-e4-w15-mongo-1 Healthy 
 Container agilityhub-e4-w15-core-1 Starting 
 Container agilityhub-e4-w15-core-1 Started 
 Container agilityhub-e4-w15-core-1 Waiting 
 Container agilityhub-e4-w15-mongo-1 Waiting 
 Container agilityhub-e4-w15-seed-1 Waiting 
 Container agilityhub-e4-w15-activate-demo-club-1 Waiting 
 Container agilityhub-e4-w15-seed-1 Exited 
 Container agilityhub-e4-w15-activate-demo-club-1 Exited 
 Container agilityhub-e4-w15-mongo-1 Healthy 
 Container agilityhub-e4-w15-core-1 Healthy 
seed log: /Users/jordib/dev/agilityhub/agilityhub-core-web/roadmap/evidence/E4-W15/seed-e3.log (106 lines)
 Container agilityhub-e4-w15-core-1 Running 
 Container agilityhub-e4-w15-mongo-1 Running 
 Container agilityhub-e4-w15-mongo-1 Waiting 
 Container agilityhub-e4-w15-mongo-1 Healthy 
 Container agilityhub-e4-w15-seed-1 Starting 
 Container agilityhub-e4-w15-seed-1 Started 
 Container agilityhub-e4-w15-seed-1 Waiting 
 Container agilityhub-e4-w15-seed-1 Exited 
 Container agilityhub-e4-w15-activate-demo-club-1 Starting 
 Container agilityhub-e4-w15-activate-demo-club-1 Started 
 Container agilityhub-e4-w15-mongo-1 Waiting 
 Container agilityhub-e4-w15-activate-demo-club-1 Waiting 
 Container agilityhub-e4-w15-activate-demo-club-1 Exited 
 Container agilityhub-e4-w15-mongo-1 Healthy 
 Container agilityhub-e4-w15-core-1 Waiting 
 Container agilityhub-e4-w15-core-1 Healthy 
 Container agilityhub-e4-w15-playwright-run-79325a5b4af3 Creating 
 Container agilityhub-e4-w15-playwright-run-79325a5b4af3 Created 
! Corepack is about to download https://registry.npmjs.org/pnpm/-/pnpm-9.15.9.tgz
 WARN  Unsupported engine: wanted: {"node":">=22 <23"} (current: {"node":"v24.20.0","pnpm":"9.15.9"})
(node:20) [DEP0169] DeprecationWarning: `url.parse()` behavior is not standardized and prone to errors that have security implications. Use the WHATWG URL API instead. CVEs are not issued for `url.parse()` vulnerabilities.
(Use `node --trace-deprecation ...` to show where the warning was created)
Scope: all 11 workspace projects
Lockfile is up to date, resolution step is skipped
Progress: resolved 1, reused 0, downloaded 0, added 0
Packages: +851
++++++++++++++++++++++++++++++++++++++++++++++++++++++++++++++++++++++++++++++++
Progress: resolved 851, reused 0, downloaded 94, added 0
Progress: resolved 851, reused 0, downloaded 307, added 306
Progress: resolved 851, reused 0, downloaded 510, added 509
Progress: resolved 851, reused 0, downloaded 545, added 545
Progress: resolved 851, reused 0, downloaded 578, added 578
Progress: resolved 851, reused 0, downloaded 678, added 677
Progress: resolved 851, reused 0, downloaded 791, added 791
Progress: resolved 851, reused 0, downloaded 847, added 847
Progress: resolved 851, reused 0, downloaded 850, added 850
Progress: resolved 851, reused 0, downloaded 851, added 851, done
.../node_modules/msw postinstall$ node -e "import('./config/scripts/postinstall.js').catch(() => void 0)"
.../node_modules/unrs-resolver postinstall$ node postinstall.js
.../esbuild@0.25.12/node_modules/esbuild postinstall$ node install.js
.../node_modules/msw postinstall: Done
.../node_modules/unrs-resolver postinstall: Done
.../esbuild@0.25.12/node_modules/esbuild postinstall: Done

devDependencies:
+ @commitlint/cli 21.2.2
+ @commitlint/config-conventional 21.2.2
+ @eslint/css 2.0.0
+ @eslint/js 9.39.5
+ @playwright/test 1.63.0
+ @size-limit/file 13.0.3
+ @types/node 24.13.3
+ eslint 9.39.5
+ eslint-import-resolver-typescript 4.4.5
+ eslint-plugin-import 2.32.0
+ eslint-plugin-jsx-a11y 6.10.2
+ eslint-plugin-react 7.37.5
+ eslint-plugin-react-hooks 7.1.1
+ globals 17.12.0
+ husky 9.1.7
+ i18next-parser 9.4.0
+ lint-staged 17.5.0
+ msw 2.15.0
+ prettier 3.9.6
+ size-limit 13.0.3
+ turbo 2.10.12
+ typescript 5.9.3
+ typescript-eslint 8.69.0

. prepare$ node packages/config/scripts/prepare-husky.mjs
. prepare: .git can't be found
. prepare: Done
Done in 10.2s using pnpm v9.15.9

[WebServer] (node:134) [DEP0169] DeprecationWarning: `url.parse()` behavior is not standardized and prone to errors that have security implications. Use the WHATWG URL API instead. CVEs are not issued for `url.parse()` vulnerabilities.
[WebServer] (Use `node --trace-deprecation ...` to show where the warning was created)

[WebServer] (node:214) [DEP0169] DeprecationWarning: `url.parse()` behavior is not standardized and prone to errors that have security implications. Use the WHATWG URL API instead. CVEs are not issued for `url.parse()` vulnerabilities.
[WebServer] (Use `node --trace-deprecation ...` to show where the warning was created)

[WebServer] (node:312) [DEP0169] DeprecationWarning: `url.parse()` behavior is not standardized and prone to errors that have security implications. Use the WHATWG URL API instead. CVEs are not issued for `url.parse()` vulnerabilities.
[WebServer] (Use `node --trace-deprecation ...` to show where the warning was created)

Running 5 tests using 1 worker

[1/5] e2e/core/e3-signup.spec.ts:650:5 › T-02-07 E3-W12 step 5 · the signup's public footer shows /branding's identity and registered office (S02 R-02-02)
[2/5] e2e/core/e3-signup.spec.ts:666:5 › T-04-34 public signup is validated and enters through the N-02 welcome link
[3/5] e2e/core/e3-signup.spec.ts:1691:5 › T-04-34 rejected signup delivers N-03
[4/5] e2e/core/e3-signup.spec.ts:1698:5 › T-04-34 active member adds a dog and the club validates it
[5/5] e2e/core/e3-signup.spec.ts:1702:5 › T-04-34 signup.enabled=false shows only the configured closed text
  5 passed (35.9s)
{"action":"OPEN_DOG","channel":"APP","code":"N-37","dogName":"Neret E3","status":"SENT"}
 Network agilityhub-e4-w15_default Creating 
 Network agilityhub-e4-w15_default Creating 
 Volume agilityhub-e4-w15_mongo-data Creating 
 Volume agilityhub-e4-w15_mongo-data Creating 
 Volume agilityhub-e4-w15_export-files Creating 
 Volume agilityhub-e4-w15_export-files Creating 
 Volume agilityhub-e4-w15_mailbox Creating 
 Volume agilityhub-e4-w15_mailbox Creating 
 Volume agilityhub-e4-w15_mailbox Created 
 Volume agilityhub-e4-w15_mailbox Created 
 Volume agilityhub-e4-w15_mongo-data Created 
 Volume agilityhub-e4-w15_mongo-data Created 
 Volume agilityhub-e4-w15_export-files Created 
 Volume agilityhub-e4-w15_export-files Created 
 Network agilityhub-e4-w15_default Created 
 Network agilityhub-e4-w15_default Created 
 Container agilityhub-e4-w15-mongo-1 Creating 
 Container agilityhub-e4-w15-mongo-1 Created 
 Container agilityhub-e4-w15-seed-1 Creating 
 Container agilityhub-e4-w15-seed-1 Created 
 Container agilityhub-e4-w15-activate-demo-club-1 Creating 
 Container agilityhub-e4-w15-activate-demo-club-1 Created 
 Container agilityhub-e4-w15-core-1 Creating 
 Container agilityhub-e4-w15-core-1 Created 
 Container agilityhub-e4-w15-mongo-1 Starting 
 Container agilityhub-e4-w15-mongo-1 Started 
 Container agilityhub-e4-w15-mongo-1 Waiting 
 Container agilityhub-e4-w15-mongo-1 Healthy 
 Container agilityhub-e4-w15-seed-1 Starting 
 Container agilityhub-e4-w15-seed-1 Started 
 Container agilityhub-e4-w15-seed-1 Waiting 
 Container agilityhub-e4-w15-seed-1 Exited 
 Container agilityhub-e4-w15-activate-demo-club-1 Starting 
 Container agilityhub-e4-w15-activate-demo-club-1 Started 
 Container agilityhub-e4-w15-mongo-1 Waiting 
 Container agilityhub-e4-w15-activate-demo-club-1 Waiting 
 Container agilityhub-e4-w15-activate-demo-club-1 Exited 
 Container agilityhub-e4-w15-mongo-1 Healthy 
 Container agilityhub-e4-w15-core-1 Starting 
 Container agilityhub-e4-w15-core-1 Started 
 Container agilityhub-e4-w15-core-1 Waiting 
 Container agilityhub-e4-w15-mongo-1 Waiting 
 Container agilityhub-e4-w15-seed-1 Waiting 
 Container agilityhub-e4-w15-activate-demo-club-1 Waiting 
 Container agilityhub-e4-w15-seed-1 Exited 
 Container agilityhub-e4-w15-activate-demo-club-1 Exited 
 Container agilityhub-e4-w15-mongo-1 Healthy 
 Container agilityhub-e4-w15-core-1 Healthy 
seed log: /Users/jordib/dev/agilityhub/agilityhub-core-web/roadmap/evidence/E4-W15/seed-e4.log (106 lines)
 Container agilityhub-e4-w15-core-1 Running 
 Container agilityhub-e4-w15-mongo-1 Running 
 Container agilityhub-e4-w15-mongo-1 Waiting 
 Container agilityhub-e4-w15-mongo-1 Healthy 
 Container agilityhub-e4-w15-seed-1 Starting 
 Container agilityhub-e4-w15-seed-1 Started 
 Container agilityhub-e4-w15-seed-1 Waiting 
 Container agilityhub-e4-w15-seed-1 Exited 
 Container agilityhub-e4-w15-activate-demo-club-1 Starting 
 Container agilityhub-e4-w15-activate-demo-club-1 Started 
 Container agilityhub-e4-w15-mongo-1 Waiting 
 Container agilityhub-e4-w15-activate-demo-club-1 Waiting 
 Container agilityhub-e4-w15-activate-demo-club-1 Exited 
 Container agilityhub-e4-w15-mongo-1 Healthy 
 Container agilityhub-e4-w15-core-1 Waiting 
 Container agilityhub-e4-w15-core-1 Healthy 
 Container agilityhub-e4-w15-playwright-run-2731ab6b915c Creating 
 Container agilityhub-e4-w15-playwright-run-2731ab6b915c Created 
! Corepack is about to download https://registry.npmjs.org/pnpm/-/pnpm-9.15.9.tgz
 WARN  Unsupported engine: wanted: {"node":">=22 <23"} (current: {"node":"v24.20.0","pnpm":"9.15.9"})
(node:20) [DEP0169] DeprecationWarning: `url.parse()` behavior is not standardized and prone to errors that have security implications. Use the WHATWG URL API instead. CVEs are not issued for `url.parse()` vulnerabilities.
(Use `node --trace-deprecation ...` to show where the warning was created)
Scope: all 11 workspace projects
Lockfile is up to date, resolution step is skipped
Progress: resolved 1, reused 0, downloaded 0, added 0
Packages: +851
++++++++++++++++++++++++++++++++++++++++++++++++++++++++++++++++++++++++++++++++
Progress: resolved 851, reused 0, downloaded 57, added 0
Progress: resolved 851, reused 0, downloaded 163, added 163
Progress: resolved 851, reused 0, downloaded 268, added 268
Progress: resolved 851, reused 0, downloaded 352, added 348
Progress: resolved 851, reused 0, downloaded 450, added 450
Progress: resolved 851, reused 0, downloaded 526, added 526
Progress: resolved 851, reused 0, downloaded 546, added 546
 WARN  GET https://registry.npmjs.org/@rolldown/binding-linux-arm64-musl/-/binding-linux-arm64-musl-1.2.7.tgz error (ERR_SOCKET_TIMEOUT). Will retry in 10 seconds. 2 retries left.
 WARN  GET https://registry.npmjs.org/@jridgewell/source-map/-/source-map-0.3.11.tgz error (ERR_SOCKET_TIMEOUT). Will retry in 10 seconds. 2 retries left.
 WARN  GET https://registry.npmjs.org/source-map-support/-/source-map-support-0.5.21.tgz error (ERR_SOCKET_TIMEOUT). Will retry in 10 seconds. 2 retries left.
 WARN  GET https://registry.npmjs.org/buffer-from/-/buffer-from-1.1.2.tgz error (ERR_SOCKET_TIMEOUT). Will retry in 10 seconds. 2 retries left.
Progress: resolved 851, reused 0, downloaded 547, added 546
Progress: resolved 851, reused 0, downloaded 554, added 554
Progress: resolved 851, reused 0, downloaded 569, added 569
Progress: resolved 851, reused 0, downloaded 593, added 593
Progress: resolved 851, reused 0, downloaded 623, added 623
Progress: resolved 851, reused 0, downloaded 652, added 652
Progress: resolved 851, reused 0, downloaded 687, added 687
Progress: resolved 851, reused 0, downloaded 713, added 713
Progress: resolved 851, reused 0, downloaded 739, added 739
Progress: resolved 851, reused 0, downloaded 768, added 768
Progress: resolved 851, reused 0, downloaded 774, added 774
Progress: resolved 851, reused 0, downloaded 792, added 792
Progress: resolved 851, reused 0, downloaded 814, added 814
Progress: resolved 851, reused 0, downloaded 837, added 837
 WARN  GET https://registry.npmjs.org/rolldown/-/rolldown-1.2.7.tgz error (ECONNRESET). Will retry in 10 seconds. 2 retries left.
 WARN  GET https://registry.npmjs.org/lightningcss-linux-arm64-musl/-/lightningcss-linux-arm64-musl-1.33.0.tgz error (ECONNRESET). Will retry in 10 seconds. 2 retries left.
 WARN  GET https://registry.npmjs.org/msw/-/msw-2.15.0.tgz error (ECONNRESET). Will retry in 10 seconds. 2 retries left.
 WARN  GET https://registry.npmjs.org/prettier/-/prettier-3.9.6.tgz error (ECONNRESET). Will retry in 10 seconds. 2 retries left.
 WARN  GET https://registry.npmjs.org/@turbo/linux-arm64/-/linux-arm64-2.10.12.tgz error (ECONNRESET). Will retry in 10 seconds. 2 retries left.
 WARN  GET https://registry.npmjs.org/vite/-/vite-8.2.2.tgz error (ECONNRESET). Will retry in 10 seconds. 2 retries left.
 WARN  GET https://registry.npmjs.org/@rolldown/binding-linux-arm64-gnu/-/binding-linux-arm64-gnu-1.2.7.tgz error (ECONNRESET). Will retry in 10 seconds. 2 retries left.
 WARN  GET https://registry.npmjs.org/@tailwindcss/oxide-linux-arm64-gnu/-/oxide-linux-arm64-gnu-4.3.3.tgz error (ECONNRESET). Will retry in 10 seconds. 2 retries left.
 WARN  GET https://registry.npmjs.org/react-dom/-/react-dom-19.2.8.tgz error (ECONNRESET). Will retry in 10 seconds. 2 retries left.
 WARN  GET https://registry.npmjs.org/lightningcss-linux-arm64-gnu/-/lightningcss-linux-arm64-gnu-1.32.0.tgz error (ECONNRESET). Will retry in 10 seconds. 2 retries left.
 WARN  GET https://registry.npmjs.org/@tailwindcss/oxide-linux-arm64-musl/-/oxide-linux-arm64-musl-4.3.3.tgz error (ECONNRESET). Will retry in 10 seconds. 2 retries left.
 WARN  GET https://registry.npmjs.org/lightningcss-linux-arm64-gnu/-/lightningcss-linux-arm64-gnu-1.33.0.tgz error (ECONNRESET). Will retry in 10 seconds. 2 retries left.
Progress: resolved 851, reused 0, downloaded 838, added 837
Progress: resolved 851, reused 0, downloaded 839, added 839
 WARN  GET https://registry.npmjs.org/terser/-/terser-5.51.2.tgz error (ECONNRESET). Will retry in 10 seconds. 2 retries left.
Progress: resolved 851, reused 0, downloaded 841, added 841
 WARN  GET https://registry.npmjs.org/lightningcss-linux-arm64-musl/-/lightningcss-linux-arm64-musl-1.32.0.tgz error (ECONNRESET). Will retry in 10 seconds. 2 retries left.
Progress: resolved 851, reused 0, downloaded 842, added 841
Progress: resolved 851, reused 0, downloaded 842, added 842
Progress: resolved 851, reused 0, downloaded 843, added 843
Progress: resolved 851, reused 0, downloaded 845, added 845
Progress: resolved 851, reused 0, downloaded 848, added 848
Progress: resolved 851, reused 0, downloaded 849, added 848
Progress: resolved 851, reused 0, downloaded 850, added 850
Progress: resolved 851, reused 0, downloaded 851, added 850
Progress: resolved 851, reused 0, downloaded 851, added 851, done
.../node_modules/unrs-resolver postinstall$ node postinstall.js
.../node_modules/msw postinstall$ node -e "import('./config/scripts/postinstall.js').catch(() => void 0)"
.../esbuild@0.25.12/node_modules/esbuild postinstall$ node install.js
.../node_modules/unrs-resolver postinstall: Done
.../node_modules/msw postinstall: Done
.../esbuild@0.25.12/node_modules/esbuild postinstall: Done

devDependencies:
+ @commitlint/cli 21.2.2
+ @commitlint/config-conventional 21.2.2
+ @eslint/css 2.0.0
+ @eslint/js 9.39.5
+ @playwright/test 1.63.0
+ @size-limit/file 13.0.3
+ @types/node 24.13.3
+ eslint 9.39.5
+ eslint-import-resolver-typescript 4.4.5
+ eslint-plugin-import 2.32.0
+ eslint-plugin-jsx-a11y 6.10.2
+ eslint-plugin-react 7.37.5
+ eslint-plugin-react-hooks 7.1.1
+ globals 17.12.0
+ husky 9.1.7
+ i18next-parser 9.4.0
+ lint-staged 17.5.0
+ msw 2.15.0
+ prettier 3.9.6
+ size-limit 13.0.3
+ turbo 2.10.12
+ typescript 5.9.3
+ typescript-eslint 8.69.0

. prepare$ node packages/config/scripts/prepare-husky.mjs
. prepare: .git can't be found
. prepare: Done
Done in 3m 4.7s using pnpm v9.15.9

[WebServer] (node:134) [DEP0169] DeprecationWarning: `url.parse()` behavior is not standardized and prone to errors that have security implications. Use the WHATWG URL API instead. CVEs are not issued for `url.parse()` vulnerabilities.
[WebServer] (Use `node --trace-deprecation ...` to show where the warning was created)
[WebServer] (node:214) [DEP0169] DeprecationWarning: `url.parse()` behavior is not standardized and prone to errors that have security implications. Use the WHATWG URL API instead. CVEs are not issued for `url.parse()` vulnerabilities.
[WebServer] (Use `node --trace-deprecation ...` to show where the warning was created)

[WebServer] (node:312) [DEP0169] DeprecationWarning: `url.parse()` behavior is not standardized and prone to errors that have security implications. Use the WHATWG URL API instead. CVEs are not issued for `url.parse()` vulnerabilities.
[WebServer] (Use `node --trace-deprecation ...` to show where the warning was created)


Running 7 tests using 1 worker

[1/7] e2e/core/e4-core.spec.ts:482:5 › T-06-28 E2E (a) D3: the three seeded templates, «Setmana B» blocked by its inconsistency, «Setmana A» generates the proposed week, D3b per ring
[2/7] e2e/core/e4-core.spec.ts:617:5 › T-06-28 E2E (b) D4: «Esborrany» opens the seeded draft week, [VALIDAR LA SETMANA], the D4c modal with the 4 registrants (200), «Anul·lades», ring blocks (409 then 201)
[3/7] e2e/core/e4-core.spec.ts:767:5 › T-06-28 E2E (c) screens 10 and 23: the member never sees the cancelled class nor counts, the validated week is visible; the instructor sees the block, the dimmed class and n/n
[4/7] e2e/core/e4-core.spec.ts:822:5 › T-07-32 E2E (d) D7: the four seeded activities, the Torneig blocks every ring on D4, a new seminar published over a class with the conflict dialog; D7 exports against the core
[5/7] e2e/core/e4-core.spec.ts:1067:5 › T-07-32 E2E (e) ca: 04 → detail → register → 03 → cancel in time; the waitlist of the full «Seminari de handling» and the FIFO promotion when the admin adds a place
[6/7] e2e/core/e4-core.spec.ts:1229:5 › T-07-32 E2E (e) es: the same member flow with the es literals, a second FIFO promotion, then the admin cancels the seminar (200) and the registrant reads «cancel·lada pel club»
[7/7] e2e/core/e4-core.spec.ts:1399:5 › E4-W05 step 7 · the «Excel · PDF» menus of D5 and D7 with EXPORT_TOO_LARGE and while an export is pending
  7 passed (20.0s)
