• turbo 2.10.12

   • Packages in scope: @agilityhub/api-client, @agilityhub/auth, @agilityhub/config, @agilityhub/i18n, @agilityhub/ui, clubs, clubs-admin, id
   • Running lint, typecheck, test, build in 8 packages
   • Remote caching disabled

@agilityhub/i18n:lint: cache miss, executing 4ffc289f7e905903
@agilityhub/config:lint: cache hit, replaying logs 9bfae1aac519771f
id:lint: cache hit, replaying logs e72f0ee3bae6b9fe
@agilityhub/ui:test: cache hit, replaying logs 54ccb1fd88250473
@agilityhub/ui:lint: cache hit, replaying logs 2ba8ee6d1265bc5e
@agilityhub/config:lint: 
@agilityhub/config:lint: > @agilityhub/config@0.0.0 lint /Users/jordib/dev/agilityhub/agilityhub-core-web/packages/config
@agilityhub/config:lint: > eslint . --max-warnings 0 --config ../../eslint.config.mjs
@agilityhub/config:lint: 
id:lint: 
id:lint: > id@0.0.0 lint /Users/jordib/dev/agilityhub/agilityhub-core-web/apps/id
id:lint: > eslint . --max-warnings 0 --config ../../eslint.config.mjs
id:lint: 
clubs-admin:lint: cache hit, replaying logs e04a58ac60551b02
@agilityhub/api-client:typecheck: cache miss, executing 6c184a4aad5fc7fd
@agilityhub/ui:lint: 
@agilityhub/ui:lint: > @agilityhub/ui@0.0.0 lint /Users/jordib/dev/agilityhub/agilityhub-core-web/packages/ui
@agilityhub/ui:lint: > eslint src --max-warnings 0 --config ../../eslint.config.mjs
@agilityhub/ui:lint: 
@agilityhub/ui:test: 
@agilityhub/auth:lint: cache hit, replaying logs 124b2e03cc508bda
@agilityhub/ui:test: > @agilityhub/ui@0.0.0 test /Users/jordib/dev/agilityhub/agilityhub-core-web/packages/ui
@agilityhub/ui:test: > vitest run
@agilityhub/ui:test: 
@agilityhub/ui:test: 
@agilityhub/ui:test:  RUN  v5.0.0 /Users/jordib/dev/agilityhub/agilityhub-core-web/packages/ui
@agilityhub/ui:test: 
@agilityhub/ui:test:  ✓ src/universal-list.test.tsx (5 tests) 4ms
@agilityhub/ui:test:  ✓ src/branding.test.tsx (4 tests) 27ms
clubs-admin:lint: 
clubs-admin:lint: > clubs-admin@0.0.0 lint /Users/jordib/dev/agilityhub/agilityhub-core-web/apps/clubs-admin
@agilityhub/config:typecheck: cache hit, replaying logs d963af231b5e6a98
@agilityhub/ui:test:  ✓ src/index.test.ts (2 tests) 3ms
@agilityhub/ui:test:  ✓ src/icons/Icon.test.tsx (1 test) 78ms
clubs:lint: cache miss, executing 42e8982fb3125f0d
@agilityhub/ui:test:  ✓ src/limited-markdown.test.tsx (1 test) 103ms
@agilityhub/ui:test:  ✓ src/components.test.tsx (27 tests) 201ms
@agilityhub/ui:test: 
@agilityhub/ui:test:  Test Files  6 passed (6)
@agilityhub/ui:test:       Tests  40 passed (40)
@agilityhub/ui:test:    Start at  22:50:42
@agilityhub/ui:test:    Duration  1.44s (environment 70%, setup 15%, transform 8%, tests 6%, import 1%)
@agilityhub/ui:test: 
clubs-admin:lint: > eslint . --max-warnings 0 --config ../../eslint.config.mjs
clubs-admin:lint: 
@agilityhub/auth:lint: 
@agilityhub/auth:lint: > @agilityhub/auth@0.0.0 lint /Users/jordib/dev/agilityhub/agilityhub-core-web/packages/auth
@agilityhub/auth:lint: > eslint src --max-warnings 0 --config ../../eslint.config.mjs
@agilityhub/auth:lint: 
@agilityhub/config:typecheck: 
@agilityhub/config:typecheck: > @agilityhub/config@0.0.0 typecheck /Users/jordib/dev/agilityhub/agilityhub-core-web/packages/config
@agilityhub/config:typecheck: > node --check eslint.config.mjs && node --check prettier.config.mjs && node --check scripts/prepare-husky.mjs
@agilityhub/config:typecheck: 
@agilityhub/ui:typecheck: cache hit, replaying logs f0d40671c90de63c
@agilityhub/ui:typecheck: 
@agilityhub/ui:typecheck: > @agilityhub/ui@0.0.0 typecheck /Users/jordib/dev/agilityhub/agilityhub-core-web/packages/ui
@agilityhub/ui:typecheck: > tsc --noEmit
@agilityhub/ui:typecheck: 
@agilityhub/i18n:test: cache hit, replaying logs 3e5c0d4dbc9d9753
@agilityhub/i18n:test: 
@agilityhub/i18n:test: > @agilityhub/i18n@0.0.0 test /Users/jordib/dev/agilityhub/agilityhub-core-web/packages/i18n
@agilityhub/i18n:test: > vitest run
@agilityhub/i18n:test: 
@agilityhub/i18n:test: 
@agilityhub/i18n:test:  RUN  v5.0.0 /Users/jordib/dev/agilityhub/agilityhub-core-web/packages/i18n
@agilityhub/i18n:test: 
@agilityhub/i18n:test:  ✓ src/locale.test.ts (3 tests) 2ms
@agilityhub/i18n:test:  ✓ src/format.test.ts (8 tests) 23ms
@agilityhub/i18n:test:  ✓ src/index.test.ts (3 tests) 31ms
@agilityhub/i18n:test: 
@agilityhub/i18n:test:  Test Files  3 passed (3)
@agilityhub/i18n:test:       Tests  14 passed (14)
@agilityhub/i18n:test:    Start at  06:47:12
@agilityhub/i18n:test:    Duration  450ms (transform 67%, import 22%, tests 10%, worker 1%)
@agilityhub/i18n:test: 
@agilityhub/api-client:test: cache miss, executing 0fb7c614bdb57197
clubs-admin:build: cache miss, executing 09427e5d9052fb40
@agilityhub/i18n:typecheck: cache miss, executing dcfa9d97f4b9d189
@agilityhub/api-client:lint: cache miss, executing da43c7ec05c13637
id:build: cache miss, executing a8003733f07c79ce
clubs:build: cache miss, executing c6f0c34f80a526f1
@agilityhub/i18n:lint: 
@agilityhub/i18n:lint: > @agilityhub/i18n@0.0.0 lint /Users/jordib/dev/agilityhub/agilityhub-core-web/packages/i18n
@agilityhub/i18n:lint: > eslint src --max-warnings 0 --config ../../eslint.config.mjs
@agilityhub/i18n:lint: 
@agilityhub/api-client:test: 
@agilityhub/api-client:test: > @agilityhub/api-client@0.0.0 test /Users/jordib/dev/agilityhub/agilityhub-core-web/packages/api-client
@agilityhub/api-client:test: > vitest run
@agilityhub/api-client:test: 
clubs:lint: 
clubs:lint: > clubs@0.0.0 lint /Users/jordib/dev/agilityhub/agilityhub-core-web/apps/clubs
clubs:lint: > eslint . --max-warnings 0 --config ../../eslint.config.mjs
clubs:lint: 
clubs:build: 
clubs:build: > clubs@0.0.0 build /Users/jordib/dev/agilityhub/agilityhub-core-web/apps/clubs
clubs:build: > tsc --noEmit && vite build
clubs:build: 
@agilityhub/api-client:typecheck: 
@agilityhub/api-client:typecheck: > @agilityhub/api-client@0.0.0 typecheck /Users/jordib/dev/agilityhub/agilityhub-core-web/packages/api-client
@agilityhub/api-client:typecheck: > tsc --noEmit
@agilityhub/api-client:typecheck: 
@agilityhub/api-client:lint: 
@agilityhub/api-client:lint: > @agilityhub/api-client@0.0.0 lint /Users/jordib/dev/agilityhub/agilityhub-core-web/packages/api-client
@agilityhub/api-client:lint: > eslint src --ignore-pattern src/generated/** --max-warnings 0 --config ../../eslint.config.mjs
@agilityhub/api-client:lint: 
id:build: 
id:build: > id@0.0.0 build /Users/jordib/dev/agilityhub/agilityhub-core-web/apps/id
id:build: > tsc --noEmit && vite build
id:build: 
@agilityhub/i18n:typecheck: 
@agilityhub/i18n:typecheck: > @agilityhub/i18n@0.0.0 typecheck /Users/jordib/dev/agilityhub/agilityhub-core-web/packages/i18n
@agilityhub/i18n:typecheck: > tsc --noEmit
@agilityhub/i18n:typecheck: 
clubs-admin:build: 
clubs-admin:build: > clubs-admin@0.0.0 build /Users/jordib/dev/agilityhub/agilityhub-core-web/apps/clubs-admin
clubs-admin:build: > tsc --noEmit && vite build
clubs-admin:build: 
@agilityhub/api-client:test: 
@agilityhub/api-client:test:  RUN  v5.0.0 /Users/jordib/dev/agilityhub/agilityhub-core-web/packages/api-client
@agilityhub/api-client:test: 
@agilityhub/api-client:test:  ✓ src/mocks/fixtures.contract.test.ts (13 tests) 235ms
@agilityhub/api-client:test:  ✓ src/club-pages.test.ts (1 test) 21ms
@agilityhub/api-client:test:  ✓ src/index.test.ts (10 tests) 435ms
@agilityhub/api-client:test: 
@agilityhub/api-client:test:  Test Files  3 passed (3)
@agilityhub/api-client:test:       Tests  24 passed (24)
@agilityhub/api-client:test:    Start at  06:47:32
@agilityhub/api-client:test:    Duration  1.14s (transform 39%, tests 35%, import 26%)
@agilityhub/api-client:test: 
@agilityhub/auth:test: cache miss, executing 17913fd0c6c305e5
@agilityhub/auth:typecheck: cache miss, executing 8b8a7ccdda34a605
@agilityhub/auth:test: 
@agilityhub/auth:test: > @agilityhub/auth@0.0.0 test /Users/jordib/dev/agilityhub/agilityhub-core-web/packages/auth
@agilityhub/auth:test: > vitest run
@agilityhub/auth:test: 
@agilityhub/auth:typecheck: 
@agilityhub/auth:typecheck: > @agilityhub/auth@0.0.0 typecheck /Users/jordib/dev/agilityhub/agilityhub-core-web/packages/auth
@agilityhub/auth:typecheck: > tsc --noEmit
@agilityhub/auth:typecheck: 
@agilityhub/auth:test: 
@agilityhub/auth:test:  RUN  v5.0.0 /Users/jordib/dev/agilityhub/agilityhub-core-web/packages/auth
@agilityhub/auth:test: 
id:build: vite v8.2.2 building client environment for production...
id:build: transforming...
id:build: ✓ 410 modules transformed.
id:build: rendering chunks...
id:build: computing gzip size...
id:build: dist/index.html                           0.39 kB │ gzip:   0.27 kB
id:build: dist/assets/sprite-BOr1Ydze.svg           5.78 kB │ gzip:   1.52 kB
id:build: dist/assets/index-BhKzMAD5.css           30.91 kB │ gzip:   6.29 kB
id:build: dist/assets/common-wYdVdxup.js            1.31 kB │ gzip:   0.70 kB
id:build: dist/assets/shell-aHeTXtRj.js             1.31 kB │ gzip:   0.70 kB
id:build: dist/assets/shell-j-5bNr7h.js             1.36 kB │ gzip:   0.78 kB
id:build: dist/assets/shell-CFpLUFsp.js             1.39 kB │ gzip:   0.78 kB
id:build: dist/assets/common-CDNUIZ07.js            1.40 kB │ gzip:   0.78 kB
id:build: dist/assets/common-swo0lJlA.js            1.43 kB │ gzip:   0.79 kB
id:build: dist/assets/admin-audit-Cb35gAaM.js       2.80 kB │ gzip:   1.30 kB
id:build: dist/assets/id-cJQwgM2i.js                2.89 kB │ gzip:   1.28 kB
id:build: dist/assets/admin-audit-CraT1vRJ.js       3.03 kB │ gzip:   1.44 kB
id:build: dist/assets/id-Dio3OKNo.js                3.04 kB │ gzip:   1.41 kB
id:build: dist/assets/id-Rnv2hXs4.js                3.10 kB │ gzip:   1.42 kB
id:build: dist/assets/admin-audit-B6oIqDGk.js       3.11 kB │ gzip:   1.46 kB
id:build: dist/assets/auth-B2g8lbGP.js              4.30 kB │ gzip:   1.88 kB
id:build: dist/assets/signup-7RU2BKhI.js            4.49 kB │ gzip:   2.14 kB
id:build: dist/assets/signup-yUKHOkng.js            4.74 kB │ gzip:   2.38 kB
id:build: dist/assets/auth-CPbUJNgL.js              4.74 kB │ gzip:   2.09 kB
id:build: dist/assets/auth-DjeifVuz.js              4.80 kB │ gzip:   2.09 kB
id:build: dist/assets/signup-CnyleRFn.js            4.81 kB │ gzip:   2.40 kB
id:build: dist/assets/admin-catalogs-DAQTDns9.js    5.22 kB │ gzip:   1.95 kB
id:build: dist/assets/admin-catalogs-Coe9B6Bf.js    5.48 kB │ gzip:   2.16 kB
id:build: dist/assets/admin-catalogs-CvR4YWAF.js    5.68 kB │ gzip:   2.19 kB
id:build: dist/assets/census-2y4pkTWD.js            5.96 kB │ gzip:   2.39 kB
id:build: dist/assets/admin-census-CTIeCmYf.js      6.07 kB │ gzip:   2.47 kB
id:build: dist/assets/census-CfjHQ4Uz.js            6.29 kB │ gzip:   2.64 kB
id:build: dist/assets/admin-census-CC5ASpQw.js      6.38 kB │ gzip:   2.70 kB
id:build: dist/assets/census-C9vkPZEn.js            6.47 kB │ gzip:   2.67 kB
id:build: dist/assets/admin-census-BnUcm8M9.js      6.61 kB │ gzip:   2.76 kB
id:build: dist/assets/admin-settings-Bw7UELmU.js   16.96 kB │ gzip:   6.02 kB
id:build: dist/assets/admin-settings-C1VNuHPs.js   18.10 kB │ gzip:   6.60 kB
id:build: dist/assets/admin-settings-DwmS9dGV.js   18.46 kB │ gzip:   6.59 kB
id:build: dist/assets/errors-B-2jHom9.js           21.29 kB │ gzip:   6.91 kB
id:build: dist/assets/errors-DGqtH-UW.js           22.59 kB │ gzip:   7.33 kB
id:build: dist/assets/errors-DKrbhN8m.js           22.59 kB │ gzip:   7.28 kB
id:build: dist/assets/index-DPXAm6vZ.js           319.70 kB │ gzip:  99.22 kB
id:build: dist/assets/browser-BSwUUVNM.js         708.86 kB │ gzip: 327.51 kB
id:build: 
id:build: [plugin builtin:vite-reporter] 
id:build: (!) Some chunks are larger than 500 kB after minification. Consider:
id:build: - Using dynamic import() to code-split the application
id:build: - Use build.rolldownOptions.output.codeSplitting to improve chunking: https://rolldown.rs/reference/OutputOptions.codeSplitting
id:build: - Adjust chunk size limit for this warning via build.chunkSizeWarningLimit.
id:build: ✓ built in 212ms
@agilityhub/auth:test:  ✓ src/auth-client.test.ts (14 tests) 75ms
@agilityhub/auth:test:  ✓ src/session.test.tsx (3 tests) 144ms
@agilityhub/auth:test: 
@agilityhub/auth:test:  Test Files  2 passed (2)
@agilityhub/auth:test:       Tests  17 passed (17)
@agilityhub/auth:test:    Start at  06:47:34
@agilityhub/auth:test:    Duration  1.28s (environment 60%, import 17%, transform 12%, tests 11%)
@agilityhub/auth:test: 
clubs:build: vite v8.2.2 building client environment for production...
clubs:build: transforming...
clubs:build: ✓ 413 modules transformed.
clubs:build: rendering chunks...
clubs:build: computing gzip size...
clubs:build: dist/registerSW.js                        0.13 kB
clubs:build: dist/index.html                           2.78 kB │ gzip:   0.97 kB
clubs:build: dist/assets/sprite-BOr1Ydze.svg           5.78 kB │ gzip:   1.52 kB
clubs:build: dist/assets/index-B056ksZ1.css           54.36 kB │ gzip:   9.44 kB
clubs:build: dist/assets/admin-audit-Cb35gAaM.js       2.80 kB │ gzip:   1.30 kB
clubs:build: dist/assets/id-cJQwgM2i.js                2.89 kB │ gzip:   1.28 kB
clubs:build: dist/assets/admin-audit-CraT1vRJ.js       3.03 kB │ gzip:   1.44 kB
clubs:build: dist/assets/id-Dio3OKNo.js                3.04 kB │ gzip:   1.41 kB
clubs:build: dist/assets/id-Rnv2hXs4.js                3.10 kB │ gzip:   1.42 kB
clubs:build: dist/assets/admin-audit-B6oIqDGk.js       3.11 kB │ gzip:   1.46 kB
clubs:build: dist/assets/auth-B2g8lbGP.js              4.30 kB │ gzip:   1.88 kB
clubs:build: dist/assets/signup-7RU2BKhI.js            4.49 kB │ gzip:   2.14 kB
clubs:build: dist/assets/signup-yUKHOkng.js            4.74 kB │ gzip:   2.38 kB
clubs:build: dist/assets/auth-CPbUJNgL.js              4.74 kB │ gzip:   2.09 kB
clubs:build: dist/assets/auth-DjeifVuz.js              4.80 kB │ gzip:   2.09 kB
clubs:build: dist/assets/signup-CnyleRFn.js            4.81 kB │ gzip:   2.40 kB
clubs:build: dist/assets/admin-catalogs-DAQTDns9.js    5.22 kB │ gzip:   1.95 kB
clubs:build: dist/assets/admin-catalogs-Coe9B6Bf.js    5.48 kB │ gzip:   2.16 kB
clubs:build: dist/assets/admin-catalogs-CvR4YWAF.js    5.68 kB │ gzip:   2.19 kB
clubs:build: dist/assets/census-2y4pkTWD.js            5.96 kB │ gzip:   2.39 kB
clubs:build: dist/assets/admin-census-CTIeCmYf.js      6.07 kB │ gzip:   2.47 kB
clubs:build: dist/assets/census-CfjHQ4Uz.js            6.29 kB │ gzip:   2.64 kB
clubs:build: dist/assets/admin-census-CC5ASpQw.js      6.38 kB │ gzip:   2.70 kB
clubs:build: dist/assets/census-C9vkPZEn.js            6.47 kB │ gzip:   2.67 kB
clubs:build: dist/assets/admin-census-BnUcm8M9.js      6.61 kB │ gzip:   2.76 kB
clubs:build: dist/assets/admin-settings-Bw7UELmU.js   16.96 kB │ gzip:   6.02 kB
clubs:build: dist/assets/admin-settings-C1VNuHPs.js   18.10 kB │ gzip:   6.60 kB
clubs:build: dist/assets/admin-settings-DwmS9dGV.js   18.46 kB │ gzip:   6.59 kB
clubs:build: dist/assets/errors-B-2jHom9.js           21.29 kB │ gzip:   6.91 kB
clubs:build: dist/assets/errors-DGqtH-UW.js           22.59 kB │ gzip:   7.33 kB
clubs:build: dist/assets/errors-DKrbhN8m.js           22.59 kB │ gzip:   7.28 kB
clubs:build: dist/assets/index-DxsqtPFk.js           410.53 kB │ gzip: 123.36 kB
clubs:build: dist/assets/browser-BSwUUVNM.js         708.86 kB │ gzip: 327.51 kB
clubs:build: 
clubs:build: [33m[INEFFECTIVE_DYNAMIC_IMPORT] [0m../../packages/i18n/src/locales/ca/common.json is dynamically imported by ../../packages/i18n/src/resources.ts but also statically imported by ../../packages/i18n/src/catalog.ts, dynamic import will not move module into another chunk.
clubs:build: 
clubs:build: [plugin builtin:vite-reporter] 
clubs:build: (!) Some chunks are larger than 500 kB after minification. Consider:
clubs:build: - Using dynamic import() to code-split the application
clubs:build: - Use build.rolldownOptions.output.codeSplitting to improve chunking: https://rolldown.rs/reference/OutputOptions.codeSplitting
clubs:build: - Adjust chunk size limit for this warning via build.chunkSizeWarningLimit.
clubs:build: [33m[INEFFECTIVE_DYNAMIC_IMPORT] [0m../../packages/i18n/src/locales/ca/shell.json is dynamically imported by ../../packages/i18n/src/resources.ts but also statically imported by ../../packages/i18n/src/catalog.ts, dynamic import will not move module into another chunk.
clubs:build: 
clubs:build: [33m[INEFFECTIVE_DYNAMIC_IMPORT] [0m../../packages/i18n/src/locales/en/common.json is dynamically imported by ../../packages/i18n/src/resources.ts but also statically imported by ../../packages/i18n/src/catalog.ts, dynamic import will not move module into another chunk.
clubs:build: 
clubs:build: [33m[INEFFECTIVE_DYNAMIC_IMPORT] [0m../../packages/i18n/src/locales/en/shell.json is dynamically imported by ../../packages/i18n/src/resources.ts but also statically imported by ../../packages/i18n/src/catalog.ts, dynamic import will not move module into another chunk.
clubs:build: 
clubs:build: [33m[INEFFECTIVE_DYNAMIC_IMPORT] [0m../../packages/i18n/src/locales/es/common.json is dynamically imported by ../../packages/i18n/src/resources.ts but also statically imported by ../../packages/i18n/src/catalog.ts, dynamic import will not move module into another chunk.
clubs:build: 
clubs:build: [33m[INEFFECTIVE_DYNAMIC_IMPORT] [0m../../packages/i18n/src/locales/es/shell.json is dynamically imported by ../../packages/i18n/src/resources.ts but also statically imported by ../../packages/i18n/src/catalog.ts, dynamic import will not move module into another chunk.
clubs:build: 
clubs:build: ✓ built in 161ms
clubs:typecheck: cache miss, executing 72e071ec8a9f11b5
id:typecheck: cache miss, executing 92a9a4361313b27e
clubs:test: cache miss, executing 2598a1e3a3cb124e
id:test: cache miss, executing 8ab286558b3edffa
clubs-admin:test: cache miss, executing e5204addbde9e21f
clubs-admin:typecheck: cache miss, executing 1158ad16e1cd4983
clubs:typecheck: 
clubs:typecheck: > clubs@0.0.0 typecheck /Users/jordib/dev/agilityhub/agilityhub-core-web/apps/clubs
clubs:typecheck: > tsc --noEmit
clubs:typecheck: 
clubs-admin:test: 
clubs-admin:test: > clubs-admin@0.0.0 test /Users/jordib/dev/agilityhub/agilityhub-core-web/apps/clubs-admin
clubs-admin:test: > vitest run
clubs-admin:test: 
clubs:test: 
clubs:test: > clubs@0.0.0 test /Users/jordib/dev/agilityhub/agilityhub-core-web/apps/clubs
clubs:test: > vitest run
clubs:test: 
id:test: 
id:test: > id@0.0.0 test /Users/jordib/dev/agilityhub/agilityhub-core-web/apps/id
id:test: > vitest run
id:test: 
clubs-admin:typecheck: 
clubs-admin:typecheck: > clubs-admin@0.0.0 typecheck /Users/jordib/dev/agilityhub/agilityhub-core-web/apps/clubs-admin
clubs-admin:typecheck: > tsc --noEmit
clubs-admin:typecheck: 
id:typecheck: 
id:typecheck: > id@0.0.0 typecheck /Users/jordib/dev/agilityhub/agilityhub-core-web/apps/id
id:typecheck: > tsc --noEmit
id:typecheck: 
clubs-admin:build: vite v8.2.2 building client environment for production...
clubs-admin:build: transforming...
clubs:test: 
clubs:test:  RUN  v5.0.0 /Users/jordib/dev/agilityhub/agilityhub-core-web/apps/clubs
clubs:test: 
clubs-admin:test: 
clubs-admin:test:  RUN  v5.0.0 /Users/jordib/dev/agilityhub/agilityhub-core-web/apps/clubs-admin
clubs-admin:test: 
id:test: 
id:test:  RUN  v5.0.0 /Users/jordib/dev/agilityhub/agilityhub-core-web/apps/id
id:test: 
clubs-admin:build: ✓ 426 modules transformed.
clubs-admin:build: rendering chunks...
clubs-admin:build: computing gzip size...
clubs-admin:build: dist/index.html                           2.65 kB │ gzip:   0.91 kB
clubs-admin:build: dist/assets/sprite-BOr1Ydze.svg           5.78 kB │ gzip:   1.52 kB
clubs-admin:build: dist/assets/index-CHV8SDJo.css           54.80 kB │ gzip:   9.47 kB
clubs-admin:build: dist/assets/admin-audit-Cb35gAaM.js       2.80 kB │ gzip:   1.30 kB
clubs-admin:build: dist/assets/id-cJQwgM2i.js                2.89 kB │ gzip:   1.28 kB
clubs-admin:build: dist/assets/admin-audit-CraT1vRJ.js       3.03 kB │ gzip:   1.44 kB
clubs-admin:build: dist/assets/id-Dio3OKNo.js                3.04 kB │ gzip:   1.41 kB
clubs-admin:build: dist/assets/id-Rnv2hXs4.js                3.10 kB │ gzip:   1.42 kB
clubs-admin:build: dist/assets/admin-audit-B6oIqDGk.js       3.11 kB │ gzip:   1.46 kB
clubs-admin:build: dist/assets/auth-B2g8lbGP.js              4.30 kB │ gzip:   1.88 kB
clubs-admin:build: dist/assets/signup-7RU2BKhI.js            4.49 kB │ gzip:   2.14 kB
clubs-admin:build: dist/assets/signup-yUKHOkng.js            4.74 kB │ gzip:   2.38 kB
clubs-admin:build: dist/assets/auth-CPbUJNgL.js              4.74 kB │ gzip:   2.09 kB
clubs-admin:build: dist/assets/auth-DjeifVuz.js              4.80 kB │ gzip:   2.09 kB
clubs-admin:build: dist/assets/signup-CnyleRFn.js            4.81 kB │ gzip:   2.40 kB
clubs-admin:build: dist/assets/admin-catalogs-DAQTDns9.js    5.22 kB │ gzip:   1.95 kB
clubs-admin:build: dist/assets/admin-catalogs-Coe9B6Bf.js    5.48 kB │ gzip:   2.16 kB
clubs-admin:build: dist/assets/admin-catalogs-CvR4YWAF.js    5.68 kB │ gzip:   2.19 kB
clubs-admin:build: dist/assets/census-2y4pkTWD.js            5.96 kB │ gzip:   2.39 kB
clubs-admin:build: dist/assets/admin-census-CTIeCmYf.js      6.07 kB │ gzip:   2.47 kB
clubs-admin:build: dist/assets/census-CfjHQ4Uz.js            6.29 kB │ gzip:   2.64 kB
clubs-admin:build: dist/assets/admin-census-CC5ASpQw.js      6.38 kB │ gzip:   2.70 kB
clubs-admin:build: dist/assets/census-C9vkPZEn.js            6.47 kB │ gzip:   2.67 kB
clubs-admin:build: dist/assets/admin-census-BnUcm8M9.js      6.61 kB │ gzip:   2.76 kB
clubs-admin:build: dist/assets/admin-settings-Bw7UELmU.js   16.96 kB │ gzip:   6.02 kB
clubs-admin:build: dist/assets/admin-settings-C1VNuHPs.js   18.10 kB │ gzip:   6.60 kB
clubs-admin:build: dist/assets/admin-settings-DwmS9dGV.js   18.46 kB │ gzip:   6.59 kB
clubs-admin:build: dist/assets/errors-B-2jHom9.js           21.29 kB │ gzip:   6.91 kB
clubs-admin:build: dist/assets/errors-DGqtH-UW.js           22.59 kB │ gzip:   7.33 kB
clubs-admin:build: dist/assets/errors-DKrbhN8m.js           22.59 kB │ gzip:   7.28 kB
clubs-admin:build: dist/assets/browser-CeRplaHH.js         520.64 kB │ gzip: 184.87 kB
clubs-admin:build: dist/assets/index-B3xgTj6k.js           705.61 kB │ gzip: 287.97 kB
clubs-admin:build: 
clubs-admin:build: [33m[INEFFECTIVE_DYNAMIC_IMPORT] [0m../../packages/i18n/src/locales/ca/common.json is dynamically imported by ../../packages/i18n/src/resources.ts but also statically imported by ../../packages/i18n/src/catalog.ts, dynamic import will not move module into another chunk.
clubs-admin:build: 
clubs-admin:build: [plugin builtin:vite-reporter] 
clubs-admin:build: (!) Some chunks are larger than 500 kB after minification. Consider:
clubs-admin:build: - Using dynamic import() to code-split the application
clubs-admin:build: - Use build.rolldownOptions.output.codeSplitting to improve chunking: https://rolldown.rs/reference/OutputOptions.codeSplitting
clubs-admin:build: - Adjust chunk size limit for this warning via build.chunkSizeWarningLimit.
clubs-admin:build: [33m[INEFFECTIVE_DYNAMIC_IMPORT] [0m../../packages/i18n/src/locales/ca/shell.json is dynamically imported by ../../packages/i18n/src/resources.ts but also statically imported by ../../packages/i18n/src/catalog.ts, dynamic import will not move module into another chunk.
clubs-admin:build: 
clubs-admin:build: [33m[INEFFECTIVE_DYNAMIC_IMPORT] [0m../../packages/i18n/src/locales/en/common.json is dynamically imported by ../../packages/i18n/src/resources.ts but also statically imported by ../../packages/i18n/src/catalog.ts, dynamic import will not move module into another chunk.
clubs-admin:build: 
clubs-admin:build: [33m[INEFFECTIVE_DYNAMIC_IMPORT] [0m../../packages/i18n/src/locales/en/shell.json is dynamically imported by ../../packages/i18n/src/resources.ts but also statically imported by ../../packages/i18n/src/catalog.ts, dynamic import will not move module into another chunk.
clubs-admin:build: 
clubs-admin:build: [33m[INEFFECTIVE_DYNAMIC_IMPORT] [0m../../packages/i18n/src/locales/es/common.json is dynamically imported by ../../packages/i18n/src/resources.ts but also statically imported by ../../packages/i18n/src/catalog.ts, dynamic import will not move module into another chunk.
clubs-admin:build: 
clubs-admin:build: [33m[INEFFECTIVE_DYNAMIC_IMPORT] [0m../../packages/i18n/src/locales/es/shell.json is dynamically imported by ../../packages/i18n/src/resources.ts but also statically imported by ../../packages/i18n/src/catalog.ts, dynamic import will not move module into another chunk.
clubs-admin:build: 
clubs-admin:build: ✓ built in 275ms
clubs:build: 
clubs:build: PWA v1.3.0
clubs:build: mode      generateSW
clubs:build: precache  33 entries (1373.49 KiB)
clubs:build: files generated
clubs:build:   dist/sw.js
clubs:build:   dist/workbox-9c191d2f.js
clubs-admin:test:  ✓ src/catalogs/derived-settings.test.ts (2 tests) 3ms
clubs:test: stderr | src/InfoPage.test.tsx > T-05-CP-07 screen 30 Info > shows FAQ, rules and other active pages only
clubs:test: [BrandingProvider] Club Agility Cànic: primary and onPrimary contrast (3.32:1) is below WCAG AA.
clubs:test: 
clubs-admin:test: stderr | src/census/CensusRecordPage.test.tsx > T-03-39 D10 member record > renders the approved badges, masked account, consent warning, dog rights, and WhatsApp URL
clubs-admin:test: [BrandingProvider] Club Agility Cànic: primary and onPrimary contrast (3.32:1) is below WCAG AA.
clubs-admin:test: 
clubs:test: stderr | src/SignupPage.test.tsx > T-04-29 signup person and draft > persists a current draft, expires it after 24 hours and maps identity states
clubs:test: [BrandingProvider] Club Agility Cànic: primary and onPrimary contrast (3.32:1) is below WCAG AA.
clubs:test: 
clubs-admin:test: stderr | src/census/CensusListPage.test.tsx > T-03-38 D5 universal member list > renders applied filters and preserves selection when page size changes
clubs-admin:test: [BrandingProvider] Club Agility Cànic: primary and onPrimary contrast (3.32:1) is below WCAG AA.
clubs-admin:test: 
clubs-admin:test: stderr | src/audit/AuditPage.test.tsx > T-14-26 member audit and exports > filters by action and opens the masked before/after change drawer
clubs-admin:test: [BrandingProvider] Club Agility Cànic: primary and onPrimary contrast (3.32:1) is below WCAG AA.
clubs-admin:test: 
clubs:test: stderr | src/App.test.tsx > T-02-14 clubs shell > uses the compact mark with the runtime club name
clubs:test: [BrandingProvider] Club Agility Cànic: primary and onPrimary contrast (3.32:1) is below WCAG AA.
clubs:test: 
clubs-admin:test: stderr | src/catalogs/ClubPagesCard.test.tsx > T-05-CP-07 club page editor > warns about provisional text and confirms the next consent version before publishing
clubs-admin:test: [BrandingProvider] Club Agility Cànic: primary and onPrimary contrast (3.32:1) is below WCAG AA.
clubs-admin:test: 
clubs:test: stderr | src/InfoPage.test.tsx > T-05-CP-07 screen 30 Info > keeps Info available without the FAQ module and omits the FAQ tab
clubs:test: [BrandingProvider] Club Agility Cànic: primary and onPrimary contrast (3.32:1) is below WCAG AA.
clubs:test: 
clubs:test:  ✓ src/InfoPage.test.tsx (2 tests) 272ms
clubs:test: stderr | src/App.test.tsx > T-02-14 clubs shell > filters the six-tab mockup navigation by modules and roles
clubs:test: [BrandingProvider] Club Agility Cànic: primary and onPrimary contrast (3.32:1) is below WCAG AA.
clubs:test: 
clubs:test: stderr | src/App.test.tsx > T-02-14 clubs shell > omits Entrenaments when FREE_TRAINING is disabled
clubs:test: [BrandingProvider] Club Agility Cànic: primary and onPrimary contrast (3.32:1) is below WCAG AA.
clubs:test: 
clubs:test: stderr | src/App.test.tsx > T-01-18 access screen > uses the exact access actions, focuses an empty email and gates signup
clubs:test: [BrandingProvider] Club Agility Cànic: primary and onPrimary contrast (3.32:1) is below WCAG AA.
clubs:test: 
clubs-admin:test: stderr | src/census/CensusRecordPage.test.tsx > T-03-39 D10 member record > blocks and unblocks new bookings with the required reason
clubs-admin:test: [BrandingProvider] Club Agility Cànic: primary and onPrimary contrast (3.32:1) is below WCAG AA.
clubs-admin:test: 
clubs-admin:test: stderr | src/catalogs/ClubPagesCard.test.tsx > T-05-CP-07 club page editor > maps STALE_VERSION to the page-specific reload message
clubs-admin:test: [BrandingProvider] Club Agility Cànic: primary and onPrimary contrast (3.32:1) is below WCAG AA.
clubs-admin:test: 
clubs:test: stderr | src/App.test.tsx > T-01-18 access screen > uses the exact access actions, focuses an empty email and gates signup
clubs:test: [BrandingProvider] Club Mínim: primary and onPrimary contrast (3.32:1) is below WCAG AA.
clubs:test: 
clubs:test: stderr | src/SignupPage.test.tsx > T-04-29 signup person and draft > persists a current draft, expires it after 24 hours and maps identity states
clubs:test: [BrandingProvider] Club Agility Cànic: primary and onPrimary contrast (3.32:1) is below WCAG AA.
clubs:test: 
id:test:  ✓ src/App.test.tsx (9 tests) 617ms
clubs:test: stderr | src/App.test.tsx > T-01-18 access screen > shows the Retry-After countdown and disables requests
clubs:test: [BrandingProvider] Club Agility Cànic: primary and onPrimary contrast (3.32:1) is below WCAG AA.
clubs:test: 
id:test: 
id:test:  Test Files  1 passed (1)
id:test:       Tests  9 passed (9)
id:test:    Start at  06:47:36
id:test:    Duration  2.38s (environment 41%, tests 28%, transform 19%, setup 9%, import 3%)
id:test: 
clubs-admin:test: stderr | src/App.test.tsx > T-02-14 clubs-admin shell > uses the compact mark with the runtime club name
clubs-admin:test: [BrandingProvider] Club Agility Cànic: primary and onPrimary contrast (3.32:1) is below WCAG AA.
clubs-admin:test: 
clubs-admin:test:  ✓ src/catalogs/ClubPagesCard.test.tsx (2 tests) 439ms
clubs-admin:test:    ✓ T-05-CP-07 club page editor (2)
clubs-admin:test:      ✓ warns about provisional text and confirms the next consent version before publishing 351ms
clubs:test: stderr | src/SignupPage.test.tsx > T-04-29 signup person and draft > persists a current draft, expires it after 24 hours and maps identity states
clubs:test: [BrandingProvider] Club Agility Cànic: primary and onPrimary contrast (3.32:1) is below WCAG AA.
clubs:test: 
clubs:test: stderr | src/App.test.tsx > T-01-19 activation screen > renders gender-aware, reset and invalid-link variants
clubs:test: [BrandingProvider] Club Agility Cànic: primary and onPrimary contrast (3.32:1) is below WCAG AA.
clubs:test: 
clubs:test: stderr | src/SignupPage.test.tsx > T-04-29 signup person and draft > keeps the draft and refetches localized configuration after a language change
clubs:test: [BrandingProvider] Club Agility Cànic: primary and onPrimary contrast (3.32:1) is below WCAG AA.
clubs:test: 
clubs:test: stderr | src/App.test.tsx > T-01-19 activation screen > renders gender-aware, reset and invalid-link variants
clubs:test: [BrandingProvider] Club Agility Cànic: primary and onPrimary contrast (3.32:1) is below WCAG AA.
clubs:test: 
clubs-admin:test: stderr | src/audit/AuditPage.test.tsx > T-14-26 member audit and exports > opens the exports drawer for a queued job and exposes its READY download
clubs-admin:test: [BrandingProvider] Club Agility Cànic: primary and onPrimary contrast (3.32:1) is below WCAG AA.
clubs-admin:test: 
clubs-admin:test: stderr | src/App.test.tsx > T-02-14 clubs-admin shell > hides the Configuració group from instructors
clubs-admin:test: [BrandingProvider] Club Agility Cànic: primary and onPrimary contrast (3.32:1) is below WCAG AA.
clubs-admin:test: 
clubs:test: stderr | src/App.test.tsx > T-01-19 activation screen > renders gender-aware, reset and invalid-link variants
clubs:test: [BrandingProvider] Club Agility Cànic: primary and onPrimary contrast (3.32:1) is below WCAG AA.
clubs:test: 
clubs-admin:test: stderr | src/App.test.tsx > T-02-14 clubs-admin shell > shows the fixed sidebar groups to administrators
clubs-admin:test: [BrandingProvider] Club Agility Cànic: primary and onPrimary contrast (3.32:1) is below WCAG AA.
clubs-admin:test: 
clubs-admin:test: stderr | src/census/CensusRecordPage.test.tsx > T-03-39 D10 member record > maps STALE_VERSION when another administrator edited the member
clubs-admin:test: [BrandingProvider] Club Agility Cànic: primary and onPrimary contrast (3.32:1) is below WCAG AA.
clubs-admin:test: 
clubs:test: stderr | src/App.test.tsx > T-01-19 activation screen > renders gender-aware, reset and invalid-link variants
clubs:test: [BrandingProvider] Club Agility Cànic: primary and onPrimary contrast (3.32:1) is below WCAG AA.
clubs:test: 
clubs-admin:test: stderr | src/App.test.tsx > T-01-18 clubs-admin access > offers magic-link and password entry with the shared auth components
clubs-admin:test: [BrandingProvider] Club Agility Cànic: primary and onPrimary contrast (3.32:1) is below WCAG AA.
clubs-admin:test: 
clubs:test: stderr | src/SignupPage.test.tsx > T-04-30 signup dog, uploads, plans and module gates > uploads sequentially named vaccination pages and renders API plans
clubs:test: [BrandingProvider] Club Agility Cànic: primary and onPrimary contrast (3.32:1) is below WCAG AA.
clubs:test: 
clubs:test: stderr | src/App.test.tsx > T-01-19 activation screen > renders gender-aware, reset and invalid-link variants
clubs:test: [BrandingProvider] Club Agility Cànic: primary and onPrimary contrast (3.32:1) is below WCAG AA.
clubs:test: 
clubs:test: stderr | src/App.test.tsx > T-01-20 profile choice > shows cards for every available role and sends the remember choice
clubs:test: [BrandingProvider] Club Agility Cànic: primary and onPrimary contrast (3.32:1) is below WCAG AA.
clubs:test: 
clubs-admin:test: stderr | src/App.test.tsx > T-01-20 clubs-admin handoff > exchanges the one-time handoff code on the landing route
clubs-admin:test: [BrandingProvider] Club Agility Cànic: primary and onPrimary contrast (3.32:1) is below WCAG AA.
clubs-admin:test: 
clubs:test: stderr | src/App.test.tsx > T-01-21 profile access rows and impersonation > renders the mockup rows in order without account sessions or backoffice handoff
clubs:test: [BrandingProvider] Club Agility Cànic: primary and onPrimary contrast (3.32:1) is below WCAG AA.
clubs:test: 
clubs-admin:test: stderr | src/App.test.tsx > T-01-26 clubs-admin onboarding > shows profile completion as a non-dismissible backoffice modal
clubs-admin:test: [BrandingProvider] Club Agility Cànic: primary and onPrimary contrast (3.32:1) is below WCAG AA.
clubs-admin:test: 
clubs-admin:test: stderr | src/census/CensusListPage.test.tsx > T-03-38 D5 universal member list > toggles visible columns and synchronizes the ordered fields to the URL
clubs-admin:test: [BrandingProvider] Club Agility Cànic: primary and onPrimary contrast (3.32:1) is below WCAG AA.
clubs-admin:test: 
clubs:test: stderr | src/SignupPage.test.tsx > T-04-30 signup dog, uploads, plans and module gates > removes amounts without BILLING and the family offer and step without FAMILY_GROUP
clubs:test: [BrandingProvider] Club Agility Cànic: primary and onPrimary contrast (3.32:1) is below WCAG AA.
clubs:test: 
clubs-admin:test: stderr | src/census/CensusRecordPage.test.tsx > T-03-38 dog record > shows the complete dog record and changes level without a booking warning
clubs-admin:test: [BrandingProvider] Club Agility Cànic: primary and onPrimary contrast (3.32:1) is below WCAG AA.
clubs-admin:test: 
clubs:test: stderr | src/SignupPage.test.tsx > T-04-30 signup dog, uploads, plans and module gates > removes amounts without BILLING and the family offer and step without FAMILY_GROUP
clubs:test: [BrandingProvider] Club Agility Cànic: primary and onPrimary contrast (3.32:1) is below WCAG AA.
clubs:test: 
clubs:test: stderr | src/SignupPage.test.tsx > T-04-31 signup family lookup > continues empty, resolves the fixture family and supports a pending lookup
clubs:test: [BrandingProvider] Club Agility Cànic: primary and onPrimary contrast (3.32:1) is below WCAG AA.
clubs:test: 
clubs-admin:test: stderr | src/App.test.tsx > T-01-26 clubs-admin onboarding > removes the postpone action when the policy limit is exhausted
clubs-admin:test: [BrandingProvider] Club Agility Cànic: primary and onPrimary contrast (3.32:1) is below WCAG AA.
clubs-admin:test: 
clubs:test: stderr | src/SignupPage.test.tsx > T-04-31 signup family lookup > continues empty, resolves the fixture family and supports a pending lookup
clubs:test: [BrandingProvider] Club Agility Cànic: primary and onPrimary contrast (3.32:1) is below WCAG AA.
clubs:test: 
clubs:test: stderr | src/App.test.tsx > T-01-21 profile access rows and impersonation > keeps the impersonation banner visible from /me
clubs:test: [BrandingProvider] Club Agility Cànic: primary and onPrimary contrast (3.32:1) is below WCAG AA.
clubs:test: 
clubs-admin:test:  ✓ src/App.test.tsx (8 tests) 448ms
clubs:test: stderr | src/App.test.tsx > T-01-26 imported-account onboarding and policy re-consent > renders configured fields and sends consent, profile data and image choice
clubs:test: [BrandingProvider] Club Agility Cànic: primary and onPrimary contrast (3.32:1) is below WCAG AA.
clubs:test: 
clubs:test: stderr | src/SignupPage.test.tsx > T-04-31 signup family lookup > continues empty, resolves the fixture family and supports a pending lookup
clubs:test: [BrandingProvider] Club Agility Cànic: primary and onPrimary contrast (3.32:1) is below WCAG AA.
clubs:test: 
clubs:test: stderr | src/SignupPage.test.tsx > T-04-31 signup family lookup > continues empty, resolves the fixture family and supports a pending lookup
clubs:test: [BrandingProvider] Club Agility Cànic: primary and onPrimary contrast (3.32:1) is below WCAG AA.
clubs:test: 
clubs:test: stderr | src/App.test.tsx > T-01-26 imported-account onboarding and policy re-consent > redirects blocking onboarding and permits a policy postponement
clubs:test: [BrandingProvider] Club Agility Cànic: primary and onPrimary contrast (3.32:1) is below WCAG AA.
clubs:test: 
clubs:test: stderr | src/SignupPage.test.tsx > T-04-31 signup family lookup > keeps the dog draft when returning from the family step
clubs:test: [BrandingProvider] Club Agility Cànic: primary and onPrimary contrast (3.32:1) is below WCAG AA.
clubs:test: 
clubs:test: stderr | src/App.test.tsx > T-01-26 imported-account onboarding and policy re-consent > redirects blocking onboarding and permits a policy postponement
clubs:test: [BrandingProvider] Club Agility Cànic: primary and onPrimary contrast (3.32:1) is below WCAG AA.
clubs:test: 
clubs-admin:test: stderr | src/census/CensusRecordPage.test.tsx > T-03-38 dog record > deactivates and reactivates a dog without deleting its record
clubs-admin:test: [BrandingProvider] Club Agility Cànic: primary and onPrimary contrast (3.32:1) is below WCAG AA.
clubs-admin:test: 
clubs:test: stderr | src/SignupPage.test.tsx > T-04-32 signup payment, checkout and add-dog mode > renders API totals and payment conditions and submits only after privacy consent
clubs:test: [BrandingProvider] Club Agility Cànic: primary and onPrimary contrast (3.32:1) is below WCAG AA.
clubs:test: 
clubs:test: stderr | src/App.test.tsx > T-01-26 imported-account onboarding and policy re-consent > reloads an outdated policy version before accepting it
clubs:test: [BrandingProvider] Club Agility Cànic: primary and onPrimary contrast (3.32:1) is below WCAG AA.
clubs:test: 
clubs:test: stderr | src/SignupPage.test.tsx > T-04-32 signup payment, checkout and add-dog mode > redirects through checkout when Stripe is enabled
clubs:test: [BrandingProvider] Club Agility Cànic: primary and onPrimary contrast (3.32:1) is below WCAG AA.
clubs:test: 
clubs:test: stderr | src/App.test.tsx > T-01-26 imported-account onboarding and policy re-consent > renders the screen and pop-up in Catalan, Spanish and English
clubs:test: [BrandingProvider] Club Mínim: primary and onPrimary contrast (3.32:1) is below WCAG AA.
clubs:test: 
clubs:test: stderr | src/App.test.tsx > T-01-26 imported-account onboarding and policy re-consent > renders the screen and pop-up in Catalan, Spanish and English
clubs:test: [BrandingProvider] Club Mínim: primary and onPrimary contrast (3.32:1) is below WCAG AA.
clubs:test: 
clubs:test: stderr | src/SignupPage.test.tsx > T-04-32 signup payment, checkout and add-dog mode > uses the member plan and payment method and posts the add-dog flow
clubs:test: [BrandingProvider] Club Agility Cànic: primary and onPrimary contrast (3.32:1) is below WCAG AA.
clubs:test: 
clubs:test: stderr | src/App.test.tsx > T-01-26 imported-account onboarding and policy re-consent > renders the screen and pop-up in Catalan, Spanish and English
clubs:test: [BrandingProvider] Club Mínim: primary and onPrimary contrast (3.32:1) is below WCAG AA.
clubs:test: 
clubs-admin:test: stderr | src/census/CensusListPage.test.tsx > T-03-42 D15 translated dog list > renders the approved columns and dog record links
clubs-admin:test: [BrandingProvider] Club Agility Cànic: primary and onPrimary contrast (3.32:1) is below WCAG AA.
clubs-admin:test: 
clubs:test: stderr | src/App.test.tsx > T-01-26 imported-account onboarding and policy re-consent > renders the screen and pop-up in Catalan, Spanish and English
clubs:test: [BrandingProvider] Club Mínim: primary and onPrimary contrast (3.32:1) is below WCAG AA.
clubs:test: 
clubs:test:  ✓ src/SignupPage.test.tsx (9 tests) 1122ms
clubs:test:    ✓ T-04-29 signup person and draft (2)
clubs:test:      ✓ persists a current draft, expires it after 24 hours and maps identity states 518ms
clubs:test: stderr | src/App.test.tsx > T-01-26 imported-account onboarding and policy re-consent > renders the screen and pop-up in Catalan, Spanish and English
clubs:test: [BrandingProvider] Club Mínim: primary and onPrimary contrast (3.32:1) is below WCAG AA.
clubs:test: 
clubs:test: stderr | src/App.test.tsx > T-01-26 imported-account onboarding and policy re-consent > renders the screen and pop-up in Catalan, Spanish and English
clubs:test: [BrandingProvider] Club Mínim: primary and onPrimary contrast (3.32:1) is below WCAG AA.
clubs:test: 
clubs:test: stderr | src/App.test.tsx > T-03-40 mobile own dogs > renders own dogs, saves the note, shows task totals and gates TASKS
clubs:test: [BrandingProvider] Club Agility Cànic: primary and onPrimary contrast (3.32:1) is below WCAG AA.
clubs:test: 
clubs-admin:test:  ✓ src/census/CensusRecordPage.test.tsx (5 tests) 1148ms
clubs-admin:test:    ✓ T-03-39 D10 member record (3)
clubs-admin:test:      ✓ renders the approved badges, masked account, consent warning, dog rights, and WhatsApp URL 342ms
clubs:test: stderr | src/App.test.tsx > T-03-40 mobile own dogs > renders own dogs, saves the note, shows task totals and gates TASKS
clubs:test: [BrandingProvider] Club Mínim: primary and onPrimary contrast (3.32:1) is below WCAG AA.
clubs:test: 
clubs:test: stderr | src/App.test.tsx > T-03-41 mobile own data > keeps identity read-only, resolves towns, maps READ_ONLY and gates billing
clubs:test: [BrandingProvider] Club Agility Cànic: primary and onPrimary contrast (3.32:1) is below WCAG AA.
clubs:test: 
clubs:test: stderr | src/App.test.tsx > T-03-41 mobile own data > keeps identity read-only, resolves towns, maps READ_ONLY and gates billing
clubs:test: [BrandingProvider] Club Mínim: primary and onPrimary contrast (3.32:1) is below WCAG AA.
clubs:test: 
clubs:test:  ✓ src/App.test.tsx (17 tests) 1270ms
clubs:test: 
clubs:test:  Test Files  3 passed (3)
clubs:test:       Tests  28 passed (28)
clubs:test:    Start at  06:47:36
clubs:test:    Duration  3.35s (environment 34%, tests 32%, transform 18%, setup 8%, import 7%)
clubs:test: 
clubs:lint: 
clubs:lint: /Users/jordib/dev/agilityhub/agilityhub-core-web/apps/clubs/src/App.tsx
clubs:lint:   1152:65  error  Returning a void expression from an arrow function shorthand is forbidden. Please add braces to the arrow function  @typescript-eslint/no-confusing-void-expression
clubs:lint:   1167:35  error  Returning a void expression from an arrow function shorthand is forbidden. Please add braces to the arrow function  @typescript-eslint/no-confusing-void-expression
clubs:lint: 
clubs:lint: ✖ 2 problems (2 errors, 0 warnings)
clubs:lint:   2 errors and 0 warnings potentially fixable with the `--fix` option.
clubs:lint: 
clubs:lint:  ELIFECYCLE  Command failed with exit code 1.
clubs#lint:  ERROR  command (/Users/jordib/dev/agilityhub/agilityhub-core-web/apps/clubs) /Users/jordib/.nvm/versions/node/v24.15.0/bin/pnpm run lint exited (1)

 Tasks:    22 successful, 26 total
Cached:    9 cached, 26 total
  Time:    8.588s 
Failed:    clubs#lint

 ERROR  run failed: command  exited (1)
