
> agilityhub-core-web@0.0.0 e2e:core /Users/jordib/dev/agilityhub/agilityhub-core-web
> bash scripts/e2e-core.sh E5-W04 e5-core.spec.ts

E4_WEEK_START=2026-09-21 (club-local Monday, Europe/Madrid)
E5_WEEK_START=2026-09-28 (club-local Monday on or after today, Europe/Madrid)
 Network agilityhub-e5-w04_default Creating 
 Network agilityhub-e5-w04_default Creating 
 Volume agilityhub-e5-w04_mongo-data Creating 
 Volume agilityhub-e5-w04_mongo-data Creating 
 Volume agilityhub-e5-w04_mailbox Creating 
 Volume agilityhub-e5-w04_mailbox Creating 
 Volume agilityhub-e5-w04_export-files Creating 
 Volume agilityhub-e5-w04_export-files Creating 
 Volume agilityhub-e5-w04_mongo-data Created 
 Volume agilityhub-e5-w04_mongo-data Created 
 Volume agilityhub-e5-w04_mailbox Created 
 Volume agilityhub-e5-w04_mailbox Created 
 Volume agilityhub-e5-w04_export-files Created 
 Volume agilityhub-e5-w04_export-files Created 
 Network agilityhub-e5-w04_default Created 
 Network agilityhub-e5-w04_default Created 
 Container agilityhub-e5-w04-mongo-1 Creating 
 Container agilityhub-e5-w04-mongo-1 Created 
 Container agilityhub-e5-w04-seed-1 Creating 
 Container agilityhub-e5-w04-seed-1 Created 
 Container agilityhub-e5-w04-activate-demo-club-1 Creating 
 Container agilityhub-e5-w04-activate-demo-club-1 Created 
 Container agilityhub-e5-w04-core-1 Creating 
 Container agilityhub-e5-w04-core-1 Created 
 Container agilityhub-e5-w04-mongo-1 Starting 
 Container agilityhub-e5-w04-mongo-1 Started 
 Container agilityhub-e5-w04-mongo-1 Waiting 
 Container agilityhub-e5-w04-mongo-1 Healthy 
 Container agilityhub-e5-w04-seed-1 Starting 
 Container agilityhub-e5-w04-seed-1 Started 
 Container agilityhub-e5-w04-seed-1 Waiting 
 Container agilityhub-e5-w04-seed-1 Exited 
 Container agilityhub-e5-w04-activate-demo-club-1 Starting 
 Container agilityhub-e5-w04-activate-demo-club-1 Started 
 Container agilityhub-e5-w04-activate-demo-club-1 Waiting 
 Container agilityhub-e5-w04-mongo-1 Waiting 
 Container agilityhub-e5-w04-activate-demo-club-1 Exited 
 Container agilityhub-e5-w04-mongo-1 Healthy 
 Container agilityhub-e5-w04-core-1 Starting 
 Container agilityhub-e5-w04-core-1 Started 
 Container agilityhub-e5-w04-activate-demo-club-1 Waiting 
 Container agilityhub-e5-w04-core-1 Waiting 
 Container agilityhub-e5-w04-mongo-1 Waiting 
 Container agilityhub-e5-w04-seed-1 Waiting 
 Container agilityhub-e5-w04-seed-1 Exited 
 Container agilityhub-e5-w04-activate-demo-club-1 Exited 
 Container agilityhub-e5-w04-mongo-1 Healthy 
 Container agilityhub-e5-w04-core-1 Healthy 
seed log: /Users/jordib/dev/agilityhub/agilityhub-core-web/roadmap/evidence/E5-W04/seed-files.log (106 lines)
 Container agilityhub-e5-w04-mongo-1 Running 
 Container agilityhub-e5-w04-core-1 Running 
 Container agilityhub-e5-w04-mongo-1 Waiting 
 Container agilityhub-e5-w04-mongo-1 Healthy 
 Container agilityhub-e5-w04-seed-1 Starting 
 Container agilityhub-e5-w04-seed-1 Started 
 Container agilityhub-e5-w04-seed-1 Waiting 
 Container agilityhub-e5-w04-seed-1 Exited 
 Container agilityhub-e5-w04-activate-demo-club-1 Starting 
 Container agilityhub-e5-w04-activate-demo-club-1 Started 
 Container agilityhub-e5-w04-activate-demo-club-1 Waiting 
 Container agilityhub-e5-w04-mongo-1 Waiting 
 Container agilityhub-e5-w04-activate-demo-club-1 Exited 
 Container agilityhub-e5-w04-mongo-1 Healthy 
 Container agilityhub-e5-w04-core-1 Waiting 
 Container agilityhub-e5-w04-core-1 Healthy 
 Container agilityhub-e5-w04-playwright-run-6b8c4c19c4f9 Creating 
 Container agilityhub-e5-w04-playwright-run-6b8c4c19c4f9 Created 
! Corepack is about to download https://registry.npmjs.org/pnpm/-/pnpm-9.15.9.tgz
 WARN  Unsupported engine: wanted: {"node":">=22 <23"} (current: {"node":"v24.20.0","pnpm":"9.15.9"})
(node:20) [DEP0169] DeprecationWarning: `url.parse()` behavior is not standardized and prone to errors that have security implications. Use the WHATWG URL API instead. CVEs are not issued for `url.parse()` vulnerabilities.
(Use `node --trace-deprecation ...` to show where the warning was created)
Scope: all 11 workspace projects
Lockfile is up to date, resolution step is skipped
Progress: resolved 1, reused 0, downloaded 0, added 0
Packages: +851
++++++++++++++++++++++++++++++++++++++++++++++++++++++++++++++++++++++++++++++++
Progress: resolved 851, reused 0, downloaded 143, added 143
Progress: resolved 851, reused 0, downloaded 367, added 367
Progress: resolved 851, reused 0, downloaded 536, added 536
Progress: resolved 851, reused 0, downloaded 550, added 550
Progress: resolved 851, reused 0, downloaded 602, added 602
Progress: resolved 851, reused 0, downloaded 684, added 684
Progress: resolved 851, reused 0, downloaded 787, added 787
Progress: resolved 851, reused 0, downloaded 849, added 849
Progress: resolved 851, reused 0, downloaded 850, added 850
Progress: resolved 851, reused 0, downloaded 851, added 851, done
.../node_modules/unrs-resolver postinstall$ node postinstall.js
.../node_modules/msw postinstall$ node -e "import('./config/scripts/postinstall.js').catch(() => void 0)"
.../esbuild@0.25.12/node_modules/esbuild postinstall$ node install.js
.../node_modules/unrs-resolver postinstall: Done
.../node_modules/msw postinstall: Done
.../esbuild@0.25.12/node_modules/esbuild postinstall: Done

devDependencies:
+ @commitlint/cli 21.2.2
+ @commitlint/config-conventional 21.2.2
+ @eslint/css 2.0.0
+ @eslint/js 9.39.5
+ @playwright/test 1.63.0
+ @size-limit/file 13.0.3
+ @types/node 24.13.3
+ eslint 9.39.5
+ eslint-import-resolver-typescript 4.4.5
+ eslint-plugin-import 2.32.0
+ eslint-plugin-jsx-a11y 6.10.2
+ eslint-plugin-react 7.37.5
+ eslint-plugin-react-hooks 7.1.1
+ globals 17.12.0
+ husky 9.1.7
+ i18next-parser 9.4.0
+ lint-staged 17.5.0
+ msw 2.15.0
+ prettier 3.9.6
+ size-limit 13.0.3
+ turbo 2.10.12
+ typescript 5.9.3
+ typescript-eslint 8.69.0

. prepare$ node packages/config/scripts/prepare-husky.mjs
. prepare: .git can't be found
. prepare: Done
Done in 9.7s using pnpm v9.15.9
[WebServer] (node:134) [DEP0169] DeprecationWarning: `url.parse()` behavior is not standardized and prone to errors that have security implications. Use the WHATWG URL API instead. CVEs are not issued for `url.parse()` vulnerabilities.
[WebServer] (Use `node --trace-deprecation ...` to show where the warning was created)

[WebServer] (node:214) [DEP0169] DeprecationWarning: `url.parse()` behavior is not standardized and prone to errors that have security implications. Use the WHATWG URL API instead. CVEs are not issued for `url.parse()` vulnerabilities.
[WebServer] (Use `node --trace-deprecation ...` to show where the warning was created)


[WebServer] (node:312) [DEP0169] DeprecationWarning: `url.parse()` behavior is not standardized and prone to errors that have security implications. Use the WHATWG URL API instead. CVEs are not issued for `url.parse()` vulnerabilities.
[WebServer] (Use `node --trace-deprecation ...` to show where the warning was created)

Running 1 test using 1 worker

[1/1] e2e/core/e5-core.spec.ts:173:5 › E5-W04 step 2 · the seed the run starts from, and whether POST /test/clock exists
  1) e2e/core/e5-core.spec.ts:173:5 › E5-W04 step 2 · the seed the run starts from, and whether POST /test/clock exists 

    Error: page.evaluate: Execution context was destroyed, most likely because of a navigation

      138 |   body?: unknown,
      139 | ): Promise<{ body: unknown; status: number }> {
    > 140 |   return page.evaluate(
          |               ^
      141 |     async ({ auth, callBody, callMethod, callUrl }) => {
      142 |       const response = await fetch(callUrl, {
      143 |         headers: {
        at coreCall (/work/e2e/core/e5-core.spec.ts:140:15)
        at asAdmin (/work/e2e/core/e5-core.spec.ts:184:5)
        at /work/e2e/core/e5-core.spec.ts:197:26

    attachment #1: oauth-token-calls (text/plain) ──────────────────────────────────────────────────
    2026-09-27T12:00:53.642Z grant_type=refresh_token status=400 cookie=none test="E5-W04 step 2 · the seed the run starts from, and whether POST /test/clock exists" body={"code":"REFRESH_EXPIRED"}
    2026-09-27T12:00:53.817Z grant_type=password status=200 cookie=none test="E5-W04 step 2 · the seed the run...
    ────────────────────────────────────────────────────────────────────────────────────────────────

    Error Context: test-results/core-e1/e5-core-E5-W04-step-2-·-th-289b5-ther-POST-test-clock-exists/error-context.md

    attachment #3: trace (application/zip) ─────────────────────────────────────────────────────────
    test-results/core-e1/e5-core-E5-W04-step-2-·-th-289b5-ther-POST-test-clock-exists/trace.zip
    Usage:

        pnpm exec playwright show-trace test-results/core-e1/e5-core-E5-W04-step-2-·-th-289b5-ther-POST-test-clock-exists/trace.zip

    ────────────────────────────────────────────────────────────────────────────────────────────────


  1 failed
    e2e/core/e5-core.spec.ts:173:5 › E5-W04 step 2 · the seed the run starts from, and whether POST /test/clock exists 

 ELIFECYCLE  Command failed with exit code 1.
