
> agilityhub-core-web@0.0.0 e2e:core /Users/jordib/dev/agilityhub/agilityhub-core-web
> bash scripts/e2e-core.sh E5-W04

E4_WEEK_START=2026-09-21 (club-local Monday, Europe/Madrid)
E5_WEEK_START=2026-09-28 (the club-local Monday after today, Europe/Madrid)
 Network agilityhub-e5-w04_default Creating 
 Network agilityhub-e5-w04_default Creating 
 Volume agilityhub-e5-w04_mongo-data Creating 
 Volume agilityhub-e5-w04_mongo-data Creating 
 Volume agilityhub-e5-w04_export-files Creating 
 Volume agilityhub-e5-w04_export-files Creating 
 Volume agilityhub-e5-w04_mailbox Creating 
 Volume agilityhub-e5-w04_mailbox Creating 
 Volume agilityhub-e5-w04_mongo-data Created 
 Volume agilityhub-e5-w04_mongo-data Created 
 Volume agilityhub-e5-w04_export-files Created 
 Volume agilityhub-e5-w04_export-files Created 
 Volume agilityhub-e5-w04_mailbox Created 
 Volume agilityhub-e5-w04_mailbox Created 
 Network agilityhub-e5-w04_default Created 
 Network agilityhub-e5-w04_default Created 
 Container agilityhub-e5-w04-mongo-1 Creating 
 Container agilityhub-e5-w04-mongo-1 Created 
 Container agilityhub-e5-w04-seed-1 Creating 
 Container agilityhub-e5-w04-seed-1 Created 
 Container agilityhub-e5-w04-activate-demo-club-1 Creating 
 Container agilityhub-e5-w04-activate-demo-club-1 Created 
 Container agilityhub-e5-w04-core-1 Creating 
 Container agilityhub-e5-w04-core-1 Created 
 Container agilityhub-e5-w04-mongo-1 Starting 
 Container agilityhub-e5-w04-mongo-1 Started 
 Container agilityhub-e5-w04-mongo-1 Waiting 
 Container agilityhub-e5-w04-mongo-1 Healthy 
 Container agilityhub-e5-w04-seed-1 Starting 
 Container agilityhub-e5-w04-seed-1 Started 
 Container agilityhub-e5-w04-seed-1 Waiting 
 Container agilityhub-e5-w04-seed-1 Exited 
 Container agilityhub-e5-w04-activate-demo-club-1 Starting 
 Container agilityhub-e5-w04-activate-demo-club-1 Started 
 Container agilityhub-e5-w04-mongo-1 Waiting 
 Container agilityhub-e5-w04-activate-demo-club-1 Waiting 
 Container agilityhub-e5-w04-activate-demo-club-1 Exited 
 Container agilityhub-e5-w04-mongo-1 Healthy 
 Container agilityhub-e5-w04-core-1 Starting 
 Container agilityhub-e5-w04-core-1 Started 
 Container agilityhub-e5-w04-core-1 Waiting 
 Container agilityhub-e5-w04-mongo-1 Waiting 
 Container agilityhub-e5-w04-seed-1 Waiting 
 Container agilityhub-e5-w04-activate-demo-club-1 Waiting 
 Container agilityhub-e5-w04-seed-1 Exited 
 Container agilityhub-e5-w04-activate-demo-club-1 Exited 
 Container agilityhub-e5-w04-mongo-1 Healthy 
 Container agilityhub-e5-w04-core-1 Healthy 
seed log: /Users/jordib/dev/agilityhub/agilityhub-core-web/roadmap/evidence/E5-W04/seed-e1-e2.log (106 lines)
 Container agilityhub-e5-w04-core-1 Running 
 Container agilityhub-e5-w04-mongo-1 Running 
 Container agilityhub-e5-w04-mongo-1 Waiting 
 Container agilityhub-e5-w04-mongo-1 Healthy 
 Container agilityhub-e5-w04-seed-1 Starting 
 Container agilityhub-e5-w04-seed-1 Started 
 Container agilityhub-e5-w04-seed-1 Waiting 
 Container agilityhub-e5-w04-seed-1 Exited 
 Container agilityhub-e5-w04-activate-demo-club-1 Starting 
 Container agilityhub-e5-w04-activate-demo-club-1 Started 
 Container agilityhub-e5-w04-activate-demo-club-1 Waiting 
 Container agilityhub-e5-w04-mongo-1 Waiting 
 Container agilityhub-e5-w04-activate-demo-club-1 Exited 
 Container agilityhub-e5-w04-mongo-1 Healthy 
 Container agilityhub-e5-w04-core-1 Waiting 
 Container agilityhub-e5-w04-core-1 Healthy 
 Container agilityhub-e5-w04-playwright-run-a2eafe7daf99 Creating 
 Container agilityhub-e5-w04-playwright-run-a2eafe7daf99 Created 
! Corepack is about to download https://registry.npmjs.org/pnpm/-/pnpm-9.15.9.tgz
 WARN  Unsupported engine: wanted: {"node":">=22 <23"} (current: {"node":"v24.20.0","pnpm":"9.15.9"})
(node:20) [DEP0169] DeprecationWarning: `url.parse()` behavior is not standardized and prone to errors that have security implications. Use the WHATWG URL API instead. CVEs are not issued for `url.parse()` vulnerabilities.
(Use `node --trace-deprecation ...` to show where the warning was created)
Scope: all 11 workspace projects
Lockfile is up to date, resolution step is skipped
Progress: resolved 1, reused 0, downloaded 0, added 0
Packages: +851
++++++++++++++++++++++++++++++++++++++++++++++++++++++++++++++++++++++++++++++++
Progress: resolved 851, reused 0, downloaded 263, added 261
Progress: resolved 851, reused 0, downloaded 546, added 546
Progress: resolved 851, reused 0, downloaded 823, added 821
Progress: resolved 851, reused 0, downloaded 851, added 851, done
.../node_modules/unrs-resolver postinstall$ node postinstall.js
.../node_modules/msw postinstall$ node -e "import('./config/scripts/postinstall.js').catch(() => void 0)"
.../esbuild@0.25.12/node_modules/esbuild postinstall$ node install.js
.../node_modules/unrs-resolver postinstall: Done
.../node_modules/msw postinstall: Done
.../esbuild@0.25.12/node_modules/esbuild postinstall: Done

devDependencies:
+ @commitlint/cli 21.2.2
+ @commitlint/config-conventional 21.2.2
+ @eslint/css 2.0.0
+ @eslint/js 9.39.5
+ @playwright/test 1.63.0
+ @size-limit/file 13.0.3
+ @types/node 24.13.3
+ eslint 9.39.5
+ eslint-import-resolver-typescript 4.4.5
+ eslint-plugin-import 2.32.0
+ eslint-plugin-jsx-a11y 6.10.2
+ eslint-plugin-react 7.37.5
+ eslint-plugin-react-hooks 7.1.1
+ globals 17.12.0
+ husky 9.1.7
+ i18next-parser 9.4.0
+ lint-staged 17.5.0
+ msw 2.15.0
+ prettier 3.9.6
+ size-limit 13.0.3
+ turbo 2.10.12
+ typescript 5.9.3
+ typescript-eslint 8.69.0

. prepare$ node packages/config/scripts/prepare-husky.mjs
. prepare: .git can't be found
. prepare: Done
Done in 4.1s using pnpm v9.15.9

[WebServer] (node:134) [DEP0169] DeprecationWarning: `url.parse()` behavior is not standardized and prone to errors that have security implications. Use the WHATWG URL API instead. CVEs are not issued for `url.parse()` vulnerabilities.
[WebServer] (Use `node --trace-deprecation ...` to show where the warning was created)
[WebServer] (node:214) [DEP0169] DeprecationWarning: `url.parse()` behavior is not standardized and prone to errors that have security implications. Use the WHATWG URL API instead. CVEs are not issued for `url.parse()` vulnerabilities.
[WebServer] (Use `node --trace-deprecation ...` to show where the warning was created)


[WebServer] (node:312) [DEP0169] DeprecationWarning: `url.parse()` behavior is not standardized and prone to errors that have security implications. Use the WHATWG URL API instead. CVEs are not issued for `url.parse()` vulnerabilities.
[WebServer] (Use `node --trace-deprecation ...` to show where the warning was created)

Running 12 tests using 1 worker

[1/12] e2e/core/e1-core.spec.ts:157:5 › T-01-18 password login reaches the seeded account
[2/12] e2e/core/e1-core.spec.ts:173:5 › T-01-21 seeded administrator opens the real backoffice
[3/12] e2e/core/e1-core.spec.ts:189:5 › T-01-20 club session is restored by the core
[4/12] e2e/core/e1-core.spec.ts:212:5 › T-01-19 magic link is delivered and exchanged end to end
[5/12] e2e/core/e1-core.spec.ts:234:5 › T-01-26 published seed enters without pending onboarding
[6/12] e2e/core/e1-core.spec.ts:244:5 › T-01-22 apps/id resumes a real authorize flow through oauth2/session
[7/12] e2e/core/e1-core.spec.ts:334:5 › T-02-07 E3-W12 step 5 · the public footer of 01 shows /branding's identity and registered office (S02 R-02-02)
[8/12] e2e/core/e2-core.spec.ts:206:5 › T-03-42 real census flow, booking block and member profile
[9/12] e2e/core/e2-core.spec.ts:389:5 › T-05-22/T-05-25 real catalog create, edit and deactivate round trips
[10/12] e2e/core/e2-core.spec.ts:474:5 › T-02-13/T-14-26 real parameter history, export and audit
[11/12] e2e/core/e2-core.spec.ts:561:5 › T-05-CP-07 real club page edit renders styled Markdown on screen 30
[12/12] e2e/core/e2-core.spec.ts:614:5 › T-03-40 E3-W12 step 4 · screen 13 reads GET /me/dogs only: the seed's document types, «Nivell» per dog, no /parameters (S03 §6)
  12 passed (20.8s)
 Network agilityhub-e5-w04_default Creating 
 Network agilityhub-e5-w04_default Creating 
 Volume agilityhub-e5-w04_mongo-data Creating 
 Volume agilityhub-e5-w04_mongo-data Creating 
 Volume agilityhub-e5-w04_export-files Creating 
 Volume agilityhub-e5-w04_export-files Creating 
 Volume agilityhub-e5-w04_mailbox Creating 
 Volume agilityhub-e5-w04_mailbox Creating 
 Volume agilityhub-e5-w04_mailbox Created 
 Volume agilityhub-e5-w04_mailbox Created 
 Volume agilityhub-e5-w04_export-files Created 
 Volume agilityhub-e5-w04_export-files Created 
 Volume agilityhub-e5-w04_mongo-data Created 
 Volume agilityhub-e5-w04_mongo-data Created 
 Network agilityhub-e5-w04_default Created 
 Network agilityhub-e5-w04_default Created 
 Container agilityhub-e5-w04-mongo-1 Creating 
 Container agilityhub-e5-w04-mongo-1 Created 
 Container agilityhub-e5-w04-seed-1 Creating 
 Container agilityhub-e5-w04-seed-1 Created 
 Container agilityhub-e5-w04-activate-demo-club-1 Creating 
 Container agilityhub-e5-w04-activate-demo-club-1 Created 
 Container agilityhub-e5-w04-core-1 Creating 
 Container agilityhub-e5-w04-core-1 Created 
 Container agilityhub-e5-w04-mongo-1 Starting 
 Container agilityhub-e5-w04-mongo-1 Started 
 Container agilityhub-e5-w04-mongo-1 Waiting 
 Container agilityhub-e5-w04-mongo-1 Healthy 
 Container agilityhub-e5-w04-seed-1 Starting 
 Container agilityhub-e5-w04-seed-1 Started 
 Container agilityhub-e5-w04-seed-1 Waiting 
 Container agilityhub-e5-w04-seed-1 Exited 
 Container agilityhub-e5-w04-activate-demo-club-1 Starting 
 Container agilityhub-e5-w04-activate-demo-club-1 Started 
 Container agilityhub-e5-w04-mongo-1 Waiting 
 Container agilityhub-e5-w04-activate-demo-club-1 Waiting 
 Container agilityhub-e5-w04-activate-demo-club-1 Exited 
 Container agilityhub-e5-w04-mongo-1 Healthy 
 Container agilityhub-e5-w04-core-1 Starting 
 Container agilityhub-e5-w04-core-1 Started 
 Container agilityhub-e5-w04-core-1 Waiting 
 Container agilityhub-e5-w04-mongo-1 Waiting 
 Container agilityhub-e5-w04-seed-1 Waiting 
 Container agilityhub-e5-w04-activate-demo-club-1 Waiting 
 Container agilityhub-e5-w04-seed-1 Exited 
 Container agilityhub-e5-w04-mongo-1 Healthy 
 Container agilityhub-e5-w04-activate-demo-club-1 Exited 
 Container agilityhub-e5-w04-core-1 Healthy 
seed log: /Users/jordib/dev/agilityhub/agilityhub-core-web/roadmap/evidence/E5-W04/seed-e3.log (106 lines)
 Container agilityhub-e5-w04-core-1 Running 
 Container agilityhub-e5-w04-mongo-1 Running 
 Container agilityhub-e5-w04-mongo-1 Waiting 
 Container agilityhub-e5-w04-mongo-1 Healthy 
 Container agilityhub-e5-w04-seed-1 Starting 
 Container agilityhub-e5-w04-seed-1 Started 
 Container agilityhub-e5-w04-seed-1 Waiting 
 Container agilityhub-e5-w04-seed-1 Exited 
 Container agilityhub-e5-w04-activate-demo-club-1 Starting 
 Container agilityhub-e5-w04-activate-demo-club-1 Started 
 Container agilityhub-e5-w04-mongo-1 Waiting 
 Container agilityhub-e5-w04-activate-demo-club-1 Waiting 
 Container agilityhub-e5-w04-activate-demo-club-1 Exited 
 Container agilityhub-e5-w04-mongo-1 Healthy 
 Container agilityhub-e5-w04-core-1 Waiting 
 Container agilityhub-e5-w04-core-1 Healthy 
 Container agilityhub-e5-w04-playwright-run-82581b05fd41 Creating 
 Container agilityhub-e5-w04-playwright-run-82581b05fd41 Created 
! Corepack is about to download https://registry.npmjs.org/pnpm/-/pnpm-9.15.9.tgz
 WARN  Unsupported engine: wanted: {"node":">=22 <23"} (current: {"node":"v24.20.0","pnpm":"9.15.9"})
(node:20) [DEP0169] DeprecationWarning: `url.parse()` behavior is not standardized and prone to errors that have security implications. Use the WHATWG URL API instead. CVEs are not issued for `url.parse()` vulnerabilities.
(Use `node --trace-deprecation ...` to show where the warning was created)
Scope: all 11 workspace projects
Lockfile is up to date, resolution step is skipped
Progress: resolved 1, reused 0, downloaded 0, added 0
Packages: +851
++++++++++++++++++++++++++++++++++++++++++++++++++++++++++++++++++++++++++++++++
Progress: resolved 851, reused 0, downloaded 280, added 280
Progress: resolved 851, reused 0, downloaded 577, added 576
Progress: resolved 851, reused 0, downloaded 832, added 832
Progress: resolved 851, reused 0, downloaded 851, added 851, done
.../node_modules/unrs-resolver postinstall$ node postinstall.js
.../node_modules/msw postinstall$ node -e "import('./config/scripts/postinstall.js').catch(() => void 0)"
.../esbuild@0.25.12/node_modules/esbuild postinstall$ node install.js
.../node_modules/msw postinstall: Done
.../node_modules/unrs-resolver postinstall: Done
.../esbuild@0.25.12/node_modules/esbuild postinstall: Done

devDependencies:
+ @commitlint/cli 21.2.2
+ @commitlint/config-conventional 21.2.2
+ @eslint/css 2.0.0
+ @eslint/js 9.39.5
+ @playwright/test 1.63.0
+ @size-limit/file 13.0.3
+ @types/node 24.13.3
+ eslint 9.39.5
+ eslint-import-resolver-typescript 4.4.5
+ eslint-plugin-import 2.32.0
+ eslint-plugin-jsx-a11y 6.10.2
+ eslint-plugin-react 7.37.5
+ eslint-plugin-react-hooks 7.1.1
+ globals 17.12.0
+ husky 9.1.7
+ i18next-parser 9.4.0
+ lint-staged 17.5.0
+ msw 2.15.0
+ prettier 3.9.6
+ size-limit 13.0.3
+ turbo 2.10.12
+ typescript 5.9.3
+ typescript-eslint 8.69.0

. prepare$ node packages/config/scripts/prepare-husky.mjs
. prepare: .git can't be found
. prepare: Done
Done in 4.5s using pnpm v9.15.9

[WebServer] (node:134) [DEP0169] DeprecationWarning: `url.parse()` behavior is not standardized and prone to errors that have security implications. Use the WHATWG URL API instead. CVEs are not issued for `url.parse()` vulnerabilities.
[WebServer] (Use `node --trace-deprecation ...` to show where the warning was created)
[WebServer] (node:214) [DEP0169] DeprecationWarning: `url.parse()` behavior is not standardized and prone to errors that have security implications. Use the WHATWG URL API instead. CVEs are not issued for `url.parse()` vulnerabilities.
[WebServer] (Use `node --trace-deprecation ...` to show where the warning was created)

[WebServer] (node:312) [DEP0169] DeprecationWarning: `url.parse()` behavior is not standardized and prone to errors that have security implications. Use the WHATWG URL API instead. CVEs are not issued for `url.parse()` vulnerabilities.
[WebServer] (Use `node --trace-deprecation ...` to show where the warning was created)


Running 5 tests using 1 worker

[1/5] e2e/core/e3-signup.spec.ts:650:5 › T-02-07 E3-W12 step 5 · the signup's public footer shows /branding's identity and registered office (S02 R-02-02)
[2/5] e2e/core/e3-signup.spec.ts:666:5 › T-04-34 public signup is validated and enters through the N-02 welcome link
[3/5] e2e/core/e3-signup.spec.ts:1691:5 › T-04-34 rejected signup delivers N-03
[4/5] e2e/core/e3-signup.spec.ts:1698:5 › T-04-34 active member adds a dog and the club validates it
[5/5] e2e/core/e3-signup.spec.ts:1702:5 › T-04-34 signup.enabled=false shows only the configured closed text
  5 passed (22.6s)
{"action":"OPEN_DOG","channel":"APP","code":"N-37","dogName":"Neret E3","status":"SENT"}
 Network agilityhub-e5-w04_default Creating 
 Network agilityhub-e5-w04_default Creating 
 Volume agilityhub-e5-w04_mongo-data Creating 
 Volume agilityhub-e5-w04_mongo-data Creating 
 Volume agilityhub-e5-w04_export-files Creating 
 Volume agilityhub-e5-w04_export-files Creating 
 Volume agilityhub-e5-w04_mailbox Creating 
 Volume agilityhub-e5-w04_mailbox Creating 
 Volume agilityhub-e5-w04_mongo-data Created 
 Volume agilityhub-e5-w04_mongo-data Created 
 Volume agilityhub-e5-w04_export-files Created 
 Volume agilityhub-e5-w04_export-files Created 
 Volume agilityhub-e5-w04_mailbox Created 
 Volume agilityhub-e5-w04_mailbox Created 
 Network agilityhub-e5-w04_default Created 
 Network agilityhub-e5-w04_default Created 
 Container agilityhub-e5-w04-mongo-1 Creating 
 Container agilityhub-e5-w04-mongo-1 Created 
 Container agilityhub-e5-w04-seed-1 Creating 
 Container agilityhub-e5-w04-seed-1 Created 
 Container agilityhub-e5-w04-activate-demo-club-1 Creating 
 Container agilityhub-e5-w04-activate-demo-club-1 Created 
 Container agilityhub-e5-w04-core-1 Creating 
 Container agilityhub-e5-w04-core-1 Created 
 Container agilityhub-e5-w04-mongo-1 Starting 
 Container agilityhub-e5-w04-mongo-1 Started 
 Container agilityhub-e5-w04-mongo-1 Waiting 
 Container agilityhub-e5-w04-mongo-1 Healthy 
 Container agilityhub-e5-w04-seed-1 Starting 
 Container agilityhub-e5-w04-seed-1 Started 
 Container agilityhub-e5-w04-seed-1 Waiting 
 Container agilityhub-e5-w04-seed-1 Exited 
 Container agilityhub-e5-w04-activate-demo-club-1 Starting 
 Container agilityhub-e5-w04-activate-demo-club-1 Started 
 Container agilityhub-e5-w04-activate-demo-club-1 Waiting 
 Container agilityhub-e5-w04-mongo-1 Waiting 
 Container agilityhub-e5-w04-activate-demo-club-1 Exited 
 Container agilityhub-e5-w04-mongo-1 Healthy 
 Container agilityhub-e5-w04-core-1 Starting 
 Container agilityhub-e5-w04-core-1 Started 
 Container agilityhub-e5-w04-mongo-1 Waiting 
 Container agilityhub-e5-w04-seed-1 Waiting 
 Container agilityhub-e5-w04-activate-demo-club-1 Waiting 
 Container agilityhub-e5-w04-core-1 Waiting 
 Container agilityhub-e5-w04-activate-demo-club-1 Exited 
 Container agilityhub-e5-w04-seed-1 Exited 
 Container agilityhub-e5-w04-mongo-1 Healthy 
 Container agilityhub-e5-w04-core-1 Healthy 
seed log: /Users/jordib/dev/agilityhub/agilityhub-core-web/roadmap/evidence/E5-W04/seed-e4.log (106 lines)
 Container agilityhub-e5-w04-core-1 Running 
 Container agilityhub-e5-w04-mongo-1 Running 
 Container agilityhub-e5-w04-mongo-1 Waiting 
 Container agilityhub-e5-w04-mongo-1 Healthy 
 Container agilityhub-e5-w04-seed-1 Starting 
 Container agilityhub-e5-w04-seed-1 Started 
 Container agilityhub-e5-w04-seed-1 Waiting 
 Container agilityhub-e5-w04-seed-1 Exited 
 Container agilityhub-e5-w04-activate-demo-club-1 Starting 
 Container agilityhub-e5-w04-activate-demo-club-1 Started 
 Container agilityhub-e5-w04-mongo-1 Waiting 
 Container agilityhub-e5-w04-activate-demo-club-1 Waiting 
 Container agilityhub-e5-w04-activate-demo-club-1 Exited 
 Container agilityhub-e5-w04-mongo-1 Healthy 
 Container agilityhub-e5-w04-core-1 Waiting 
 Container agilityhub-e5-w04-core-1 Healthy 
 Container agilityhub-e5-w04-playwright-run-bf32a0070e4a Creating 
 Container agilityhub-e5-w04-playwright-run-bf32a0070e4a Created 
! Corepack is about to download https://registry.npmjs.org/pnpm/-/pnpm-9.15.9.tgz
 WARN  Unsupported engine: wanted: {"node":">=22 <23"} (current: {"node":"v24.20.0","pnpm":"9.15.9"})
(node:20) [DEP0169] DeprecationWarning: `url.parse()` behavior is not standardized and prone to errors that have security implications. Use the WHATWG URL API instead. CVEs are not issued for `url.parse()` vulnerabilities.
(Use `node --trace-deprecation ...` to show where the warning was created)
Scope: all 11 workspace projects
Lockfile is up to date, resolution step is skipped
Progress: resolved 1, reused 0, downloaded 0, added 0
Packages: +851
++++++++++++++++++++++++++++++++++++++++++++++++++++++++++++++++++++++++++++++++
Progress: resolved 851, reused 0, downloaded 258, added 258
Progress: resolved 851, reused 0, downloaded 570, added 569
Progress: resolved 851, reused 0, downloaded 798, added 797
Progress: resolved 851, reused 0, downloaded 851, added 851, done
.../node_modules/unrs-resolver postinstall$ node postinstall.js
.../node_modules/msw postinstall$ node -e "import('./config/scripts/postinstall.js').catch(() => void 0)"
.../esbuild@0.25.12/node_modules/esbuild postinstall$ node install.js
.../node_modules/msw postinstall: Done
.../node_modules/unrs-resolver postinstall: Done
.../esbuild@0.25.12/node_modules/esbuild postinstall: Done

devDependencies:
+ @commitlint/cli 21.2.2
+ @commitlint/config-conventional 21.2.2
+ @eslint/css 2.0.0
+ @eslint/js 9.39.5
+ @playwright/test 1.63.0
+ @size-limit/file 13.0.3
+ @types/node 24.13.3
+ eslint 9.39.5
+ eslint-import-resolver-typescript 4.4.5
+ eslint-plugin-import 2.32.0
+ eslint-plugin-jsx-a11y 6.10.2
+ eslint-plugin-react 7.37.5
+ eslint-plugin-react-hooks 7.1.1
+ globals 17.12.0
+ husky 9.1.7
+ i18next-parser 9.4.0
+ lint-staged 17.5.0
+ msw 2.15.0
+ prettier 3.9.6
+ size-limit 13.0.3
+ turbo 2.10.12
+ typescript 5.9.3
+ typescript-eslint 8.69.0

. prepare$ node packages/config/scripts/prepare-husky.mjs
. prepare: .git can't be found
. prepare: Done
Done in 4.1s using pnpm v9.15.9
[WebServer] (node:134) [DEP0169] DeprecationWarning: `url.parse()` behavior is not standardized and prone to errors that have security implications. Use the WHATWG URL API instead. CVEs are not issued for `url.parse()` vulnerabilities.
[WebServer] (Use `node --trace-deprecation ...` to show where the warning was created)

[WebServer] (node:214) [DEP0169] DeprecationWarning: `url.parse()` behavior is not standardized and prone to errors that have security implications. Use the WHATWG URL API instead. CVEs are not issued for `url.parse()` vulnerabilities.
[WebServer] (Use `node --trace-deprecation ...` to show where the warning was created)

[WebServer] (node:312) [DEP0169] DeprecationWarning: `url.parse()` behavior is not standardized and prone to errors that have security implications. Use the WHATWG URL API instead. CVEs are not issued for `url.parse()` vulnerabilities.
[WebServer] (Use `node --trace-deprecation ...` to show where the warning was created)


Running 7 tests using 1 worker

[1/7] e2e/core/e4-core.spec.ts:482:5 › T-06-28 E2E (a) D3: the three seeded templates, «Setmana B» blocked by its inconsistency, «Setmana A» generates the proposed week, D3b per ring
[2/7] e2e/core/e4-core.spec.ts:617:5 › T-06-28 E2E (b) D4: «Esborrany» opens the seeded draft week, [VALIDAR LA SETMANA], the D4c modal with the 4 registrants (200), «Anul·lades», ring blocks (409 then 201)
[3/7] e2e/core/e4-core.spec.ts:771:5 › T-06-28 E2E (c) screens 10 and 23: the member never sees the cancelled class nor counts, the validated week is visible; the instructor sees the block, the dimmed class and n/n
[4/7] e2e/core/e4-core.spec.ts:826:5 › T-07-32 E2E (d) D7: the four seeded activities, the Torneig blocks every ring on D4, a new seminar published over a class with the conflict dialog; D7 exports against the core
[5/7] e2e/core/e4-core.spec.ts:1071:5 › T-07-32 E2E (e) ca: 04 → detail → register → 03 → cancel in time; the waitlist of the full «Seminari de handling» and the FIFO promotion when the admin adds a place
[6/7] e2e/core/e4-core.spec.ts:1237:5 › T-07-32 E2E (e) es: the same member flow with the es literals, a second FIFO promotion, then the admin cancels the seminar (200) and the registrant reads «cancel·lada pel club»
[7/7] e2e/core/e4-core.spec.ts:1407:5 › E4-W05 step 7 · the «Excel · PDF» menus of D5 and D7 with EXPORT_TOO_LARGE and while an export is pending
  7 passed (18.3s)
 Network agilityhub-e5-w04_default Creating 
 Network agilityhub-e5-w04_default Creating 
 Volume agilityhub-e5-w04_mongo-data Creating 
 Volume agilityhub-e5-w04_mongo-data Creating 
 Volume agilityhub-e5-w04_export-files Creating 
 Volume agilityhub-e5-w04_export-files Creating 
 Volume agilityhub-e5-w04_mailbox Creating 
 Volume agilityhub-e5-w04_mailbox Creating 
 Volume agilityhub-e5-w04_mongo-data Created 
 Volume agilityhub-e5-w04_mongo-data Created 
 Volume agilityhub-e5-w04_mailbox Created 
 Volume agilityhub-e5-w04_mailbox Created 
 Volume agilityhub-e5-w04_export-files Created 
 Volume agilityhub-e5-w04_export-files Created 
 Network agilityhub-e5-w04_default Created 
 Network agilityhub-e5-w04_default Created 
 Container agilityhub-e5-w04-mongo-1 Creating 
 Container agilityhub-e5-w04-mongo-1 Created 
 Container agilityhub-e5-w04-seed-1 Creating 
 Container agilityhub-e5-w04-seed-1 Created 
 Container agilityhub-e5-w04-activate-demo-club-1 Creating 
 Container agilityhub-e5-w04-activate-demo-club-1 Created 
 Container agilityhub-e5-w04-core-1 Creating 
 Container agilityhub-e5-w04-core-1 Created 
 Container agilityhub-e5-w04-mongo-1 Starting 
 Container agilityhub-e5-w04-mongo-1 Started 
 Container agilityhub-e5-w04-mongo-1 Waiting 
 Container agilityhub-e5-w04-mongo-1 Healthy 
 Container agilityhub-e5-w04-seed-1 Starting 
 Container agilityhub-e5-w04-seed-1 Started 
 Container agilityhub-e5-w04-seed-1 Waiting 
 Container agilityhub-e5-w04-seed-1 Exited 
 Container agilityhub-e5-w04-activate-demo-club-1 Starting 
 Container agilityhub-e5-w04-activate-demo-club-1 Started 
 Container agilityhub-e5-w04-activate-demo-club-1 Waiting 
 Container agilityhub-e5-w04-mongo-1 Waiting 
 Container agilityhub-e5-w04-activate-demo-club-1 Exited 
 Container agilityhub-e5-w04-mongo-1 Healthy 
 Container agilityhub-e5-w04-core-1 Starting 
 Container agilityhub-e5-w04-core-1 Started 
 Container agilityhub-e5-w04-activate-demo-club-1 Waiting 
 Container agilityhub-e5-w04-core-1 Waiting 
 Container agilityhub-e5-w04-mongo-1 Waiting 
 Container agilityhub-e5-w04-seed-1 Waiting 
 Container agilityhub-e5-w04-seed-1 Exited 
 Container agilityhub-e5-w04-activate-demo-club-1 Exited 
 Container agilityhub-e5-w04-mongo-1 Healthy 
 Container agilityhub-e5-w04-core-1 Healthy 
seed log: /Users/jordib/dev/agilityhub/agilityhub-core-web/roadmap/evidence/E5-W04/seed-e5.log (106 lines)
 Container agilityhub-e5-w04-mongo-1 Running 
 Container agilityhub-e5-w04-core-1 Running 
 Container agilityhub-e5-w04-mongo-1 Waiting 
 Container agilityhub-e5-w04-mongo-1 Healthy 
 Container agilityhub-e5-w04-seed-1 Starting 
 Container agilityhub-e5-w04-seed-1 Started 
 Container agilityhub-e5-w04-seed-1 Waiting 
 Container agilityhub-e5-w04-seed-1 Exited 
 Container agilityhub-e5-w04-activate-demo-club-1 Starting 
 Container agilityhub-e5-w04-activate-demo-club-1 Started 
 Container agilityhub-e5-w04-mongo-1 Waiting 
 Container agilityhub-e5-w04-activate-demo-club-1 Waiting 
 Container agilityhub-e5-w04-activate-demo-club-1 Exited 
 Container agilityhub-e5-w04-mongo-1 Healthy 
 Container agilityhub-e5-w04-core-1 Waiting 
 Container agilityhub-e5-w04-core-1 Healthy 
 Container agilityhub-e5-w04-playwright-run-c9b9edb78951 Creating 
 Container agilityhub-e5-w04-playwright-run-c9b9edb78951 Created 
! Corepack is about to download https://registry.npmjs.org/pnpm/-/pnpm-9.15.9.tgz
 WARN  Unsupported engine: wanted: {"node":">=22 <23"} (current: {"node":"v24.20.0","pnpm":"9.15.9"})
(node:20) [DEP0169] DeprecationWarning: `url.parse()` behavior is not standardized and prone to errors that have security implications. Use the WHATWG URL API instead. CVEs are not issued for `url.parse()` vulnerabilities.
(Use `node --trace-deprecation ...` to show where the warning was created)
Scope: all 11 workspace projects
Lockfile is up to date, resolution step is skipped
Progress: resolved 1, reused 0, downloaded 0, added 0
Packages: +851
++++++++++++++++++++++++++++++++++++++++++++++++++++++++++++++++++++++++++++++++
Progress: resolved 851, reused 0, downloaded 263, added 262
Progress: resolved 851, reused 0, downloaded 563, added 562
Progress: resolved 851, reused 0, downloaded 848, added 848
Progress: resolved 851, reused 0, downloaded 851, added 851, done
.../node_modules/unrs-resolver postinstall$ node postinstall.js
.../node_modules/msw postinstall$ node -e "import('./config/scripts/postinstall.js').catch(() => void 0)"
.../esbuild@0.25.12/node_modules/esbuild postinstall$ node install.js
.../node_modules/msw postinstall: Done
.../node_modules/unrs-resolver postinstall: Done
.../esbuild@0.25.12/node_modules/esbuild postinstall: Done

devDependencies:
+ @commitlint/cli 21.2.2
+ @commitlint/config-conventional 21.2.2
+ @eslint/css 2.0.0
+ @eslint/js 9.39.5
+ @playwright/test 1.63.0
+ @size-limit/file 13.0.3
+ @types/node 24.13.3
+ eslint 9.39.5
+ eslint-import-resolver-typescript 4.4.5
+ eslint-plugin-import 2.32.0
+ eslint-plugin-jsx-a11y 6.10.2
+ eslint-plugin-react 7.37.5
+ eslint-plugin-react-hooks 7.1.1
+ globals 17.12.0
+ husky 9.1.7
+ i18next-parser 9.4.0
+ lint-staged 17.5.0
+ msw 2.15.0
+ prettier 3.9.6
+ size-limit 13.0.3
+ turbo 2.10.12
+ typescript 5.9.3
+ typescript-eslint 8.69.0

. prepare$ node packages/config/scripts/prepare-husky.mjs
. prepare: .git can't be found
. prepare: Done
Done in 3.8s using pnpm v9.15.9
[WebServer] (node:134) [DEP0169] DeprecationWarning: `url.parse()` behavior is not standardized and prone to errors that have security implications. Use the WHATWG URL API instead. CVEs are not issued for `url.parse()` vulnerabilities.
[WebServer] (Use `node --trace-deprecation ...` to show where the warning was created)


[WebServer] (node:214) [DEP0169] DeprecationWarning: `url.parse()` behavior is not standardized and prone to errors that have security implications. Use the WHATWG URL API instead. CVEs are not issued for `url.parse()` vulnerabilities.
[WebServer] (Use `node --trace-deprecation ...` to show where the warning was created)
[WebServer] (node:312) [DEP0169] DeprecationWarning: `url.parse()` behavior is not standardized and prone to errors that have security implications. Use the WHATWG URL API instead. CVEs are not issued for `url.parse()` vulnerabilities.
[WebServer] (Use `node --trace-deprecation ...` to show where the warning was created)


Running 10 tests using 1 worker

[1/10] e2e/core/e5-core.spec.ts:763:5 › E5-W04 step 2 · POST /test/clock to demoNow, and the parameters the flows read
[2/10] e2e/core/e5-core.spec.ts:804:5 › T-08-40 (a)(b) · 03 and 04 from the seed, a booking inside the 30 s hold, an in-time and a late cancellation
[3/10] e2e/core/e5-core.spec.ts:904:5 › T-08-40 (c) · 06 swaps the week's booking in one step; without a swappable one, 29
[4/10] e2e/core/e5-core.spec.ts:1006:5 › T-08-40 (d) · ALL_AT_ONCE: join a full class, a seat released more than 30 min ahead, NOTIFIED, claim
[5/10] e2e/core/e5-core.spec.ts:1133:5 › T-08-40 (g) · the same flows in es: a booking inside the hold, and a waiting entry claimed
[6/10] e2e/core/e5-core.spec.ts:1196:5 › T-09-40 (e) · 08 counts 3/week by session date in the day+3 window; 24 blocks a ring, never over bookings
[7/10] e2e/core/e5-core.spec.ts:1402:5 › E5-W04 step 5 · the core's statuses for JOB_UNKNOWN, SLOT_NOT_ON_GRID, DOG_ALREADY_BOOKED and OVERRIDE_NOT_ALLOWED
[8/10] e2e/core/e5-core.spec.ts:1471:5 › T-15-32/T-15-33 (f) · D11 simulates (nothing changes) and runs the risk review; D1 reports it; P9 by its run
[9/10] e2e/core/e5-core.spec.ts:1584:5 › E5-W04 (h) · cleanup: every booking, entry, training booking and block the run created is cancelled
[10/10] e2e/core/e5-core.spec.ts:1628:5 › R-15-11 (f) · P1 with the clock advanced: a NOT_YET_OPEN row of 04 before Sunday 20:00, BOOKABLE after week-opening
  10 passed (23.9s)
