heavy.sh: 01:03 waiting for the host lock, held by: 00:43 agilityhub-core-api: python3 roadmap/evidence/E7-T02/manual-run.py

> agilityhub-core-web@0.0.0 e2e:core /Users/jordib/dev/agilityhub/agilityhub-core-web
> bash scripts/e2e-core.sh E5-W04 'e5-core.spec.ts -g "step 2 |T-08-40 .a..b."'

core image: ghcr.io/jboixtcm/agilityhub-core-api:main arm64 revision=c25e6b48434cd1fa0246dce86e08a3bab98cbb2b created=2026-09-27T12:49:04.174297884Z
core image seeds (/app/seeds): club-canic.yaml club-fifo.yaml club-minim.yaml club-perf.yaml demo-canic.yaml demo-fifo.yaml demo-perf.yaml pages 
E4_WEEK_START=2026-09-28 (club-local Monday, Europe/Madrid)
E5_WEEK_START=2026-10-05 (the club-local Monday after today, Europe/Madrid)
 Network agilityhub-e5-w04_default Creating 
 Network agilityhub-e5-w04_default Creating 
 Volume agilityhub-e5-w04_mongo-data Creating 
 Volume agilityhub-e5-w04_mongo-data Creating 
 Volume agilityhub-e5-w04_mailbox Creating 
 Volume agilityhub-e5-w04_export-files Creating 
 Volume agilityhub-e5-w04_export-files Creating 
 Volume agilityhub-e5-w04_mailbox Creating 
 Volume agilityhub-e5-w04_mongo-data Created 
 Volume agilityhub-e5-w04_mongo-data Created 
 Volume agilityhub-e5-w04_export-files Created 
 Volume agilityhub-e5-w04_export-files Created 
 Volume agilityhub-e5-w04_mailbox Created 
 Volume agilityhub-e5-w04_mailbox Created 
 Network agilityhub-e5-w04_default Created 
 Network agilityhub-e5-w04_default Created 
 Container agilityhub-e5-w04-mongo-1 Creating 
 Container agilityhub-e5-w04-mongo-1 Created 
 Container agilityhub-e5-w04-seed-1 Creating 
 Container agilityhub-e5-w04-seed-1 Created 
 Container agilityhub-e5-w04-activate-demo-club-1 Creating 
 Container agilityhub-e5-w04-activate-demo-club-1 Created 
 Container agilityhub-e5-w04-core-1 Creating 
 Container agilityhub-e5-w04-core-1 Created 
 Container agilityhub-e5-w04-mongo-1 Starting 
 Container agilityhub-e5-w04-mongo-1 Started 
 Container agilityhub-e5-w04-mongo-1 Waiting 
 Container agilityhub-e5-w04-mongo-1 Healthy 
 Container agilityhub-e5-w04-seed-1 Starting 
 Container agilityhub-e5-w04-seed-1 Started 
 Container agilityhub-e5-w04-seed-1 Waiting 
 Container agilityhub-e5-w04-seed-1 Exited 
 Container agilityhub-e5-w04-activate-demo-club-1 Starting 
 Container agilityhub-e5-w04-activate-demo-club-1 Started 
 Container agilityhub-e5-w04-activate-demo-club-1 Waiting 
 Container agilityhub-e5-w04-mongo-1 Waiting 
 Container agilityhub-e5-w04-activate-demo-club-1 Exited 
 Container agilityhub-e5-w04-mongo-1 Healthy 
 Container agilityhub-e5-w04-core-1 Starting 
 Container agilityhub-e5-w04-core-1 Started 
 Container agilityhub-e5-w04-seed-1 Waiting 
 Container agilityhub-e5-w04-activate-demo-club-1 Waiting 
 Container agilityhub-e5-w04-core-1 Waiting 
 Container agilityhub-e5-w04-mongo-1 Waiting 
 Container agilityhub-e5-w04-mongo-1 Healthy 
 Container agilityhub-e5-w04-seed-1 Exited 
 Container agilityhub-e5-w04-activate-demo-club-1 Exited 
 Container agilityhub-e5-w04-core-1 Healthy 
seed log: /Users/jordib/dev/agilityhub/agilityhub-core-web/roadmap/evidence/E5-W04/seed-files.log (106 lines)
 Container agilityhub-e5-w04-mongo-1 Running 
 Container agilityhub-e5-w04-core-1 Running 
 Container agilityhub-e5-w04-mongo-1 Waiting 
 Container agilityhub-e5-w04-mongo-1 Healthy 
 Container agilityhub-e5-w04-seed-1 Starting 
 Container agilityhub-e5-w04-seed-1 Started 
 Container agilityhub-e5-w04-seed-1 Waiting 
 Container agilityhub-e5-w04-seed-1 Exited 
 Container agilityhub-e5-w04-activate-demo-club-1 Starting 
 Container agilityhub-e5-w04-activate-demo-club-1 Started 
 Container agilityhub-e5-w04-mongo-1 Waiting 
 Container agilityhub-e5-w04-activate-demo-club-1 Waiting 
 Container agilityhub-e5-w04-activate-demo-club-1 Exited 
 Container agilityhub-e5-w04-mongo-1 Healthy 
 Container agilityhub-e5-w04-core-1 Waiting 
 Container agilityhub-e5-w04-core-1 Healthy 
 Container agilityhub-e5-w04-playwright-run-3261fc65ea92 Creating 
 Container agilityhub-e5-w04-playwright-run-3261fc65ea92 Created 
tar: ./.roadmap-executor.raw.jsonl: time stamp 2026-09-27 23:24:15 is 993.452883904 s in the future
! Corepack is about to download https://registry.npmjs.org/pnpm/-/pnpm-9.15.9.tgz
 WARN  Unsupported engine: wanted: {"node":">=22 <23"} (current: {"node":"v24.20.0","pnpm":"9.15.9"})
(node:20) [DEP0169] DeprecationWarning: `url.parse()` behavior is not standardized and prone to errors that have security implications. Use the WHATWG URL API instead. CVEs are not issued for `url.parse()` vulnerabilities.
(Use `node --trace-deprecation ...` to show where the warning was created)
Scope: all 11 workspace projects
Lockfile is up to date, resolution step is skipped
Progress: resolved 1, reused 0, downloaded 0, added 0
Packages: +851
++++++++++++++++++++++++++++++++++++++++++++++++++++++++++++++++++++++++++++++++
Progress: resolved 851, reused 0, downloaded 111, added 111
Progress: resolved 851, reused 0, downloaded 329, added 328
Progress: resolved 851, reused 0, downloaded 528, added 528
Progress: resolved 851, reused 0, downloaded 553, added 553
Progress: resolved 851, reused 0, downloaded 596, added 596
Progress: resolved 851, reused 0, downloaded 719, added 718
Progress: resolved 851, reused 0, downloaded 821, added 821
Progress: resolved 851, reused 0, downloaded 846, added 846
Progress: resolved 851, reused 0, downloaded 849, added 849
Progress: resolved 851, reused 0, downloaded 851, added 851, done
.../node_modules/msw postinstall$ node -e "import('./config/scripts/postinstall.js').catch(() => void 0)"
.../node_modules/unrs-resolver postinstall$ node postinstall.js
.../esbuild@0.25.12/node_modules/esbuild postinstall$ node install.js
.../node_modules/msw postinstall: Done
.../node_modules/unrs-resolver postinstall: Done
.../esbuild@0.25.12/node_modules/esbuild postinstall: Done

devDependencies:
+ @commitlint/cli 21.2.2
+ @commitlint/config-conventional 21.2.2
+ @eslint/css 2.0.0
+ @eslint/js 9.39.5
+ @playwright/test 1.63.0
+ @size-limit/file 13.0.3
+ @types/node 24.13.3
+ eslint 9.39.5
+ eslint-import-resolver-typescript 4.4.5
+ eslint-plugin-import 2.32.0
+ eslint-plugin-jsx-a11y 6.10.2
+ eslint-plugin-react 7.37.5
+ eslint-plugin-react-hooks 7.1.1
+ globals 17.12.0
+ husky 9.1.7
+ i18next-parser 9.4.0
+ lint-staged 17.5.0
+ msw 2.15.0
+ prettier 3.9.6
+ size-limit 13.0.3
+ turbo 2.10.12
+ typescript 5.9.3
+ typescript-eslint 8.69.0

. prepare$ node packages/config/scripts/prepare-husky.mjs
. prepare: .git can't be found
. prepare: Done
Done in 16m 50.3s using pnpm v9.15.9

[WebServer] (node:134) [DEP0169] DeprecationWarning: `url.parse()` behavior is not standardized and prone to errors that have security implications. Use the WHATWG URL API instead. CVEs are not issued for `url.parse()` vulnerabilities.
[WebServer] (Use `node --trace-deprecation ...` to show where the warning was created)

[WebServer] (node:214) [DEP0169] DeprecationWarning: `url.parse()` behavior is not standardized and prone to errors that have security implications. Use the WHATWG URL API instead. CVEs are not issued for `url.parse()` vulnerabilities.
[WebServer] (Use `node --trace-deprecation ...` to show where the warning was created)
[WebServer] (node:312) [DEP0169] DeprecationWarning: `url.parse()` behavior is not standardized and prone to errors that have security implications. Use the WHATWG URL API instead. CVEs are not issued for `url.parse()` vulnerabilities.
[WebServer] (Use `node --trace-deprecation ...` to show where the warning was created)


Running 2 tests using 1 worker

[1/2] e2e/core/e5-core.spec.ts:812:5 › E5-W04 step 2 · the automatic processes off, POST /test/clock to demoNow, and the parameters the flows read
[2/2] e2e/core/e5-core.spec.ts:870:5 › T-08-40 (a)(b) · 03 and 04 from the seed, a booking inside the 30 s hold, an in-time and a late cancellation
  1) e2e/core/e5-core.spec.ts:870:5 › T-08-40 (a)(b) · 03 and 04 from the seed, a booking inside the 30 s hold, an in-time and a late cancellation 

    Error: expect(received).not.toContain(expected) // indexOf

    Expected value: not "b4a3ba07-b111-4614-a315-c6ad3cc958e1"
    Received array:     ["b4a3ba07-b111-4614-a315-c6ad3cc958e1", "9ee42bff-5dd0-4303-be91-45c3b02e04bb", "f9b7ed74-8b3c-4f30-9ee8-6951146aa059", "f24d708a-9650-428e-a135-de911460104d", "89ecde68-2c08-4e53-b06a-6bcad87d7800"]

      945 |   note("mutation-old-check-passed", { kept: kept.id });
      946 |   const mutationHome = (await (await mutationRead).json()) as MeHome;
    > 947 |   expect(mutationHome.reservations.map((row) => row.id)).not.toContain(kept.id);
          |                                                              ^
      948 |   const homeAfterRead = page.waitForResponse(isCall("GET", /\/api\/v1\/me\/home$/u));
      949 |   await navigateClubRoute(page, "/inici");
      950 |   const homeAfterResponse = await homeAfterRead;
        at /work/e2e/core/e5-core.spec.ts:947:62

    attachment #1: oauth-token-calls (text/plain) ──────────────────────────────────────────────────
    2026-09-27T23:24:37.581Z grant_type=refresh_token status=400 cookie=none test="T-08-40 (a)(b) · 03 and 04 from the seed, a booking inside the 30 s hold, an in-time and a late cancellation" body={"code":"REFRESH_EXPIRED"}
    2026-09-27T23:24:37.669Z grant_type=password status=200 cookie=none test="T-08-...
    ────────────────────────────────────────────────────────────────────────────────────────────────

    Error Context: test-results/core-e1/e5-core-T-08-40-a-b-·-03-a-c40a0-ime-and-a-late-cancellation/error-context.md

    Error Context: test-results/core-e1/e5-core-T-08-40-a-b-·-03-a-c40a0-ime-and-a-late-cancellation/error-context.md

    attachment #4: trace (application/zip) ─────────────────────────────────────────────────────────
    test-results/core-e1/e5-core-T-08-40-a-b-·-03-a-c40a0-ime-and-a-late-cancellation/trace.zip
    Usage:

        pnpm exec playwright show-trace test-results/core-e1/e5-core-T-08-40-a-b-·-03-a-c40a0-ime-and-a-late-cancellation/trace.zip

    ────────────────────────────────────────────────────────────────────────────────────────────────


  1 failed
    e2e/core/e5-core.spec.ts:870:5 › T-08-40 (a)(b) · 03 and 04 from the seed, a booking inside the 30 s hold, an in-time and a late cancellation 
  1 passed (7.0s)

 ELIFECYCLE  Command failed with exit code 1.
