
> agilityhub-core-web@0.0.0 e2e:core /Users/jordib/dev/agilityhub/agilityhub-core-web
> bash scripts/e2e-core.sh E5-W04

core image: ghcr.io/jboixtcm/agilityhub-core-api:main arm64 revision=c25e6b48434cd1fa0246dce86e08a3bab98cbb2b created=2026-09-27T12:49:04.174297884Z
core image seeds (/app/seeds): club-canic.yaml club-fifo.yaml club-minim.yaml club-perf.yaml demo-canic.yaml demo-fifo.yaml demo-perf.yaml pages 
E4_WEEK_START=2026-09-28 (club-local Monday, Europe/Madrid)
E5_WEEK_START=2026-10-05 (the club-local Monday after today, Europe/Madrid)
 Volume agilityhub-e5-w04_export-files Creating 
 Volume agilityhub-e5-w04_export-files Creating 
 Volume agilityhub-e5-w04_mongo-data Creating 
 Volume agilityhub-e5-w04_mongo-data Creating 
 Volume agilityhub-e5-w04_mongo-data Created 
 Volume agilityhub-e5-w04_mongo-data Created 
 Container agilityhub-e5-w04-mongo-1 Creating 
 Volume agilityhub-e5-w04_export-files Created 
 Volume agilityhub-e5-w04_export-files Created 
 Container agilityhub-e5-w04-mongo-1 Created 
 Container agilityhub-e5-w04-seed-1 Creating 
 Container agilityhub-e5-w04-seed-1 Created 
 Container agilityhub-e5-w04-activate-demo-club-1 Creating 
 Container agilityhub-e5-w04-activate-demo-club-1 Created 
 Container agilityhub-e5-w04-core-1 Creating 
 Container agilityhub-e5-w04-core-1 Created 
 Container agilityhub-e5-w04-mongo-1 Starting 
 Container agilityhub-e5-w04-mongo-1 Started 
 Container agilityhub-e5-w04-mongo-1 Waiting 
 Container agilityhub-e5-w04-mongo-1 Healthy 
 Container agilityhub-e5-w04-seed-1 Starting 
 Container agilityhub-e5-w04-seed-1 Started 
 Container agilityhub-e5-w04-seed-1 Waiting 
 Container agilityhub-e5-w04-seed-1 Exited 
 Container agilityhub-e5-w04-activate-demo-club-1 Starting 
 Container agilityhub-e5-w04-activate-demo-club-1 Started 
 Container agilityhub-e5-w04-activate-demo-club-1 Waiting 
 Container agilityhub-e5-w04-mongo-1 Waiting 
 Container agilityhub-e5-w04-activate-demo-club-1 Exited 
 Container agilityhub-e5-w04-mongo-1 Healthy 
 Container agilityhub-e5-w04-core-1 Starting 
 Container agilityhub-e5-w04-core-1 Started 
 Container agilityhub-e5-w04-core-1 Waiting 
 Container agilityhub-e5-w04-mongo-1 Waiting 
 Container agilityhub-e5-w04-seed-1 Waiting 
 Container agilityhub-e5-w04-activate-demo-club-1 Waiting 
 Container agilityhub-e5-w04-seed-1 Exited 
 Container agilityhub-e5-w04-activate-demo-club-1 Exited 
 Container agilityhub-e5-w04-mongo-1 Healthy 
 Container agilityhub-e5-w04-core-1 Healthy 
seed log: /Users/jordib/dev/agilityhub/agilityhub-core-web/roadmap/evidence/E5-W04/seed-e1-e2.log (106 lines)
 Container agilityhub-e5-w04-mongo-1 Running 
 Container agilityhub-e5-w04-core-1 Running 
 Container agilityhub-e5-w04-mongo-1 Waiting 
 Container agilityhub-e5-w04-mongo-1 Healthy 
 Container agilityhub-e5-w04-seed-1 Starting 
 Container agilityhub-e5-w04-seed-1 Started 
 Container agilityhub-e5-w04-seed-1 Waiting 
 Container agilityhub-e5-w04-seed-1 Exited 
 Container agilityhub-e5-w04-activate-demo-club-1 Starting 
 Container agilityhub-e5-w04-activate-demo-club-1 Started 
 Container agilityhub-e5-w04-mongo-1 Waiting 
 Container agilityhub-e5-w04-activate-demo-club-1 Waiting 
 Container agilityhub-e5-w04-activate-demo-club-1 Exited 
 Container agilityhub-e5-w04-mongo-1 Healthy 
 Container agilityhub-e5-w04-core-1 Waiting 
 Container agilityhub-e5-w04-core-1 Healthy 
 Container agilityhub-e5-w04-playwright-run-33cd93e3fcd7 Creating 
 Container agilityhub-e5-w04-playwright-run-33cd93e3fcd7 Created 
! Corepack is about to download https://registry.npmjs.org/pnpm/-/pnpm-9.15.9.tgz
 WARN  Unsupported engine: wanted: {"node":">=22 <23"} (current: {"node":"v24.20.0","pnpm":"9.15.9"})
(node:20) [DEP0169] DeprecationWarning: `url.parse()` behavior is not standardized and prone to errors that have security implications. Use the WHATWG URL API instead. CVEs are not issued for `url.parse()` vulnerabilities.
(Use `node --trace-deprecation ...` to show where the warning was created)
Scope: all 11 workspace projects
Lockfile is up to date, resolution step is skipped
Progress: resolved 1, reused 0, downloaded 0, added 0
Packages: +851
++++++++++++++++++++++++++++++++++++++++++++++++++++++++++++++++++++++++++++++++
Progress: resolved 851, reused 0, downloaded 65, added 65
Progress: resolved 851, reused 0, downloaded 174, added 174
Progress: resolved 851, reused 0, downloaded 304, added 304
Progress: resolved 851, reused 0, downloaded 415, added 415
Progress: resolved 851, reused 0, downloaded 524, added 523
Progress: resolved 851, reused 0, downloaded 548, added 548
Progress: resolved 851, reused 0, downloaded 616, added 616
Progress: resolved 851, reused 0, downloaded 707, added 707
Progress: resolved 851, reused 0, downloaded 815, added 815
Progress: resolved 851, reused 0, downloaded 848, added 848
Progress: resolved 851, reused 0, downloaded 850, added 850
Progress: resolved 851, reused 0, downloaded 851, added 851, done
.../node_modules/unrs-resolver postinstall$ node postinstall.js
.../node_modules/msw postinstall$ node -e "import('./config/scripts/postinstall.js').catch(() => void 0)"
.../esbuild@0.25.12/node_modules/esbuild postinstall$ node install.js
.../node_modules/unrs-resolver postinstall: Done
.../node_modules/msw postinstall: Done
.../esbuild@0.25.12/node_modules/esbuild postinstall: Done

devDependencies:
+ @commitlint/cli 21.2.2
+ @commitlint/config-conventional 21.2.2
+ @eslint/css 2.0.0
+ @eslint/js 9.39.5
+ @playwright/test 1.63.0
+ @size-limit/file 13.0.3
+ @types/node 24.13.3
+ eslint 9.39.5
+ eslint-import-resolver-typescript 4.4.5
+ eslint-plugin-import 2.32.0
+ eslint-plugin-jsx-a11y 6.10.2
+ eslint-plugin-react 7.37.5
+ eslint-plugin-react-hooks 7.1.1
+ globals 17.12.0
+ husky 9.1.7
+ i18next-parser 9.4.0
+ lint-staged 17.5.0
+ msw 2.15.0
+ prettier 3.9.6
+ size-limit 13.0.3
+ turbo 2.10.12
+ typescript 5.9.3
+ typescript-eslint 8.69.0

. prepare$ node packages/config/scripts/prepare-husky.mjs
. prepare: .git can't be found
. prepare: Done
Done in 12.3s using pnpm v9.15.9
[WebServer] (node:134) [DEP0169] DeprecationWarning: `url.parse()` behavior is not standardized and prone to errors that have security implications. Use the WHATWG URL API instead. CVEs are not issued for `url.parse()` vulnerabilities.
[WebServer] (Use `node --trace-deprecation ...` to show where the warning was created)


[WebServer] (node:214) [DEP0169] DeprecationWarning: `url.parse()` behavior is not standardized and prone to errors that have security implications. Use the WHATWG URL API instead. CVEs are not issued for `url.parse()` vulnerabilities.
[WebServer] (Use `node --trace-deprecation ...` to show where the warning was created)
[WebServer] (node:312) [DEP0169] DeprecationWarning: `url.parse()` behavior is not standardized and prone to errors that have security implications. Use the WHATWG URL API instead. CVEs are not issued for `url.parse()` vulnerabilities.
[WebServer] (Use `node --trace-deprecation ...` to show where the warning was created)


Running 12 tests using 1 worker

[1/12] e2e/core/e1-core.spec.ts:157:5 › T-01-18 password login reaches the seeded account
[2/12] e2e/core/e1-core.spec.ts:173:5 › T-01-21 seeded administrator opens the real backoffice
[3/12] e2e/core/e1-core.spec.ts:189:5 › T-01-20 club session is restored by the core
[4/12] e2e/core/e1-core.spec.ts:212:5 › T-01-19 magic link is delivered and exchanged end to end
[5/12] e2e/core/e1-core.spec.ts:234:5 › T-01-26 published seed enters without pending onboarding
[6/12] e2e/core/e1-core.spec.ts:244:5 › T-01-22 apps/id resumes a real authorize flow through oauth2/session
[7/12] e2e/core/e1-core.spec.ts:334:5 › T-02-07 E3-W12 step 5 · the public footer of 01 shows /branding's identity and registered office (S02 R-02-02)
[8/12] e2e/core/e2-core.spec.ts:206:5 › T-03-42 real census flow, booking block and member profile
  1) e2e/core/e2-core.spec.ts:206:5 › T-03-42 real census flow, booking block and member profile ───

    Error: expect(locator).toBeEnabled() failed

    Locator:  locator('.ah-universal-list__filter-menu').locator('select').nth(2)
    Expected: enabled
    Received: disabled
    Timeout:  15000ms

    Call log:
      - Expect "toBeEnabled" locator('.ah-universal-list__filter-menu').locator('select').nth(2) with timeout 15000ms
      - waiting for locator('.ah-universal-list__filter-menu').locator('select').nth(2)
        - locator resolved to <select disabled aria-busy="true">…</select>
        32 × unexpected value "disabled"
           - locator resolved to <select disabled></select>
        - unexpected value "disabled"


      242 |   await filterMenu.getByLabel("Columna").selectOption("dogLevelId");
      243 |   const filterValue = filterMenu.locator("select").nth(2);
    > 244 |   await expect(filterValue).toBeEnabled();
          |                             ^
      245 |   const cadells = filterValue.locator("option").filter({ hasText: "Cadells" });
      246 |   await expect(cadells).toHaveCount(1);
      247 |   const cadellsId = await cadells.getAttribute("value");
        at /work/e2e/core/e2-core.spec.ts:244:29

    attachment #1: oauth-token-calls (text/plain) ──────────────────────────────────────────────────
    2026-09-28T03:46:43.445Z grant_type=refresh_token status=400 cookie=none test="T-03-42 real census flow, booking block and member profile" body={"code":"REFRESH_EXPIRED"}
    2026-09-28T03:46:43.574Z grant_type=password status=200 cookie=none test="T-03-42 real census flow, booking block and member prof...
    ────────────────────────────────────────────────────────────────────────────────────────────────

    Error Context: test-results/core-e1/e2-core-T-03-42-real-censu-56119-ng-block-and-member-profile/error-context.md

    attachment #3: trace (application/zip) ─────────────────────────────────────────────────────────
    test-results/core-e1/e2-core-T-03-42-real-censu-56119-ng-block-and-member-profile/trace.zip
    Usage:

        pnpm exec playwright show-trace test-results/core-e1/e2-core-T-03-42-real-censu-56119-ng-block-and-member-profile/trace.zip

    ────────────────────────────────────────────────────────────────────────────────────────────────


[9/12] e2e/core/e2-core.spec.ts:389:5 › T-05-22/T-05-25 real catalog create, edit and deactivate round trips
[10/12] e2e/core/e2-core.spec.ts:474:5 › T-02-13/T-14-26 real parameter history, export and audit
[11/12] e2e/core/e2-core.spec.ts:561:5 › T-05-CP-07 real club page edit renders styled Markdown on screen 30
[12/12] e2e/core/e2-core.spec.ts:614:5 › T-03-40 E3-W12 step 4 · screen 13 reads GET /me/dogs only: the seed's document types, «Nivell» per dog, no /parameters (S03 §6)
  1 failed
    e2e/core/e2-core.spec.ts:206:5 › T-03-42 real census flow, booking block and member profile ────
  4 did not run
  7 passed (25.0s)

 Network agilityhub-e5-w04_default Creating 
 Network agilityhub-e5-w04_default Creating 
 Volume agilityhub-e5-w04_mongo-data Creating 
 Volume agilityhub-e5-w04_mongo-data Creating 
 Volume agilityhub-e5-w04_export-files Creating 
 Volume agilityhub-e5-w04_export-files Creating 
 Volume agilityhub-e5-w04_mailbox Creating 
 Volume agilityhub-e5-w04_mailbox Creating 
 Volume agilityhub-e5-w04_mongo-data Created 
 Volume agilityhub-e5-w04_mongo-data Created 
 Volume agilityhub-e5-w04_mailbox Created 
 Volume agilityhub-e5-w04_mailbox Created 
 Volume agilityhub-e5-w04_export-files Created 
 Volume agilityhub-e5-w04_export-files Created 
 Network agilityhub-e5-w04_default Created 
 Network agilityhub-e5-w04_default Created 
 Container agilityhub-e5-w04-mongo-1 Creating 
 Container agilityhub-e5-w04-mongo-1 Created 
 Container agilityhub-e5-w04-seed-1 Creating 
 Container agilityhub-e5-w04-seed-1 Created 
 Container agilityhub-e5-w04-activate-demo-club-1 Creating 
 Container agilityhub-e5-w04-activate-demo-club-1 Created 
 Container agilityhub-e5-w04-core-1 Creating 
 Container agilityhub-e5-w04-core-1 Created 
 Container agilityhub-e5-w04-mongo-1 Starting 
 Container agilityhub-e5-w04-mongo-1 Started 
 Container agilityhub-e5-w04-mongo-1 Waiting 
 Container agilityhub-e5-w04-mongo-1 Healthy 
 Container agilityhub-e5-w04-seed-1 Starting 
 Container agilityhub-e5-w04-seed-1 Started 
 Container agilityhub-e5-w04-seed-1 Waiting 
 Container agilityhub-e5-w04-seed-1 Exited 
 Container agilityhub-e5-w04-activate-demo-club-1 Starting 
 Container agilityhub-e5-w04-activate-demo-club-1 Started 
 Container agilityhub-e5-w04-mongo-1 Waiting 
 Container agilityhub-e5-w04-activate-demo-club-1 Waiting 
 Container agilityhub-e5-w04-activate-demo-club-1 Exited 
 Container agilityhub-e5-w04-mongo-1 Healthy 
 Container agilityhub-e5-w04-core-1 Starting 
 Container agilityhub-e5-w04-core-1 Started 
 Container agilityhub-e5-w04-mongo-1 Waiting 
 Container agilityhub-e5-w04-seed-1 Waiting 
 Container agilityhub-e5-w04-activate-demo-club-1 Waiting 
 Container agilityhub-e5-w04-core-1 Waiting 
 Container agilityhub-e5-w04-seed-1 Exited 
 Container agilityhub-e5-w04-activate-demo-club-1 Exited 
 Container agilityhub-e5-w04-mongo-1 Healthy 
 Container agilityhub-e5-w04-core-1 Healthy 
seed log: /Users/jordib/dev/agilityhub/agilityhub-core-web/roadmap/evidence/E5-W04/seed-e3.log (106 lines)
 Container agilityhub-e5-w04-core-1 Running 
 Container agilityhub-e5-w04-mongo-1 Running 
 Container agilityhub-e5-w04-mongo-1 Waiting 
 Container agilityhub-e5-w04-mongo-1 Healthy 
 Container agilityhub-e5-w04-seed-1 Starting 
 Container agilityhub-e5-w04-seed-1 Started 
 Container agilityhub-e5-w04-seed-1 Waiting 
 Container agilityhub-e5-w04-seed-1 Exited 
 Container agilityhub-e5-w04-activate-demo-club-1 Starting 
 Container agilityhub-e5-w04-activate-demo-club-1 Started 
 Container agilityhub-e5-w04-activate-demo-club-1 Waiting 
 Container agilityhub-e5-w04-mongo-1 Waiting 
 Container agilityhub-e5-w04-activate-demo-club-1 Exited 
 Container agilityhub-e5-w04-mongo-1 Healthy 
 Container agilityhub-e5-w04-core-1 Waiting 
 Container agilityhub-e5-w04-core-1 Healthy 
 Container agilityhub-e5-w04-playwright-run-b58bd8ca8c89 Creating 
 Container agilityhub-e5-w04-playwright-run-b58bd8ca8c89 Created 
! Corepack is about to download https://registry.npmjs.org/pnpm/-/pnpm-9.15.9.tgz
 WARN  Unsupported engine: wanted: {"node":">=22 <23"} (current: {"node":"v24.20.0","pnpm":"9.15.9"})
(node:20) [DEP0169] DeprecationWarning: `url.parse()` behavior is not standardized and prone to errors that have security implications. Use the WHATWG URL API instead. CVEs are not issued for `url.parse()` vulnerabilities.
(Use `node --trace-deprecation ...` to show where the warning was created)
Scope: all 11 workspace projects
Lockfile is up to date, resolution step is skipped
Progress: resolved 1, reused 0, downloaded 0, added 0
Packages: +851
++++++++++++++++++++++++++++++++++++++++++++++++++++++++++++++++++++++++++++++++
Progress: resolved 851, reused 0, downloaded 82, added 82
Progress: resolved 851, reused 0, downloaded 174, added 174
Progress: resolved 851, reused 0, downloaded 285, added 285
Progress: resolved 851, reused 0, downloaded 396, added 396
Progress: resolved 851, reused 0, downloaded 538, added 538
Progress: resolved 851, reused 0, downloaded 560, added 560
Progress: resolved 851, reused 0, downloaded 600, added 600
Progress: resolved 851, reused 0, downloaded 728, added 728
Progress: resolved 851, reused 0, downloaded 842, added 842
Progress: resolved 851, reused 0, downloaded 849, added 849
Progress: resolved 851, reused 0, downloaded 850, added 850
Progress: resolved 851, reused 0, downloaded 851, added 851, done
.../node_modules/msw postinstall$ node -e "import('./config/scripts/postinstall.js').catch(() => void 0)"
.../node_modules/unrs-resolver postinstall$ node postinstall.js
.../esbuild@0.25.12/node_modules/esbuild postinstall$ node install.js
.../node_modules/msw postinstall: Done
.../node_modules/unrs-resolver postinstall: Done
.../esbuild@0.25.12/node_modules/esbuild postinstall: Done

devDependencies:
+ @commitlint/cli 21.2.2
+ @commitlint/config-conventional 21.2.2
+ @eslint/css 2.0.0
+ @eslint/js 9.39.5
+ @playwright/test 1.63.0
+ @size-limit/file 13.0.3
+ @types/node 24.13.3
+ eslint 9.39.5
+ eslint-import-resolver-typescript 4.4.5
+ eslint-plugin-import 2.32.0
+ eslint-plugin-jsx-a11y 6.10.2
+ eslint-plugin-react 7.37.5
+ eslint-plugin-react-hooks 7.1.1
+ globals 17.12.0
+ husky 9.1.7
+ i18next-parser 9.4.0
+ lint-staged 17.5.0
+ msw 2.15.0
+ prettier 3.9.6
+ size-limit 13.0.3
+ turbo 2.10.12
+ typescript 5.9.3
+ typescript-eslint 8.69.0

. prepare$ node packages/config/scripts/prepare-husky.mjs
. prepare: .git can't be found
. prepare: Done
Done in 11.8s using pnpm v9.15.9
[WebServer] (node:134) [DEP0169] DeprecationWarning: `url.parse()` behavior is not standardized and prone to errors that have security implications. Use the WHATWG URL API instead. CVEs are not issued for `url.parse()` vulnerabilities.
[WebServer] (Use `node --trace-deprecation ...` to show where the warning was created)

[WebServer] (node:214) [DEP0169] DeprecationWarning: `url.parse()` behavior is not standardized and prone to errors that have security implications. Use the WHATWG URL API instead. CVEs are not issued for `url.parse()` vulnerabilities.
[WebServer] (Use `node --trace-deprecation ...` to show where the warning was created)

[WebServer] (node:312) [DEP0169] DeprecationWarning: `url.parse()` behavior is not standardized and prone to errors that have security implications. Use the WHATWG URL API instead. CVEs are not issued for `url.parse()` vulnerabilities.
[WebServer] (Use `node --trace-deprecation ...` to show where the warning was created)


Running 5 tests using 1 worker

[1/5] e2e/core/e3-signup.spec.ts:650:5 › T-02-07 E3-W12 step 5 · the signup's public footer shows /branding's identity and registered office (S02 R-02-02)
[2/5] e2e/core/e3-signup.spec.ts:666:5 › T-04-34 public signup is validated and enters through the N-02 welcome link
[3/5] e2e/core/e3-signup.spec.ts:1691:5 › T-04-34 rejected signup delivers N-03
[4/5] e2e/core/e3-signup.spec.ts:1698:5 › T-04-34 active member adds a dog and the club validates it
[5/5] e2e/core/e3-signup.spec.ts:1702:5 › T-04-34 signup.enabled=false shows only the configured closed text
  5 passed (22.3s)
{"action":"OPEN_DOG","channel":"APP","code":"N-37","dogName":"Neret E3","status":"SENT"}
 Network agilityhub-e5-w04_default Creating 
 Volume agilityhub-e5-w04_export-files Creating 
 Volume agilityhub-e5-w04_export-files Creating 
 Volume agilityhub-e5-w04_mailbox Creating 
 Network agilityhub-e5-w04_default Creating 
 Volume agilityhub-e5-w04_mailbox Creating 
 Volume agilityhub-e5-w04_mongo-data Creating 
 Volume agilityhub-e5-w04_mongo-data Creating 
 Volume agilityhub-e5-w04_export-files Created 
 Volume agilityhub-e5-w04_export-files Created 
 Volume agilityhub-e5-w04_mailbox Created 
 Volume agilityhub-e5-w04_mailbox Created 
 Volume agilityhub-e5-w04_mongo-data Created 
 Volume agilityhub-e5-w04_mongo-data Created 
 Network agilityhub-e5-w04_default Created 
 Network agilityhub-e5-w04_default Created 
 Container agilityhub-e5-w04-mongo-1 Creating 
 Container agilityhub-e5-w04-mongo-1 Created 
 Container agilityhub-e5-w04-seed-1 Creating 
 Container agilityhub-e5-w04-seed-1 Created 
 Container agilityhub-e5-w04-activate-demo-club-1 Creating 
 Container agilityhub-e5-w04-activate-demo-club-1 Created 
 Container agilityhub-e5-w04-core-1 Creating 
 Container agilityhub-e5-w04-core-1 Created 
 Container agilityhub-e5-w04-mongo-1 Starting 
 Container agilityhub-e5-w04-mongo-1 Started 
 Container agilityhub-e5-w04-mongo-1 Waiting 
 Container agilityhub-e5-w04-mongo-1 Healthy 
 Container agilityhub-e5-w04-seed-1 Starting 
 Container agilityhub-e5-w04-seed-1 Started 
 Container agilityhub-e5-w04-seed-1 Waiting 
 Container agilityhub-e5-w04-seed-1 Exited 
 Container agilityhub-e5-w04-activate-demo-club-1 Starting 
 Container agilityhub-e5-w04-activate-demo-club-1 Started 
 Container agilityhub-e5-w04-mongo-1 Waiting 
 Container agilityhub-e5-w04-activate-demo-club-1 Waiting 
 Container agilityhub-e5-w04-activate-demo-club-1 Exited 
 Container agilityhub-e5-w04-mongo-1 Healthy 
 Container agilityhub-e5-w04-core-1 Starting 
 Container agilityhub-e5-w04-core-1 Started 
 Container agilityhub-e5-w04-mongo-1 Waiting 
 Container agilityhub-e5-w04-seed-1 Waiting 
 Container agilityhub-e5-w04-activate-demo-club-1 Waiting 
 Container agilityhub-e5-w04-core-1 Waiting 
 Container agilityhub-e5-w04-seed-1 Exited 
 Container agilityhub-e5-w04-activate-demo-club-1 Exited 
 Container agilityhub-e5-w04-mongo-1 Healthy 
 Container agilityhub-e5-w04-core-1 Healthy 
seed log: /Users/jordib/dev/agilityhub/agilityhub-core-web/roadmap/evidence/E5-W04/seed-e4.log (106 lines)
 Container agilityhub-e5-w04-core-1 Running 
 Container agilityhub-e5-w04-mongo-1 Running 
 Container agilityhub-e5-w04-mongo-1 Waiting 
 Container agilityhub-e5-w04-mongo-1 Healthy 
 Container agilityhub-e5-w04-seed-1 Starting 
 Container agilityhub-e5-w04-seed-1 Started 
 Container agilityhub-e5-w04-seed-1 Waiting 
 Container agilityhub-e5-w04-seed-1 Exited 
 Container agilityhub-e5-w04-activate-demo-club-1 Starting 
 Container agilityhub-e5-w04-activate-demo-club-1 Started 
 Container agilityhub-e5-w04-activate-demo-club-1 Waiting 
 Container agilityhub-e5-w04-mongo-1 Waiting 
 Container agilityhub-e5-w04-activate-demo-club-1 Exited 
 Container agilityhub-e5-w04-mongo-1 Healthy 
 Container agilityhub-e5-w04-core-1 Waiting 
 Container agilityhub-e5-w04-core-1 Healthy 
 Container agilityhub-e5-w04-playwright-run-c36b2a7f645f Creating 
 Container agilityhub-e5-w04-playwright-run-c36b2a7f645f Created 
! Corepack is about to download https://registry.npmjs.org/pnpm/-/pnpm-9.15.9.tgz
 WARN  Unsupported engine: wanted: {"node":">=22 <23"} (current: {"node":"v24.20.0","pnpm":"9.15.9"})
(node:19) [DEP0169] DeprecationWarning: `url.parse()` behavior is not standardized and prone to errors that have security implications. Use the WHATWG URL API instead. CVEs are not issued for `url.parse()` vulnerabilities.
(Use `node --trace-deprecation ...` to show where the warning was created)
Scope: all 11 workspace projects
Lockfile is up to date, resolution step is skipped
Progress: resolved 1, reused 0, downloaded 0, added 0
Packages: +851
++++++++++++++++++++++++++++++++++++++++++++++++++++++++++++++++++++++++++++++++
Progress: resolved 851, reused 0, downloaded 105, added 105
Progress: resolved 851, reused 0, downloaded 322, added 322
Progress: resolved 851, reused 0, downloaded 526, added 526
Progress: resolved 851, reused 0, downloaded 553, added 553
Progress: resolved 851, reused 0, downloaded 606, added 606
Progress: resolved 851, reused 0, downloaded 704, added 704
Progress: resolved 851, reused 0, downloaded 806, added 806
Progress: resolved 851, reused 0, downloaded 849, added 849
Progress: resolved 851, reused 0, downloaded 850, added 850
Progress: resolved 851, reused 0, downloaded 851, added 851, done
.../node_modules/msw postinstall$ node -e "import('./config/scripts/postinstall.js').catch(() => void 0)"
.../node_modules/unrs-resolver postinstall$ node postinstall.js
.../esbuild@0.25.12/node_modules/esbuild postinstall$ node install.js
.../node_modules/msw postinstall: Done
.../node_modules/unrs-resolver postinstall: Done
.../esbuild@0.25.12/node_modules/esbuild postinstall: Done

devDependencies:
+ @commitlint/cli 21.2.2
+ @commitlint/config-conventional 21.2.2
+ @eslint/css 2.0.0
+ @eslint/js 9.39.5
+ @playwright/test 1.63.0
+ @size-limit/file 13.0.3
+ @types/node 24.13.3
+ eslint 9.39.5
+ eslint-import-resolver-typescript 4.4.5
+ eslint-plugin-import 2.32.0
+ eslint-plugin-jsx-a11y 6.10.2
+ eslint-plugin-react 7.37.5
+ eslint-plugin-react-hooks 7.1.1
+ globals 17.12.0
+ husky 9.1.7
+ i18next-parser 9.4.0
+ lint-staged 17.5.0
+ msw 2.15.0
+ prettier 3.9.6
+ size-limit 13.0.3
+ turbo 2.10.12
+ typescript 5.9.3
+ typescript-eslint 8.69.0

. prepare$ node packages/config/scripts/prepare-husky.mjs
. prepare: .git can't be found
. prepare: Done
Done in 9.8s using pnpm v9.15.9
[WebServer] (node:133) [DEP0169] DeprecationWarning: `url.parse()` behavior is not standardized and prone to errors that have security implications. Use the WHATWG URL API instead. CVEs are not issued for `url.parse()` vulnerabilities.
[WebServer] (Use `node --trace-deprecation ...` to show where the warning was created)

[WebServer] (node:213) [DEP0169] DeprecationWarning: `url.parse()` behavior is not standardized and prone to errors that have security implications. Use the WHATWG URL API instead. CVEs are not issued for `url.parse()` vulnerabilities.
[WebServer] (Use `node --trace-deprecation ...` to show where the warning was created)


[WebServer] (node:311) [DEP0169] DeprecationWarning: `url.parse()` behavior is not standardized and prone to errors that have security implications. Use the WHATWG URL API instead. CVEs are not issued for `url.parse()` vulnerabilities.
[WebServer] (Use `node --trace-deprecation ...` to show where the warning was created)

Running 7 tests using 1 worker

[1/7] e2e/core/e4-core.spec.ts:486:5 › T-06-28 E2E (a) D3: the three seeded templates, «Setmana B» blocked by its inconsistency, «Setmana A» generates the proposed week, D3b per ring
[2/7] e2e/core/e4-core.spec.ts:621:5 › T-06-28 E2E (b) D4: «Esborrany» opens the seeded draft week, [VALIDAR LA SETMANA], the D4c modal with the 4 registrants (200), «Anul·lades», ring blocks (409 then 201)
[3/7] e2e/core/e4-core.spec.ts:805:5 › T-06-28 E2E (c) screens 10 and 23: the member never sees the cancelled class nor counts, the validated week is visible; the instructor sees the block, the dimmed class and n/n
[4/7] e2e/core/e4-core.spec.ts:860:5 › T-07-32 E2E (d) D7: the four seeded activities, the Torneig blocks every ring on D4, a new seminar published over a class with the conflict dialog; D7 exports against the core
[5/7] e2e/core/e4-core.spec.ts:1105:5 › T-07-32 E2E (e) ca: 04 → detail → register → 03 → cancel in time; the waitlist of the full «Seminari de handling» and the FIFO promotion when the admin adds a place
[6/7] e2e/core/e4-core.spec.ts:1271:5 › T-07-32 E2E (e) es: the same member flow with the es literals, a second FIFO promotion, then the admin cancels the seminar (200) and the registrant reads «cancel·lada pel club»
[7/7] e2e/core/e4-core.spec.ts:1441:5 › E4-W05 step 7 · the «Excel · PDF» menus of D5 and D7 with EXPORT_TOO_LARGE and while an export is pending
  7 passed (19.6s)
 Network agilityhub-e5-w04_default Creating 
 Network agilityhub-e5-w04_default Creating 
 Volume agilityhub-e5-w04_mongo-data Creating 
 Volume agilityhub-e5-w04_mongo-data Creating 
 Volume agilityhub-e5-w04_export-files Creating 
 Volume agilityhub-e5-w04_export-files Creating 
 Volume agilityhub-e5-w04_mailbox Creating 
 Volume agilityhub-e5-w04_mailbox Creating 
 Volume agilityhub-e5-w04_export-files Created 
 Volume agilityhub-e5-w04_export-files Created 
 Volume agilityhub-e5-w04_mongo-data Created 
 Volume agilityhub-e5-w04_mongo-data Created 
 Volume agilityhub-e5-w04_mailbox Created 
 Volume agilityhub-e5-w04_mailbox Created 
 Network agilityhub-e5-w04_default Created 
 Network agilityhub-e5-w04_default Created 
 Container agilityhub-e5-w04-mongo-1 Creating 
 Container agilityhub-e5-w04-mongo-1 Created 
 Container agilityhub-e5-w04-seed-1 Creating 
 Container agilityhub-e5-w04-seed-1 Created 
 Container agilityhub-e5-w04-activate-demo-club-1 Creating 
 Container agilityhub-e5-w04-activate-demo-club-1 Created 
 Container agilityhub-e5-w04-core-1 Creating 
 Container agilityhub-e5-w04-core-1 Created 
 Container agilityhub-e5-w04-mongo-1 Starting 
 Container agilityhub-e5-w04-mongo-1 Started 
 Container agilityhub-e5-w04-mongo-1 Waiting 
 Container agilityhub-e5-w04-mongo-1 Healthy 
 Container agilityhub-e5-w04-seed-1 Starting 
 Container agilityhub-e5-w04-seed-1 Started 
 Container agilityhub-e5-w04-seed-1 Waiting 
 Container agilityhub-e5-w04-seed-1 Exited 
 Container agilityhub-e5-w04-activate-demo-club-1 Starting 
 Container agilityhub-e5-w04-activate-demo-club-1 Started 
 Container agilityhub-e5-w04-mongo-1 Waiting 
 Container agilityhub-e5-w04-activate-demo-club-1 Waiting 
 Container agilityhub-e5-w04-activate-demo-club-1 Exited 
 Container agilityhub-e5-w04-mongo-1 Healthy 
 Container agilityhub-e5-w04-core-1 Starting 
 Container agilityhub-e5-w04-core-1 Started 
 Container agilityhub-e5-w04-mongo-1 Waiting 
 Container agilityhub-e5-w04-seed-1 Waiting 
 Container agilityhub-e5-w04-activate-demo-club-1 Waiting 
 Container agilityhub-e5-w04-core-1 Waiting 
 Container agilityhub-e5-w04-activate-demo-club-1 Exited 
 Container agilityhub-e5-w04-seed-1 Exited 
 Container agilityhub-e5-w04-mongo-1 Healthy 
 Container agilityhub-e5-w04-core-1 Healthy 
seed log: /Users/jordib/dev/agilityhub/agilityhub-core-web/roadmap/evidence/E5-W04/seed-e5.log (106 lines)
 Container agilityhub-e5-w04-mongo-1 Running 
 Container agilityhub-e5-w04-core-1 Running 
 Container agilityhub-e5-w04-mongo-1 Waiting 
 Container agilityhub-e5-w04-mongo-1 Healthy 
 Container agilityhub-e5-w04-seed-1 Starting 
 Container agilityhub-e5-w04-seed-1 Started 
 Container agilityhub-e5-w04-seed-1 Waiting 
 Container agilityhub-e5-w04-seed-1 Exited 
 Container agilityhub-e5-w04-activate-demo-club-1 Starting 
 Container agilityhub-e5-w04-activate-demo-club-1 Started 
 Container agilityhub-e5-w04-mongo-1 Waiting 
 Container agilityhub-e5-w04-activate-demo-club-1 Waiting 
 Container agilityhub-e5-w04-activate-demo-club-1 Exited 
 Container agilityhub-e5-w04-mongo-1 Healthy 
 Container agilityhub-e5-w04-core-1 Waiting 
 Container agilityhub-e5-w04-core-1 Healthy 
 Container agilityhub-e5-w04-playwright-run-95c24f65e5ce Creating 
 Container agilityhub-e5-w04-playwright-run-95c24f65e5ce Created 
tar: ./.roadmap-executor.log: time stamp 2026-09-28 04:54:27 is 274.044724284 s in the future
tar: ./roadmap/evidence/E5-W04/45-r2-e2e-core-final-A.log: time stamp 2026-09-28 04:54:28 is 274.8543562 s in the future
tar: ./.roadmap-executor.raw.jsonl: time stamp 2026-09-28 04:54:30 is 272.170007532 s in the future
! Corepack is about to download https://registry.npmjs.org/pnpm/-/pnpm-9.15.9.tgz
 WARN  Unsupported engine: wanted: {"node":">=22 <23"} (current: {"node":"v24.20.0","pnpm":"9.15.9"})
(node:20) [DEP0169] DeprecationWarning: `url.parse()` behavior is not standardized and prone to errors that have security implications. Use the WHATWG URL API instead. CVEs are not issued for `url.parse()` vulnerabilities.
(Use `node --trace-deprecation ...` to show where the warning was created)
Scope: all 11 workspace projects
Lockfile is up to date, resolution step is skipped
Progress: resolved 1, reused 0, downloaded 0, added 0
Packages: +851
++++++++++++++++++++++++++++++++++++++++++++++++++++++++++++++++++++++++++++++++
Progress: resolved 851, reused 0, downloaded 105, added 105
Progress: resolved 851, reused 0, downloaded 336, added 335
Progress: resolved 851, reused 0, downloaded 526, added 526
Progress: resolved 851, reused 0, downloaded 553, added 553
Progress: resolved 851, reused 0, downloaded 608, added 608
Progress: resolved 851, reused 0, downloaded 678, added 678
Progress: resolved 851, reused 0, downloaded 754, added 754
Progress: resolved 851, reused 0, downloaded 837, added 837
Progress: resolved 851, reused 0, downloaded 849, added 849
Progress: resolved 851, reused 0, downloaded 850, added 850
Progress: resolved 851, reused 0, downloaded 851, added 850
Progress: resolved 851, reused 0, downloaded 851, added 851, done
.../node_modules/unrs-resolver postinstall$ node postinstall.js
.../node_modules/msw postinstall$ node -e "import('./config/scripts/postinstall.js').catch(() => void 0)"
.../esbuild@0.25.12/node_modules/esbuild postinstall$ node install.js
.../node_modules/msw postinstall: Done
.../node_modules/unrs-resolver postinstall: Done
.../esbuild@0.25.12/node_modules/esbuild postinstall: Done

devDependencies:
+ @commitlint/cli 21.2.2
+ @commitlint/config-conventional 21.2.2
+ @eslint/css 2.0.0
+ @eslint/js 9.39.5
+ @playwright/test 1.63.0
+ @size-limit/file 13.0.3
+ @types/node 24.13.3
+ eslint 9.39.5
+ eslint-import-resolver-typescript 4.4.5
+ eslint-plugin-import 2.32.0
+ eslint-plugin-jsx-a11y 6.10.2
+ eslint-plugin-react 7.37.5
+ eslint-plugin-react-hooks 7.1.1
+ globals 17.12.0
+ husky 9.1.7
+ i18next-parser 9.4.0
+ lint-staged 17.5.0
+ msw 2.15.0
+ prettier 3.9.6
+ size-limit 13.0.3
+ turbo 2.10.12
+ typescript 5.9.3
+ typescript-eslint 8.69.0

. prepare$ node packages/config/scripts/prepare-husky.mjs
. prepare: .git can't be found
. prepare: Done
Done in 4m 47.5s using pnpm v9.15.9
[WebServer] (node:134) [DEP0169] DeprecationWarning: `url.parse()` behavior is not standardized and prone to errors that have security implications. Use the WHATWG URL API instead. CVEs are not issued for `url.parse()` vulnerabilities.
[WebServer] (Use `node --trace-deprecation ...` to show where the warning was created)


[WebServer] (node:214) [DEP0169] DeprecationWarning: `url.parse()` behavior is not standardized and prone to errors that have security implications. Use the WHATWG URL API instead. CVEs are not issued for `url.parse()` vulnerabilities.
[WebServer] (Use `node --trace-deprecation ...` to show where the warning was created)
[WebServer] (node:312) [DEP0169] DeprecationWarning: `url.parse()` behavior is not standardized and prone to errors that have security implications. Use the WHATWG URL API instead. CVEs are not issued for `url.parse()` vulnerabilities.
[WebServer] (Use `node --trace-deprecation ...` to show where the warning was created)


Running 11 tests using 1 worker

[1/11] e2e/core/e5-core.spec.ts:812:5 › E5-W04 step 2 · the automatic processes off, POST /test/clock to demoNow, and the parameters the flows read
[2/11] e2e/core/e5-core.spec.ts:870:5 › T-08-40 (a)(b) · 03 and 04 from the seed, a booking inside the 30 s hold, an in-time and a late cancellation
[3/11] e2e/core/e5-core.spec.ts:982:5 › T-08-40 (c) · 06 swaps the week's booking in one step; without a swappable one, 29
[4/11] e2e/core/e5-core.spec.ts:1101:5 › T-08-40 (d) · ALL_AT_ONCE: join a full class, a seat released more than 30 min ahead, NOTIFIED, claim
[5/11] e2e/core/e5-core.spec.ts:1234:5 › T-08-40 (g) · the same flows in es: a booking inside the hold, and a waiting entry claimed
[6/11] e2e/core/e5-core.spec.ts:1300:5 › T-09-40 (e) · 08 counts 3/week in the day+3 window with «Qualsevol»; 24 blocks a ring, never over bookings
[7/11] e2e/core/e5-core.spec.ts:1547:5 › E5-W04 step 5 · the core's statuses for JOB_UNKNOWN, SLOT_NOT_ON_GRID, DOG_ALREADY_BOOKED and OVERRIDE_NOT_ALLOWED
[8/11] e2e/core/e5-core.spec.ts:1616:5 › T-15-32/T-15-33 (f) · D11 simulates (nothing changes) and runs the risk review; D1 reports it; P9 by its run
[9/11] e2e/core/e5-core.spec.ts:1749:5 › E5-W04 (h) · cleanup: every booking, entry, training booking and block the run created is cancelled
[10/11] e2e/core/e5-core.spec.ts:1811:5 › R-09-05 · 08 counts by session date: on Sunday the day+3 window reaches the next week, and a Monday booking moves only Monday's counter
[11/11] e2e/core/e5-core.spec.ts:1884:5 › R-15-11 (f) · P1 with the clock advanced: NOT_YET_OPEN before Sunday 20:00, BOOKABLE by the clock at 20:01, and [Executa ara] opens the week
  11 passed (27.0s)
 ELIFECYCLE  Command failed with exit code 1.
