# stage start 2026-09-27T14:41:09.170Z · e1-core.spec.ts e2-core.spec.ts
2026-09-27T14:41:09.919Z grant_type=refresh_token status=400 cookie=none test="T-01-18 password login reaches the seeded account" body={"code":"REFRESH_EXPIRED"}
2026-09-27T14:41:10.056Z grant_type=password status=200 cookie=none test="T-01-18 password login reaches the seeded account"
2026-09-27T14:41:10.570Z grant_type=refresh_token status=400 cookie=none test="T-01-21 seeded administrator opens the real backoffice" body={"code":"REFRESH_EXPIRED"}
2026-09-27T14:41:10.704Z grant_type=password status=200 cookie=none test="T-01-21 seeded administrator opens the real backoffice"
2026-09-27T14:41:10.883Z grant_type=refresh_token status=200 cookie=sent test="T-01-21 seeded administrator opens the real backoffice"
2026-09-27T14:41:11.230Z grant_type=refresh_token status=400 cookie=none test="T-01-20 club session is restored by the core" body={"code":"REFRESH_EXPIRED"}
2026-09-27T14:41:11.319Z grant_type=password status=200 cookie=none test="T-01-20 club session is restored by the core"
2026-09-27T14:41:11.484Z grant_type=refresh_token status=200 cookie=sent test="T-01-20 club session is restored by the core"
2026-09-27T14:41:11.622Z grant_type=refresh_token status=200 cookie=sent test="T-01-20 club session is restored by the core"
2026-09-27T14:41:11.965Z grant_type=refresh_token status=400 cookie=none test="T-01-20 club session is restored by the core" body={"code":"REFRESH_EXPIRED"}
2026-09-27T14:41:12.064Z grant_type=password status=200 cookie=none test="T-01-20 club session is restored by the core"
2026-09-27T14:41:12.508Z grant_type=refresh_token status=400 cookie=none test="T-01-19 magic link is delivered and exchanged end to end" body={"code":"REFRESH_EXPIRED"}
2026-09-27T14:41:12.886Z grant_type=refresh_token status=400 cookie=none test="T-01-19 magic link is delivered and exchanged end to end" body={"code":"REFRESH_EXPIRED"}
2026-09-27T14:41:12.897Z grant_type=urn:agilityhub:grant:magic-link status=200 cookie=none test="T-01-19 magic link is delivered and exchanged end to end"
2026-09-27T14:41:13.111Z grant_type=refresh_token status=200 cookie=sent test="T-01-19 magic link is delivered and exchanged end to end"
2026-09-27T14:41:13.395Z grant_type=refresh_token status=400 cookie=none test="T-01-26 published seed enters without pending onboarding" body={"code":"REFRESH_EXPIRED"}
2026-09-27T14:41:13.489Z grant_type=password status=200 cookie=none test="T-01-26 published seed enters without pending onboarding"
2026-09-27T14:41:13.642Z grant_type=refresh_token status=200 cookie=sent test="T-01-26 published seed enters without pending onboarding"
2026-09-27T14:41:13.917Z grant_type=refresh_token status=400 cookie=none test="T-01-22 apps/id resumes a real authorize flow through oauth2/session" body={"code":"REFRESH_EXPIRED"}
2026-09-27T14:41:14.087Z grant_type=password status=200 cookie=none test="T-01-22 apps/id resumes a real authorize flow through oauth2/session"
2026-09-27T14:41:14.230Z grant_type=refresh_token status=200 cookie=sent test="T-01-22 apps/id resumes a real authorize flow through oauth2/session"
2026-09-27T14:41:14.453Z grant_type=refresh_token status=200 cookie=sent test="T-01-22 apps/id resumes a real authorize flow through oauth2/session"
2026-09-27T14:41:14.828Z grant_type=refresh_token status=400 cookie=sent test="T-01-22 apps/id resumes a real authorize flow through oauth2/session" body={"code":"REFRESH_EXPIRED"}
2026-09-27T14:41:14.971Z grant_type=password status=200 cookie=sent test="T-01-22 apps/id resumes a real authorize flow through oauth2/session"
2026-09-27T14:41:15.312Z grant_type=refresh_token status=400 cookie=none test="T-02-07 E3-W12 step 5 · the public footer of 01 shows /branding's identity and registered office (S02 R-02-02)" body={"code":"REFRESH_EXPIRED"}
2026-09-27T14:41:15.657Z grant_type=refresh_token status=400 cookie=none test="T-03-42 real census flow, booking block and member profile" body={"code":"REFRESH_EXPIRED"}
2026-09-27T14:41:15.794Z grant_type=password status=200 cookie=none test="T-03-42 real census flow, booking block and member profile"
2026-09-27T14:41:15.977Z grant_type=refresh_token status=200 cookie=sent test="T-03-42 real census flow, booking block and member profile"
2026-09-27T14:41:20.378Z grant_type=refresh_token status=400 cookie=none test="T-03-42 real census flow, booking block and member profile" body={"code":"REFRESH_EXPIRED"}
2026-09-27T14:41:20.475Z grant_type=password status=200 cookie=none test="T-03-42 real census flow, booking block and member profile"
2026-09-27T14:41:20.625Z grant_type=refresh_token status=200 cookie=sent test="T-03-42 real census flow, booking block and member profile"
2026-09-27T14:41:20.781Z grant_type=refresh_token status=200 cookie=sent test="T-03-42 real census flow, booking block and member profile"
2026-09-27T14:41:21.011Z grant_type=refresh_token status=200 cookie=sent test="T-03-42 real census flow, booking block and member profile"
2026-09-27T14:41:27.530Z grant_type=refresh_token status=400 cookie=none test="T-05-CP-07 real club page edit renders styled Markdown on screen 30" body={"code":"REFRESH_EXPIRED"}
2026-09-27T14:41:27.621Z grant_type=password status=200 cookie=none test="T-05-CP-07 real club page edit renders styled Markdown on screen 30"
2026-09-27T14:41:27.798Z grant_type=refresh_token status=200 cookie=sent test="T-05-CP-07 real club page edit renders styled Markdown on screen 30"
2026-09-27T14:41:28.012Z grant_type=refresh_token status=200 cookie=sent test="T-05-CP-07 real club page edit renders styled Markdown on screen 30"
2026-09-27T14:41:28.517Z grant_type=refresh_token status=400 cookie=none test="T-03-40 E3-W12 step 4 · screen 13 reads GET /me/dogs only: the seed's document types, «Nivell» per dog, no /parameters (S03 §6)" body={"code":"REFRESH_EXPIRED"}
2026-09-27T14:41:28.626Z grant_type=password status=200 cookie=none test="T-03-40 E3-W12 step 4 · screen 13 reads GET /me/dogs only: the seed's document types, «Nivell» per dog, no /parameters (S03 §6)"
2026-09-27T14:41:28.837Z grant_type=refresh_token status=200 cookie=sent test="T-03-40 E3-W12 step 4 · screen 13 reads GET /me/dogs only: the seed's document types, «Nivell» per dog, no /parameters (S03 §6)"
2026-09-27T14:41:29.057Z grant_type=refresh_token status=200 cookie=sent test="T-03-40 E3-W12 step 4 · screen 13 reads GET /me/dogs only: the seed's document types, «Nivell» per dog, no /parameters (S03 §6)"
# stage end 2026-09-27T14:41:29.417Z · e1-core.spec.ts e2-core.spec.ts · 41 calls · 14 non-2xx
# stage start 2026-09-27T14:42:40.277Z · e3-signup.spec.ts
2026-09-27T14:42:41.036Z grant_type=refresh_token status=400 cookie=none test="T-02-07 E3-W12 step 5 · the signup's public footer shows /branding's identity and registered office (S02 R-02-02)" body={"code":"REFRESH_EXPIRED"}
2026-09-27T14:42:41.541Z grant_type=refresh_token status=400 cookie=none test="T-04-34 public signup is validated and enters through the N-02 welcome link" body={"code":"REFRESH_EXPIRED"}
2026-09-27T14:42:42.005Z grant_type=refresh_token status=400 cookie=none test="T-04-34 public signup is validated and enters through the N-02 welcome link" body={"code":"REFRESH_EXPIRED"}
2026-09-27T14:42:42.304Z grant_type=refresh_token status=400 cookie=none test="T-04-34 public signup is validated and enters through the N-02 welcome link" body={"code":"REFRESH_EXPIRED"}
2026-09-27T14:42:42.600Z grant_type=refresh_token status=400 cookie=none test="T-04-34 public signup is validated and enters through the N-02 welcome link" body={"code":"REFRESH_EXPIRED"}
2026-09-27T14:42:43.117Z grant_type=refresh_token status=400 cookie=none test="T-04-34 public signup is validated and enters through the N-02 welcome link" body={"code":"REFRESH_EXPIRED"}
2026-09-27T14:42:43.509Z grant_type=refresh_token status=400 cookie=none test="T-04-34 public signup is validated and enters through the N-02 welcome link" body={"code":"REFRESH_EXPIRED"}
2026-09-27T14:42:43.644Z grant_type=password status=200 cookie=none test="T-04-34 public signup is validated and enters through the N-02 welcome link"
2026-09-27T14:42:43.831Z grant_type=refresh_token status=200 cookie=sent test="T-04-34 public signup is validated and enters through the N-02 welcome link"
2026-09-27T14:42:45.759Z grant_type=refresh_token status=400 cookie=none test="T-04-34 public signup is validated and enters through the N-02 welcome link" body={"code":"REFRESH_EXPIRED"}
2026-09-27T14:42:45.770Z grant_type=urn:agilityhub:grant:magic-link status=200 cookie=none test="T-04-34 public signup is validated and enters through the N-02 welcome link"
2026-09-27T14:42:45.962Z grant_type=refresh_token status=200 cookie=sent test="T-04-34 public signup is validated and enters through the N-02 welcome link"
2026-09-27T14:42:46.245Z grant_type=refresh_token status=400 cookie=none test="T-04-34 public signup is validated and enters through the N-02 welcome link" body={"code":"REFRESH_EXPIRED"}
2026-09-27T14:42:46.598Z grant_type=refresh_token status=400 cookie=none test="T-04-34 public signup is validated and enters through the N-02 welcome link" body={"code":"REFRESH_EXPIRED"}
2026-09-27T14:42:46.983Z grant_type=refresh_token status=400 cookie=none test="T-04-34 public signup is validated and enters through the N-02 welcome link" body={"code":"REFRESH_EXPIRED"}
2026-09-27T14:42:47.154Z grant_type=refresh_token status=400 cookie=none test="T-04-34 public signup is validated and enters through the N-02 welcome link" body={"code":"REFRESH_EXPIRED"}
2026-09-27T14:42:47.574Z grant_type=refresh_token status=400 cookie=none test="T-04-34 public signup is validated and enters through the N-02 welcome link" body={"code":"REFRESH_EXPIRED"}
2026-09-27T14:42:48.198Z grant_type=refresh_token status=400 cookie=none test="T-04-34 public signup is validated and enters through the N-02 welcome link" body={"code":"REFRESH_EXPIRED"}
2026-09-27T14:42:48.603Z grant_type=refresh_token status=400 cookie=none test="T-04-34 public signup is validated and enters through the N-02 welcome link" body={"code":"REFRESH_EXPIRED"}
2026-09-27T14:42:49.042Z grant_type=refresh_token status=400 cookie=none test="T-04-34 public signup is validated and enters through the N-02 welcome link" body={"code":"REFRESH_EXPIRED"}
2026-09-27T14:42:49.305Z grant_type=refresh_token status=400 cookie=none test="T-04-34 public signup is validated and enters through the N-02 welcome link" body={"code":"REFRESH_EXPIRED"}
2026-09-27T14:42:49.627Z grant_type=refresh_token status=400 cookie=none test="T-04-34 public signup is validated and enters through the N-02 welcome link" body={"code":"REFRESH_EXPIRED"}
2026-09-27T14:42:51.155Z grant_type=refresh_token status=200 cookie=sent test="T-04-34 public signup is validated and enters through the N-02 welcome link"
2026-09-27T14:42:51.629Z grant_type=refresh_token status=200 cookie=sent test="T-04-34 public signup is validated and enters through the N-02 welcome link"
2026-09-27T14:42:52.146Z grant_type=refresh_token status=200 cookie=sent test="T-04-34 public signup is validated and enters through the N-02 welcome link"
2026-09-27T14:42:52.293Z grant_type=refresh_token status=200 cookie=sent test="T-04-34 public signup is validated and enters through the N-02 welcome link"
2026-09-27T14:42:55.346Z grant_type=refresh_token status=400 cookie=none test="T-04-34 public signup is validated and enters through the N-02 welcome link" body={"code":"REFRESH_EXPIRED"}
2026-09-27T14:42:55.701Z grant_type=refresh_token status=400 cookie=none test="T-04-34 public signup is validated and enters through the N-02 welcome link" body={"code":"REFRESH_EXPIRED"}
2026-09-27T14:42:55.989Z grant_type=refresh_token status=400 cookie=none test="T-04-34 public signup is validated and enters through the N-02 welcome link" body={"code":"REFRESH_EXPIRED"}
2026-09-27T14:42:56.174Z grant_type=refresh_token status=400 cookie=none test="T-04-34 public signup is validated and enters through the N-02 welcome link" body={"code":"REFRESH_EXPIRED"}
2026-09-27T14:42:56.542Z grant_type=refresh_token status=400 cookie=none test="T-04-34 public signup is validated and enters through the N-02 welcome link" body={"code":"REFRESH_EXPIRED"}
2026-09-27T14:43:01.143Z grant_type=refresh_token status=400 cookie=none test="T-04-34 signup.enabled=false shows only the configured closed text" body={"code":"REFRESH_EXPIRED"}
# stage end 2026-09-27T14:43:01.244Z · e3-signup.spec.ts · 32 calls · 24 non-2xx
# stage start 2026-09-27T14:44:07.043Z · e4-core.spec.ts
2026-09-27T14:44:07.848Z grant_type=refresh_token status=400 cookie=none test="T-06-28 E2E (a) D3: the three seeded templates, «Setmana B» blocked by its inconsistency, «Setmana A» generates the proposed week, D3b per ring" body={"code":"REFRESH_EXPIRED"}
2026-09-27T14:44:08.041Z grant_type=password status=200 cookie=none test="T-06-28 E2E (a) D3: the three seeded templates, «Setmana B» blocked by its inconsistency, «Setmana A» generates the proposed week, D3b per ring"
2026-09-27T14:44:08.237Z grant_type=refresh_token status=200 cookie=sent test="T-06-28 E2E (a) D3: the three seeded templates, «Setmana B» blocked by its inconsistency, «Setmana A» generates the proposed week, D3b per ring"
2026-09-27T14:44:12.037Z grant_type=refresh_token status=400 cookie=none test="T-06-28 E2E (c) screens 10 and 23: the member never sees the cancelled class nor counts, the validated week is visible; the instructor sees the block, the dimmed class and n/n" body={"code":"REFRESH_EXPIRED"}
2026-09-27T14:44:12.118Z grant_type=password status=200 cookie=none test="T-06-28 E2E (c) screens 10 and 23: the member never sees the cancelled class nor counts, the validated week is visible; the instructor sees the block, the dimmed class and n/n"
2026-09-27T14:44:12.265Z grant_type=refresh_token status=200 cookie=sent test="T-06-28 E2E (c) screens 10 and 23: the member never sees the cancelled class nor counts, the validated week is visible; the instructor sees the block, the dimmed class and n/n"
2026-09-27T14:44:12.425Z grant_type=refresh_token status=200 cookie=sent test="T-06-28 E2E (c) screens 10 and 23: the member never sees the cancelled class nor counts, the validated week is visible; the instructor sees the block, the dimmed class and n/n"
2026-09-27T14:44:12.712Z grant_type=refresh_token status=200 cookie=sent test="T-06-28 E2E (c) screens 10 and 23: the member never sees the cancelled class nor counts, the validated week is visible; the instructor sees the block, the dimmed class and n/n"
2026-09-27T14:44:13.071Z grant_type=refresh_token status=400 cookie=none test="T-06-28 E2E (c) screens 10 and 23: the member never sees the cancelled class nor counts, the validated week is visible; the instructor sees the block, the dimmed class and n/n" body={"code":"REFRESH_EXPIRED"}
2026-09-27T14:44:13.164Z grant_type=password status=200 cookie=none test="T-06-28 E2E (c) screens 10 and 23: the member never sees the cancelled class nor counts, the validated week is visible; the instructor sees the block, the dimmed class and n/n"
2026-09-27T14:44:13.309Z grant_type=refresh_token status=200 cookie=sent test="T-06-28 E2E (c) screens 10 and 23: the member never sees the cancelled class nor counts, the validated week is visible; the instructor sees the block, the dimmed class and n/n"
2026-09-27T14:44:13.476Z grant_type=refresh_token status=200 cookie=sent test="T-06-28 E2E (c) screens 10 and 23: the member never sees the cancelled class nor counts, the validated week is visible; the instructor sees the block, the dimmed class and n/n"
2026-09-27T14:44:16.802Z grant_type=refresh_token status=400 cookie=none test="T-07-32 E2E (e) ca: 04 → detail → register → 03 → cancel in time; the waitlist of the full «Seminari de handling» and the FIFO promotion when the admin adds a place" body={"code":"REFRESH_EXPIRED"}
2026-09-27T14:44:16.888Z grant_type=password status=200 cookie=none test="T-07-32 E2E (e) ca: 04 → detail → register → 03 → cancel in time; the waitlist of the full «Seminari de handling» and the FIFO promotion when the admin adds a place"
2026-09-27T14:44:17.036Z grant_type=refresh_token status=200 cookie=sent test="T-07-32 E2E (e) ca: 04 → detail → register → 03 → cancel in time; the waitlist of the full «Seminari de handling» and the FIFO promotion when the admin adds a place"
2026-09-27T14:44:17.192Z grant_type=refresh_token status=200 cookie=sent test="T-07-32 E2E (e) ca: 04 → detail → register → 03 → cancel in time; the waitlist of the full «Seminari de handling» and the FIFO promotion when the admin adds a place"
2026-09-27T14:44:17.518Z grant_type=refresh_token status=200 cookie=sent test="T-07-32 E2E (e) ca: 04 → detail → register → 03 → cancel in time; the waitlist of the full «Seminari de handling» and the FIFO promotion when the admin adds a place"
2026-09-27T14:44:17.848Z grant_type=refresh_token status=200 cookie=sent test="T-07-32 E2E (e) ca: 04 → detail → register → 03 → cancel in time; the waitlist of the full «Seminari de handling» and the FIFO promotion when the admin adds a place"
2026-09-27T14:44:18.113Z grant_type=refresh_token status=200 cookie=sent test="T-07-32 E2E (e) ca: 04 → detail → register → 03 → cancel in time; the waitlist of the full «Seminari de handling» and the FIFO promotion when the admin adds a place"
2026-09-27T14:44:18.404Z grant_type=refresh_token status=200 cookie=sent test="T-07-32 E2E (e) ca: 04 → detail → register → 03 → cancel in time; the waitlist of the full «Seminari de handling» and the FIFO promotion when the admin adds a place"
2026-09-27T14:44:18.619Z grant_type=refresh_token status=200 cookie=sent test="T-07-32 E2E (e) ca: 04 → detail → register → 03 → cancel in time; the waitlist of the full «Seminari de handling» and the FIFO promotion when the admin adds a place"
2026-09-27T14:44:19.808Z grant_type=refresh_token status=400 cookie=none test="T-07-32 E2E (e) es: the same member flow with the es literals, a second FIFO promotion, then the admin cancels the seminar (200) and the registrant reads «cancel·lada pel club»" body={"code":"REFRESH_EXPIRED"}
2026-09-27T14:44:19.917Z grant_type=password status=200 cookie=none test="T-07-32 E2E (e) es: the same member flow with the es literals, a second FIFO promotion, then the admin cancels the seminar (200) and the registrant reads «cancel·lada pel club»"
2026-09-27T14:44:20.078Z grant_type=refresh_token status=200 cookie=sent test="T-07-32 E2E (e) es: the same member flow with the es literals, a second FIFO promotion, then the admin cancels the seminar (200) and the registrant reads «cancel·lada pel club»"
2026-09-27T14:44:20.233Z grant_type=refresh_token status=200 cookie=sent test="T-07-32 E2E (e) es: the same member flow with the es literals, a second FIFO promotion, then the admin cancels the seminar (200) and the registrant reads «cancel·lada pel club»"
2026-09-27T14:44:20.595Z grant_type=refresh_token status=200 cookie=sent test="T-07-32 E2E (e) es: the same member flow with the es literals, a second FIFO promotion, then the admin cancels the seminar (200) and the registrant reads «cancel·lada pel club»"
2026-09-27T14:44:20.869Z grant_type=refresh_token status=200 cookie=sent test="T-07-32 E2E (e) es: the same member flow with the es literals, a second FIFO promotion, then the admin cancels the seminar (200) and the registrant reads «cancel·lada pel club»"
2026-09-27T14:44:21.119Z grant_type=refresh_token status=200 cookie=sent test="T-07-32 E2E (e) es: the same member flow with the es literals, a second FIFO promotion, then the admin cancels the seminar (200) and the registrant reads «cancel·lada pel club»"
2026-09-27T14:44:21.438Z grant_type=refresh_token status=200 cookie=sent test="T-07-32 E2E (e) es: the same member flow with the es literals, a second FIFO promotion, then the admin cancels the seminar (200) and the registrant reads «cancel·lada pel club»"
2026-09-27T14:44:21.640Z grant_type=refresh_token status=200 cookie=sent test="T-07-32 E2E (e) es: the same member flow with the es literals, a second FIFO promotion, then the admin cancels the seminar (200) and the registrant reads «cancel·lada pel club»"
2026-09-27T14:44:21.961Z grant_type=refresh_token status=200 cookie=sent test="T-07-32 E2E (e) es: the same member flow with the es literals, a second FIFO promotion, then the admin cancels the seminar (200) and the registrant reads «cancel·lada pel club»"
2026-09-27T14:44:23.268Z grant_type=refresh_token status=200 cookie=sent test="T-07-32 E2E (e) es: the same member flow with the es literals, a second FIFO promotion, then the admin cancels the seminar (200) and the registrant reads «cancel·lada pel club»"
# stage end 2026-09-27T14:44:24.271Z · e4-core.spec.ts · 32 calls · 5 non-2xx
# stage start 2026-09-27T14:45:35.587Z · e5-core.spec.ts
2026-09-27T14:45:36.698Z grant_type=refresh_token status=400 cookie=none test="E5-W04 step 2 · POST /test/clock to demoNow, and the parameters the flows read" body={"code":"REFRESH_EXPIRED"}
2026-09-27T14:45:36.859Z grant_type=password status=200 cookie=none test="E5-W04 step 2 · POST /test/clock to demoNow, and the parameters the flows read"
2026-09-27T14:45:37.059Z grant_type=refresh_token status=200 cookie=sent test="E5-W04 step 2 · POST /test/clock to demoNow, and the parameters the flows read"
2026-09-27T14:45:37.486Z grant_type=refresh_token status=400 cookie=none test="T-08-40 (a)(b) · 03 and 04 from the seed, a booking inside the 30 s hold, an in-time and a late cancellation" body={"code":"REFRESH_EXPIRED"}
2026-09-27T14:45:37.578Z grant_type=password status=200 cookie=none test="T-08-40 (a)(b) · 03 and 04 from the seed, a booking inside the 30 s hold, an in-time and a late cancellation"
2026-09-27T14:45:37.726Z grant_type=refresh_token status=200 cookie=sent test="T-08-40 (a)(b) · 03 and 04 from the seed, a booking inside the 30 s hold, an in-time and a late cancellation"
2026-09-27T14:45:39.179Z grant_type=refresh_token status=400 cookie=none test="T-08-40 (a)(b) · 03 and 04 from the seed, a booking inside the 30 s hold, an in-time and a late cancellation" body={"code":"REFRESH_EXPIRED"}
2026-09-27T14:45:39.259Z grant_type=password status=200 cookie=none test="T-08-40 (a)(b) · 03 and 04 from the seed, a booking inside the 30 s hold, an in-time and a late cancellation"
2026-09-27T14:45:39.411Z grant_type=refresh_token status=200 cookie=sent test="T-08-40 (a)(b) · 03 and 04 from the seed, a booking inside the 30 s hold, an in-time and a late cancellation"
2026-09-27T14:45:40.086Z grant_type=refresh_token status=400 cookie=none test="T-08-40 (c) · 06 swaps the week's booking in one step; without a swappable one, 29" body={"code":"REFRESH_EXPIRED"}
2026-09-27T14:45:40.181Z grant_type=password status=200 cookie=none test="T-08-40 (c) · 06 swaps the week's booking in one step; without a swappable one, 29"
2026-09-27T14:45:40.329Z grant_type=refresh_token status=200 cookie=sent test="T-08-40 (c) · 06 swaps the week's booking in one step; without a swappable one, 29"
2026-09-27T14:45:41.395Z grant_type=refresh_token status=400 cookie=none test="T-08-40 (d) · ALL_AT_ONCE: join a full class, a seat released more than 30 min ahead, NOTIFIED, claim" body={"code":"REFRESH_EXPIRED"}
2026-09-27T14:45:41.479Z grant_type=password status=200 cookie=none test="T-08-40 (d) · ALL_AT_ONCE: join a full class, a seat released more than 30 min ahead, NOTIFIED, claim"
2026-09-27T14:45:41.639Z grant_type=refresh_token status=200 cookie=sent test="T-08-40 (d) · ALL_AT_ONCE: join a full class, a seat released more than 30 min ahead, NOTIFIED, claim"
2026-09-27T14:45:42.466Z grant_type=refresh_token status=400 cookie=none test="T-08-40 (d) · ALL_AT_ONCE: join a full class, a seat released more than 30 min ahead, NOTIFIED, claim" body={"code":"REFRESH_EXPIRED"}
2026-09-27T14:45:42.593Z grant_type=password status=200 cookie=none test="T-08-40 (d) · ALL_AT_ONCE: join a full class, a seat released more than 30 min ahead, NOTIFIED, claim"
2026-09-27T14:45:42.747Z grant_type=refresh_token status=200 cookie=sent test="T-08-40 (d) · ALL_AT_ONCE: join a full class, a seat released more than 30 min ahead, NOTIFIED, claim"
2026-09-27T14:45:44.757Z grant_type=refresh_token status=400 cookie=none test="T-08-40 (g) · the same flows in es: a booking inside the hold, and a waiting entry claimed" body={"code":"REFRESH_EXPIRED"}
2026-09-27T14:45:44.847Z grant_type=password status=200 cookie=none test="T-08-40 (g) · the same flows in es: a booking inside the hold, and a waiting entry claimed"
2026-09-27T14:45:45.023Z grant_type=refresh_token status=200 cookie=sent test="T-08-40 (g) · the same flows in es: a booking inside the hold, and a waiting entry claimed"
2026-09-27T14:45:47.636Z grant_type=refresh_token status=400 cookie=none test="T-09-40 (e) · 08 counts 3/week by session date in the day+3 window; 24 blocks a ring, never over bookings" body={"code":"REFRESH_EXPIRED"}
2026-09-27T14:45:47.727Z grant_type=password status=200 cookie=none test="T-09-40 (e) · 08 counts 3/week by session date in the day+3 window; 24 blocks a ring, never over bookings"
2026-09-27T14:45:47.881Z grant_type=refresh_token status=200 cookie=sent test="T-09-40 (e) · 08 counts 3/week by session date in the day+3 window; 24 blocks a ring, never over bookings"
2026-09-27T14:45:52.524Z grant_type=refresh_token status=400 cookie=none test="R-15-11 (f) · P1 with the clock advanced: a NOT_YET_OPEN row of 04 before Sunday 20:00, BOOKABLE after week-opening" body={"code":"REFRESH_EXPIRED"}
2026-09-27T14:45:52.793Z grant_type=refresh_token status=400 cookie=none test="R-15-11 (f) · P1 with the clock advanced: a NOT_YET_OPEN row of 04 before Sunday 20:00, BOOKABLE after week-opening" body={"code":"REFRESH_EXPIRED"}
2026-09-27T14:45:52.883Z grant_type=password status=200 cookie=none test="R-15-11 (f) · P1 with the clock advanced: a NOT_YET_OPEN row of 04 before Sunday 20:00, BOOKABLE after week-opening"
2026-09-27T14:45:53.033Z grant_type=refresh_token status=200 cookie=sent test="R-15-11 (f) · P1 with the clock advanced: a NOT_YET_OPEN row of 04 before Sunday 20:00, BOOKABLE after week-opening"
2026-09-27T14:45:53.907Z grant_type=refresh_token status=400 cookie=none test="R-15-11 (f) · P1 with the clock advanced: a NOT_YET_OPEN row of 04 before Sunday 20:00, BOOKABLE after week-opening" body={"code":"REFRESH_EXPIRED"}
2026-09-27T14:45:54.215Z grant_type=refresh_token status=400 cookie=none test="R-15-11 (f) · P1 with the clock advanced: a NOT_YET_OPEN row of 04 before Sunday 20:00, BOOKABLE after week-opening" body={"code":"REFRESH_EXPIRED"}
2026-09-27T14:45:54.322Z grant_type=password status=200 cookie=none test="R-15-11 (f) · P1 with the clock advanced: a NOT_YET_OPEN row of 04 before Sunday 20:00, BOOKABLE after week-opening"
2026-09-27T14:45:54.498Z grant_type=refresh_token status=200 cookie=sent test="R-15-11 (f) · P1 with the clock advanced: a NOT_YET_OPEN row of 04 before Sunday 20:00, BOOKABLE after week-opening"
2026-09-27T14:45:55.288Z grant_type=refresh_token status=400 cookie=none test="R-15-11 (f) · P1 with the clock advanced: a NOT_YET_OPEN row of 04 before Sunday 20:00, BOOKABLE after week-opening" body={"code":"REFRESH_EXPIRED"}
2026-09-27T14:45:55.380Z grant_type=password status=200 cookie=none test="R-15-11 (f) · P1 with the clock advanced: a NOT_YET_OPEN row of 04 before Sunday 20:00, BOOKABLE after week-opening"
2026-09-27T14:45:55.531Z grant_type=refresh_token status=200 cookie=sent test="R-15-11 (f) · P1 with the clock advanced: a NOT_YET_OPEN row of 04 before Sunday 20:00, BOOKABLE after week-opening"
2026-09-27T14:45:56.005Z grant_type=refresh_token status=400 cookie=none test="R-15-11 (f) · P1 with the clock advanced: a NOT_YET_OPEN row of 04 before Sunday 20:00, BOOKABLE after week-opening" body={"code":"REFRESH_EXPIRED"}
# stage end 2026-09-27T14:45:56.080Z · e5-core.spec.ts · 36 calls · 14 non-2xx
