
> agilityhub-core-web@0.0.0 e2e:docker /Users/jordib/dev/agilityhub/agilityhub-core-web
> bash scripts/e2e-docker.sh E8-W02 --grep 'T-13-29 renders a new inactivity request' --pass-with-no-tests

Running Playwright in mcr.microsoft.com/playwright:v1.63.0-noble
Evidence copied back for: E8-W02
Capture folder of the permanent mock specs: <the task of each spec>
Playwright arguments: --workers=4 --grep T-13-29 renders a new inactivity request --pass-with-no-tests
Checkout copied into the container: 357M
! Corepack is about to download https://registry.npmjs.org/pnpm/-/pnpm-9.15.9.tgz
 WARN  Unsupported engine: wanted: {"node":">=22 <23"} (current: {"node":"v24.20.0","pnpm":"9.15.9"})
(node:23) [DEP0169] DeprecationWarning: `url.parse()` behavior is not standardized and prone to errors that have security implications. Use the WHATWG URL API instead. CVEs are not issued for `url.parse()` vulnerabilities.
(Use `node --trace-deprecation ...` to show where the warning was created)
Scope: all 11 workspace projects
Lockfile is up to date, resolution step is skipped
Progress: resolved 1, reused 0, downloaded 0, added 0
Packages: +852
++++++++++++++++++++++++++++++++++++++++++++++++++++++++++++++++++++++++++++++++
Progress: resolved 852, reused 0, downloaded 227, added 226
Progress: resolved 852, reused 0, downloaded 551, added 551
Progress: resolved 852, reused 0, downloaded 786, added 785
Progress: resolved 852, reused 0, downloaded 852, added 852, done
.../node_modules/msw postinstall$ node -e "import('./config/scripts/postinstall.js').catch(() => void 0)"
.../node_modules/unrs-resolver postinstall$ node postinstall.js
.../esbuild@0.25.12/node_modules/esbuild postinstall$ node install.js
.../node_modules/msw postinstall: Done
.../node_modules/unrs-resolver postinstall: Done
.../esbuild@0.25.12/node_modules/esbuild postinstall: Done

devDependencies:
+ @commitlint/cli 21.2.2
+ @commitlint/config-conventional 21.2.2
+ @eslint/css 2.0.0
+ @eslint/js 9.39.5
+ @playwright/test 1.63.0
+ @size-limit/file 13.0.3
+ @types/node 24.13.3
+ eslint 9.39.5
+ eslint-import-resolver-typescript 4.4.5
+ eslint-plugin-import 2.32.0
+ eslint-plugin-jsx-a11y 6.10.2
+ eslint-plugin-react 7.37.5
+ eslint-plugin-react-hooks 7.1.1
+ globals 17.12.0
+ husky 9.1.7
+ i18next-parser 9.4.0
+ lint-staged 17.5.0
+ msw 2.15.0
+ prettier 3.9.6
+ size-limit 13.0.3
+ turbo 2.10.12
+ typescript 5.9.3
+ typescript-eslint 8.69.0

. prepare$ node packages/config/scripts/prepare-husky.mjs
. prepare: .git can't be found
. prepare: Done
Done in 4.1s using pnpm v9.15.9

Attention:
Turborepo now collects completely anonymous telemetry regarding usage.
This information is used to shape the Turborepo roadmap and prioritize features.
You can learn more, including how to opt-out if you'd not like to participate in this anonymous program, by visiting the following URL:
https://turborepo.dev/docs/telemetry


   • Packages in scope: @agilityhub/api-client, @agilityhub/auth, @agilityhub/config, @agilityhub/course-core, @agilityhub/i18n, @agilityhub/shared-types, @agilityhub/ui, clubs, clubs-admin, id
   • Running e2e in 10 packages
   • Remote caching disabled

@agilityhub/course-core:build: cache miss, executing bba73eceb7caeae4
@agilityhub/course-core:build: 
@agilityhub/course-core:build: > @agilityhub/course-core@0.0.1 build /work/packages/course-core
@agilityhub/course-core:build: > tsc -p tsconfig.build.json
@agilityhub/course-core:build: 
@agilityhub/shared-types:build: cache miss, executing 1a214891a9863528
@agilityhub/shared-types:build: 
@agilityhub/shared-types:build: > @agilityhub/shared-types@0.0.1 build /work/packages/shared-types
@agilityhub/shared-types:build: > tsc -p tsconfig.build.json
@agilityhub/shared-types:build: 
id:build: cache miss, executing 709b5b7d5e497aef
id:build: 
id:build: > id@0.0.0 build /work/apps/id
id:build: > tsc --noEmit && vite build
id:build: 
id:build: [36mvite v8.2.2 [32mbuilding client environment for production...[36m[39m
id:build: transforming...
id:build: ✓ 242 modules transformed.
id:build: rendering chunks...
id:build: computing gzip size...
id:build: dist/index.html                                           0.39 kB │ gzip:   0.27 kB
id:build: dist/assets/sprite-BOr1Ydze.svg                           5.78 kB │ gzip:   1.52 kB
id:build: dist/assets/montserrat-latin-600-normal-UVxSCcoG.woff2   18.68 kB
id:build: dist/assets/montserrat-latin-500-normal-DRFEGfly.woff2   18.74 kB
id:build: dist/assets/montserrat-latin-400-normal-BLhwKU8k.woff2   18.78 kB
id:build: dist/assets/montserrat-latin-700-normal-BdjcYUrC.woff2   18.82 kB
id:build: dist/assets/montserrat-latin-600-normal-CdhFl4lI.woff    20.54 kB
id:build: dist/assets/montserrat-latin-500-normal-Dok2oTci.woff    20.60 kB
id:build: dist/assets/montserrat-latin-400-normal-xItZbAXg.woff    20.64 kB
id:build: dist/assets/montserrat-latin-700-normal-BWkrl476.woff    20.67 kB
id:build: dist/assets/index-CIhKnQD-.css                           52.05 kB │ gzip:   9.48 kB
id:build: dist/assets/common-BpH9cuss.js                            2.30 kB │ gzip:   1.09 kB
id:build: dist/assets/common-D5M4a98u.js                            2.39 kB │ gzip:   1.18 kB
id:build: dist/assets/common-DLazKDt-.js                            2.45 kB │ gzip:   1.20 kB
id:build: dist/assets/id-cJQwgM2i.js                                2.89 kB │ gzip:   1.28 kB
id:build: dist/assets/id-Dio3OKNo.js                                3.04 kB │ gzip:   1.41 kB
id:build: dist/assets/id-Rnv2hXs4.js                                3.10 kB │ gzip:   1.42 kB
id:build: dist/assets/errors-DLyAknxo.js                           21.99 kB │ gzip:   7.18 kB
id:build: dist/assets/errors-Bvp7svDM.js                           23.31 kB │ gzip:   7.57 kB
id:build: dist/assets/errors-QdWmQXin.js                           23.32 kB │ gzip:   7.54 kB
id:build: dist/assets/index-BZ8Jzamd.js                           327.49 kB │ gzip: 100.92 kB
id:build: 
id:build: [32m✓ built in 165ms[39m
clubs:build: cache miss, executing 29ea563f86108650
clubs:build: 
clubs:build: > clubs@0.0.0 build /work/apps/clubs
clubs:build: > tsc --noEmit && vite build
clubs:build: 
clubs:build: src/billing/InvoicesPage.test.tsx(40,7): error TS2322: Type 'Blob | MediaSource' is not assignable to type 'Blob | undefined'.
clubs:build:   Type 'MediaSource' is missing the following properties from type 'Blob': size, type, arrayBuffer, bytes, and 3 more.
clubs:build: src/billing/InvoicesPage.test.tsx(62,27): error TS2339: Property 'toEndWith' does not exist on type 'Assertion<void, string>'.
clubs:build: src/leave/LeavePage.test.tsx(55,11): error TS2322: Type 'null' is not assignable to type 'string'.
clubs:build: src/leave/LeavePage.test.tsx(56,11): error TS2322: Type 'null' is not assignable to type 'number'.
clubs:build:  ELIFECYCLE  Command failed with exit code 2.
clubs-admin:build: cache miss, executing dd698b8fb95263b8
id:e2e: cache bypass, force executing 35088d930bcff349
clubs#build:  ERROR  command (/work/apps/clubs) /usr/bin/pnpm run build exited (2)

 Tasks:    3 successful, 6 total
Cached:    0 cached, 6 total
  Time:    10.321s 
Failed:    clubs#build

 ERROR  run failed: command  exited (2)
 ELIFECYCLE  Command failed with exit code 2.
