
> clubs@0.0.0 test /Users/jordib/dev/agilityhub/agilityhub-core-web/apps/clubs
> vitest run src/billing/InvoicesPage.test.tsx src/inactivity/InactivityPage.test.tsx src/leave/LeavePage.test.tsx


 RUN  v5.0.0 /Users/jordib/dev/agilityhub/agilityhub-core-web/apps/clubs

Not implemented: navigation to another Document
Not implemented: navigation to another Document
 ❯ src/leave/LeavePage.test.tsx (8 tests | 1 failed) 326ms
   ❯ T-13-30 member leave (8)
     × keeps the 15 literals complete in ca, es and en 13ms
 ❯ src/inactivity/InactivityPage.test.tsx (7 tests | 1 failed) 1133ms
   ❯ T-13-29 member inactivity (7)
     × keeps the 14 literals complete in ca, es and en 13ms

⎯⎯⎯⎯⎯⎯⎯ Failed Tests 2 ⎯⎯⎯⎯⎯⎯⎯

 FAIL  src/inactivity/InactivityPage.test.tsx > T-13-29 member inactivity > keeps the 14 literals complete in ca, es and en
Error: Snapshot `T-13-29 member inactivity > keeps the 14 literals complete in ca, es and en > ca 1` mismatched

Expected: ""‹Període d'inactivitatTens dret a demanar una pausa (en mesos). Durant aquest temps no participaries de les activitats de l'escola i pagaràs una quota mínima de manteniment que conserva la teva entrada i la teva quota actual per quan tornis. Pot demanar-se fins al dia 25 del mes anterior al que es vol començar el període d'inactivitat.Mes d'inici (obligatori)Octubre 2026Novembre 2026Desembre 2026Gener 2027Febrer 2027Març 2027Abril 2027Maig 2027Juny 2027Juliol 2027Agost 2027Setembre 2027Octubre 2027Mes de finalització (si el saps)— encara no ho séOctubre 2026Novembre 2026Desembre 2026Gener 2027Febrer 2027Març 2027Abril 2027Maig 2027Juny 2027Juliol 2027Agost 2027Setembre 2027Octubre 2027ComentarisDescans de la DunaQuota del 1r mes · 20,00 €Mesos següents · 10,00 €/mesLa data de final es pot modificar durant el període d'inactivitat (també fins al dia 25).MODIFICARETIRA LA SOL·LICITUD""
Received: ""‹Període d'inactivitatTens dret a demanar una pausa (en mesos). Durant aquest temps no participaries de les activitats de l'escola i pagaràs una quota mínima de manteniment que conserva la teva entrada i la teva quota actual per quan tornis. Pot demanar-se fins al dia 25 del mes anterior al que es vol començar el període d'inactivitat.Mes d'inici (obligatori)Octubre 2026Novembre 2026Desembre 2026Gener 2027Febrer 2027Març 2027Abril 2027Maig 2027Juny 2027Juliol 2027Agost 2027Setembre 2027Octubre 2027Mes de finalització (si el saps)— encara no ho séOctubre 2026Novembre 2026Desembre 2026Gener 2027Febrer 2027Març 2027Abril 2027Maig 2027Juny 2027Juliol 2027Agost 2027Setembre 2027Octubre 2027ComentarisDescans de la DunaQuota del 1r mes20,00 €Mesos següents10,00 €/mesLa data de final es pot modificar durant el període d'inactivitat (també fins al dia 25).MODIFICARETIRA LA SOL·LICITUD""

 ❯ src/inactivity/InactivityPage.test.tsx:174:42
    172|         expect(view.container.textContent).not.toContain("inactivity:"…
    173|       });
    174|       expect(view.container.textContent).toMatchSnapshot(locale);
       |                                          ^
    175|       view.unmount();
    176|     }

⎯⎯⎯⎯⎯⎯⎯⎯⎯⎯⎯⎯⎯⎯⎯⎯⎯⎯⎯⎯⎯⎯⎯⎯[1/2]⎯

 FAIL  src/leave/LeavePage.test.tsx > T-13-30 member leave > keeps the 15 literals complete in ca, es and en
Error: Snapshot `T-13-30 member leave > keeps the 15 literals complete in ca, es and en > ca 1` mismatched

Expected: ""‹Sol·licitar la baixaAbans de donar-te de baixa…Si tens previst tornar més endavant, recorda que pots demanar un període d'inactivitat (predefinit o obert) i mantenir la teva plaça i la quota actual per quan tornis.La quota és de 20,00 € el primer mes i 10,00 € els següents.VULL DEMANAR INACTIVITATData en què vols la baixaAvui, 11 d’agost del 2026Si tries un dia d'un mes posterior a l'actual, aquell mes es cobrarà íntegrament.MotiuTria un motiuJa he après tot el que voliaNo trobo temps per anar-hiNo és el que esperavaCondicionants meus aliens al clubAltresDe 0 a 10, amb quina probabilitat ens recomanaries?012345678910Què podríem millorar perquè el club s'adaptés més a les teves necessitats?ENVIA LA SOL·LICITUDEl club la revisarà i et confirmarà la data d'efecte.""
Received: ""‹Sol·licitar la baixaSi tens previst tornar més endavant, recorda que pots demanar un període d'inactivitat (predefinit o obert) i mantenir la teva entrada vigent i el teu import de quota actual per quan tornis.La quota és de 20,00 € el primer mes i 10,00 € els següents.VULL DEMANAR INACTIVITATData en què vols la baixaAvui, 11 d’agost del 2026Si tries un dia d'un mes posterior a l'actual, aquell mes es cobrarà íntegrament.MotiuTria un motiuJa he après tot el que voliaNo trobo temps per anar-hiNo és el que esperavaCondicionants meus aliens al clubAltresDe 0 a 10, amb quina probabilitat ens recomanaries?012345678910Què podríem millorar perquè el club s'adaptés més a les teves necessitats?ENVIA LA SOL·LICITUDEl club la revisarà i et confirmarà la data d'efecte.""

 ❯ src/leave/LeavePage.test.tsx:153:42
    151|         expect(view.container.textContent).not.toContain("leave:");
    152|       });
    153|       expect(view.container.textContent).toMatchSnapshot(locale);
       |                                          ^
    154|       view.unmount();
    155|     }

⎯⎯⎯⎯⎯⎯⎯⎯⎯⎯⎯⎯⎯⎯⎯⎯⎯⎯⎯⎯⎯⎯⎯⎯[2/2]⎯


  Snapshots  2 failed
             4 obsolete
             ↳ src/leave/LeavePage.test.tsx
               · T-13-30 member leave > keeps the 15 literals complete in ca, es and en > en 1
               · T-13-30 member leave > keeps the 15 literals complete in ca, es and en > es 1
             ↳ src/inactivity/InactivityPage.test.tsx
               · T-13-29 member inactivity > keeps the 14 literals complete in ca, es and en > en 1
               · T-13-29 member inactivity > keeps the 14 literals complete in ca, es and en > es 1

 Test Files  2 failed | 1 passed (3)
      Tests  2 failed | 19 passed (21)
   Start at  11:05:43
   Duration  2.29s (tests 36%, transform 29%, environment 19%, import 12%, setup 4%)

/Users/jordib/dev/agilityhub/agilityhub-core-web/apps/clubs:
 ERR_PNPM_RECURSIVE_RUN_FIRST_FAIL  clubs@0.0.0 test: `vitest run src/billing/InvoicesPage.test.tsx src/inactivity/InactivityPage.test.tsx src/leave/LeavePage.test.tsx`
Exit status 1
