
> id@0.0.0 build /Users/jordib/dev/agilityhub/agilityhub-core-web/apps/id
> tsc --noEmit && vite build

vite v8.2.2 building client environment for production...
transforming...
✓ 242 modules transformed.
rendering chunks...
computing gzip size...
dist/index.html                                           0.39 kB │ gzip:   0.27 kB
dist/assets/sprite-BOr1Ydze.svg                           5.78 kB │ gzip:   1.52 kB
dist/assets/montserrat-latin-600-normal-UVxSCcoG.woff2   18.68 kB
dist/assets/montserrat-latin-500-normal-DRFEGfly.woff2   18.74 kB
dist/assets/montserrat-latin-400-normal-BLhwKU8k.woff2   18.78 kB
dist/assets/montserrat-latin-700-normal-BdjcYUrC.woff2   18.82 kB
dist/assets/montserrat-latin-600-normal-CdhFl4lI.woff    20.54 kB
dist/assets/montserrat-latin-500-normal-Dok2oTci.woff    20.60 kB
dist/assets/montserrat-latin-400-normal-xItZbAXg.woff    20.64 kB
dist/assets/montserrat-latin-700-normal-BWkrl476.woff    20.67 kB
dist/assets/index-CIhKnQD-.css                           52.05 kB │ gzip:   9.48 kB
dist/assets/common-BpH9cuss.js                            2.30 kB │ gzip:   1.09 kB
dist/assets/common-D5M4a98u.js                            2.39 kB │ gzip:   1.18 kB
dist/assets/common-DLazKDt-.js                            2.45 kB │ gzip:   1.20 kB
dist/assets/id-cJQwgM2i.js                                2.89 kB │ gzip:   1.28 kB
dist/assets/id-Dio3OKNo.js                                3.04 kB │ gzip:   1.41 kB
dist/assets/id-Rnv2hXs4.js                                3.10 kB │ gzip:   1.42 kB
dist/assets/errors-DLyAknxo.js                           21.99 kB │ gzip:   7.18 kB
dist/assets/errors-Bvp7svDM.js                           23.31 kB │ gzip:   7.57 kB
dist/assets/errors-QdWmQXin.js                           23.32 kB │ gzip:   7.54 kB
dist/assets/index-BZ8Jzamd.js                           327.49 kB │ gzip: 100.92 kB

✓ built in 149ms
