
> clubs@0.0.0 test /Users/jordib/dev/agilityhub/agilityhub-core-web/apps/clubs
> vitest run src/inactivity/InactivityPage.test.tsx


 RUN  v5.0.0 /Users/jordib/dev/agilityhub/agilityhub-core-web/apps/clubs

 ❯ src/inactivity/InactivityPage.test.tsx (8 tests | 1 failed) 1295ms
   ❯ T-13-29 member inactivity (8)
     × after 409 STALE_VERSION keeps only the member's own edit on top of the new version 36ms

⎯⎯⎯⎯⎯⎯⎯ Failed Tests 1 ⎯⎯⎯⎯⎯⎯⎯

 FAIL  src/inactivity/InactivityPage.test.tsx > T-13-29 member inactivity > after 409 STALE_VERSION keeps only the member's own edit on top of the new version
Error: [2mexpect([22m[31melement[39m[2m).toHaveValue([22m[32m2027-01[39m[2m)[22m

Expected the element to have value:
[32m  2027-01[39m
Received:
[31m[39m
 ❯ src/inactivity/InactivityPage.test.tsx:195:71
    193|     });
    194|     expect(screen.getByLabelText("Comentaris")).toHaveValue("Canvi del…
    195|     expect(screen.getByLabelText("Mes de finalització (si el saps)")).…
       |                                                                       ^
    196|     fireEvent.click(screen.getByRole("button", { name: "MODIFICA" }));
    197|     await waitFor(() => {

⎯⎯⎯⎯⎯⎯⎯⎯⎯⎯⎯⎯⎯⎯⎯⎯⎯⎯⎯⎯⎯⎯⎯⎯[1/1]⎯


 Test Files  1 failed (1)
      Tests  1 failed | 7 passed (8)
   Start at  12:06:33
   Duration  2.26s (tests 59%, transform 19%, environment 11%, import 8%, setup 2%)

/Users/jordib/dev/agilityhub/agilityhub-core-web/apps/clubs:
 ERR_PNPM_RECURSIVE_RUN_FIRST_FAIL  clubs@0.0.0 test: `vitest run src/inactivity/InactivityPage.test.tsx`
Exit status 1
