# stage start 2026-09-24T14:02:39.459Z · e1-core.spec.ts e2-core.spec.ts
2026-09-24T14:02:42.703Z grant_type=refresh_token status=400 test="T-01-18 password login reaches the seeded account" body={"code":"REFRESH_EXPIRED"}
2026-09-24T14:02:43.093Z grant_type=password status=200 test="T-01-18 password login reaches the seeded account"
2026-09-24T14:02:43.620Z grant_type=refresh_token status=200 test="T-01-18 password login reaches the seeded account"
2026-09-24T14:02:44.834Z grant_type=refresh_token status=400 test="T-01-21 seeded administrator opens the real backoffice" body={"code":"REFRESH_EXPIRED"}
2026-09-24T14:02:45.443Z grant_type=password status=200 test="T-01-21 seeded administrator opens the real backoffice"
2026-09-24T14:02:45.872Z grant_type=refresh_token status=200 test="T-01-21 seeded administrator opens the real backoffice"
2026-09-24T14:02:46.731Z grant_type=refresh_token status=400 test="T-01-20 club session is restored by the core" body={"code":"REFRESH_EXPIRED"}
2026-09-24T14:02:46.990Z grant_type=password status=200 test="T-01-20 club session is restored by the core"
2026-09-24T14:02:47.313Z grant_type=refresh_token status=200 test="T-01-20 club session is restored by the core"
2026-09-24T14:02:47.647Z grant_type=refresh_token status=200 test="T-01-20 club session is restored by the core"
2026-09-24T14:02:48.309Z grant_type=refresh_token status=400 test="T-01-20 club session is restored by the core" body={"code":"REFRESH_EXPIRED"}
2026-09-24T14:02:48.479Z grant_type=password status=200 test="T-01-20 club session is restored by the core"
2026-09-24T14:02:48.764Z grant_type=refresh_token status=200 test="T-01-20 club session is restored by the core"
2026-09-24T14:02:49.267Z grant_type=refresh_token status=400 test="T-01-19 magic link is delivered and exchanged end to end" body={"code":"REFRESH_EXPIRED"}
2026-09-24T14:02:49.842Z grant_type=refresh_token status=400 test="T-01-19 magic link is delivered and exchanged end to end" body={"code":"REFRESH_EXPIRED"}
2026-09-24T14:02:49.879Z grant_type=urn:agilityhub:grant:magic-link status=200 test="T-01-19 magic link is delivered and exchanged end to end"
2026-09-24T14:02:50.264Z grant_type=refresh_token status=200 test="T-01-19 magic link is delivered and exchanged end to end"
2026-09-24T14:02:50.781Z grant_type=refresh_token status=400 test="T-01-26 published seed enters without pending onboarding" body={"code":"REFRESH_EXPIRED"}
2026-09-24T14:02:50.963Z grant_type=password status=200 test="T-01-26 published seed enters without pending onboarding"
2026-09-24T14:02:51.255Z grant_type=refresh_token status=200 test="T-01-26 published seed enters without pending onboarding"
2026-09-24T14:02:51.854Z grant_type=refresh_token status=400 test="T-01-22 apps/id resumes a real authorize flow through oauth2/session" body={"code":"REFRESH_EXPIRED"}
2026-09-24T14:02:52.307Z grant_type=password status=200 test="T-01-22 apps/id resumes a real authorize flow through oauth2/session"
2026-09-24T14:02:52.665Z grant_type=refresh_token status=200 test="T-01-22 apps/id resumes a real authorize flow through oauth2/session"
2026-09-24T14:02:53.103Z grant_type=refresh_token status=200 test="T-01-22 apps/id resumes a real authorize flow through oauth2/session"
2026-09-24T14:02:53.958Z grant_type=refresh_token status=400 test="T-01-22 apps/id resumes a real authorize flow through oauth2/session" body={"code":"REFRESH_EXPIRED"}
2026-09-24T14:02:54.383Z grant_type=password status=200 test="T-01-22 apps/id resumes a real authorize flow through oauth2/session"
2026-09-24T14:02:55.756Z grant_type=refresh_token status=400 test="T-03-42 real census flow, booking block and member profile" body={"code":"REFRESH_EXPIRED"}
2026-09-24T14:02:56.015Z grant_type=password status=200 test="T-03-42 real census flow, booking block and member profile"
2026-09-24T14:02:56.381Z grant_type=refresh_token status=200 test="T-03-42 real census flow, booking block and member profile"
2026-09-24T14:03:03.213Z grant_type=refresh_token status=400 test="T-03-42 real census flow, booking block and member profile" body={"code":"REFRESH_EXPIRED"}
2026-09-24T14:03:03.436Z grant_type=password status=200 test="T-03-42 real census flow, booking block and member profile"
2026-09-24T14:03:03.731Z grant_type=refresh_token status=200 test="T-03-42 real census flow, booking block and member profile"
2026-09-24T14:03:04.024Z grant_type=refresh_token status=200 test="T-03-42 real census flow, booking block and member profile"
2026-09-24T14:03:04.515Z grant_type=refresh_token status=200 test="T-03-42 real census flow, booking block and member profile"
2026-09-24T14:03:19.791Z grant_type=refresh_token status=400 test="T-05-CP-07 real club page edit renders styled Markdown on screen 30" body={"code":"REFRESH_EXPIRED"}
2026-09-24T14:03:19.981Z grant_type=password status=200 test="T-05-CP-07 real club page edit renders styled Markdown on screen 30"
2026-09-24T14:03:20.356Z grant_type=refresh_token status=200 test="T-05-CP-07 real club page edit renders styled Markdown on screen 30"
2026-09-24T14:03:20.628Z grant_type=refresh_token status=200 test="T-05-CP-07 real club page edit renders styled Markdown on screen 30"
# stage end 2026-09-24T14:03:21.012Z · e1-core.spec.ts e2-core.spec.ts · 38 calls · 12 non-2xx
# stage start 2026-09-24T14:05:24.802Z · e3-signup.spec.ts
2026-09-24T14:05:25.804Z grant_type=refresh_token status=400 test="T-04-34 public signup is validated and enters through the N-02 welcome link" body={"code":"REFRESH_EXPIRED"}
# stage end 2026-09-24T14:05:41.230Z · e3-signup.spec.ts · 1 calls · 1 non-2xx
