
 RUN  v5.0.0 /Users/jordib/dev/agilityhub/agilityhub-core-web/packages/i18n

 ❯ src/format.test.ts (98 tests | 1 failed) 50ms
   ❯ club-aware formats (44)
     × E6-W05 step 7: es writes day-month dates zero-padded «03/08», as ca and the mockups do (CLDR's es pattern is «3/8») 4ms

⎯⎯⎯⎯⎯⎯⎯ Failed Tests 1 ⎯⎯⎯⎯⎯⎯⎯

 FAIL  src/format.test.ts > club-aware formats > E6-W05 step 7: es writes day-month dates zero-padded «03/08», as ca and the mockups do (CLDR's es pattern is «3/8»)
AssertionError: expected '3/8' to be '03/08' // Object.is equality

Expected: "03/08"
Received: "3/8"

 ❯ src/format.test.ts:251:90
    249|   it("E6-W05 step 7: es writes day-month dates zero-padded «03/08», as…
    250|     // Monday 3 August at 09:12 in Madrid, and the business date of th…
    251|     expect(formatDate("2026-08-03T07:12:00Z", "es", "Europe/Madrid", "…
       |                                                                                          ^
    252|       "03/08",
    253|     );

⎯⎯⎯⎯⎯⎯⎯⎯⎯⎯⎯⎯⎯⎯⎯⎯⎯⎯⎯⎯⎯⎯⎯⎯[1/1]⎯


 Test Files  1 failed (1)
      Tests  1 failed | 97 passed (98)
   Start at  23:35:16
   Duration  280ms (transform 56%, tests 25%, import 18%, worker 1%)

undefined
/Users/jordib/dev/agilityhub/agilityhub-core-web/packages/i18n:
 ERR_PNPM_RECURSIVE_EXEC_FIRST_FAIL  Command failed with exit code 1: vitest run src/format.test.ts
