// Vitest Snapshot v1, https://vitest.dev/guide/snapshot.html

exports[`T-13-30 member leave > keeps the 15 literals complete in ca, es and en > ca 1`] = `"‹Sol·licitar la baixaAbans de donar-te de baixa…Si tens previst tornar més endavant, recorda que pots demanar un període d'inactivitat (predefinit o obert) i mantenir la teva plaça i la quota actual per quan tornis.La quota és de 20,00 € el primer mes i 10,00 € els següents.VULL DEMANAR INACTIVITATData en què vols la baixaAvui, 11 d’agost del 2026Si tries un dia d'un mes posterior a l'actual, aquell mes es cobrarà íntegrament.MotiuTria un motiuJa he après tot el que voliaNo trobo temps per anar-hiNo és el que esperavaCondicionants meus aliens al clubAltresDe 0 a 10, amb quina probabilitat ens recomanaries?012345678910Què podríem millorar perquè el club s'adaptés més a les teves necessitats?ENVIA LA SOL·LICITUDEl club la revisarà i et confirmarà la data d'efecte."`;

exports[`T-13-30 member leave > keeps the 15 literals complete in ca, es and en > en 1`] = `"‹Request leaveBefore leaving…If you plan to return later, remember that you can request a fixed or open-ended inactivity period and keep your place and current fee for when you return.The fee is €20.00 for the first month and €10.00 thereafter.REQUEST INACTIVITYDate you want to leaveToday, August 11, 2026If you choose a day in a later month, that month will be charged in full.ReasonChoose a reasonI have learnt everything I wantedI cannot find time to attendIt is not what I expectedPersonal circumstances unrelated to the clubOtherFrom 0 to 10, how likely are you to recommend us?012345678910What could we improve so the club better suits your needs?SEND REQUESTThe club will review it and confirm the effective date."`;

exports[`T-13-30 member leave > keeps the 15 literals complete in ca, es and en > es 1`] = `"‹Solicitar la bajaAntes de darte de baja…Si tienes previsto volver más adelante, recuerda que puedes pedir un período de inactividad (predefinido o abierto) y mantener tu plaza y la cuota actual para cuando vuelvas.La cuota es de 20,00 € el primer mes y 10,00 € los siguientes.QUIERO PEDIR INACTIVIDADFecha en la que quieres la bajaHoy, 11 de agosto de 2026Si eliges un día de un mes posterior al actual, ese mes se cobrará íntegramente.MotivoElige un motivoYa he aprendido todo lo que queríaNo encuentro tiempo para irNo es lo que esperabaCondicionantes personales ajenos al clubOtrosDe 0 a 10, ¿con qué probabilidad nos recomendarías?012345678910¿Qué podríamos mejorar para que el club se adaptara mejor a tus necesidades?ENVÍA LA SOLICITUDEl club la revisará y te confirmará la fecha de efecto."`;
