diff --git a/packages/api-client/src/mocks/fixtures/planning.ts b/packages/api-client/src/mocks/fixtures/planning.ts
index b973819..3f3fe69 100644
--- a/packages/api-client/src/mocks/fixtures/planning.ts
+++ b/packages/api-client/src/mocks/fixtures/planning.ts
@@ -374,6 +374,10 @@ const fixtureInstructors: PlanningInstructor[] = [
   { id: SERGIO, shortName: "Sergio" },
 ];
 
+const e3w10ProofUntil = performance.now() + 100;
+while (performance.now() < e3w10ProofUntil) {
+  // E3-W10 round-2 proof (temporary): 100 ms of import-time work.
+}
 export const initialWeekTemplates: readonly WeekTemplate[] = [setmanaA, setmanaB, dissabtes].map(
   (template) => withInconsistencies(template, fixtureRings, fixtureInstructors),
 );

 RUN  v5.0.0 /Users/jordib/dev/agilityhub/agilityhub-core-web/packages/api-client

 ❯ src/mocks/mock-worlds.budget.test.ts (14 tests | 1 failed) 1352ms
   ❯ E3-W10 build-time budget of the MSW mock worlds (14)
     × imports the mock modules afresh within the start-up budget 727ms

⎯⎯⎯⎯⎯⎯⎯ Failed Tests 1 ⎯⎯⎯⎯⎯⎯⎯

 FAIL  src/mocks/mock-worlds.budget.test.ts > E3-W10 build-time budget of the MSW mock worlds > imports the mock modules afresh within the start-up budget
AssertionError: import of the mock modules: 130.18 ms = 20.07 × the reference work (6.48 ms); budget 15 ×: expected 20.07345797995405 to be less than 15
 ❯ src/mocks/mock-worlds.budget.test.ts:160:7
    158|       cost.ratio,
    159|       costMessage("import of the mock modules", cost, startupBudgetRat…
    160|     ).toBeLessThan(startupBudgetRatio);
       |       ^
    161|   });
    162|

⎯⎯⎯⎯⎯⎯⎯⎯⎯⎯⎯⎯⎯⎯⎯⎯⎯⎯⎯⎯⎯⎯⎯⎯[1/1]⎯


 Test Files  1 failed (1)
      Tests  1 failed | 13 passed (14)
   Start at  08:53:36
   Duration  1.96s (tests 73%, transform 16%, import 10%)

undefined
/Users/jordib/dev/agilityhub/agilityhub-core-web/packages/api-client:
 ERR_PNPM_RECURSIVE_EXEC_FIRST_FAIL  Command failed with exit code 1: vitest run src/mocks/mock-worlds.budget.test.ts

 RUN  v5.0.0 /Users/jordib/dev/agilityhub/agilityhub-core-web/packages/api-client

 ❯ src/mocks/mock-worlds.budget.test.ts (14 tests | 1 failed) 1779ms
   ❯ E3-W10 build-time budget of the MSW mock worlds (14)
     × imports the mock modules afresh within the start-up budget 767ms

⎯⎯⎯⎯⎯⎯⎯ Failed Tests 1 ⎯⎯⎯⎯⎯⎯⎯

 FAIL  src/mocks/mock-worlds.budget.test.ts > E3-W10 build-time budget of the MSW mock worlds > imports the mock modules afresh within the start-up budget
AssertionError: import of the mock modules: 133.92 ms = 17.33 × the reference work (7.73 ms); budget 15 ×: expected 17.328663877043816 to be less than 15
 ❯ src/mocks/mock-worlds.budget.test.ts:160:7
    158|       cost.ratio,
    159|       costMessage("import of the mock modules", cost, startupBudgetRat…
    160|     ).toBeLessThan(startupBudgetRatio);
       |       ^
    161|   });
    162|

⎯⎯⎯⎯⎯⎯⎯⎯⎯⎯⎯⎯⎯⎯⎯⎯⎯⎯⎯⎯⎯⎯⎯⎯[1/1]⎯


 Test Files  1 failed (1)
      Tests  1 failed | 13 passed (14)
   Start at  08:53:46
   Duration  2.30s (tests 81%, transform 11%, import 8%)

undefined
/Users/jordib/dev/agilityhub/agilityhub-core-web/packages/api-client:
 ERR_PNPM_RECURSIVE_EXEC_FIRST_FAIL  Command failed with exit code 1: vitest run src/mocks/mock-worlds.budget.test.ts

 RUN  v5.0.0 /Users/jordib/dev/agilityhub/agilityhub-core-web/packages/api-client

 ❯ src/mocks/mock-worlds.budget.test.ts (14 tests | 1 failed) 1358ms
   ❯ E3-W10 build-time budget of the MSW mock worlds (14)
     × imports the mock modules afresh within the start-up budget 726ms

⎯⎯⎯⎯⎯⎯⎯ Failed Tests 1 ⎯⎯⎯⎯⎯⎯⎯

 FAIL  src/mocks/mock-worlds.budget.test.ts > E3-W10 build-time budget of the MSW mock worlds > imports the mock modules afresh within the start-up budget
AssertionError: import of the mock modules: 129.06 ms = 20.23 × the reference work (6.38 ms); budget 15 ×: expected 20.227546761793125 to be less than 15
 ❯ src/mocks/mock-worlds.budget.test.ts:160:7
    158|       cost.ratio,
    159|       costMessage("import of the mock modules", cost, startupBudgetRat…
    160|     ).toBeLessThan(startupBudgetRatio);
       |       ^
    161|   });
    162|

⎯⎯⎯⎯⎯⎯⎯⎯⎯⎯⎯⎯⎯⎯⎯⎯⎯⎯⎯⎯⎯⎯⎯⎯[1/1]⎯


 Test Files  1 failed (1)
      Tests  1 failed | 13 passed (14)
   Start at  08:53:49
   Duration  1.86s (tests 77%, transform 13%, import 10%)

undefined
/Users/jordib/dev/agilityhub/agilityhub-core-web/packages/api-client:
 ERR_PNPM_RECURSIVE_EXEC_FIRST_FAIL  Command failed with exit code 1: vitest run src/mocks/mock-worlds.budget.test.ts
