
> agilityhub-core-web@0.0.0 e2e:core /Users/jordib/dev/agilityhub/agilityhub-core-web
> bash scripts/e2e-core.sh E6-W01 e5-core.spec.ts

core image: ghcr.io/jboixtcm/agilityhub-core-api:main arm64 revision=90855aa56951537015abe5ab350a12842c6f0e78 created=2026-09-28T15:27:18.597230387Z
core image seeds (/app/seeds): club-canic.yaml club-fifo.yaml club-minim.yaml club-perf.yaml demo-canic.yaml demo-fifo.yaml demo-perf.yaml pages 
E4_WEEK_START=2026-09-28 (club-local Monday, Europe/Madrid)
E5_WEEK_START=2026-10-05 (the club-local Monday after today, Europe/Madrid)
 Network agilityhub-e6-w01_default Creating 
 Volume agilityhub-e6-w01_mongo-data Creating 
 Volume agilityhub-e6-w01_mongo-data Creating 
 Volume agilityhub-e6-w01_mailbox Creating 
 Volume agilityhub-e6-w01_export-files Creating 
 Volume agilityhub-e6-w01_export-files Creating 
 Volume agilityhub-e6-w01_mailbox Creating 
 Network agilityhub-e6-w01_default Creating 
 Volume agilityhub-e6-w01_export-files Created 
 Volume agilityhub-e6-w01_export-files Created 
 Volume agilityhub-e6-w01_mailbox Created 
 Volume agilityhub-e6-w01_mailbox Created 
 Volume agilityhub-e6-w01_mongo-data Created 
 Volume agilityhub-e6-w01_mongo-data Created 
 Network agilityhub-e6-w01_default Created 
 Network agilityhub-e6-w01_default Created 
 Container agilityhub-e6-w01-mongo-1 Creating 
 Container agilityhub-e6-w01-mongo-1 Created 
 Container agilityhub-e6-w01-seed-1 Creating 
 Container agilityhub-e6-w01-seed-1 Created 
 Container agilityhub-e6-w01-activate-demo-club-1 Creating 
 Container agilityhub-e6-w01-activate-demo-club-1 Created 
 Container agilityhub-e6-w01-core-1 Creating 
 Container agilityhub-e6-w01-core-1 Created 
 Container agilityhub-e6-w01-mongo-1 Starting 
 Container agilityhub-e6-w01-mongo-1 Started 
 Container agilityhub-e6-w01-mongo-1 Waiting 
 Container agilityhub-e6-w01-mongo-1 Healthy 
 Container agilityhub-e6-w01-seed-1 Starting 
 Container agilityhub-e6-w01-seed-1 Started 
 Container agilityhub-e6-w01-seed-1 Waiting 
 Container agilityhub-e6-w01-seed-1 Exited 
 Container agilityhub-e6-w01-activate-demo-club-1 Starting 
 Container agilityhub-e6-w01-activate-demo-club-1 Started 
 Container agilityhub-e6-w01-activate-demo-club-1 Waiting 
 Container agilityhub-e6-w01-mongo-1 Waiting 
 Container agilityhub-e6-w01-activate-demo-club-1 Exited 
 Container agilityhub-e6-w01-mongo-1 Healthy 
 Container agilityhub-e6-w01-core-1 Starting 
 Container agilityhub-e6-w01-core-1 Started 
 Container agilityhub-e6-w01-core-1 Waiting 
 Container agilityhub-e6-w01-mongo-1 Waiting 
 Container agilityhub-e6-w01-seed-1 Waiting 
 Container agilityhub-e6-w01-activate-demo-club-1 Waiting 
 Container agilityhub-e6-w01-activate-demo-club-1 Exited 
 Container agilityhub-e6-w01-seed-1 Exited 
 Container agilityhub-e6-w01-mongo-1 Healthy 
 Container agilityhub-e6-w01-core-1 Healthy 
seed log: /Users/jordib/dev/agilityhub/agilityhub-core-web/roadmap/evidence/E6-W01/seed-files.log (106 lines)
 Container agilityhub-e6-w01-playwright-run-81766625308a Creating 
 Container agilityhub-e6-w01-playwright-run-81766625308a Created 
! Corepack is about to download https://registry.npmjs.org/pnpm/-/pnpm-9.15.9.tgz
 WARN  Unsupported engine: wanted: {"node":">=22 <23"} (current: {"node":"v24.20.0","pnpm":"9.15.9"})
(node:19) [DEP0169] DeprecationWarning: `url.parse()` behavior is not standardized and prone to errors that have security implications. Use the WHATWG URL API instead. CVEs are not issued for `url.parse()` vulnerabilities.
(Use `node --trace-deprecation ...` to show where the warning was created)
Scope: all 11 workspace projects
Lockfile is up to date, resolution step is skipped
Progress: resolved 1, reused 0, downloaded 0, added 0
Packages: +851
++++++++++++++++++++++++++++++++++++++++++++++++++++++++++++++++++++++++++++++++
Progress: resolved 851, reused 0, downloaded 246, added 244
Progress: resolved 851, reused 0, downloaded 557, added 557
Progress: resolved 851, reused 0, downloaded 795, added 795
Progress: resolved 851, reused 0, downloaded 851, added 851, done
.../node_modules/unrs-resolver postinstall$ node postinstall.js
.../node_modules/msw postinstall$ node -e "import('./config/scripts/postinstall.js').catch(() => void 0)"
.../esbuild@0.25.12/node_modules/esbuild postinstall$ node install.js
.../node_modules/unrs-resolver postinstall: Done
.../node_modules/msw postinstall: Done
.../esbuild@0.25.12/node_modules/esbuild postinstall: Done

devDependencies:
+ @commitlint/cli 21.2.2
+ @commitlint/config-conventional 21.2.2
+ @eslint/css 2.0.0
+ @eslint/js 9.39.5
+ @playwright/test 1.63.0
+ @size-limit/file 13.0.3
+ @types/node 24.13.3
+ eslint 9.39.5
+ eslint-import-resolver-typescript 4.4.5
+ eslint-plugin-import 2.32.0
+ eslint-plugin-jsx-a11y 6.10.2
+ eslint-plugin-react 7.37.5
+ eslint-plugin-react-hooks 7.1.1
+ globals 17.12.0
+ husky 9.1.7
+ i18next-parser 9.4.0
+ lint-staged 17.5.0
+ msw 2.15.0
+ prettier 3.9.6
+ size-limit 13.0.3
+ turbo 2.10.12
+ typescript 5.9.3
+ typescript-eslint 8.69.0

. prepare$ node packages/config/scripts/prepare-husky.mjs
. prepare: .git can't be found
. prepare: Done
Done in 4.1s using pnpm v9.15.9

[WebServer] (node:133) [DEP0169] DeprecationWarning: `url.parse()` behavior is not standardized and prone to errors that have security implications. Use the WHATWG URL API instead. CVEs are not issued for `url.parse()` vulnerabilities.
[WebServer] (Use `node --trace-deprecation ...` to show where the warning was created)

[WebServer] (node:213) [DEP0169] DeprecationWarning: `url.parse()` behavior is not standardized and prone to errors that have security implications. Use the WHATWG URL API instead. CVEs are not issued for `url.parse()` vulnerabilities.
[WebServer] (Use `node --trace-deprecation ...` to show where the warning was created)

[WebServer] (node:311) [DEP0169] DeprecationWarning: `url.parse()` behavior is not standardized and prone to errors that have security implications. Use the WHATWG URL API instead. CVEs are not issued for `url.parse()` vulnerabilities.
[WebServer] (Use `node --trace-deprecation ...` to show where the warning was created)

Running 11 tests using 1 worker

[1/11] e2e/core/e5-core.spec.ts:813:5 › E5-W04 step 2 · the automatic processes off, POST /test/clock to demoNow, and the parameters the flows read
[2/11] e2e/core/e5-core.spec.ts:871:5 › T-08-40 (a)(b) · 03 and 04 from the seed, a booking inside the 30 s hold, an in-time and a late cancellation
[3/11] e2e/core/e5-core.spec.ts:983:5 › T-08-40 (c) · 06 swaps the week's booking in one step; without a swappable one, 29
[4/11] e2e/core/e5-core.spec.ts:1102:5 › T-08-40 (d) · ALL_AT_ONCE: join a full class, a seat released more than 30 min ahead, NOTIFIED, claim
[5/11] e2e/core/e5-core.spec.ts:1235:5 › T-08-40 (g) · the same flows in es: a booking inside the hold, and a waiting entry claimed
[6/11] e2e/core/e5-core.spec.ts:1301:5 › T-09-40 (e) · 08 counts 3/week in the day+3 window with «Qualsevol»; 24 blocks a ring, never over bookings
[7/11] e2e/core/e5-core.spec.ts:1548:5 › E5-W04 step 5 · the core's statuses for JOB_UNKNOWN, SLOT_NOT_ON_GRID, DOG_ALREADY_BOOKED and OVERRIDE_NOT_ALLOWED
[8/11] e2e/core/e5-core.spec.ts:1617:5 › T-15-32/T-15-33 (f) · D11 simulates (nothing changes) and runs the risk review; D1 reports it; P9 by its run
[9/11] e2e/core/e5-core.spec.ts:1750:5 › E5-W04 (h) · cleanup: every booking, entry, training booking and block the run created is cancelled
[10/11] e2e/core/e5-core.spec.ts:1812:5 › R-09-05 · 08 counts by session date: on Sunday the day+3 window reaches the next week, and a Monday booking moves only Monday's counter
[11/11] e2e/core/e5-core.spec.ts:1885:5 › R-15-11 (f) · P1 with the clock advanced: NOT_YET_OPEN before Sunday 20:00, BOOKABLE by the clock at 20:01, and [Executa ara] opens the week
  11 passed (36.5s)
