# stage start 2026-09-30T10:01:00.966Z · e5-core.spec.ts
2026-09-30T10:01:02.047Z grant_type=refresh_token status=400 cookie=none test="E5-W04 step 2 · the automatic processes off, POST /test/clock to demoNow, and the parameters the flows read" body={"code":"REFRESH_EXPIRED"}
2026-09-30T10:01:02.275Z grant_type=password status=200 cookie=none test="E5-W04 step 2 · the automatic processes off, POST /test/clock to demoNow, and the parameters the flows read"
2026-09-30T10:01:02.589Z grant_type=refresh_token status=200 cookie=sent test="E5-W04 step 2 · the automatic processes off, POST /test/clock to demoNow, and the parameters the flows read"
2026-09-30T10:01:03.479Z grant_type=refresh_token status=400 cookie=none test="E5-W04 step 2 · the automatic processes off, POST /test/clock to demoNow, and the parameters the flows read" body={"code":"REFRESH_EXPIRED"}
2026-09-30T10:01:03.889Z grant_type=refresh_token status=400 cookie=none test="E5-W04 step 2 · the automatic processes off, POST /test/clock to demoNow, and the parameters the flows read" body={"code":"REFRESH_EXPIRED"}
2026-09-30T10:01:04.061Z grant_type=password status=200 cookie=none test="E5-W04 step 2 · the automatic processes off, POST /test/clock to demoNow, and the parameters the flows read"
2026-09-30T10:01:04.293Z grant_type=refresh_token status=200 cookie=sent test="E5-W04 step 2 · the automatic processes off, POST /test/clock to demoNow, and the parameters the flows read"
2026-09-30T10:01:04.869Z grant_type=refresh_token status=400 cookie=none test="T-08-40 (a)(b) · 03 and 04 from the seed, a booking inside the 30 s hold, an in-time and a late cancellation" body={"code":"REFRESH_EXPIRED"}
2026-09-30T10:01:04.987Z grant_type=password status=200 cookie=none test="T-08-40 (a)(b) · 03 and 04 from the seed, a booking inside the 30 s hold, an in-time and a late cancellation"
2026-09-30T10:01:05.195Z grant_type=refresh_token status=200 cookie=sent test="T-08-40 (a)(b) · 03 and 04 from the seed, a booking inside the 30 s hold, an in-time and a late cancellation"
2026-09-30T10:01:07.241Z grant_type=refresh_token status=400 cookie=none test="T-08-40 (a)(b) · 03 and 04 from the seed, a booking inside the 30 s hold, an in-time and a late cancellation" body={"code":"REFRESH_EXPIRED"}
2026-09-30T10:01:07.347Z grant_type=password status=200 cookie=none test="T-08-40 (a)(b) · 03 and 04 from the seed, a booking inside the 30 s hold, an in-time and a late cancellation"
2026-09-30T10:01:07.547Z grant_type=refresh_token status=200 cookie=sent test="T-08-40 (a)(b) · 03 and 04 from the seed, a booking inside the 30 s hold, an in-time and a late cancellation"
2026-09-30T10:01:08.404Z grant_type=refresh_token status=400 cookie=none test="T-08-40 (c) · 06 swaps the week's booking in one step; without a swappable one, 29" body={"code":"REFRESH_EXPIRED"}
2026-09-30T10:01:08.513Z grant_type=password status=200 cookie=none test="T-08-40 (c) · 06 swaps the week's booking in one step; without a swappable one, 29"
2026-09-30T10:01:08.691Z grant_type=refresh_token status=200 cookie=sent test="T-08-40 (c) · 06 swaps the week's booking in one step; without a swappable one, 29"
2026-09-30T10:01:10.093Z grant_type=refresh_token status=400 cookie=none test="T-08-40 (d) · ALL_AT_ONCE: join a full class, a seat released more than 30 min ahead, NOTIFIED, claim" body={"code":"REFRESH_EXPIRED"}
2026-09-30T10:01:10.202Z grant_type=password status=200 cookie=none test="T-08-40 (d) · ALL_AT_ONCE: join a full class, a seat released more than 30 min ahead, NOTIFIED, claim"
2026-09-30T10:01:10.404Z grant_type=refresh_token status=200 cookie=sent test="T-08-40 (d) · ALL_AT_ONCE: join a full class, a seat released more than 30 min ahead, NOTIFIED, claim"
2026-09-30T10:01:11.500Z grant_type=refresh_token status=400 cookie=none test="T-08-40 (d) · ALL_AT_ONCE: join a full class, a seat released more than 30 min ahead, NOTIFIED, claim" body={"code":"REFRESH_EXPIRED"}
2026-09-30T10:01:11.600Z grant_type=password status=200 cookie=none test="T-08-40 (d) · ALL_AT_ONCE: join a full class, a seat released more than 30 min ahead, NOTIFIED, claim"
2026-09-30T10:01:11.772Z grant_type=refresh_token status=200 cookie=sent test="T-08-40 (d) · ALL_AT_ONCE: join a full class, a seat released more than 30 min ahead, NOTIFIED, claim"
2026-09-30T10:01:13.992Z grant_type=refresh_token status=400 cookie=none test="T-08-40 (g) · the same flows in es: a booking inside the hold, and a waiting entry claimed" body={"code":"REFRESH_EXPIRED"}
2026-09-30T10:01:14.089Z grant_type=password status=200 cookie=none test="T-08-40 (g) · the same flows in es: a booking inside the hold, and a waiting entry claimed"
2026-09-30T10:01:14.255Z grant_type=refresh_token status=200 cookie=sent test="T-08-40 (g) · the same flows in es: a booking inside the hold, and a waiting entry claimed"
2026-09-30T10:01:17.186Z grant_type=refresh_token status=400 cookie=none test="T-09-40 (e) · 08 counts 3/week in the day+3 window with «Qualsevol»; 24 blocks a ring, never over bookings" body={"code":"REFRESH_EXPIRED"}
2026-09-30T10:01:17.413Z grant_type=password status=200 cookie=none test="T-09-40 (e) · 08 counts 3/week in the day+3 window with «Qualsevol»; 24 blocks a ring, never over bookings"
2026-09-30T10:01:17.600Z grant_type=refresh_token status=200 cookie=sent test="T-09-40 (e) · 08 counts 3/week in the day+3 window with «Qualsevol»; 24 blocks a ring, never over bookings"
2026-09-30T10:01:24.222Z grant_type=refresh_token status=400 cookie=none test="R-09-05 · 08 counts by session date: on Sunday the day+3 window reaches the next week, and a Monday booking moves only Monday's counter" body={"code":"REFRESH_EXPIRED"}
2026-09-30T10:01:24.593Z grant_type=refresh_token status=400 cookie=none test="R-09-05 · 08 counts by session date: on Sunday the day+3 window reaches the next week, and a Monday booking moves only Monday's counter" body={"code":"REFRESH_EXPIRED"}
2026-09-30T10:01:24.707Z grant_type=password status=200 cookie=none test="R-09-05 · 08 counts by session date: on Sunday the day+3 window reaches the next week, and a Monday booking moves only Monday's counter"
2026-09-30T10:01:24.903Z grant_type=refresh_token status=200 cookie=sent test="R-09-05 · 08 counts by session date: on Sunday the day+3 window reaches the next week, and a Monday booking moves only Monday's counter"
2026-09-30T10:01:25.717Z grant_type=refresh_token status=400 cookie=none test="R-15-11 (f) · P1 with the clock advanced: NOT_YET_OPEN before Sunday 20:00, BOOKABLE by the clock at 20:01, and [Executa ara] opens the week" body={"code":"REFRESH_EXPIRED"}
2026-09-30T10:01:26.047Z grant_type=refresh_token status=400 cookie=none test="R-15-11 (f) · P1 with the clock advanced: NOT_YET_OPEN before Sunday 20:00, BOOKABLE by the clock at 20:01, and [Executa ara] opens the week" body={"code":"REFRESH_EXPIRED"}
2026-09-30T10:01:26.146Z grant_type=password status=200 cookie=none test="R-15-11 (f) · P1 with the clock advanced: NOT_YET_OPEN before Sunday 20:00, BOOKABLE by the clock at 20:01, and [Executa ara] opens the week"
2026-09-30T10:01:26.328Z grant_type=refresh_token status=200 cookie=sent test="R-15-11 (f) · P1 with the clock advanced: NOT_YET_OPEN before Sunday 20:00, BOOKABLE by the clock at 20:01, and [Executa ara] opens the week"
2026-09-30T10:01:26.947Z grant_type=refresh_token status=400 cookie=none test="R-15-11 (f) · P1 with the clock advanced: NOT_YET_OPEN before Sunday 20:00, BOOKABLE by the clock at 20:01, and [Executa ara] opens the week" body={"code":"REFRESH_EXPIRED"}
2026-09-30T10:01:27.276Z grant_type=refresh_token status=400 cookie=none test="R-15-11 (f) · P1 with the clock advanced: NOT_YET_OPEN before Sunday 20:00, BOOKABLE by the clock at 20:01, and [Executa ara] opens the week" body={"code":"REFRESH_EXPIRED"}
2026-09-30T10:01:27.365Z grant_type=password status=200 cookie=none test="R-15-11 (f) · P1 with the clock advanced: NOT_YET_OPEN before Sunday 20:00, BOOKABLE by the clock at 20:01, and [Executa ara] opens the week"
2026-09-30T10:01:27.546Z grant_type=refresh_token status=200 cookie=sent test="R-15-11 (f) · P1 with the clock advanced: NOT_YET_OPEN before Sunday 20:00, BOOKABLE by the clock at 20:01, and [Executa ara] opens the week"
2026-09-30T10:01:28.044Z grant_type=refresh_token status=400 cookie=none test="R-15-11 (f) · P1 with the clock advanced: NOT_YET_OPEN before Sunday 20:00, BOOKABLE by the clock at 20:01, and [Executa ara] opens the week" body={"code":"REFRESH_EXPIRED"}
2026-09-30T10:01:28.189Z grant_type=password status=200 cookie=none test="R-15-11 (f) · P1 with the clock advanced: NOT_YET_OPEN before Sunday 20:00, BOOKABLE by the clock at 20:01, and [Executa ara] opens the week"
2026-09-30T10:01:28.410Z grant_type=refresh_token status=200 cookie=sent test="R-15-11 (f) · P1 with the clock advanced: NOT_YET_OPEN before Sunday 20:00, BOOKABLE by the clock at 20:01, and [Executa ara] opens the week"
2026-09-30T10:01:29.997Z grant_type=refresh_token status=400 cookie=none test="(outside a test)" body={"code":"REFRESH_EXPIRED"}
2026-09-30T10:01:30.144Z grant_type=password status=200 cookie=none test="(outside a test)"
2026-09-30T10:01:30.386Z grant_type=refresh_token status=200 cookie=sent test="(outside a test)"
2026-09-30T10:01:30.982Z grant_type=refresh_token status=400 cookie=none test="(outside a test)" body={"code":"REFRESH_EXPIRED"}
# stage end 2026-09-30T10:01:31.103Z · e5-core.spec.ts · 47 calls · 19 non-2xx
