
> clubs-admin@0.0.0 test /Users/jordib/dev/agilityhub/agilityhub-core-web/apps/clubs-admin
> vitest run src/census/InactivityLeavePage.test.tsx src/census/MemberInactivityDrawer.test.tsx src/census/MemberLeaveDrawer.test.tsx src/census/MemberPlanDrawer.test.tsx src/census/MemberPaymentMethodDrawer.test.tsx


 RUN  v5.0.0 /Users/jordib/dev/agilityhub/agilityhub-core-web/apps/clubs-admin

 ❯ src/census/MemberPaymentMethodDrawer.test.tsx (2 tests | 1 failed) 249ms
   × E8-W06 #6 shows the shared in-progress message and retries the card link with the retained key 47ms
 ❯ src/census/MemberPlanDrawer.test.tsx (5 tests | 2 failed) 10399ms
   ❯ E8-W03 round 2 member plan change (5)
     × E8-W06 #6 shows the shared in-progress message and retries with the retained key 212ms
     × E8-W06 #7 formats a JPY plan price without dividing it by 100 10053ms
 ❯ src/census/MemberLeaveDrawer.test.tsx (17 tests | 2 failed) 10864ms
   ❯ T-13-31 admin leave lifecycle (14)
     × E8-W06 #6 shows the shared in-progress message and retries direct leave with the retained key 204ms
     × E8-W06 #7 formats a JPY reactivation price without dividing it by 100 10055ms
 ❯ src/census/MemberInactivityDrawer.test.tsx (16 tests | 2 failed) 11020ms
   ❯ T-13-31 admin inactivity lifecycle (16)
     × E8-W06 #6 shows the shared in-progress message and retries approval with the retained key 211ms
     × E8-W06 #7 formats inactivity fees with the money currency's minor units 10038ms
stderr | src/census/InactivityLeavePage.test.tsx > T-13-31 inactivity and leave queues > E8-W06 #2 renders an applied month-range array without crashing
An error occurred in the <InactivityLeavePage> component.

Consider adding an error boundary to your tree to customize error handling behavior.
Visit https://react.dev/link/error-boundaries to learn more about error boundaries.


 ❯ src/census/InactivityLeavePage.test.tsx (23 tests | 5 failed) 22333ms
   ❯ T-13-31 inactivity and leave queues (23)
     × E8-W06 #2 renders an applied month-range array without crashing 10006ms
     × E8-W06 #2 preserves a saved view's month-range array when applying it 10047ms
     × E8-W06 #3 direct leave cancels the pending request before D5 is synchronized 151ms
     × E8-W06 #4 applies member-name q search to both lifecycle queues 16ms
     × E8-W06 #5 rejects undeclared queue sort keys with 400 INVALID_FILTER 6ms

⎯⎯⎯⎯⎯⎯ Failed Tests 12 ⎯⎯⎯⎯⎯⎯⎯

 FAIL  src/census/InactivityLeavePage.test.tsx > T-13-31 inactivity and leave queues > E8-W06 #2 renders an applied month-range array without crashing
TestingLibraryElementError: Unable to find an element with the text: /Des de = «.*octubre.*2026.*desembre.*2026.*»/iu. This could be because the text is broken up by multiple elements. In this case, you can provide a function for your text matcher to make your matcher more flexible.

Ignored nodes: comments, script, style
[36m<body>[39m
  [36m<div />[39m
[36m</body>[39m

Ignored nodes: comments, script, style
[36m<body>[39m
  [36m<div />[39m
[36m</body>[39m
 ❯ waitForWrapper ../../node_modules/.pnpm/@testing-library+dom@10.4.1/node_modules/@testing-library/dom/dist/wait-for.js:163:27
 ❯ ../../node_modules/.pnpm/@testing-library+dom@10.4.1/node_modules/@testing-library/dom/dist/query-helpers.js:86:33
 ❯ src/census/InactivityLeavePage.test.tsx:267:26
    265|
    266|     render(await provider(<InactivityLeavePage client={createApiClient…
    267|     expect((await screen.findAllByText(/Des de = «.*octubre.*2026.*des…
       |                          ^
    268|   });
    269|

⎯⎯⎯⎯⎯⎯⎯⎯⎯⎯⎯⎯⎯⎯⎯⎯⎯⎯⎯⎯⎯⎯⎯[1/12]⎯

 FAIL  src/census/InactivityLeavePage.test.tsx > T-13-31 inactivity and leave queues > E8-W06 #2 preserves a saved view's month-range array when applying it
AssertionError: expected [ Array(1) ] to include 'fromMonth:between:2026-10,2026-12'

Ignored nodes: comments, script, style
[36m<html[39m
  [33mdata-theme[39m=[32m"dark"[39m
  [33mstyle[39m=[32m"color-scheme: dark; --ah-color-primary: #E26A2A; --ah-color-primary-fg: #0B0B0B; --ah-color-background: #0B0B0B; --ah-color-surface: #161616; --ah-color-surface-2: #1E1E1E; --ah-color-text: #FFFFFF; --ah-color-text-muted: #B5B5B5; --ah-color-border: #2B2B2B; --ah-color-success: #4CAF7D; --ah-color-warning: #E5B93C; --ah-color-danger: #E05B5B; --ah-color-info: #85B8E8; --ah-font-sans: Montserrat, system-ui, sans-serif; --ah-font-display: Montserrat, system-ui, sans-serif; --ah-radius-sm: 4px; --ah-radius-md: 4px; --ah-color-ring-1: #F2B58C; --ah-color-ring-2: #8FCE8F; --ah-color-ring-3: #C9CDD3; --ah-color-ring-4: #F5D67A; --ah-color-ring-5: #85B8E8;"[39m
[36m>[39m
  [36m<head />[39m
  [36m<body>[39m
    [36m<div>[39m
      [36m<section>[39m
        [36m<h1>[39m
          [0mInactivitats i baixes[0m
        [36m</h1>[39m
        [36m<div[39m
          [33mclass[39m=[32m"ah-tabs"[39m
        [36m>[39m
          [36m<div[39m
            [33maria-label[39m=[32m"Inactivitats i baixes"[39m
            [33mclass[39m=[32m"ah-tabs__list"[39m
            [33mrole[39m=[32m"tablist"[39m
          [36m>[39m
            [36m<button[39m
              [33maria-controls[39m=[32m"_r_b_-panel-inactivity"[39m
              [33maria-selected[39m=[32m"true"[39m
              [33mclass[39m=[32m"ah-tabs__tab"[39m
              [33mid[39m=[32m"_r_b_-tab-inactivity"[39m
              [33mrole[39m=[32m"tab"[39m
              [33mtype[39m=[32m"button"[39m
            [36m>[39m
              [0mInactivitats[0m
            [36m</button>[39m
            [36m<button[39m
              [33maria-controls[39m=[32m"_r_b_-panel-leave"[39m
              [33maria-selected[39m=[32m"false"[39m
              [33mclass[39m=[32m"ah-tabs__tab"[39m
              [33mid[39m=[32m"_r_b_-tab-leave"[39m
              [33mrole[39m=[32m"tab"[39m
              [33mtype[39m=[32m"button"[39m
            [36m>[39m
              [0mBaixes[0m
            [36m</button>[39m
          [36m</div>[39m
          [36m<div[39m
            [33maria-labelledby[39m=[32m"_r_b_-tab-inactivity"[39m
            [33mclass[39m=[32m"ah-tabs__panel"[39m
            [33mid[39m=[32m"_r_b_-panel-inactivity"[39m
            [33mrole[39m=[32m"tabpanel"[39m
          [36m>[39m
            [36m<section[39m
              [33maria-label[39m=[32m"Inactivitats"[39m
              [33mclass[39m=[32m"ah-universal-list"[39m
            [36m>[39m
              [36m<div[39m
                [33mclass[39m=[32m"ah-universal-list__toolbar"[39m
              [36m>[39m
                [36m<label[39m
                  [33mclass[39m=[32m"ah-universal-list__search"[39m
                [36m>[39m
                  [36m<span[39m
                    [33mclass[39m=[32m"ah-sr-only"[39m
                  [36m>[39m
                    [0mCerca inactivitats[0m
                  [36m</span>[39m
                  [36m<svg[39m
                    [33maria-hidden[39m=[32m"true"[39m
                    [33mclass[39m=[32m"ah-icon"[39m
                  [36m>[39m
                    [36m<use[39m
                      [33mhref[39m=[32m"http://localhost:3000/@fs/Users/jordib/dev/agilityhub/agilityhub-core-web/packages/ui/src/icons/sprite.svg#i-search"[39m
                    [36m/>[39m
                  [36m</svg>[39m
                  [36m<input[39m
                    [33maria-label[39m=[32m"Cerca inactivitats"[39m
                    [33mplaceholder[39m=[32m"Cerca inactivitats"[39m
                    [33mtype[39m=[32m"search"[39m
                    [33mvalue[39m=[32m""[39m
                  [36m/>[39m
                [36m</label>[39m
                [36m<details[39m
                  [33mclass[39m=[32m"ah-universal-list__menu ah-universal-list__filter-menu"[39m
                [36m>[39m
                  [36m<summary[39m
                    [33mclass[39m=[32m""[39m
                  [36m>[39m
                    [36m<svg[39m
                      [33maria-hidden[39m=[32m"true"[39m
                      [33mclass[39m=[32m"ah-icon"[39m
                    [36m>[39m
                      [36m<use[39m
                        [33mhref[39m=[32m"http://localhost:3000/@fs/Users/jordib/dev/agilityhub/agilityhub-core-web/packages/ui/src/icons/sprite.svg#i-filter"[39m
                      [36m/>[39m
                    [36m</svg>[39m
                    [0mFiltra[0m
                    [36m<span[39m
                      [33maria-hidden[39m=[32m"true"[39m
                    [36m>[39m
                      [0m▾[0m
                    [36m</span>[39m
                  [36m</summary>[39m
                  [36m<div[39m
                    [33mclass[39m=[32m"ah-universal-list__menu-panel"[39m
                  [36m>[39m
                    [36m<label>[39m
                      [36m<span>[39m
                        [0mCamp[0m
                      [36m</span>[39m
                      [36m<select>[39m
                        [36m<option[39m
                          [33mvalue[39m=[32m"memberId"[39m
                        [36m>[39m
                          [0mAbonat[0m
                        [36m</option>[39m
                        [36m<option[39m
                          [33mvalue[39m=[32m"state"[39m
                        [36m>[39m
                          [0mEstat[0m
                        [36m</option>[39m
                        [36m<option[39m
                          [33mvalue[39m=[32m"fromMonth"[39m
                        [36m>[39m
                          [0mDes de[0m
                        [36m</option>[39m
                        [36m<option[39m
                          [33mvalue[39m=[32m"toMonth"[39m
                        [36m>[39m
                          [0mFins a[0m
                        [36m</option>[39m
                        [36m<option[39m
                          [33mvalue[39m=[32m"origin"[39m
                        [36m>[39m
                          [0mOrigen[0m
                        [36m</option>[39m
                        [36m<option[39m
                          [33mvalue[39m=[32m"requestedAt"[39m
                        [36m>[39m
                          [0mSol·licitat el[0m
                        [36m</option>[39m
                      [36m</select>[39m
                    [36m</label>[39m
                    [36m<label>[39m
                      [36m<span>[39m
                        [0mOperador[0m
                      [36m</span>[39m
                      [36m<select>[39m
                        [36m<option[39m
                          [33mvalue[39m=[32m"eq"[39m
                        [36m>[39...
 ❯ src/census/InactivityLeavePage.test.tsx:300:23
    298|     });
    299|     await waitFor(() => {
    300|       expect(filters).toContain("fromMonth:between:2026-10,2026-12");
       |                       ^
    301|     });
    302|   });
 ❯ runWithExpensiveErrorDiagnosticsDisabled ../../node_modules/.pnpm/@testing-library+dom@10.4.1/node_modules/@testing-library/dom/dist/config.js:47:12
 ❯ checkCallback ../../node_modules/.pnpm/@testing-library+dom@10.4.1/node_modules/@testing-library/dom/dist/wait-for.js:124:77
 ❯ Timeout.checkRealTimersCallback ../../node_modules/.pnpm/@testing-library+dom@10.4.1/node_modules/@testing-library/dom/dist/wait-for.js:118:16

⎯⎯⎯⎯⎯⎯⎯⎯⎯⎯⎯⎯⎯⎯⎯⎯⎯⎯⎯⎯⎯⎯⎯[2/12]⎯

 FAIL  src/census/InactivityLeavePage.test.tsx > T-13-31 inactivity and leave queues > E8-W06 #3 direct leave cancels the pending request before D5 is synchronized
AssertionError: expected { …(5) } to match object { hasPendingRequest: false, …(2) }
(2 matching properties omitted from actual)

- Expected
+ Received

  {
-   "hasPendingRequest": false,
+   "hasPendingRequest": true,
    "leaveDate": "2026-12-01",
-   "leaveSource": "ADMIN",
+   "leaveSource": null,
  }

 ❯ src/census/InactivityLeavePage.test.tsx:324:36
    322|       params: { query: { fields: "fullName,leaveDate,leaveSource,hasPe…
    323|     });
    324|     expect(members.data?.items[0]).toMatchObject({
       |                                    ^
    325|       hasPendingRequest: false,
    326|       leaveDate: "2026-12-01",

⎯⎯⎯⎯⎯⎯⎯⎯⎯⎯⎯⎯⎯⎯⎯⎯⎯⎯⎯⎯⎯⎯⎯[3/12]⎯

 FAIL  src/census/InactivityLeavePage.test.tsx > T-13-31 inactivity and leave queues > E8-W06 #4 applies member-name q search to both lifecycle queues
AssertionError: expected [ 'Eva Perez Prunell', …(9) ] to deeply equal [ 'Montse Tresserra Casas' ]

- Expected
+ Received

  [
+   "Eva Perez Prunell",
+   "Laura Serra Vidal",
+   "Dídac Vila Costa",
    "Montse Tresserra Casas",
+   "Joan Antoni Serra",
+   "Marc Prats García",
+   "Anna Ballart Consul",
+   "Aina Roca Soler",
+   "Biel Puig Miró",
+   "Clara Font Pons",
  ]

 ❯ src/census/InactivityLeavePage.test.tsx:339:70
    337|       client.GET("/leave-requests", { params: { query: leaveQuery } }),
    338|     ]);
    339|     expect(periods.data?.items.map((item) => item.member?.fullName)).t…
       |                                                                      ^
    340|     expect(leaves.data?.items.map((item) => item.member?.fullName)).to…
    341|

⎯⎯⎯⎯⎯⎯⎯⎯⎯⎯⎯⎯⎯⎯⎯⎯⎯⎯⎯⎯⎯⎯⎯[4/12]⎯

 FAIL  src/census/InactivityLeavePage.test.tsx > T-13-31 inactivity and leave queues > E8-W06 #5 rejects undeclared queue sort keys with 400 INVALID_FILTER
AssertionError: expected ApiError: INVALID_SORT { …(5) } to match object { code: 'INVALID_FILTER', status: 400 }
(4 matching properties omitted from actual)

- Expected
+ Received

- {
-   "code": "INVALID_FILTER",
+ ApiError {
+   "code": "INVALID_SORT",
    "status": 400,
  }

 ❯ src/census/InactivityLeavePage.test.tsx:354:8
    352|     await expect(client.GET("/inactivity-periods", {
    353|       params: { query: { fields: "member,state", page: 0, size: 50, so…
    354|     })).rejects.toMatchObject({ code: "INVALID_FILTER", status: 400 });
       |        ^
    355|     await expect(client.GET("/leave-requests", {
    356|       params: { query: { fields: "member,state", page: 0, size: 50, so…

⎯⎯⎯⎯⎯⎯⎯⎯⎯⎯⎯⎯⎯⎯⎯⎯⎯⎯⎯⎯⎯⎯⎯[5/12]⎯

 FAIL  src/census/MemberInactivityDrawer.test.tsx > T-13-31 admin inactivity lifecycle > E8-W06 #6 shows the shared in-progress message and retries approval with the retained key
Error: expect(element).toHaveTextContent()

Expected element to have text content:
  L'operació encara està en curs. Torna-ho a provar d'aquí a un moment.
Received:
  La clau d'idempotència ja s'ha utilitzat per a una altra petició.
 ❯ src/census/MemberInactivityDrawer.test.tsx:66:56
     64|     const approval = screen.getByRole("dialog", { name: "Aprova el per…
     65|     fireEvent.click(within(approval).getByRole("button", { name: "Apro…
     66|     expect(await within(approval).findByRole("alert")).toHaveTextConte…
       |                                                        ^
     67|     fireEvent.click(within(approval).getByRole("button", { name: "Apro…
     68|     await waitFor(() => {

⎯⎯⎯⎯⎯⎯⎯⎯⎯⎯⎯⎯⎯⎯⎯⎯⎯⎯⎯⎯⎯⎯⎯[6/12]⎯

 FAIL  src/census/MemberInactivityDrawer.test.tsx > T-13-31 admin inactivity lifecycle > E8-W06 #7 formats inactivity fees with the money currency's minor units
TestingLibraryElementError: Unable to find an element with the text: /6\.000.*¥.*3\.000.*¥/u. This could be because the text is broken up by multiple elements. In this case, you can provide a function for your text matcher to make your matcher more flexible.

Ignored nodes: comments, script, style
[36m<aside[39m
  [33maria-labelledby[39m=[32m"_r_2_"[39m
  [33maria-modal[39m=[32m"true"[39m
  [33mclass[39m=[32m"ah-drawer"[39m
  [33mrole[39m=[32m"dialog"[39m
[36m>[39m
  [36m<div[39m
    [33mclass[39m=[32m"ah-overlay__header"[39m
  [36m>[39m
    [36m<h2[39m
      [33mid[39m=[32m"_r_2_"[39m
    [36m>[39m
      [0mInactivitat[0m
    [36m</h2>[39m
    [36m<button[39m
      [33maria-label[39m=[32m"Tanca"[39m
      [33mclass[39m=[32m"ah-overlay__close"[39m
    [36m>[39m
      [36m<svg[39m
        [33maria-hidden[39m=[32m"true"[39m
        [33mclass[39m=[32m"ah-icon"[39m
      [36m>[39m
        [36m<use[39m
          [33mhref[39m=[32m"http://localhost:3000/@fs/Users/jordib/dev/agilityhub/agilityhub-core-web/packages/ui/src/icons/sprite.svg#i-x"[39m
        [36m/>[39m
      [36m</svg>[39m
    [36m</button>[39m
  [36m</div>[39m
  [36m<div[39m
    [33mclass[39m=[32m"ah-overlay__body"[39m
  [36m>[39m
    [36m<section[39m
      [33mclass[39m=[32m"census-record__fieldset"[39m
    [36m>[39m
      [36m<h3>[39m
        [0mPeríode actual[0m
      [36m</h3>[39m
      [36m<p>[39m
        [36m<span[39m
          [33mclass[39m=[32m"ah-badge ah-tone--neutral"[39m
        [36m>[39m
          [0msol·licitat[0m
        [36m</span>[39m
        [0m · [0m
        [0mOctubre 2026[0m
        [0m · [0m
        [0mDesembre 2026[0m
      [36m</p>[39m
      [36m<p>[39m
        [0mDescans de la Duna[0m
      [36m</p>[39m
      [36m<p[39m
        [33mclass[39m=[32m"census-record__muted"[39m
      [36m>[39m
        [0mQuota del 1r mes 60,00 € · Mesos següents 30,00 €/mes[0m
      [36m</p>[39m
      [36m<p[39m
        [33mclass[39m=[32m"census-record__muted"[39m
      [36m>[39m
        [0m0 reserves anul·lades[0m
      [36m</p>[39m
    [36m</section>[39m
    [36m<section[39m
      [33mclass[39m=[32m"census-record__form"[39m
    [36m>[39m
      [36m<div[39m
        [33mclass[39m=[32m"ah-form-field"[39m
      [36m>[39m
        [36m<label[39m
          [33mclass[39m=[32m"ah-form-field__label"[39m
          [33mfor[39m=[32m"inactivity-decision-note"[39m
        [36m>[39m
          [0mNota (opcional)[0m
        [36m</label>[39m
        [36m<textarea[39m
          [33mclass[39m=[32m"ah-input ah-textarea"[39m
          [33mid[39m=[32m"inactivity-decision-note"[39m
          [33mmaxlength[39m=[32m"500"[39m
        [36m/>[39m
      [36m</div>[39m
      [36m<div[39m
        [33mclass[39m=[32m"census-record__dialog-actions"[39m
      [36m>[39m
        [36m<button[39m
          [33mclass[39m=[32m"ah-button ah-button--secondary"[39m
          [33mtype[39m=[32m"button"[39m
        [36m>[39m
          [36m<span[39m
            [33mclass[39m=[32m"ah-button__content"[39m
          [36m>[39m
            [0mDenega[0m
          [36m</span>[39m
        [36m</button>[39m
        [36m<button[39m
          [33mclass[39m=[32m"ah-button ah-button--primary"[39m
          [33mtype[39m=[32m"button"[39m
        [36m>[39m
          [36m<span[39m
            [33mclass[39m=[32m"ah-button__content"[39m
          [36m>[39m
            [0mAprova[0m
          [36m</span>[39m
        [36m</button>[39m
      [36m</div>[39m
    [36m</section>[39m
  [36m</div>[39m
[36m</aside>[39m

Ignored nodes: comments, script, style
[36m<aside[39m
  [33maria-labelledby[39m=[32m"_r_2_"[39m
  [33maria-modal[39m=[32m"true"[39m
  [33mclass[39m=[32m"ah-drawer"[39m
  [33mrole[39m=[32m"dialog"[39m
[36m>[39m
  [36m<div[39m
    [33mclass[39m=[32m"ah-overlay__header"[39m
  [36m>[39m
    [36m<h2[39m
      [33mid[39m=[32m"_r_2_"[39m
    [36m>[39m
      [0mInactivitat[0m
    [36m</h2>[39m
    [36m<button[39m
      [33maria-label[39m=[32m"Tanca"[39m
      [33mclass[39m=[32m"ah-overlay__close"[39m
    [36m>[39m
      [36m<svg[39m
        [33maria-hidden[39m=[32m"true"[39m
        [33mclass[39m=[32m"ah-icon"[39m
      [36m>[39m
        [36m<use[39m
          [33mhref[39m=[32m"http://localhost:3000/@fs/Users/jordib/dev/agilityhub/agilityhub-core-web/packages/ui/src/icons/sprite.svg#i-x"[39m
        [36m/>[39m
      [36m</svg>[39m
    [36m</button>[39m
  [36m</div>[39m
  [36m<div[39m
    [33mclass[39m=[32m"ah-overlay__body"[39m
  [36m>[39m
    [36m<section[39m
      [33mclass[39m=[32m"census-record__fieldset"[39m
    [36m>[39m
      [36m<h3>[39m
        [0mPeríode actual[0m
      [36m</h3>[39m
      [36m<p>[39m
        [36m<span[39m
          [33mclass[39m=[32m"ah-badge ah-tone--neutral"[39m
        [36m>[39m
          [0msol·licitat[0m
        [36m</span>[39m
        [0m · [0m
        [0mOctubre 2026[0m
        [0m · [0m
        [0mDesembre 2026[0m
      [36m</p>[39m
      [36m<p>[39m
        [0mDescans de la Duna[0m
      [36m</p>[39m
      [36m<p[39m
        [33mclass[39m=[32m"census-record__muted"[39m
      [36m>[39m
        [0mQuota del 1r mes 60,00 € · Mesos següents 30,00 €/mes[0m
      [36m</p>[39m
      [36m<p[39m
        [33mclass[39m=[32m"census-record__muted"[39m
      [36m>[39m
        [0m0 reserves anul·lades[0m
      [36m</p>[39m
    [36m</section>[39m
    [36m<section[39m
      [33mclass[39m=[32m"census-record__form"[39m
    [36m>[39m
      [36m<div[39m
        [33mclass[39m=[32m"ah-form-field"[39m
      [36m>[39m
        [36m<label[39m
          [33mclass[39m=[32m"ah-form-field__label"[39m
          [33mfor[39m=[32m"inactivity-decision-note"[39m
        [36m>[39m
          [0mNota (opcional)[0m
        [36m</label>[39m
        [36m<textarea[39m
          [33mclass[39m=[32m"ah-input ah-textarea"[39m
          [33mid[39m=[32m"inactivity-decision-note"[39m
          [33mmaxlength[39m=[32m"500"[39m
        [36m/>[39m
      [36m</div>[39m
      [36m<div[39m
        [33mclass[39m=[32m"census-record__dialog-actions"[39m
      [36m>[39m
        [36m<button[39m
          [33mclass[39m=[32m"ah-button ah-button--secondary"[39m
          [33mtype[39m=[32m"button"[39m
        [36m>[39m
          [36m<span[39m
            [33mclass[39m=[32m"ah-button__content"[39m
          [36m>[39m
            [0mDenega[0m
          [36m</span>[39m
        [36m</button>[39m
        [36m<button[39m
          [33mclass[39m=[32m"ah-button ah-button--primary"[39m
          [33mtype[39m=[32m"button"[39m
        [36m>[39m
          [36m<span[39m
            [33mclass[39m=[32m"ah-button__content"[39m
          [36m>[39m
            [0mAprova[0m
          [36m</span>[39m
        [36m</button>[39m
      [36m</div>[39m
    [36m</section>[39m
  [36m</div>[39m
[36m</aside>[39m
 ❯ waitForWrapper ../../node_modules/.pnpm/@testing-library+dom@10.4.1/node_modules/@testing-library/dom/dist/wait-for.js:163:27
 ❯ ../../node_modules/.pnpm/@testing-library+dom@10.4.1/node_modules/@testing-library/dom/dist/query-helpers.js:86:33
 ❯ src/census/MemberInactivityDrawer.test.tsx:89:33
     87|     await renderDrawer();
     88|     const drawer = await screen.findByRole("dialog", { name: "Inactivi…
     89|     expect(await within(drawer).findByText(/6\.000.*¥.*3\.000.*¥/u)).t…
       |                                 ^
     90|   });
     91|

⎯⎯⎯⎯⎯⎯⎯⎯⎯⎯⎯⎯⎯⎯⎯⎯⎯⎯⎯⎯⎯⎯⎯[7/12]⎯

 FAIL  src/census/MemberLeaveDrawer.test.tsx > T-13-31 admin leave lifecycle > E8-W06 #6 shows the shared in-progress message and retries direct leave with the retained key
Error: expect(element).toHaveTextContent()

Expected element to have text content:
  L'operació encara està en curs. Torna-ho a provar d'aquí a un moment.
Received:
  La clau d'idempotència ja s'ha utilitzat per a una altra petició.
 ❯ src/census/MemberLeaveDrawer.test.tsx:60:53
     58|     if (modal === undefined) throw new TypeError("Missing direct-leave…
     59|     fireEvent.click(within(modal).getByRole("button", { name: "Program…
     60|     expect(await within(modal).findByRole("alert")).toHaveTextContent(…
       |                                                     ^
     61|     fireEvent.click(within(modal).getByRole("button", { name: "Program…
     62|     await waitFor(() => {

⎯⎯⎯⎯⎯⎯⎯⎯⎯⎯⎯⎯⎯⎯⎯⎯⎯⎯⎯⎯⎯⎯⎯[8/12]⎯

 FAIL  src/census/MemberLeaveDrawer.test.tsx > T-13-31 admin leave lifecycle > E8-W06 #7 formats a JPY reactivation price without dividing it by 100
TestingLibraryElementError: Unable to find role="option" and name `/6\.000.*¥/u`

Ignored nodes: comments, script, style
[36m<section[39m
  [33maria-labelledby[39m=[32m"_r_7_"[39m
  [33maria-modal[39m=[32m"true"[39m
  [33mclass[39m=[32m"ah-modal"[39m
  [33mrole[39m=[32m"dialog"[39m
[36m>[39m
  [36m<div[39m
    [33mclass[39m=[32m"ah-overlay__header"[39m
  [36m>[39m
    [36m<h2[39m
      [33mid[39m=[32m"_r_7_"[39m
    [36m>[39m
      [0mReactiva l'abonat[0m
    [36m</h2>[39m
    [36m<button[39m
      [33maria-label[39m=[32m"Tanca"[39m
      [33mclass[39m=[32m"ah-overlay__close"[39m
    [36m>[39m
      [36m<svg[39m
        [33maria-hidden[39m=[32m"true"[39m
        [33mclass[39m=[32m"ah-icon"[39m
      [36m>[39m
        [36m<use[39m
          [33mhref[39m=[32m"http://localhost:3000/@fs/Users/jordib/dev/agilityhub/agilityhub-core-web/packages/ui/src/icons/sprite.svg#i-x"[39m
        [36m/>[39m
      [36m</svg>[39m
    [36m</button>[39m
  [36m</div>[39m
  [36m<div[39m
    [33mclass[39m=[32m"ah-overlay__body"[39m
  [36m>[39m
    [36m<form[39m
      [33mclass[39m=[32m"census-record__form"[39m
    [36m>[39m
      [36m<p>[39m
        [0mLa reactivació no cobra entrada. Els gossos continuaran inactius fins que es reactivin un per un des de la seva fitxa.[0m
      [36m</p>[39m
      [36m<div[39m
        [33mclass[39m=[32m"ah-form-field"[39m
      [36m>[39m
        [36m<label[39m
          [33mclass[39m=[32m"ah-form-field__label"[39m
          [33mfor[39m=[32m"reactivation-plan"[39m
        [36m>[39m
          [0mModalitat[0m
        [36m</label>[39m
        [36m<select[39m
          [33mclass[39m=[32m"ah-input ah-select"[39m
          [33mid[39m=[32m"reactivation-plan"[39m
          [33mrequired[39m=[32m""[39m
        [36m>[39m
          [36m<option[39m
            [33mvalue[39m=[32m""[39m
          [36m>[39m
            [0mTria una opció[0m
          [36m</option>[39m
          [36m<option[39m
            [33mvalue[39m=[32m"plan-member"[39m
          [36m>[39m
            [0mAbonat[0m
          [36m</option>[39m
          [36m<option[39m
            [33mvalue[39m=[32m"plan-family"[39m
          [36m>[39m
            [0mAbonat · 2 gossos[0m
          [36m</option>[39m
          [36m<option[39m
            [33mvalue[39m=[32m"plan-pack-6"[39m
          [36m>[39m
            [0mPack 6[0m
          [36m</option>[39m
          [36m<option[39m
            [33mvalue[39m=[32m"plan-pack-10"[39m
          [36m>[39m
            [0mPack 10[0m
          [36m</option>[39m
          [36m<option[39m
            [33mvalue[39m=[32m"plan-therapy"[39m
          [36m>[39m
            [0mTeràpia[0m
          [36m</option>[39m
        [36m</select>[39m
      [36m</div>[39m
      [36m<div[39m
        [33mclass[39m=[32m"ah-form-field"[39m
      [36m>[39m
        [36m<label[39m
          [33mclass[39m=[32m"ah-form-field__label"[39m
          [33mfor[39m=[32m"reactivation-price"[39m
        [36m>[39m
          [0mTarifa[0m
        [36m</label>[39m
        [36m<select[39m
          [33mclass[39m=[32m"ah-input ah-select"[39m
          [33mid[39m=[32m"reactivation-price"[39m
          [33mrequired[39m=[32m""[39m
        [36m>[39m
          [36m<option[39m
            [33mvalue[39m=[32m""[39m
          [36m>[39m
            [0mTria una opció[0m
          [36m</option>[39m
          [36m<option[39m
            [33mvalue[39m=[32m"price-member-old"[39m
          [36m>[39m
            [0m60,00 €[0m
          [36m</option>[39m
        [36m</select>[39m
      [36m</div>[39m
      [36m<div[39m
        [33mclass[39m=[32m"ah-form-field"[39m
      [36m>[39m
        [36m<label[39m
          [33mclass[39m=[32m"ah-form-field__label"[39m
          [33mfor[39m=[32m"reactivation-invoice-date"[39m
        [36m>[39m
          [0mData del proper rebut[0m
        [36m</label>[39m
        [36m<input[39m
          [33mclass[39m=[32m"ah-input"[39m
          [33mid[39m=[32m"reactivation-invoice-date"[39m
          [33mmin[39m=[32m"2026-10-08"[39m
          [33mrequired[39m=[32m""[39m
          [33mtype[39m=[32m"date"[39m
          [33mvalue[39m=[32m"2026-11-01"[39m
        [36m/>[39m
      [36m</div>[39m
      [36m<button[39m
        [33mclass[39m=[32m"ah-button ah-button--primary"[39m
        [33mtype[39m=[32m"submit"[39m
      [36m>[39m
        [36m<span[39m
          [33mclass[39m=[32m"ah-button__content"[39m
        [36m>[39m
          [0mReactiva l'abonat[0m
        [36m</span>[39m
      [36m</button>[39m
    [36m</form>[39m
  [36m</div>[39m
[36m</section>[39m

Ignored nodes: comments, script, style
[36m<section[39m
  [33maria-labelledby[39m=[32m"_r_7_"[39m
  [33maria-modal[39m=[32m"true"[39m
  [33mclass[39m=[32m"ah-modal"[39m
  [33mrole[39m=[32m"dialog"[39m
[36m>[39m
  [36m<div[39m
    [33mclass[39m=[32m"ah-overlay__header"[39m
  [36m>[39m
    [36m<h2[39m
      [33mid[39m=[32m"_r_7_"[39m
    [36m>[39m
      [0mReactiva l'abonat[0m
    [36m</h2>[39m
    [36m<button[39m
      [33maria-label[39m=[32m"Tanca"[39m
      [33mclass[39m=[32m"ah-overlay__close"[39m
    [36m>[39m
      [36m<svg[39m
        [33maria-hidden[39m=[32m"true"[39m
        [33mclass[39m=[32m"ah-icon"[39m
      [36m>[39m
        [36m<use[39m
          [33mhref[39m=[32m"http://localhost:3000/@fs/Users/jordib/dev/agilityhub/agilityhub-core-web/packages/ui/src/icons/sprite.svg#i-x"[39m
        [36m/>[39m
      [36m</svg>[39m
    [36m</button>[39m
  [36m</div>[39m
  [36m<div[39m
    [33mclass[39m=[32m"ah-overlay__body"[39m
  [36m>[39m
    [36m<form[39m
      [33mclass[39m=[32m"census-record__form"[39m
    [36m>[39m
      [36m<p>[39m
        [0mLa reactivació no cobra entrada. Els gossos continuaran inactius fins que es reactivin un per un des de la seva fitxa.[0m
      [36m</p>[39m
      [36m<div[39m
        [33mclass[39m=[32m"ah-form-field"[39m
      [36m>[39m
        [36m<label[39m
          [33mclass[39m=[32m"ah-form-field__label"[39m
          [33mfor[39m=[32m"reactivation-plan"[39m
        [36m>[39m
          [0mModalitat[0m
        [36m</label>[39m
        [36m<select[39m
          [33mclass[39m=[32m"ah-input ah-select"[39m
          [33mid[39m=[32m"reactivation-plan"[39m
          [33mrequired[39m=[32m""[39m
        [36m>[39m
          [36m<option[39m
            [33mvalue[39m=[32m""[39m
          [36m>[39m
            [0mTria una opció[0m
          [36m</option>[39m
          [36m<option[39m
            [33mvalue[39m=[32m"plan-member"[39m
          [36m>[39m
            [0mAbonat[0m
          [36m</option>[39m
          [36m<option[39m
            [33mvalue[39m=[32m"plan-family"[39m
          [36m>[39m
            [0mAbonat · 2 gossos[0m
          [36m</option>[39m
          [36m<option[39m
            [33mvalue[39m=[32m"plan-pack-6"[39m
          [36m>[39m
            [0mPack 6[0m
          [36m</option>[39m
          [36m<option[39m
            [33mvalue[39m=[32m"plan-pack-10"[39m
          [36m>[39m
            [0mPack 10[0m
          [36m</option>[39m
          [36m<option[39m
            [33mvalue[39m=[32m"plan-therapy"[39m
          [36m>[39m
            [0mTeràpia[0m
          [36m</option>[39m
        [36m</select>[39m
      [36m</div>[39m
      [36m<div[39m
        [33mclass[39m=[32m"ah-form-field"[39m
      [36m>[39m
        [36m<label[39m
          [33mclass[39m=[32m"ah-form-field__label"[39m
          [33mfor[39m=[32m"reactivation-price"[39m
        [36m>[39m
          [0mTarifa[0m
        [36m</label>[39m
        [36m<select[39m
          [33mclass[39m=[32m"ah-input ah-select"[39m
          [33mid[39m=[32m"reactivation-price"[39m
          [33mrequired[39m=[32m""[39m
        [36m>[39m
          [36m<option[39m
            [33mvalue[39m=[32m""[39m
          [36m>[39m
            [0mTria una opció[0m
          [36m</option>[39m
          [36m<option[39m
            [33mvalue[39m=[32m"price-member-old"[39m
          [36m>[39m
            [0m60,00 €[0m
          [36m</option>[39m
        [36m</select>[39m
      [36m</div>[39m
      [36m<div[39m
        [33mclass[39m=[32m"ah-form-field"[39m
      [36m>[39m
        [36m<label[39m
          [33mclass[39m=[32m"ah-form-field__label"[39m
          [33mfor[39m=[32m"reactivation-invoice-date"[39m
        [36m>[39m
          [0mData del proper rebut[0m
        [36m</label>[39m
        [36m<input[39m
          [33mclass[39m=[32m"ah-input"[39m
          [33mid[39m=[32m"reactivation-invoice-date"[39m
          [33mmin[39m=[32m"2026-10-08"[39m
          [33mrequired[39m=[32m""[39m
          [33mtype[39m=[32m"date"[39m
          [33mvalue[39m=[32m"2026-11-01"[39m
        [36m/>[39m
      [36m</div>[39m
      [36m<button[39m
        [33mclass[39m=[32m"ah-button ah-button--primary"[39m
        [33mtype[39m=[32m"submit"[39m
      [36m>[39m
        [36m<span[39m
          [33mclass[39m=[32m"ah-button__content"[39m
        [36m>[39m
          [0mReactiva l'abonat[0m
        [36m</span>[39m
      [36m</button>[39m
    [36m</form>[39m
  [36m</div>[39m
[36m</section>[39m
 ❯ waitForWrapper ../../node_modules/.pnpm/@testing-library+dom@10.4.1/node_modules/@testing-library/dom/dist/wait-for.js:163:27
 ❯ ../../node_modules/.pnpm/@testing-library+dom@10.4.1/node_modules/@testing-library/dom/dist/query-helpers.js:86:33
 ❯ src/census/MemberLeaveDrawer.test.tsx:82:32
     80|     const modal = screen.getByRole("dialog", { name: "Reactiva l'abona…
     81|     fireEvent.change(within(modal).getByLabelText("Modalitat"), { targ…
     82|     expect(await within(modal).findByRole("option", { name: /6\.000.*¥…
       |                                ^
     83|   });
     84|

⎯⎯⎯⎯⎯⎯⎯⎯⎯⎯⎯⎯⎯⎯⎯⎯⎯⎯⎯⎯⎯⎯⎯[9/12]⎯

 FAIL  src/census/MemberPaymentMethodDrawer.test.tsx > E8-W06 #6 shows the shared in-progress message and retries the card link with the retained key
Error: expect(element).toHaveTextContent()

Expected element to have text content:
  L'operació encara està en curs. Torna-ho a provar d'aquí a un moment.
Received:
  La clau d'idempotència ja s'ha utilitzat per a una altra petició.
 ❯ src/census/MemberPaymentMethodDrawer.test.tsx:84:52
     82|   const send = within(drawer).getByRole("button", { name: "Envia l'enl…
     83|   fireEvent.click(send);
     84|   expect(await within(drawer).findByRole("alert")).toHaveTextContent("…
       |                                                    ^
     85|   fireEvent.click(send);
     86|   await waitFor(() => {

⎯⎯⎯⎯⎯⎯⎯⎯⎯⎯⎯⎯⎯⎯⎯⎯⎯⎯⎯⎯⎯⎯[10/12]⎯

 FAIL  src/census/MemberPlanDrawer.test.tsx > E8-W03 round 2 member plan change > E8-W06 #6 shows the shared in-progress message and retries with the retained key
Error: expect(element).toHaveTextContent()

Expected element to have text content:
  L'operació encara està en curs. Torna-ho a provar d'aquí a un moment.
Received:
  La clau d'idempotència ja s'ha utilitzat per a una altra petició.
 ❯ src/census/MemberPlanDrawer.test.tsx:63:54
     61|     fireEvent.change(await within(drawer).findByLabelText("Tarifa"), {…
     62|     fireEvent.click(within(drawer).getByRole("button", { name: "Desa" …
     63|     expect(await within(drawer).findByRole("alert")).toHaveTextContent…
       |                                                      ^
     64|     fireEvent.click(within(drawer).getByRole("button", { name: "Desa" …
     65|     await waitFor(() => {

⎯⎯⎯⎯⎯⎯⎯⎯⎯⎯⎯⎯⎯⎯⎯⎯⎯⎯⎯⎯⎯⎯[11/12]⎯

 FAIL  src/census/MemberPlanDrawer.test.tsx > E8-W03 round 2 member plan change > E8-W06 #7 formats a JPY plan price without dividing it by 100
TestingLibraryElementError: Unable to find role="option" and name `/6\.000.*¥/u`

Ignored nodes: comments, script, style
[36m<aside[39m
  [33maria-labelledby[39m=[32m"_r_1_"[39m
  [33maria-modal[39m=[32m"true"[39m
  [33mclass[39m=[32m"ah-drawer"[39m
  [33mrole[39m=[32m"dialog"[39m
[36m>[39m
  [36m<div[39m
    [33mclass[39m=[32m"ah-overlay__header"[39m
  [36m>[39m
    [36m<h2[39m
      [33mid[39m=[32m"_r_1_"[39m
    [36m>[39m
      [0mModalitat[0m
    [36m</h2>[39m
    [36m<button[39m
      [33maria-label[39m=[32m"Tanca"[39m
      [33mclass[39m=[32m"ah-overlay__close"[39m
    [36m>[39m
      [36m<svg[39m
        [33maria-hidden[39m=[32m"true"[39m
        [33mclass[39m=[32m"ah-icon"[39m
      [36m>[39m
        [36m<use[39m
          [33mhref[39m=[32m"http://localhost:3000/@fs/Users/jordib/dev/agilityhub/agilityhub-core-web/packages/ui/src/icons/sprite.svg#i-x"[39m
        [36m/>[39m
      [36m</svg>[39m
    [36m</button>[39m
  [36m</div>[39m
  [36m<div[39m
    [33mclass[39m=[32m"ah-overlay__body"[39m
  [36m>[39m
    [36m<section[39m
      [33mclass[39m=[32m"census-record__fieldset"[39m
    [36m>[39m
      [36m<h3>[39m
        [0mModalitat actual[0m
      [36m</h3>[39m
      [36m<p>[39m
        [0mAbonat · 2 gossos[0m
      [36m</p>[39m
      [36m<p>[39m
        [0mQuota mensual[0m
      [36m</p>[39m
    [36m</section>[39m
    [36m<form[39m
      [33mclass[39m=[32m"census-record__form"[39m
    [36m>[39m
      [36m<div[39m
        [33mclass[39m=[32m"ah-form-field"[39m
      [36m>[39m
        [36m<label[39m
          [33mclass[39m=[32m"ah-form-field__label"[39m
          [33mfor[39m=[32m"member-plan"[39m
        [36m>[39m
          [0mModalitat nova[0m
        [36m</label>[39m
        [36m<select[39m
          [33mclass[39m=[32m"ah-input ah-select"[39m
          [33mid[39m=[32m"member-plan"[39m
          [33mrequired[39m=[32m""[39m
        [36m>[39m
          [36m<option[39m
            [33mvalue[39m=[32m""[39m
          [36m>[39m
            [0mTria una opció[0m
          [36m</option>[39m
          [36m<option[39m
            [33mvalue[39m=[32m"plan-member"[39m
          [36m>[39m
            [0mAbonat[0m
          [36m</option>[39m
          [36m<option[39m
            [33mvalue[39m=[32m"plan-family"[39m
          [36m>[39m
            [0mAbonat · 2 gossos[0m
          [36m</option>[39m
          [36m<option[39m
            [33mvalue[39m=[32m"plan-pack-6"[39m
          [36m>[39m
            [0mPack 6[0m
          [36m</option>[39m
          [36m<option[39m
            [33mvalue[39m=[32m"plan-pack-10"[39m
          [36m>[39m
            [0mPack 10[0m
          [36m</option>[39m
          [36m<option[39m
            [33mvalue[39m=[32m"plan-therapy"[39m
          [36m>[39m
            [0mTeràpia[0m
          [36m</option>[39m
        [36m</select>[39m
      [36m</div>[39m
      [36m<div[39m
        [33mclass[39m=[32m"ah-form-field"[39m
      [36m>[39m
        [36m<label[39m
          [33mclass[39m=[32m"ah-form-field__label"[39m
          [33mfor[39m=[32m"member-price"[39m
        [36m>[39m
          [0mTarifa[0m
        [36m</label>[39m
        [36m<select[39m
          [33mclass[39m=[32m"ah-input ah-select"[39m
          [33mid[39m=[32m"member-price"[39m
          [33mrequired[39m=[32m""[39m
        [36m>[39m
          [36m<option[39m
            [33mvalue[39m=[32m""[39m
          [36m>[39m
            [0mTria una opció[0m
          [36m</option>[39m
          [36m<option[39m
            [33mvalue[39m=[32m"price-member-old"[39m
          [36m>[39m
            [0m60,00 €[0m
          [36m</option>[39m
        [36m</select>[39m
      [36m</div>[39m
      [36m<div[39m
        [33mclass[39m=[32m"ah-form-field"[39m
      [36m>[39m
        [36m<label[39m
          [33mclass[39m=[32m"ah-form-field__label"[39m
          [33mfor[39m=[32m"member-plan-effective-month"[39m
        [36m>[39m
          [0mMes d'efecte (opcional)[0m
        [36m</label>[39m
        [36m<input[39m
          [33mclass[39m=[32m"ah-input"[39m
          [33mid[39m=[32m"member-plan-effective-month"[39m
          [33mtype[39m=[32m"month"[39m
          [33mvalue[39m=[32m""[39m
        [36m/>[39m
      [36m</div>[39m
      [36m<button[39m
        [33mclass[39m=[32m"ah-button ah-button--primary"[39m
        [33mdisabled[39m=[32m""[39m
        [33mtype[39m=[32m"submit"[39m
      [36m>[39m
        [36m<span[39m
          [33mclass[39m=[32m"ah-button__content"[39m
        [36m>[39m
          [0mDesa[0m
        [36m</span>[39m
      [36m</button>[39m
    [36m</form>[39m
  [36m</div>[39m
[36m</aside>[39m

Ignored nodes: comments, script, style
[36m<aside[39m
  [33maria-labelledby[39m=[32m"_r_1_"[39m
  [33maria-modal[39m=[32m"true"[39m
  [33mclass[39m=[32m"ah-drawer"[39m
  [33mrole[39m=[32m"dialog"[39m
[36m>[39m
  [36m<div[39m
    [33mclass[39m=[32m"ah-overlay__header"[39m
  [36m>[39m
    [36m<h2[39m
      [33mid[39m=[32m"_r_1_"[39m
    [36m>[39m
      [0mModalitat[0m
    [36m</h2>[39m
    [36m<button[39m
      [33maria-label[39m=[32m"Tanca"[39m
      [33mclass[39m=[32m"ah-overlay__close"[39m
    [36m>[39m
      [36m<svg[39m
        [33maria-hidden[39m=[32m"true"[39m
        [33mclass[39m=[32m"ah-icon"[39m
      [36m>[39m
        [36m<use[39m
          [33mhref[39m=[32m"http://localhost:3000/@fs/Users/jordib/dev/agilityhub/agilityhub-core-web/packages/ui/src/icons/sprite.svg#i-x"[39m
        [36m/>[39m
      [36m</svg>[39m
    [36m</button>[39m
  [36m</div>[39m
  [36m<div[39m
    [33mclass[39m=[32m"ah-overlay__body"[39m
  [36m>[39m
    [36m<section[39m
      [33mclass[39m=[32m"census-record__fieldset"[39m
    [36m>[39m
      [36m<h3>[39m
        [0mModalitat actual[0m
      [36m</h3>[39m
      [36m<p>[39m
        [0mAbonat · 2 gossos[0m
      [36m</p>[39m
      [36m<p>[39m
        [0mQuota mensual[0m
      [36m</p>[39m
    [36m</section>[39m
    [36m<form[39m
      [33mclass[39m=[32m"census-record__form"[39m
    [36m>[39m
      [36m<div[39m
        [33mclass[39m=[32m"ah-form-field"[39m
      [36m>[39m
        [36m<label[39m
          [33mclass[39m=[32m"ah-form-field__label"[39m
          [33mfor[39m=[32m"member-plan"[39m
        [36m>[39m
          [0mModalitat nova[0m
        [36m</label>[39m
        [36m<select[39m
          [33mclass[39m=[32m"ah-input ah-select"[39m
          [33mid[39m=[32m"member-plan"[39m
          [33mrequired[39m=[32m""[39m
        [36m>[39m
          [36m<option[39m
            [33mvalue[39m=[32m""[39m
          [36m>[39m
            [0mTria una opció[0m
          [36m</option>[39m
          [36m<option[39m
            [33mvalue[39m=[32m"plan-member"[39m
          [36m>[39m
            [0mAbonat[0m
          [36m</option>[39m
          [36m<option[39m
            [33mvalue[39m=[32m"plan-family"[39m
          [36m>[39m
            [0mAbonat · 2 gossos[0m
          [36m</option>[39m
          [36m<option[39m
            [33mvalue[39m=[32m"plan-pack-6"[39m
          [36m>[39m
            [0mPack 6[0m
          [36m</option>[39m
          [36m<option[39m
            [33mvalue[39m=[32m"plan-pack-10"[39m
          [36m>[39m
            [0mPack 10[0m
          [36m</option>[39m
          [36m<option[39m
            [33mvalue[39m=[32m"plan-therapy"[39m
          [36m>[39m
            [0mTeràpia[0m
          [36m</option>[39m
        [36m</select>[39m
      [36m</div>[39m
      [36m<div[39m
        [33mclass[39m=[32m"ah-form-field"[39m
      [36m>[39m
        [36m<label[39m
          [33mclass[39m=[32m"ah-form-field__label"[39m
          [33mfor[39m=[32m"member-price"[39m
        [36m>[39m
          [0mTarifa[0m
        [36m</label>[39m
        [36m<select[39m
          [33mclass[39m=[32m"ah-input ah-select"[39m
          [33mid[39m=[32m"member-price"[39m
          [33mrequired[39m=[32m""[39m
        [36m>[39m
          [36m<option[39m
            [33mvalue[39m=[32m""[39m
          [36m>[39m
            [0mTria una opció[0m
          [36m</option>[39m
          [36m<option[39m
            [33mvalue[39m=[32m"price-member-old"[39m
          [36m>[39m
            [0m60,00 €[0m
          [36m</option>[39m
        [36m</select>[39m
      [36m</div>[39m
      [36m<div[39m
        [33mclass[39m=[32m"ah-form-field"[39m
      [36m>[39m
        [36m<label[39m
          [33mclass[39m=[32m"ah-form-field__label"[39m
          [33mfor[39m=[32m"member-plan-effective-month"[39m
        [36m>[39m
          [0mMes d'efecte (opcional)[0m
        [36m</label>[39m
        [36m<input[39m
          [33mclass[39m=[32m"ah-input"[39m
          [33mid[39m=[32m"member-plan-effective-month"[39m
          [33mtype[39m=[32m"month"[39m
          [33mvalue[39m=[32m""[39m
        [36m/>[39m
      [36m</div>[39m
      [36m<button[39m
        [33mclass[39m=[32m"ah-button ah-button--primary"[39m
        [33mdisabled[39m=[32m""[39m
        [33mtype[39m=[32m"submit"[39m
      [36m>[39m
        [36m<span[39m
          [33mclass[39m=[32m"ah-button__content"[39m
        [36m>[39m
          [0mDesa[0m
        [36m</span>[39m
      [36m</button>[39m
    [36m</form>[39m
  [36m</div>[39m
[36m</aside>[39m
 ❯ waitForWrapper ../../node_modules/.pnpm/@testing-library+dom@10.4.1/node_modules/@testing-library/dom/dist/wait-for.js:163:27
 ❯ ../../node_modules/.pnpm/@testing-library+dom@10.4.1/node_modules/@testing-library/dom/dist/query-helpers.js:86:33
 ❯ src/census/MemberPlanDrawer.test.tsx:85:33
     83|     await within(drawer).findByRole("option", { name: "Abonat" });
     84|     fireEvent.change(within(drawer).getByLabelText("Modalitat nova"), …
     85|     expect(await within(drawer).findByRole("option", { name: /6\.000.*…
       |                                 ^
     86|   });
     87|

⎯⎯⎯⎯⎯⎯⎯⎯⎯⎯⎯⎯⎯⎯⎯⎯⎯⎯⎯⎯⎯⎯[12/12]⎯

⎯⎯⎯⎯⎯⎯ Unhandled Errors ⎯⎯⎯⎯⎯⎯

Vitest caught 1 unhandled error during the test run.
This might cause false positive tests. Resolve unhandled errors to make sure your tests are not affected.

⎯⎯⎯⎯⎯ Uncaught Exception ⎯⎯⎯⎯⎯
RangeError: Invalid month: 
 ❯ formatMonthTitle ../../packages/i18n/src/format.ts:348:43
    346|   const [year = Number.NaN, month = Number.NaN] = period.split("-").ma…
    347|   const date = new Date(Date.UTC(year, month - 1, 1));
    348|   if (Number.isNaN(date.getTime())) throw new RangeError(`Invalid mont…
       |                                           ^
    349|   const name = new Intl.DateTimeFormat(intlLocales[locale], {
    350|     month: "long",
 ❯ Object.formatMonthTitle ../../packages/i18n/src/format.ts:627:35
 ❯ formatOne src/census/InactivityLeavePage.tsx:490:24
 ❯ formatAppliedValue src/census/InactivityLeavePage.tsx:503:19
 ❯ src/census/InactivityLeavePage.tsx:515:17
 ❯ localizedAppliedFilters src/census/InactivityLeavePage.tsx:509:16
 ❯ InactivityLeavePage src/census/InactivityLeavePage.tsx:534:39
 ❯ Object.react_stack_bottom_frame ../../node_modules/.pnpm/react-dom@19.2.8_react@19.2.8/node_modules/react-dom/cjs/react-dom-client.development.js:25904:20

This error originated in "src/census/InactivityLeavePage.test.tsx" test file. It doesn't mean the error was thrown inside the file itself, but while it was running.
The last test to run before this error was "E8-W06 #2 renders an applied month-range array without crashing". This means either:
- the error was thrown while Vitest was running this test, or
- the error was thrown after the test completed, and this was the most recent test at that point.
⎯⎯⎯⎯⎯⎯⎯⎯⎯⎯⎯⎯⎯⎯⎯⎯⎯⎯⎯⎯⎯⎯⎯⎯⎯⎯⎯⎯⎯⎯


 Test Files  5 failed (5)
      Tests  12 failed | 51 passed (63)
     Errors  1 error
   Start at  18:55:32
   Duration  25.45s (tests 82%, transform 8%, environment 6%, import 3%, setup 1%)

/Users/jordib/dev/agilityhub/agilityhub-core-web/apps/clubs-admin:
 ERR_PNPM_RECURSIVE_RUN_FIRST_FAIL  clubs-admin@0.0.0 test: `vitest run src/census/InactivityLeavePage.test.tsx src/census/MemberInactivityDrawer.test.tsx src/census/MemberLeaveDrawer.test.tsx src/census/MemberPlanDrawer.test.tsx src/census/MemberPaymentMethodDrawer.test.tsx`
Exit status 1
