
 RUN  v5.0.0 /Users/jordib/dev/agilityhub/agilityhub-core-web/apps/clubs

 ❯ src/training/TrainingPage.test.tsx (21 tests | 2 failed | 19 skipped) 20400ms
   ❯ E5-W02 round 2 · review #1: the offline copy of 08 is per club and person (S09 §6) (2)
     × A's answers never show for B after a network failure, and B's session drops A's copy 10268ms
     × an impersonated session never reads the answers the account's own session kept 10129ms

⎯⎯⎯⎯⎯⎯⎯ Failed Tests 2 ⎯⎯⎯⎯⎯⎯⎯

 FAIL  src/training/TrainingPage.test.tsx > E5-W02 round 2 · review #1: the offline copy of 08 is per club and person (S09 §6) > A's answers never show for B after a network failure, and B's session drops A's copy
TestingLibraryElementError: Unable to find role="alert"

Ignored nodes: comments, script, style
[36m<body>[39m
  [36m<div>[39m
    [36m<div[39m
      [33mclass[39m=[32m"clubs-shell"[39m
    [36m>[39m
      [36m<div[39m
        [33mclass[39m=[32m"clubs-shell__top"[39m
      [36m/>[39m
      [36m<main[39m
        [33mclass[39m=[32m"clubs-shell__content"[39m
      [36m>[39m
        [36m<section[39m
          [33mclass[39m=[32m"booking-screen training-screen"[39m
        [36m>[39m
          [36m<header[39m
            [33mclass[39m=[32m"ah-app-bar booking-screen__bar"[39m
          [36m>[39m
            [36m<div[39m
              [33mclass[39m=[32m"ah-app-bar__side"[39m
            [36m/>[39m
            [36m<div[39m
              [33mclass[39m=[32m"ah-app-bar__title"[39m
            [36m>[39m
              [36m<h1>[39m
                [0mEntrenaments[0m
              [36m</h1>[39m
            [36m</div>[39m
            [36m<div[39m
              [33mclass[39m=[32m"ah-app-bar__side ah-app-bar__side--end"[39m
            [36m/>[39m
          [36m</header>[39m
          [36m<div[39m
            [33maria-label[39m=[32m"Gossos"[39m
            [33mclass[39m=[32m"dog-chips"[39m
            [33mrole[39m=[32m"group"[39m
          [36m>[39m
            [36m<button[39m
              [33maria-pressed[39m=[32m"true"[39m
              [33mclass[39m=[32m"ah-chip dog-chip dog-chip--selected"[39m
              [33mtype[39m=[32m"button"[39m
            [36m>[39m
              [36m<svg[39m
                [33maria-hidden[39m=[32m"true"[39m
                [33mclass[39m=[32m"ah-icon"[39m
              [36m>[39m
                [36m<use[39m
                  [33mhref[39m=[32m"http://localhost:3000/@fs/Users/jordib/dev/agilityhub/agilityhub-core-web/packages/ui/src/icons/sprite.svg#i-paw"[39m
                [36m/>[39m
              [36m</svg>[39m
              [0mRock · D[0m
            [36m</button>[39m
            [36m<button[39m
              [33maria-pressed[39m=[32m"false"[39m
              [33mclass[39m=[32m"ah-chip dog-chip"[39m
              [33mtype[39m=[32m"button"[39m
            [36m>[39m
              [0mToby · B (Joan Antoni)[0m
            [36m</button>[39m
          [36m</div>[39m
          [36m<div[39m
            [33maria-label[39m=[32m"Dia"[39m
            [33mclass[39m=[32m"training-chips"[39m
            [33mrole[39m=[32m"group"[39m
          [36m>[39m
            [36m<button[39m
              [33maria-pressed[39m=[32m"true"[39m
              [33mclass[39m=[32m"ah-chip training-chip training-chip--selected"[39m
              [33mtype[39m=[32m"button"[39m
            [36m>[39m
              [0mAvui dl 3[0m
            [36m</button>[39m
            [36m<button[39m
              [33maria-pressed[39m=[32m"false"[39m
              [33mclass[39m=[32m"ah-chip training-chip"[39m
              [33mtype[39m=[32m"button"[39m
            [36m>[39m
              [0mdt 4[0m
            [36m</button>[39m
            [36m<button[39m
              [33maria-pressed[39m=[32m"false"[39m
              [33mclass[39m=[32m"ah-chip training-chip"[39m
              [33mtype[39m=[32m"button"[39m
            [36m>[39m
              [0mdc 5[0m
            [36m</button>[39m
            [36m<button[39m
              [33maria-pressed[39m=[32m"false"[39m
              [33mclass[39m=[32m"ah-chip training-chip"[39m
              [33mtype[39m=[32m"button"[39m
            [36m>[39m
              [0mdj 6[0m
            [36m</button>[39m
          [36m</div>[39m
          [36m<div[39m
            [33maria-label[39m=[32m"Pista"[39m
            [33mclass[39m=[32m"training-chips"[39m
            [33mrole[39m=[32m"group"[39m
          [36m>[39m
            [36m<button[39m
              [33maria-pressed[39m=[32m"true"[39m
              [33mclass[39m=[32m"ah-chip training-chip training-chip--selected"[39m
              [33mtype[39m=[32m"button"[39m
            [36m>[39m
              [0mQualsevol[0m
            [36m</button>[39m
            [36m<button[39m
              [33maria-describedby[39m=[32m"training-setup-ring-muntanya"[39m
              [33maria-pressed[39m=[32m"false"[39m
              [33mclass[39m=[32m"ah-chip training-chip"[39m
              [33mtype[39m=[32m"button"[39m
            [36m>[39m
              [36m<span[39m
                [33maria-hidden[39m=[32m"true"[39m
                [33mclass[39m=[32m"training-ring-dot"[39m
                [33mstyle[39m=[32m"--ah-ring-color: #F2B58C;"[39m
              [36m/>[39m
              [0mMuntanya[0m
              [36m<svg[39m
                [33maria-hidden[39m=[32m"true"[39m
                [33mclass[39m=[32m"ah-icon training-chip__setup"[39m
              [36m>[39m
                [36m<use[39m
                  [33mhref[39m=[32m"http://localhost:3000/@fs/Users/jordib/dev/agilityhub/agilityhub-core-web/packages/ui/src/icons/sprite.svg#i-flag"[39m
                [36m/>[39m
              [36m</svg>[39m
            [36m</button>[39m
            [36m<button[39m
              [33maria-pressed[39m=[32m"false"[39m
              [33mclass[39m=[32m"ah-chip training-chip"[39m
              [33mtype[39m=[32m"button"[39m
            [36m>[39m
              [36m<span[39m
                [33maria-hidden[39m=[32m"true"[39m
                [33mclass[39m=[32m"training-ring-dot"[39m
                [33mstyle[39m=[32m"--ah-ring-color: #8FCE8F;"[39m
              [36m/>[39m
              [0mCentral[0m
            [36m</button>[39m
            [36m<button[39m
              [33maria-pressed[39m=[32m"false"[39m
              [33mclass[39m=[32m"ah-chip training-chip"[39m
              [33mtype[39m=[32m"button"[39m
            [36m>[39m
              [36m<span[39m
                [33maria-hidden[39m=[32m"true"[39m
                [33mclass[39m=[32m"training-ring-dot"[39m
                [33mstyle[39m=[32m"--ah-ring-color: #C9CDD3;"[39m
              [36m/>[39m
              [0mCarretera[0m
            [36m</button>[39m
            [36m<span[39m
              [33mhidden[39m=[32m""[39m
              [33mid[39m=[32m"training-setup-ring-muntanya"[39m
            [36m>[39m
              [0mMuntanya: recorregut muntat[0m
            [36m</span>[39m
          [36m</div>[39m
          [36m<p[39m
            [33mclass[39m=[32m"booking-note booking-note--neutral training-stale"[39m
            [33mrole[39m=[32m"status"[39m
          [36m>[39m
            [0mpot no estar al dia[0m
          [36m</p>[39m
          [36m<div[39m
            [33mclass[39m=[32m"booking-section"[39m
          [36m>[39m
            [36m<h2[39m
              [33mclass[39m=[32m"booking-section__title"[39m
            [36m>[39m
              ...

Ignored nodes: comments, script, style
[36m<body>[39m
  [36m<div>[39m
    [36m<div[39m
      [33mclass[39m=[32m"clubs-shell"[39m
    [36m>[39m
      [36m<div[39m
        [33mclass[39m=[32m"clubs-shell__top"[39m
      [36m/>[39m
      [36m<main[39m
        [33mclass[39m=[32m"clubs-shell__content"[39m
      [36m>[39m
        [36m<section[39m
          [33mclass[39m=[32m"booking-screen training-screen"[39m
        [36m>[39m
          [36m<header[39m
            [33mclass[39m=[32m"ah-app-bar booking-screen__bar"[39m
          [36m>[39m
            [36m<div[39m
              [33mclass[39m=[32m"ah-app-bar__side"[39m
            [36m/>[39m
            [36m<div[39m
              [33mclass[39m=[32m"ah-app-bar__title"[39m
            [36m>[39m
              [36m<h1>[39m
                [0mEntrenaments[0m
              [36m</h1>[39m
            [36m</div>[39m
            [36m<div[39m
              [33mclass[39m=[32m"ah-app-bar__side ah-app-bar__side--end"[39m
            [36m/>[39m
          [36m</header>[39m
          [36m<div[39m
            [33maria-label[39m=[32m"Gossos"[39m
            [33mclass[39m=[32m"dog-chips"[39m
            [33mrole[39m=[32m"group"[39m
          [36m>[39m
            [36m<button[39m
              [33maria-pressed[39m=[32m"true"[39m
              [33mclass[39m=[32m"ah-chip dog-chip dog-chip--selected"[39m
              [33mtype[39m=[32m"button"[39m
            [36m>[39m
              [36m<svg[39m
                [33maria-hidden[39m=[32m"true"[39m
                [33mclass[39m=[32m"ah-icon"[39m
              [36m>[39m
                [36m<use[39m
                  [33mhref[39m=[32m"http://localhost:3000/@fs/Users/jordib/dev/agilityhub/agilityhub-core-web/packages/ui/src/icons/sprite.svg#i-paw"[39m
                [36m/>[39m
              [36m</svg>[39m
              [0mRock · D[0m
            [36m</button>[39m
            [36m<button[39m
              [33maria-pressed[39m=[32m"false"[39m
              [33mclass[39m=[32m"ah-chip dog-chip"[39m
              [33mtype[39m=[32m"button"[39m
            [36m>[39m
              [0mToby · B (Joan Antoni)[0m
            [36m</button>[39m
          [36m</div>[39m
          [36m<div[39m
            [33maria-label[39m=[32m"Dia"[39m
            [33mclass[39m=[32m"training-chips"[39m
            [33mrole[39m=[32m"group"[39m
          [36m>[39m
            [36m<button[39m
              [33maria-pressed[39m=[32m"true"[39m
              [33mclass[39m=[32m"ah-chip training-chip training-chip--selected"[39m
              [33mtype[39m=[32m"button"[39m
            [36m>[39m
              [0mAvui dl 3[0m
            [36m</button>[39m
            [36m<button[39m
              [33maria-pressed[39m=[32m"false"[39m
              [33mclass[39m=[32m"ah-chip training-chip"[39m
              [33mtype[39m=[32m"button"[39m
            [36m>[39m
              [0mdt 4[0m
            [36m</button>[39m
            [36m<button[39m
              [33maria-pressed[39m=[32m"false"[39m
              [33mclass[39m=[32m"ah-chip training-chip"[39m
              [33mtype[39m=[32m"button"[39m
            [36m>[39m
              [0mdc 5[0m
            [36m</button>[39m
            [36m<button[39m
              [33maria-pressed[39m=[32m"false"[39m
              [33mclass[39m=[32m"ah-chip training-chip"[39m
              [33mtype[39m=[32m"button"[39m
            [36m>[39m
              [0mdj 6[0m
            [36m</button>[39m
          [36m</div>[39m
          [36m<div[39m
            [33maria-label[39m=[32m"Pista"[39m
            [33mclass[39m=[32m"training-chips"[39m
            [33mrole[39m=[32m"group"[39m
          [36m>[39m
            [36m<button[39m
              [33maria-pressed[39m=[32m"true"[39m
              [33mclass[39m=[32m"ah-chip training-chip training-chip--selected"[39m
              [33mtype[39m=[32m"button"[39m
            [36m>[39m
              [0mQualsevol[0m
            [36m</button>[39m
            [36m<button[39m
              [33maria-describedby[39m=[32m"training-setup-ring-muntanya"[39m
              [33maria-pressed[39m=[32m"false"[39m
              [33mclass[39m=[32m"ah-chip training-chip"[39m
              [33mtype[39m=[32m"button"[39m
            [36m>[39m
              [36m<span[39m
                [33maria-hidden[39m=[32m"true"[39m
                [33mclass[39m=[32m"training-ring-dot"[39m
                [33mstyle[39m=[32m"--ah-ring-color: #F2B58C;"[39m
              [36m/>[39m
              [0mMuntanya[0m
              [36m<svg[39m
                [33maria-hidden[39m=[32m"true"[39m
                [33mclass[39m=[32m"ah-icon training-chip__setup"[39m
              [36m>[39m
                [36m<use[39m
                  [33mhref[39m=[32m"http://localhost:3000/@fs/Users/jordib/dev/agilityhub/agilityhub-core-web/packages/ui/src/icons/sprite.svg#i-flag"[39m
                [36m/>[39m
              [36m</svg>[39m
            [36m</button>[39m
            [36m<button[39m
              [33maria-pressed[39m=[32m"false"[39m
              [33mclass[39m=[32m"ah-chip training-chip"[39m
              [33mtype[39m=[32m"button"[39m
            [36m>[39m
              [36m<span[39m
                [33maria-hidden[39m=[32m"true"[39m
                [33mclass[39m=[32m"training-ring-dot"[39m
                [33mstyle[39m=[32m"--ah-ring-color: #8FCE8F;"[39m
              [36m/>[39m
              [0mCentral[0m
            [36m</button>[39m
            [36m<button[39m
              [33maria-pressed[39m=[32m"false"[39m
              [33mclass[39m=[32m"ah-chip training-chip"[39m
              [33mtype[39m=[32m"button"[39m
            [36m>[39m
              [36m<span[39m
                [33maria-hidden[39m=[32m"true"[39m
                [33mclass[39m=[32m"training-ring-dot"[39m
                [33mstyle[39m=[32m"--ah-ring-color: #C9CDD3;"[39m
              [36m/>[39m
              [0mCarretera[0m
            [36m</button>[39m
            [36m<span[39m
              [33mhidden[39m=[32m""[39m
              [33mid[39m=[32m"training-setup-ring-muntanya"[39m
            [36m>[39m
              [0mMuntanya: recorregut muntat[0m
            [36m</span>[39m
          [36m</div>[39m
          [36m<p[39m
            [33mclass[39m=[32m"booking-note booking-note--neutral training-stale"[39m
            [33mrole[39m=[32m"status"[39m
          [36m>[39m
            [0mpot no estar al dia[0m
          [36m</p>[39m
          [36m<div[39m
            [33mclass[39m=[32m"booking-section"[39m
          [36m>[39m
            [36m<h2[39m
              [33mclass[39m=[32m"booking-section__title"[39m
            [36m>[39m
              ...
 ❯ waitForWrapper ../../node_modules/.pnpm/@testing-library+dom@10.4.1/node_modules/@testing-library/dom/dist/wait-for.js:163:27
 ❯ ../../node_modules/.pnpm/@testing-library+dom@10.4.1/node_modules/@testing-library/dom/dist/query-helpers.js:86:33
 ❯ expectNothingKept src/training/TrainingPage.test.tsx:400:23
    398|   trainingOffline();
    399|   await renderApp("/entrenaments");
    400|   expect(await screen.findByRole("alert")).toHaveTextContent(
       |                       ^
    401|     "No s'han pogut carregar els entrenaments.",
    402|   );
 ❯ src/training/TrainingPage.test.tsx:417:5

⎯⎯⎯⎯⎯⎯⎯⎯⎯⎯⎯⎯⎯⎯⎯⎯⎯⎯⎯⎯⎯⎯⎯⎯[1/2]⎯

 FAIL  src/training/TrainingPage.test.tsx > E5-W02 round 2 · review #1: the offline copy of 08 is per club and person (S09 §6) > an impersonated session never reads the answers the account's own session kept
TestingLibraryElementError: Unable to find role="alert"

Ignored nodes: comments, script, style
[36m<body>[39m
  [36m<div>[39m
    [36m<div[39m
      [33mclass[39m=[32m"clubs-shell"[39m
    [36m>[39m
      [36m<div[39m
        [33mclass[39m=[32m"clubs-shell__top"[39m
      [36m>[39m
        [36m<div[39m
          [33mclass[39m=[32m"impersonation-banner"[39m
          [33mrole[39m=[32m"status"[39m
        [36m>[39m
          [36m<span>[39m
            [0mEstàs veient l'app com Biel Roca[0m
          [36m</span>[39m
          [36m<button[39m
            [33mtype[39m=[32m"button"[39m
          [36m>[39m
            [0mSurt[0m
          [36m</button>[39m
        [36m</div>[39m
      [36m</div>[39m
      [36m<main[39m
        [33mclass[39m=[32m"clubs-shell__content"[39m
      [36m>[39m
        [36m<section[39m
          [33mclass[39m=[32m"booking-screen training-screen"[39m
        [36m>[39m
          [36m<header[39m
            [33mclass[39m=[32m"ah-app-bar booking-screen__bar"[39m
          [36m>[39m
            [36m<div[39m
              [33mclass[39m=[32m"ah-app-bar__side"[39m
            [36m/>[39m
            [36m<div[39m
              [33mclass[39m=[32m"ah-app-bar__title"[39m
            [36m>[39m
              [36m<h1>[39m
                [0mEntrenaments[0m
              [36m</h1>[39m
            [36m</div>[39m
            [36m<div[39m
              [33mclass[39m=[32m"ah-app-bar__side ah-app-bar__side--end"[39m
            [36m/>[39m
          [36m</header>[39m
          [36m<div[39m
            [33maria-label[39m=[32m"Gossos"[39m
            [33mclass[39m=[32m"dog-chips"[39m
            [33mrole[39m=[32m"group"[39m
          [36m>[39m
            [36m<button[39m
              [33maria-pressed[39m=[32m"true"[39m
              [33mclass[39m=[32m"ah-chip dog-chip dog-chip--selected"[39m
              [33mtype[39m=[32m"button"[39m
            [36m>[39m
              [36m<svg[39m
                [33maria-hidden[39m=[32m"true"[39m
                [33mclass[39m=[32m"ah-icon"[39m
              [36m>[39m
                [36m<use[39m
                  [33mhref[39m=[32m"http://localhost:3000/@fs/Users/jordib/dev/agilityhub/agilityhub-core-web/packages/ui/src/icons/sprite.svg#i-paw"[39m
                [36m/>[39m
              [36m</svg>[39m
              [0mRock · D[0m
            [36m</button>[39m
            [36m<button[39m
              [33maria-pressed[39m=[32m"false"[39m
              [33mclass[39m=[32m"ah-chip dog-chip"[39m
              [33mtype[39m=[32m"button"[39m
            [36m>[39m
              [0mToby · B (Joan Antoni)[0m
            [36m</button>[39m
          [36m</div>[39m
          [36m<div[39m
            [33maria-label[39m=[32m"Dia"[39m
            [33mclass[39m=[32m"training-chips"[39m
            [33mrole[39m=[32m"group"[39m
          [36m>[39m
            [36m<button[39m
              [33maria-pressed[39m=[32m"true"[39m
              [33mclass[39m=[32m"ah-chip training-chip training-chip--selected"[39m
              [33mtype[39m=[32m"button"[39m
            [36m>[39m
              [0mAvui dl 3[0m
            [36m</button>[39m
            [36m<button[39m
              [33maria-pressed[39m=[32m"false"[39m
              [33mclass[39m=[32m"ah-chip training-chip"[39m
              [33mtype[39m=[32m"button"[39m
            [36m>[39m
              [0mdt 4[0m
            [36m</button>[39m
            [36m<button[39m
              [33maria-pressed[39m=[32m"false"[39m
              [33mclass[39m=[32m"ah-chip training-chip"[39m
              [33mtype[39m=[32m"button"[39m
            [36m>[39m
              [0mdc 5[0m
            [36m</button>[39m
            [36m<button[39m
              [33maria-pressed[39m=[32m"false"[39m
              [33mclass[39m=[32m"ah-chip training-chip"[39m
              [33mtype[39m=[32m"button"[39m
            [36m>[39m
              [0mdj 6[0m
            [36m</button>[39m
          [36m</div>[39m
          [36m<div[39m
            [33maria-label[39m=[32m"Pista"[39m
            [33mclass[39m=[32m"training-chips"[39m
            [33mrole[39m=[32m"group"[39m
          [36m>[39m
            [36m<button[39m
              [33maria-pressed[39m=[32m"true"[39m
              [33mclass[39m=[32m"ah-chip training-chip training-chip--selected"[39m
              [33mtype[39m=[32m"button"[39m
            [36m>[39m
              [0mQualsevol[0m
            [36m</button>[39m
            [36m<button[39m
              [33maria-describedby[39m=[32m"training-setup-ring-muntanya"[39m
              [33maria-pressed[39m=[32m"false"[39m
              [33mclass[39m=[32m"ah-chip training-chip"[39m
              [33mtype[39m=[32m"button"[39m
            [36m>[39m
              [36m<span[39m
                [33maria-hidden[39m=[32m"true"[39m
                [33mclass[39m=[32m"training-ring-dot"[39m
                [33mstyle[39m=[32m"--ah-ring-color: #F2B58C;"[39m
              [36m/>[39m
              [0mMuntanya[0m
              [36m<svg[39m
                [33maria-hidden[39m=[32m"true"[39m
                [33mclass[39m=[32m"ah-icon training-chip__setup"[39m
              [36m>[39m
                [36m<use[39m
                  [33mhref[39m=[32m"http://localhost:3000/@fs/Users/jordib/dev/agilityhub/agilityhub-core-web/packages/ui/src/icons/sprite.svg#i-flag"[39m
                [36m/>[39m
              [36m</svg>[39m
            [36m</button>[39m
            [36m<button[39m
              [33maria-pressed[39m=[32m"false"[39m
              [33mclass[39m=[32m"ah-chip training-chip"[39m
              [33mtype[39m=[32m"button"[39m
            [36m>[39m
              [36m<span[39m
                [33maria-hidden[39m=[32m"true"[39m
                [33mclass[39m=[32m"training-ring-dot"[39m
                [33mstyle[39m=[32m"--ah-ring-color: #8FCE8F;"[39m
              [36m/>[39m
              [0mCentral[0m
            [36m</button>[39m
            [36m<button[39m
              [33maria-pressed[39m=[32m"false"[39m
              [33mclass[39m=[32m"ah-chip training-chip"[39m
              [33mtype[39m=[32m"button"[39m
            [36m>[39m
              [36m<span[39m
                [33maria-hidden[39m=[32m"true"[39m
                [33mclass[39m=[32m"training-ring-dot"[39m
                [33mstyle[39m=[32m"--ah-ring-color: #C9CDD3;"[39m
              [36m/>[39m
              [0mCarretera[0m
            [36m</button>[39m
            [36m<span[39m
              [33mhidden[39m=[32m""[39m
              [33mid[39m=[32m"training-setup-ring-muntanya"[39m
            [36m>[39m
              [0mMuntanya: recorregut muntat[0m
            [36m</span>[39m
          [36m</div>[39m
          [36m<p[39m
   ...

Ignored nodes: comments, script, style
[36m<body>[39m
  [36m<div>[39m
    [36m<div[39m
      [33mclass[39m=[32m"clubs-shell"[39m
    [36m>[39m
      [36m<div[39m
        [33mclass[39m=[32m"clubs-shell__top"[39m
      [36m>[39m
        [36m<div[39m
          [33mclass[39m=[32m"impersonation-banner"[39m
          [33mrole[39m=[32m"status"[39m
        [36m>[39m
          [36m<span>[39m
            [0mEstàs veient l'app com Biel Roca[0m
          [36m</span>[39m
          [36m<button[39m
            [33mtype[39m=[32m"button"[39m
          [36m>[39m
            [0mSurt[0m
          [36m</button>[39m
        [36m</div>[39m
      [36m</div>[39m
      [36m<main[39m
        [33mclass[39m=[32m"clubs-shell__content"[39m
      [36m>[39m
        [36m<section[39m
          [33mclass[39m=[32m"booking-screen training-screen"[39m
        [36m>[39m
          [36m<header[39m
            [33mclass[39m=[32m"ah-app-bar booking-screen__bar"[39m
          [36m>[39m
            [36m<div[39m
              [33mclass[39m=[32m"ah-app-bar__side"[39m
            [36m/>[39m
            [36m<div[39m
              [33mclass[39m=[32m"ah-app-bar__title"[39m
            [36m>[39m
              [36m<h1>[39m
                [0mEntrenaments[0m
              [36m</h1>[39m
            [36m</div>[39m
            [36m<div[39m
              [33mclass[39m=[32m"ah-app-bar__side ah-app-bar__side--end"[39m
            [36m/>[39m
          [36m</header>[39m
          [36m<div[39m
            [33maria-label[39m=[32m"Gossos"[39m
            [33mclass[39m=[32m"dog-chips"[39m
            [33mrole[39m=[32m"group"[39m
          [36m>[39m
            [36m<button[39m
              [33maria-pressed[39m=[32m"true"[39m
              [33mclass[39m=[32m"ah-chip dog-chip dog-chip--selected"[39m
              [33mtype[39m=[32m"button"[39m
            [36m>[39m
              [36m<svg[39m
                [33maria-hidden[39m=[32m"true"[39m
                [33mclass[39m=[32m"ah-icon"[39m
              [36m>[39m
                [36m<use[39m
                  [33mhref[39m=[32m"http://localhost:3000/@fs/Users/jordib/dev/agilityhub/agilityhub-core-web/packages/ui/src/icons/sprite.svg#i-paw"[39m
                [36m/>[39m
              [36m</svg>[39m
              [0mRock · D[0m
            [36m</button>[39m
            [36m<button[39m
              [33maria-pressed[39m=[32m"false"[39m
              [33mclass[39m=[32m"ah-chip dog-chip"[39m
              [33mtype[39m=[32m"button"[39m
            [36m>[39m
              [0mToby · B (Joan Antoni)[0m
            [36m</button>[39m
          [36m</div>[39m
          [36m<div[39m
            [33maria-label[39m=[32m"Dia"[39m
            [33mclass[39m=[32m"training-chips"[39m
            [33mrole[39m=[32m"group"[39m
          [36m>[39m
            [36m<button[39m
              [33maria-pressed[39m=[32m"true"[39m
              [33mclass[39m=[32m"ah-chip training-chip training-chip--selected"[39m
              [33mtype[39m=[32m"button"[39m
            [36m>[39m
              [0mAvui dl 3[0m
            [36m</button>[39m
            [36m<button[39m
              [33maria-pressed[39m=[32m"false"[39m
              [33mclass[39m=[32m"ah-chip training-chip"[39m
              [33mtype[39m=[32m"button"[39m
            [36m>[39m
              [0mdt 4[0m
            [36m</button>[39m
            [36m<button[39m
              [33maria-pressed[39m=[32m"false"[39m
              [33mclass[39m=[32m"ah-chip training-chip"[39m
              [33mtype[39m=[32m"button"[39m
            [36m>[39m
              [0mdc 5[0m
            [36m</button>[39m
            [36m<button[39m
              [33maria-pressed[39m=[32m"false"[39m
              [33mclass[39m=[32m"ah-chip training-chip"[39m
              [33mtype[39m=[32m"button"[39m
            [36m>[39m
              [0mdj 6[0m
            [36m</button>[39m
          [36m</div>[39m
          [36m<div[39m
            [33maria-label[39m=[32m"Pista"[39m
            [33mclass[39m=[32m"training-chips"[39m
            [33mrole[39m=[32m"group"[39m
          [36m>[39m
            [36m<button[39m
              [33maria-pressed[39m=[32m"true"[39m
              [33mclass[39m=[32m"ah-chip training-chip training-chip--selected"[39m
              [33mtype[39m=[32m"button"[39m
            [36m>[39m
              [0mQualsevol[0m
            [36m</button>[39m
            [36m<button[39m
              [33maria-describedby[39m=[32m"training-setup-ring-muntanya"[39m
              [33maria-pressed[39m=[32m"false"[39m
              [33mclass[39m=[32m"ah-chip training-chip"[39m
              [33mtype[39m=[32m"button"[39m
            [36m>[39m
              [36m<span[39m
                [33maria-hidden[39m=[32m"true"[39m
                [33mclass[39m=[32m"training-ring-dot"[39m
                [33mstyle[39m=[32m"--ah-ring-color: #F2B58C;"[39m
              [36m/>[39m
              [0mMuntanya[0m
              [36m<svg[39m
                [33maria-hidden[39m=[32m"true"[39m
                [33mclass[39m=[32m"ah-icon training-chip__setup"[39m
              [36m>[39m
                [36m<use[39m
                  [33mhref[39m=[32m"http://localhost:3000/@fs/Users/jordib/dev/agilityhub/agilityhub-core-web/packages/ui/src/icons/sprite.svg#i-flag"[39m
                [36m/>[39m
              [36m</svg>[39m
            [36m</button>[39m
            [36m<button[39m
              [33maria-pressed[39m=[32m"false"[39m
              [33mclass[39m=[32m"ah-chip training-chip"[39m
              [33mtype[39m=[32m"button"[39m
            [36m>[39m
              [36m<span[39m
                [33maria-hidden[39m=[32m"true"[39m
                [33mclass[39m=[32m"training-ring-dot"[39m
                [33mstyle[39m=[32m"--ah-ring-color: #8FCE8F;"[39m
              [36m/>[39m
              [0mCentral[0m
            [36m</button>[39m
            [36m<button[39m
              [33maria-pressed[39m=[32m"false"[39m
              [33mclass[39m=[32m"ah-chip training-chip"[39m
              [33mtype[39m=[32m"button"[39m
            [36m>[39m
              [36m<span[39m
                [33maria-hidden[39m=[32m"true"[39m
                [33mclass[39m=[32m"training-ring-dot"[39m
                [33mstyle[39m=[32m"--ah-ring-color: #C9CDD3;"[39m
              [36m/>[39m
              [0mCarretera[0m
            [36m</button>[39m
            [36m<span[39m
              [33mhidden[39m=[32m""[39m
              [33mid[39m=[32m"training-setup-ring-muntanya"[39m
            [36m>[39m
              [0mMuntanya: recorregut muntat[0m
            [36m</span>[39m
          [36m</div>[39m
          [36m<p[39m
   ...
 ❯ waitForWrapper ../../node_modules/.pnpm/@testing-library+dom@10.4.1/node_modules/@testing-library/dom/dist/wait-for.js:163:27
 ❯ ../../node_modules/.pnpm/@testing-library+dom@10.4.1/node_modules/@testing-library/dom/dist/query-helpers.js:86:33
 ❯ expectNothingKept src/training/TrainingPage.test.tsx:400:23
    398|   trainingOffline();
    399|   await renderApp("/entrenaments");
    400|   expect(await screen.findByRole("alert")).toHaveTextContent(
       |                       ^
    401|     "No s'han pogut carregar els entrenaments.",
    402|   );
 ❯ src/training/TrainingPage.test.tsx:436:5

⎯⎯⎯⎯⎯⎯⎯⎯⎯⎯⎯⎯⎯⎯⎯⎯⎯⎯⎯⎯⎯⎯⎯⎯[2/2]⎯


 Test Files  1 failed (1)
      Tests  2 failed | 19 skipped (21)
   Start at  21:03:05
   Duration  22.13s (tests 93%, transform 3%, environment 2%, import 1%)

