
 RUN  v5.0.0 /Users/jordib/dev/agilityhub/agilityhub-core-web/apps/clubs

 ↓ src/SignupPage.test.tsx > T-04-29 signup person and draft > persists a current draft, expires it after 24 hours and maps identity states
 ↓ src/SignupPage.test.tsx > T-04-29 signup person and draft > keeps the draft and refetches localized configuration after a language change
 ↓ src/SignupPage.test.tsx > T-04-29 signup person and draft > masks and validates the browser-independent birth date control
 ↓ src/SignupPage.test.tsx > T-04-29 signup person and draft > M2 checks the ES postal code and a past birth date from 1900 before any request
 ↓ src/SignupPage.test.tsx > T-04-29 signup person and draft > focuses the first error after it renders and links each field to its message
 ↓ src/SignupPage.test.tsx > T-04-29 signup person and draft > keeps fields typed while the town lookup is in flight
 ↓ src/SignupPage.test.tsx > T-04-29 signup person and draft > GENERIC profile: the first document type of the profile and an editable prefix
 ↓ src/SignupPage.test.tsx > T-04-30 signup dog, uploads, plans and module gates > uploads sequentially named vaccination pages and renders API plans
 ↓ src/SignupPage.test.tsx > T-04-30 signup dog, uploads, plans and module gates > removes amounts without BILLING and the family offer and step without FAMILY_GROUP
 ↓ src/SignupPage.test.tsx > T-04-30 signup dog, uploads, plans and module gates > gates offerLabel by FAMILY_GROUP even when the configuration sends it
 ↓ src/SignupPage.test.tsx > T-04-30 signup dog, uploads, plans and module gates > validates and normalises the chip per country profile and the birth month
 ↓ src/SignupPage.test.tsx > T-04-30 signup dog, uploads, plans and module gates > keeps fields typed while an upload is in flight
 ↓ src/SignupPage.test.tsx > T-04-31 signup family lookup > continues empty, resolves the fixture family and supports a pending lookup
 ↓ src/SignupPage.test.tsx > T-04-31 signup family lookup > keeps the dog draft when returning from the family step
 ↓ src/SignupPage.test.tsx > T-04-31 signup family lookup > prefills the account holder with the group holder when the group is found (R-04-10)
 ↓ src/SignupPage.test.tsx > T-04-32 signup payment, checkout and add-dog mode > renders API totals and payment conditions and submits only after privacy consent
 ↓ src/SignupPage.test.tsx > T-04-32 signup payment, checkout and add-dog mode > shows each payment text only under its method (T-04-32, M7 web half)
 ↓ src/SignupPage.test.tsx > T-04-32 signup payment, checkout and add-dog mode > redirects through checkout when Stripe is enabled
 ↓ src/SignupPage.test.tsx > T-04-32 signup payment, checkout and add-dog mode > uses the member plan and payment method and posts the add-dog flow
 ↓ src/SignupPage.test.tsx > T-04-32 signup payment, checkout and add-dog mode > the add-dog success page does not promise a welcome email
 ↓ src/SignupPage.test.tsx > T-04-32 signup payment, checkout and add-dog mode > E4-W16 step 12a: the add-dog success page is titled «Afegeix un gos» and goes back to 13; the public one keeps «Apunta-t'hi»
 ↓ src/SignupPage.test.tsx > T-04-32 signup payment, checkout and add-dog mode > sends notesToInstructors from 17 and holderTaxId from 19 (§2, §3)
 ↓ src/SignupPage.test.tsx > T-04-32 signup payment, checkout and add-dog mode > drops the IBAN from the session draft when the method changes away from SEPA
 ↓ src/SignupPage.test.tsx > T-04-32 signup payment, checkout and add-dog mode > checks the IBAN mod-97 before sending
 ↓ src/SignupPage.test.tsx > T-04-32 signup payment, checkout and add-dog mode > omits planId and planIdRequested when the club has no signup plans (R-04-09)
 ↓ src/SignupPage.test.tsx > T-04-32 signup payment, checkout and add-dog mode > hides the honeypot from assistive technology and the tab order
 ↓ src/SignupPage.test.tsx > T-04-32 signup payment, checkout and add-dog mode > reads the image-consent text from texts.imageConsent, then legal.imageConsentText
 ↓ src/SignupPage.test.tsx > B1 identity document at submission (R-04-01) > submits a DNI applicant with the identity-check document
 ↓ src/SignupPage.test.tsx > B1 identity document at submission (R-04-01) > submits a NIE applicant with the identity-check document
 ↓ src/SignupPage.test.tsx > B1 identity document at submission (R-04-01) > submits a passport only applicant with the identity-check document
 ↓ src/SignupPage.test.tsx > M1 stable retries (CONVENCIONS_API §7, R-04-26/27) > retries a lost 201 with the same Idempotency-Key and gets the same 201
 ↓ src/SignupPage.test.tsx > M1 stable retries (CONVENCIONS_API §7, R-04-26/27) > changing a payload field after a failure uses a new key
 ↓ src/SignupPage.test.tsx > M1 stable retries (CONVENCIONS_API §7, R-04-26/27) > add-dog: a lost 201 is replayed, never DOG_CHIP_ALREADY_REGISTERED for the member's own dog
 ↓ src/SignupPage.test.tsx > M1 stable retries (CONVENCIONS_API §7, R-04-26/27) > a cancelled checkout returns to 19 with the data and retries only the checkout
 ✓ src/SignupPage.test.tsx > M2 api errors land on their field and step (§2, CATALEG_ERRORS) > INVALID_ID_DOCUMENT (400) → /apuntat-hi 142ms
 ✓ src/SignupPage.test.tsx > M2 api errors land on their field and step (§2, CATALEG_ERRORS) > ID_DOCUMENT_AMBIGUOUS (422) → /apuntat-hi 48ms
 ✓ src/SignupPage.test.tsx > M2 api errors land on their field and step (§2, CATALEG_ERRORS) > INVALID_PHONE (400) → /apuntat-hi 44ms
 ✓ src/SignupPage.test.tsx > M2 api errors land on their field and step (§2, CATALEG_ERRORS) > INVALID_IBAN (400) → the payment step 40ms
 ✓ src/SignupPage.test.tsx > M2 api errors land on their field and step (§2, CATALEG_ERRORS) > PLAN_NOT_AVAILABLE (422) → /apuntat-hi/gos 47ms
 ✓ src/SignupPage.test.tsx > M2 api errors land on their field and step (§2, CATALEG_ERRORS) > DOG_DOCUMENT_REQUIRED (422) → /apuntat-hi/gos 41ms
 ✓ src/SignupPage.test.tsx > M2 api errors land on their field and step (§2, CATALEG_ERRORS) > FILE_NOT_FOUND (400) → /apuntat-hi/gos 37ms
 ✓ src/SignupPage.test.tsx > M2 api errors land on their field and step (§2, CATALEG_ERRORS) > DOG_CHIP_ALREADY_REGISTERED (422) → /apuntat-hi/gos 36ms
 ✓ src/SignupPage.test.tsx > M2 api errors land on their field and step (§2, CATALEG_ERRORS) > FAMILY_HOLDER_NOT_FOUND (422) → /apuntat-hi/familia 35ms
 ✓ src/SignupPage.test.tsx > M2 api errors land on their field and step (§2, CATALEG_ERRORS) > CONSENT_VERSION_OUTDATED (422) → the payment step 41ms
 ✓ src/SignupPage.test.tsx > M2 api errors land on their field and step (§2, CATALEG_ERRORS) > MEMBER_ALREADY_EXISTS (409) → /apuntat-hi 33ms
 ✓ src/SignupPage.test.tsx > M2 api errors land on their field and step (§2, CATALEG_ERRORS) > SIGNUP_ALREADY_PENDING (422) → /apuntat-hi 33ms
 ✓ src/SignupPage.test.tsx > M2 api errors land on their field and step (§2, CATALEG_ERRORS) > SIGNUP_CLOSED (422) → the payment step 26ms
 ✓ src/SignupPage.test.tsx > M2 api errors land on their field and step (§2, CATALEG_ERRORS) > RATE_LIMITED (429) → the payment step 32ms
 ✓ src/SignupPage.test.tsx > M2 api errors land on their field and step (§2, CATALEG_ERRORS) > PAYMENT_METHOD_NOT_AVAILABLE (422) → the payment step 31ms
 ✓ src/SignupPage.test.tsx > M2 api errors land on their field and step (§2, CATALEG_ERRORS) > IDEMPOTENCY_KEY_REUSED (409, IN_PROGRESS) → the payment step 28ms
 ✓ src/SignupPage.test.tsx > M2 api errors land on their field and step (§2, CATALEG_ERRORS) > IDEMPOTENCY_KEY_REUSED (409, DIFFERENT_REQUEST) → the payment step 29ms
 ✓ src/SignupPage.test.tsx > M2 api errors land on their field and step (§2, CATALEG_ERRORS) > SOMETHING_NEW (422) → the payment step 27ms
 ✓ src/SignupPage.test.tsx > M2 api errors land on their field and step (§2, CATALEG_ERRORS) > VALIDATION_ERROR (400) → /apuntat-hi 35ms
 ✓ src/SignupPage.test.tsx > M2 api errors land on their field and step (§2, CATALEG_ERRORS) > VALIDATION_ERROR (400) → /apuntat-hi/gos 31ms
 ↓ src/SignupPage.test.tsx > M19 the consent version sent is the accepted one (R-04-17) > clears an acceptance of other legal texts and sends the version accepted again
 ↓ src/SignupPage.test.tsx > M19 the consent version sent is the accepted one (R-04-17) > a saved acceptance of an older version is not carried into the new texts
 ↓ src/SignupPage.test.tsx > E3-W06 round 2 > #1 an INVALID_IBAN from 19 stays on 19, on the IBAN field (production navigator)
 ↓ src/SignupPage.test.tsx > E3-W06 round 2 > #1 an INVALID_ID_DOCUMENT routed to 16 survives the full page load and focuses the document
 ↓ src/SignupPage.test.tsx > E3-W06 round 2 > #2 after a cancelled checkout 19 is read-only and the retry charges the committed signup
 ↓ src/SignupPage.test.tsx > E3-W06 round 2 > #3 the fingerprint is a SHA-256 digest and the IBAN leaves the draft after a failed submission
 ↓ src/SignupPage.test.tsx > E3-W06 round 2 > #3 a config reload that drops SEPA removes the IBAN from the draft
 ↓ src/SignupPage.test.tsx > E3-W06 round 2 > #4 a cleared FOUND claim gives the account holder back to the applicant (R-04-10)
 ↓ src/SignupPage.test.tsx > E3-W06 round 2 > #4 a holder typed by the applicant is kept when the claim changes
 ↓ src/SignupPage.test.tsx > E3-W06 round 2 > #5 the birth date is checked against the club's today, not the browser's
 ↓ src/SignupPage.test.tsx > E3-W06 round 2 > #5 the dog's birth month is checked against the club's month, not the browser's
 ↓ src/SignupPage.test.tsx > E3-W08 step 1: the «Pagament inicial» card is the selected plan's quote (R-04-14/15, T-04-32) > 05-08-2026 (before the split day): a full month today, half a month from the 16th
 ↓ src/SignupPage.test.tsx > E3-W08 step 1: the «Pagament inicial» card is the selected plan's quote (R-04-14/15, T-04-32) > 17-08-2026: half a month today, the 1st of September in full, a 130 € total; the total is never sent
 ↓ src/SignupPage.test.tsx > E3-W08 step 1: the «Pagament inicial» card is the selected plan's quote (R-04-14/15, T-04-32) > 31-12-2026: the alternative starts on the 1st of January (full month)
 ↓ src/SignupPage.test.tsx > E3-W08 step 1: the «Pagament inicial» card is the selected plan's quote (R-04-14/15, T-04-32) > Pack 6: the pack line and no start options; Teràpia: its 50 € entry fee only
 ↓ src/SignupPage.test.tsx > E3-W08 step 1: the «Pagament inicial» card is the selected plan's quote (R-04-14/15, T-04-32) > a zero line of the quote is hidden (no «Entrada 0,00 €»)
 ↓ src/SignupPage.test.tsx > E3-W08 step 1: the «Pagament inicial» card is the selected plan's quote (R-04-14/15, T-04-32) > add-dog: on day 26 only TODAY (after billing.upfrontCutoffDay); on day 17 the 1st of next month pays the entry fee only
 ↓ src/SignupPage.test.tsx > E3-W08 round 2: the card after the signup exists, and the line concepts > #3 submitted on 15-08 with a full month, retried on 16-08: the card keeps the frozen full month and its total
 ↓ src/SignupPage.test.tsx > E3-W08 round 2: the card after the signup exists, and the line concepts > #3 the core's result shape (`additionalDog: null`, paid amounts) still renders the frozen card
 ↓ src/SignupPage.test.tsx > E3-W08 round 2: the card after the signup exists, and the line concepts > #3 a committed add-dog shows the api's frozen additional-dog choice
 ↓ src/SignupPage.test.tsx > E3-W08 round 2: the card after the signup exists, and the line concepts > #4 every concept of a quote line has its label; the start concepts are left to the start options
 ↓ src/SignupPage.test.tsx > E3-W08 step 2: signed uploads forward the upload-URL headers (R-04-08, M16) > public signup: the PUT carries every header the storage signed
 ↓ src/SignupPage.test.tsx > E3-W08 step 2: signed uploads forward the upload-URL headers (R-04-08, M16) > add-dog: the PUT carries every header the storage signed
 ↓ src/SignupPage.test.tsx > E3-W08 step 4: the signup flags (R-04-08, R-04-12) > T-04-31 allowFamilyGroupPending=false: a NOT_FOUND claim offers no «Deixa-ho pendent»
 ↓ src/SignupPage.test.tsx > E3-W08 step 4: the signup flags (R-04-08, R-04-12) > T-04-31 allowFamilyGroupPending=true: the same claim can be left pending
 ↓ src/SignupPage.test.tsx > E3-W08 step 4: the signup flags (R-04-08, R-04-12) > T-04-30 requireDogDocumentAtSignup=true: 17 requires the vaccination card with an actionable error
 ↓ src/SignupPage.test.tsx > E3-W08 step 4: the signup flags (R-04-08, R-04-12) > T-04-30 requireDogDocumentAtSignup=false: 17 continues without a file and shows the optional note
 ↓ src/SignupPage.test.tsx > E3-W08 step 5: screens 16 and 17 and the public shell > 17: each plan card shows its name, its conditions and its price, never the long description; no zero entry line
 ↓ src/SignupPage.test.tsx > E3-W08 step 5: screens 16 and 17 and the public shell > E4-W12 step 3 (R-04-09, S05 R-05-19): the Cànic's Teràpia shows its priceLabel in the price slot and its conditions in the body
 ↓ src/SignupPage.test.tsx > E3-W08 step 5: screens 16 and 17 and the public shell > E4-W12 step 3: the priceLabel comes in the reader's language and a plan without price or label leaves the slot empty
 ↓ src/SignupPage.test.tsx > E3-W08 step 5: screens 16 and 17 and the public shell > E4-W12 step 4 (T-04-32): the add-dog keeps the member's plan: one read-only line with its name and price, no cards and no selection
 ↓ src/SignupPage.test.tsx > E3-W08 step 5: screens 16 and 17 and the public shell > E4-W12 step 4, E4-W15 step 1 (R-04-09, api E5-T22): the plan the public offer hides comes listed and marked current: 17 names it read-only and requests it
 ↓ src/SignupPage.test.tsx > E3-W08 step 5: screens 16 and 17 and the public shell > round 2 #6: a maintenance plan without an entry fee shows its minimum fee and no «Entrada a compte: 0,00 €»
 ↓ src/SignupPage.test.tsx > E3-W08 step 5: screens 16 and 17 and the public shell > 16 (R-04-02, T-04-03): «Població» is free with no town, fixed with one and a selector with several
 ↓ src/SignupPage.test.tsx > E3-W08 step 5: screens 16 and 17 and the public shell > 16: the «Ja ets soci…» card carries its ⓘ icon; the language selector its globe
 ↓ src/SignupPage.test.tsx > E3-W08 step 5: screens 16 and 17 and the public shell > the public footer reads «{legalName} · {taxId} · {city}» from /branding
 ↓ src/SignupPage.test.tsx > E3-W08 step 5: screens 16 and 17 and the public shell > T-02-07 E3-W12 step 5 (S02 R-02-02, Jordi 25-09): the registered office from /branding legalAddress, below the first line
 ↓ src/SignupPage.test.tsx > E3-W08 step 5: screens 16 and 17 and the public shell > A32: the club's primary buttons have dark text, AA against the primary, and BrandingProvider does not warn
 ↓ src/SignupPage.test.tsx > E3-W08 step 7: the three narrow cases of the E3-W06 round-2 review > #1 a slow full page load: the departing page never renders nor consumes the destination's error
 ↓ src/SignupPage.test.tsx > E3-W08 step 7: the three narrow cases of the E3-W06 round-2 review > #2 a cancelled checkout is consumed once: cancel → retry → lost answer → reload → retry with the same key
 ↓ src/SignupPage.test.tsx > E3-W08 step 7: the three narrow cases of the E3-W06 round-2 review > round 2 #2: a page restored from the back-forward cache shows its step again, with the draft the next page left
 ↓ src/SignupPage.test.tsx > E3-W08 step 7: the three narrow cases of the E3-W06 round-2 review > round 2 #2: a pageshow that is not a bfcache restore changes nothing
 ↓ src/SignupPage.test.tsx > E3-W08 step 7: the three narrow cases of the E3-W06 round-2 review > #3 a passport-only applicant's INVALID_ID_DOCUMENT lands on the passport field
 ↓ src/SignupPage.test.tsx > T-04-32 E4-W15 screen 17: the member's plan in add-dog mode, the therapy intro and the single-class price (R-04-09, R-05-19, api E5-T22) > step 1: the add-dog line follows the plan GET /signup marks current, not a plan id of its own
 ↓ src/SignupPage.test.tsx > T-04-32 E4-W15 screen 17: the member's plan in add-dog mode, the therapy intro and the single-class price (R-04-09, R-05-19, api E5-T22) > step 2 (review #5): a member without a plan chooses one: the offered cards, [CONTINUA] disabled until then, and planIdRequested
 ↓ src/SignupPage.test.tsx > T-04-32 E4-W15 screen 17: the member's plan in add-dog mode, the therapy intro and the single-class price (R-04-09, R-05-19, api E5-T22) > step 4 (review #2): the therapy intro is hidden above the member's read-only plan, and stays on the public form
 ↓ src/SignupPage.test.tsx > T-04-32 E4-W15 screen 17: the member's plan in add-dog mode, the therapy intro and the single-class price (R-04-09, R-05-19, api E5-T22) > step 6 (review #4, R-05-19): a SINGLE_CLASS plan reads «{price}/classe» on its card and on the add-dog line

 Test Files  1 passed (1)
      Tests  20 passed | 81 skipped (101)
   Start at  06:15:56
   Duration  2.00s (tests 43%, transform 26%, environment 17%, import 10%, setup 4%)

exit 0
