
> agilityhub-core-web@0.0.0 e2e:core /Users/jordib/dev/agilityhub/agilityhub-core-web
> bash scripts/e2e-core.sh E4-W16 e4w16-core.spec.ts

core image: ghcr.io/jboixtcm/agilityhub-core-api:main arm64 revision=278efec2f2c2191bcaa85926aab14a3d763cc83d created=2026-09-28T08:07:35.58679314Z
core image seeds (/app/seeds): club-canic.yaml club-fifo.yaml club-minim.yaml club-perf.yaml demo-canic.yaml demo-fifo.yaml demo-perf.yaml pages 
E4_WEEK_START=2026-09-28 (club-local Monday, Europe/Madrid)
E5_WEEK_START=2026-10-05 (the club-local Monday after today, Europe/Madrid)
 Network agilityhub-e4-w16_default Creating 
 Network agilityhub-e4-w16_default Creating 
 Volume agilityhub-e4-w16_mongo-data Creating 
 Volume agilityhub-e4-w16_mongo-data Creating 
 Volume agilityhub-e4-w16_export-files Creating 
 Volume agilityhub-e4-w16_export-files Creating 
 Volume agilityhub-e4-w16_mailbox Creating 
 Volume agilityhub-e4-w16_mailbox Creating 
 Volume agilityhub-e4-w16_mongo-data Created 
 Volume agilityhub-e4-w16_mongo-data Created 
 Volume agilityhub-e4-w16_export-files Created 
 Volume agilityhub-e4-w16_export-files Created 
 Volume agilityhub-e4-w16_mailbox Created 
 Volume agilityhub-e4-w16_mailbox Created 
 Network agilityhub-e4-w16_default Created 
 Network agilityhub-e4-w16_default Created 
 Container agilityhub-e4-w16-mongo-1 Creating 
 Container agilityhub-e4-w16-mongo-1 Created 
 Container agilityhub-e4-w16-seed-1 Creating 
 Container agilityhub-e4-w16-seed-1 Created 
 Container agilityhub-e4-w16-activate-demo-club-1 Creating 
 Container agilityhub-e4-w16-activate-demo-club-1 Created 
 Container agilityhub-e4-w16-core-1 Creating 
 Container agilityhub-e4-w16-core-1 Created 
 Container agilityhub-e4-w16-mongo-1 Starting 
 Container agilityhub-e4-w16-mongo-1 Started 
 Container agilityhub-e4-w16-mongo-1 Waiting 
 Container agilityhub-e4-w16-mongo-1 Healthy 
 Container agilityhub-e4-w16-seed-1 Starting 
 Container agilityhub-e4-w16-seed-1 Started 
 Container agilityhub-e4-w16-seed-1 Waiting 
 Container agilityhub-e4-w16-seed-1 Exited 
 Container agilityhub-e4-w16-activate-demo-club-1 Starting 
 Container agilityhub-e4-w16-activate-demo-club-1 Started 
 Container agilityhub-e4-w16-mongo-1 Waiting 
 Container agilityhub-e4-w16-activate-demo-club-1 Waiting 
 Container agilityhub-e4-w16-activate-demo-club-1 Exited 
 Container agilityhub-e4-w16-mongo-1 Healthy 
 Container agilityhub-e4-w16-core-1 Starting 
 Container agilityhub-e4-w16-core-1 Started 
 Container agilityhub-e4-w16-core-1 Waiting 
 Container agilityhub-e4-w16-mongo-1 Waiting 
 Container agilityhub-e4-w16-seed-1 Waiting 
 Container agilityhub-e4-w16-activate-demo-club-1 Waiting 
 Container agilityhub-e4-w16-seed-1 Exited 
 Container agilityhub-e4-w16-activate-demo-club-1 Exited 
 Container agilityhub-e4-w16-mongo-1 Healthy 
 Container agilityhub-e4-w16-core-1 Healthy 
seed log: /Users/jordib/dev/agilityhub/agilityhub-core-web/roadmap/evidence/E4-W16/seed-files.log (106 lines)
 Container agilityhub-e4-w16-core-1 Running 
 Container agilityhub-e4-w16-mongo-1 Running 
 Container agilityhub-e4-w16-mongo-1 Waiting 
 Container agilityhub-e4-w16-mongo-1 Healthy 
 Container agilityhub-e4-w16-seed-1 Starting 
 Container agilityhub-e4-w16-seed-1 Started 
 Container agilityhub-e4-w16-seed-1 Waiting 
 Container agilityhub-e4-w16-seed-1 Exited 
 Container agilityhub-e4-w16-activate-demo-club-1 Starting 
 Container agilityhub-e4-w16-activate-demo-club-1 Started 
 Container agilityhub-e4-w16-activate-demo-club-1 Waiting 
 Container agilityhub-e4-w16-mongo-1 Waiting 
 Container agilityhub-e4-w16-activate-demo-club-1 Exited 
 Container agilityhub-e4-w16-mongo-1 Healthy 
 Container agilityhub-e4-w16-core-1 Waiting 
 Container agilityhub-e4-w16-core-1 Healthy 
 Container agilityhub-e4-w16-playwright-run-795d3bad6984 Creating 
 Container agilityhub-e4-w16-playwright-run-795d3bad6984 Created 
! Corepack is about to download https://registry.npmjs.org/pnpm/-/pnpm-9.15.9.tgz
 WARN  Unsupported engine: wanted: {"node":">=22 <23"} (current: {"node":"v24.20.0","pnpm":"9.15.9"})
(node:20) [DEP0169] DeprecationWarning: `url.parse()` behavior is not standardized and prone to errors that have security implications. Use the WHATWG URL API instead. CVEs are not issued for `url.parse()` vulnerabilities.
(Use `node --trace-deprecation ...` to show where the warning was created)
Scope: all 11 workspace projects
Lockfile is up to date, resolution step is skipped
Progress: resolved 1, reused 0, downloaded 0, added 0
Packages: +851
++++++++++++++++++++++++++++++++++++++++++++++++++++++++++++++++++++++++++++++++
Progress: resolved 851, reused 0, downloaded 103, added 103
Progress: resolved 851, reused 0, downloaded 208, added 208
Progress: resolved 851, reused 0, downloaded 325, added 325
Progress: resolved 851, reused 0, downloaded 451, added 451
Progress: resolved 851, reused 0, downloaded 534, added 534
Progress: resolved 851, reused 0, downloaded 547, added 547
Progress: resolved 851, reused 0, downloaded 575, added 575
Progress: resolved 851, reused 0, downloaded 601, added 601
Progress: resolved 851, reused 0, downloaded 655, added 655
Progress: resolved 851, reused 0, downloaded 733, added 731
Progress: resolved 851, reused 0, downloaded 782, added 782
Progress: resolved 851, reused 0, downloaded 844, added 844
Progress: resolved 851, reused 0, downloaded 847, added 847
Progress: resolved 851, reused 0, downloaded 848, added 847
Progress: resolved 851, reused 0, downloaded 850, added 850
Progress: resolved 851, reused 0, downloaded 851, added 850
Progress: resolved 851, reused 0, downloaded 851, added 851, done
.../node_modules/msw postinstall$ node -e "import('./config/scripts/postinstall.js').catch(() => void 0)"
.../node_modules/unrs-resolver postinstall$ node postinstall.js
.../esbuild@0.25.12/node_modules/esbuild postinstall$ node install.js
.../node_modules/msw postinstall: Done
.../node_modules/unrs-resolver postinstall: Done
.../esbuild@0.25.12/node_modules/esbuild postinstall: Done

devDependencies:
+ @commitlint/cli 21.2.2
+ @commitlint/config-conventional 21.2.2
+ @eslint/css 2.0.0
+ @eslint/js 9.39.5
+ @playwright/test 1.63.0
+ @size-limit/file 13.0.3
+ @types/node 24.13.3
+ eslint 9.39.5
+ eslint-import-resolver-typescript 4.4.5
+ eslint-plugin-import 2.32.0
+ eslint-plugin-jsx-a11y 6.10.2
+ eslint-plugin-react 7.37.5
+ eslint-plugin-react-hooks 7.1.1
+ globals 17.12.0
+ husky 9.1.7
+ i18next-parser 9.4.0
+ lint-staged 17.5.0
+ msw 2.15.0
+ prettier 3.9.6
+ size-limit 13.0.3
+ turbo 2.10.12
+ typescript 5.9.3
+ typescript-eslint 8.69.0

. prepare$ node packages/config/scripts/prepare-husky.mjs
. prepare: .git can't be found
. prepare: Done
Done in 18.2s using pnpm v9.15.9

[WebServer] (node:134) [DEP0169] DeprecationWarning: `url.parse()` behavior is not standardized and prone to errors that have security implications. Use the WHATWG URL API instead. CVEs are not issued for `url.parse()` vulnerabilities.
[WebServer] (Use `node --trace-deprecation ...` to show where the warning was created)

[WebServer] (node:214) [DEP0169] DeprecationWarning: `url.parse()` behavior is not standardized and prone to errors that have security implications. Use the WHATWG URL API instead. CVEs are not issued for `url.parse()` vulnerabilities.
[WebServer] (Use `node --trace-deprecation ...` to show where the warning was created)

[WebServer] (node:312) [DEP0169] DeprecationWarning: `url.parse()` behavior is not standardized and prone to errors that have security implications. Use the WHATWG URL API instead. CVEs are not issued for `url.parse()` vulnerabilities.
[WebServer] (Use `node --trace-deprecation ...` to show where the warning was created)

Running 5 tests using 1 worker

[1/5] e2e/core/e4w16-core.spec.ts:168:5 › T-03-40 E4-W16 step 11 · screen 13 lists the seed's task rows, the done ones struck through
  1) e2e/core/e4w16-core.spec.ts:168:5 › T-03-40 E4-W16 step 11 · screen 13 lists the seed's task rows, the done ones struck through 

    Error: the seed's tasks on 13 (E3-W09 capture)

    expect(received).toBeGreaterThan(expected)

    Expected: > 0
    Received:   0

      220 |     })),
      221 |   });
    > 222 |   expect.soft(taskCount, "the seed's tasks on 13 (E3-W09 capture)").toBeGreaterThan(0);
          |                                                                     ^
      223 |   await screenshot(member, "13-tasques-core-375.png");
      224 |   await context.close();
      225 | });
        at /work/e2e/core/e4w16-core.spec.ts:222:69

    attachment #1: oauth-token-calls (text/plain) ──────────────────────────────────────────────────
    2026-09-28T10:16:57.983Z grant_type=refresh_token status=400 cookie=none test="T-03-40 E4-W16 step 11 · screen 13 lists the seed's task rows, the done ones struck through" body={"code":"REFRESH_EXPIRED"}
    2026-09-28T10:16:58.097Z grant_type=password status=200 cookie=none test="T-03-40 E4-W16 step 11...
    ────────────────────────────────────────────────────────────────────────────────────────────────

    Error Context: test-results/core-e1/e4w16-core-T-03-40-E4-W16--3e66d-he-done-ones-struck-through/error-context.md

    Error Context: test-results/core-e1/e4w16-core-T-03-40-E4-W16--3e66d-he-done-ones-struck-through/error-context.md

    attachment #4: trace (application/zip) ─────────────────────────────────────────────────────────
    test-results/core-e1/e4w16-core-T-03-40-E4-W16--3e66d-he-done-ones-struck-through/trace.zip
    Usage:

        pnpm exec playwright show-trace test-results/core-e1/e4w16-core-T-03-40-E4-W16--3e66d-he-done-ones-struck-through/trace.zip

    ────────────────────────────────────────────────────────────────────────────────────────────────


[2/5] e2e/core/e4w16-core.spec.ts:227:5 › T-01-19 E4-W16 step 10 · a RESET link sets the new password once without `current`
[3/5] e2e/core/e4w16-core.spec.ts:301:5 › T-01-11 E4-W16 step 1 · «Entra com l'abonat» opens the club app through the one-time code, once
[4/5] e2e/core/e4w16-core.spec.ts:405:5 › T-14-26 E4-W16 step 5 · a READY export downloads from the drawer through GET /exports/{id} and the bearer
[5/5] e2e/core/e4w16-core.spec.ts:464:5 › T-03-34 (front) E4-W16 step 7 · D10 keeps the block, «Inactivitat», «Baixa» and the audit whatever BILLING says
  1 failed
    e2e/core/e4w16-core.spec.ts:168:5 › T-03-40 E4-W16 step 11 · screen 13 lists the seed's task rows, the done ones struck through 
  4 did not run

 ELIFECYCLE  Command failed with exit code 1.
