
> id@0.0.0 build /Users/jordib/dev/agilityhub/agilityhub-core-web/apps/id
> tsc --noEmit && vite build

vite v8.2.2 building client environment for production...
transforming...
✓ 208 modules transformed.
rendering chunks...
computing gzip size...
dist/index.html                                           0.39 kB │ gzip:   0.26 kB
dist/assets/sprite-BOr1Ydze.svg                           5.78 kB │ gzip:   1.52 kB
dist/assets/montserrat-latin-600-normal-UVxSCcoG.woff2   18.68 kB
dist/assets/montserrat-latin-500-normal-DRFEGfly.woff2   18.74 kB
dist/assets/montserrat-latin-400-normal-BLhwKU8k.woff2   18.78 kB
dist/assets/montserrat-latin-700-normal-BdjcYUrC.woff2   18.82 kB
dist/assets/montserrat-latin-600-normal-CdhFl4lI.woff    20.54 kB
dist/assets/montserrat-latin-500-normal-Dok2oTci.woff    20.60 kB
dist/assets/montserrat-latin-400-normal-xItZbAXg.woff    20.64 kB
dist/assets/montserrat-latin-700-normal-BWkrl476.woff    20.67 kB
dist/assets/index-ueHbZISc.css                           45.43 kB │ gzip:   8.59 kB
dist/assets/admin-training-CUhpZeIX.js                    1.29 kB │ gzip:   0.60 kB
dist/assets/admin-training-DW_92FHy.js                    1.35 kB │ gzip:   0.66 kB
dist/assets/admin-training-BANDClBZ.js                    1.37 kB │ gzip:   0.67 kB
dist/assets/shell-Dd7nh4gD.js                             1.39 kB │ gzip:   0.74 kB
dist/assets/shell-BJhQo5-E.js                             1.45 kB │ gzip:   0.82 kB
dist/assets/shell-Uz78AtQ0.js                             1.48 kB │ gzip:   0.82 kB
dist/assets/training-CYuCURIa.js                          1.57 kB │ gzip:   0.80 kB
dist/assets/home-CLVBc5a3.js                              1.59 kB │ gzip:   0.79 kB
dist/assets/training-DhvOYmdN.js                          1.62 kB │ gzip:   0.85 kB
dist/assets/training-B5riWOVN.js                          1.63 kB │ gzip:   0.86 kB
dist/assets/home-DIaHUeYG.js                              1.65 kB │ gzip:   0.84 kB
dist/assets/home-vQT0WHAi.js                              1.67 kB │ gzip:   0.84 kB
dist/assets/activities-_j5UPNJ2.js                        1.79 kB │ gzip:   0.83 kB
dist/assets/activities-D_fvQi10.js                        1.86 kB │ gzip:   0.91 kB
dist/assets/activities-BKuUowmB.js                        1.88 kB │ gzip:   0.91 kB
dist/assets/admin-dashboard-VZhOZ68T.js                   2.07 kB │ gzip:   1.02 kB
dist/assets/admin-dashboard-MI69Hia9.js                   2.13 kB │ gzip:   1.10 kB
dist/assets/admin-dashboard-DNVY2TkD.js                   2.18 kB │ gzip:   1.11 kB
dist/assets/common-S3JQhPGl.js                            2.21 kB │ gzip:   1.04 kB
dist/assets/common-BXgBvQX8.js                            2.28 kB │ gzip:   1.11 kB
dist/assets/common-BwQsw9qO.js                            2.33 kB │ gzip:   1.14 kB
dist/assets/id-cJQwgM2i.js                                2.89 kB │ gzip:   1.28 kB
dist/assets/admin-audit-B0Z1oVf2.js                       2.95 kB │ gzip:   1.39 kB
dist/assets/id-Dio3OKNo.js                                3.04 kB │ gzip:   1.41 kB
dist/assets/id-Rnv2hXs4.js                                3.10 kB │ gzip:   1.42 kB
dist/assets/admin-audit-BS32JsSa.js                       3.20 kB │ gzip:   1.54 kB
dist/assets/admin-audit-CkyykZV1.js                       3.28 kB │ gzip:   1.56 kB
dist/assets/enums-B52_QRBr.js                             3.75 kB │ gzip:   1.56 kB
dist/assets/enums-BJHw_rx9.js                             3.87 kB │ gzip:   1.64 kB
dist/assets/enums-BysruQAV.js                             3.88 kB │ gzip:   1.64 kB
dist/assets/auth-WgUpLopB.js                              4.42 kB │ gzip:   1.91 kB
dist/assets/booking-Bzzfkcsu.js                           4.79 kB │ gzip:   1.82 kB
dist/assets/auth-BekBu7TO.js                              5.00 kB │ gzip:   2.14 kB
dist/assets/auth-CHQgmq7M.js                              5.05 kB │ gzip:   2.14 kB
dist/assets/booking-DFimaro9.js                           5.11 kB │ gzip:   2.00 kB
dist/assets/booking-CG4lcbly.js                           5.14 kB │ gzip:   2.01 kB
dist/assets/instructor-azeLYM8v.js                        5.16 kB │ gzip:   2.07 kB
dist/assets/instructor-Cclzlvfu.js                        5.33 kB │ gzip:   2.22 kB
dist/assets/instructor-Dnjc2mKz.js                        5.39 kB │ gzip:   2.23 kB
dist/assets/admin-catalogs-p29fM8xq.js                    5.41 kB │ gzip:   2.01 kB
dist/assets/signup-BkgU37Eh.js                            5.63 kB │ gzip:   2.54 kB
dist/assets/admin-catalogs-dZtpqy8S.js                    5.67 kB │ gzip:   2.23 kB
dist/assets/admin-catalogs-D4wG5vIy.js                    5.87 kB │ gzip:   2.26 kB
dist/assets/signup-Bi4UbtBk.js                            5.88 kB │ gzip:   2.80 kB
dist/assets/signup-DQ9RZKro.js                            5.97 kB │ gzip:   2.82 kB
dist/assets/admin-activities-Cmq1QEmn.js                  6.01 kB │ gzip:   2.42 kB
dist/assets/admin-activities-p-Yew4Zm.js                  6.17 kB │ gzip:   2.62 kB
dist/assets/census-CM54ld1F.js                            6.21 kB │ gzip:   2.45 kB
dist/assets/admin-activities-7OuSwNid.js                  6.38 kB │ gzip:   2.68 kB
dist/assets/census-DUTIe6PN.js                            6.54 kB │ gzip:   2.69 kB
dist/assets/census-B4a9k8Jr.js                            6.73 kB │ gzip:   2.73 kB
dist/assets/admin-scheduling-nhXWwjRG.js                  8.23 kB │ gzip:   3.04 kB
dist/assets/admin-scheduling-DeLeUPtJ.js                  8.64 kB │ gzip:   3.30 kB
dist/assets/admin-scheduling-BhSriSnV.js                  8.64 kB │ gzip:   3.31 kB
dist/assets/admin-census-BvOmzvvC.js                     10.88 kB │ gzip:   4.30 kB
dist/assets/admin-census-Bgj4i9-Z.js                     11.49 kB │ gzip:   4.60 kB
dist/assets/admin-census-5co9ouCz.js                     11.84 kB │ gzip:   4.69 kB
dist/assets/admin-settings-B1ONV6DO.js                   21.68 kB │ gzip:   7.68 kB
dist/assets/errors-DLyAknxo.js                           21.99 kB │ gzip:   7.18 kB
dist/assets/admin-settings-Ch6Tk865.js                   23.18 kB │ gzip:   8.29 kB
dist/assets/errors-Bvp7svDM.js                           23.31 kB │ gzip:   7.57 kB
dist/assets/errors-QdWmQXin.js                           23.32 kB │ gzip:   7.54 kB
dist/assets/admin-settings-s46_PTCU.js                   23.62 kB │ gzip:   8.30 kB
dist/assets/index-BURIDFBb.js                           328.99 kB │ gzip: 101.25 kB

✓ built in 264ms
