# stage start 2026-09-28T10:40:56.980Z · e1-core.spec.ts e2-core.spec.ts
2026-09-28T10:40:57.747Z grant_type=refresh_token status=400 cookie=none test="T-01-18 password login reaches the seeded account" body={"code":"REFRESH_EXPIRED"}
2026-09-28T10:40:57.958Z grant_type=password status=200 cookie=none test="T-01-18 password login reaches the seeded account"
2026-09-28T10:40:58.160Z grant_type=refresh_token status=200 cookie=sent test="T-01-18 password login reaches the seeded account"
2026-09-28T10:40:58.546Z grant_type=refresh_token status=400 cookie=none test="T-01-21 seeded administrator opens the real backoffice" body={"code":"REFRESH_EXPIRED"}
2026-09-28T10:40:58.721Z grant_type=password status=200 cookie=none test="T-01-21 seeded administrator opens the real backoffice"
2026-09-28T10:40:58.910Z grant_type=refresh_token status=200 cookie=sent test="T-01-21 seeded administrator opens the real backoffice"
2026-09-28T10:40:59.345Z grant_type=refresh_token status=400 cookie=none test="T-01-20 club session is restored by the core" body={"code":"REFRESH_EXPIRED"}
2026-09-28T10:40:59.465Z grant_type=password status=200 cookie=none test="T-01-20 club session is restored by the core"
2026-09-28T10:40:59.652Z grant_type=refresh_token status=200 cookie=sent test="T-01-20 club session is restored by the core"
2026-09-28T10:40:59.826Z grant_type=refresh_token status=200 cookie=sent test="T-01-20 club session is restored by the core"
2026-09-28T10:41:00.175Z grant_type=refresh_token status=400 cookie=none test="T-01-20 club session is restored by the core" body={"code":"REFRESH_EXPIRED"}
2026-09-28T10:41:00.267Z grant_type=password status=200 cookie=none test="T-01-20 club session is restored by the core"
2026-09-28T10:41:00.430Z grant_type=refresh_token status=200 cookie=sent test="T-01-20 club session is restored by the core"
2026-09-28T10:41:00.723Z grant_type=refresh_token status=400 cookie=none test="T-01-19 magic link is delivered and exchanged end to end" body={"code":"REFRESH_EXPIRED"}
2026-09-28T10:41:01.032Z grant_type=urn:agilityhub:grant:magic-link status=200 cookie=none test="T-01-19 magic link is delivered and exchanged end to end"
2026-09-28T10:41:01.302Z grant_type=refresh_token status=200 cookie=sent test="T-01-19 magic link is delivered and exchanged end to end"
2026-09-28T10:41:01.675Z grant_type=refresh_token status=400 cookie=none test="T-01-26 published seed enters without pending onboarding" body={"code":"REFRESH_EXPIRED"}
2026-09-28T10:41:01.784Z grant_type=password status=200 cookie=none test="T-01-26 published seed enters without pending onboarding"
2026-09-28T10:41:01.956Z grant_type=refresh_token status=200 cookie=sent test="T-01-26 published seed enters without pending onboarding"
2026-09-28T10:41:02.240Z grant_type=refresh_token status=400 cookie=none test="T-01-22 apps/id resumes a real authorize flow through oauth2/session" body={"code":"REFRESH_EXPIRED"}
2026-09-28T10:41:02.400Z grant_type=password status=200 cookie=none test="T-01-22 apps/id resumes a real authorize flow through oauth2/session"
2026-09-28T10:41:02.553Z grant_type=refresh_token status=200 cookie=sent test="T-01-22 apps/id resumes a real authorize flow through oauth2/session"
2026-09-28T10:41:02.776Z grant_type=refresh_token status=200 cookie=sent test="T-01-22 apps/id resumes a real authorize flow through oauth2/session"
2026-09-28T10:41:03.121Z grant_type=refresh_token status=400 cookie=sent test="T-01-22 apps/id resumes a real authorize flow through oauth2/session" body={"code":"REFRESH_EXPIRED"}
2026-09-28T10:41:03.284Z grant_type=password status=200 cookie=sent test="T-01-22 apps/id resumes a real authorize flow through oauth2/session"
2026-09-28T10:41:03.619Z grant_type=refresh_token status=400 cookie=none test="T-02-07 E3-W12 step 5 · the public footer of 01 shows /branding's identity and registered office (S02 R-02-02)" body={"code":"REFRESH_EXPIRED"}
2026-09-28T10:41:03.985Z grant_type=refresh_token status=400 cookie=none test="T-03-42 real census flow, booking block and member profile" body={"code":"REFRESH_EXPIRED"}
2026-09-28T10:41:04.095Z grant_type=password status=200 cookie=none test="T-03-42 real census flow, booking block and member profile"
2026-09-28T10:41:04.291Z grant_type=refresh_token status=200 cookie=sent test="T-03-42 real census flow, booking block and member profile"
2026-09-28T10:41:08.833Z grant_type=refresh_token status=400 cookie=none test="T-03-42 real census flow, booking block and member profile" body={"code":"REFRESH_EXPIRED"}
2026-09-28T10:41:08.941Z grant_type=password status=200 cookie=none test="T-03-42 real census flow, booking block and member profile"
2026-09-28T10:41:09.120Z grant_type=refresh_token status=200 cookie=sent test="T-03-42 real census flow, booking block and member profile"
2026-09-28T10:41:09.312Z grant_type=refresh_token status=200 cookie=sent test="T-03-42 real census flow, booking block and member profile"
2026-09-28T10:41:09.633Z grant_type=refresh_token status=200 cookie=sent test="T-03-42 real census flow, booking block and member profile"
2026-09-28T10:41:16.916Z grant_type=refresh_token status=400 cookie=none test="T-05-CP-07 real club page edit renders styled Markdown on screen 30" body={"code":"REFRESH_EXPIRED"}
2026-09-28T10:41:17.040Z grant_type=password status=200 cookie=none test="T-05-CP-07 real club page edit renders styled Markdown on screen 30"
2026-09-28T10:41:17.213Z grant_type=refresh_token status=200 cookie=sent test="T-05-CP-07 real club page edit renders styled Markdown on screen 30"
2026-09-28T10:41:17.401Z grant_type=refresh_token status=200 cookie=sent test="T-05-CP-07 real club page edit renders styled Markdown on screen 30"
2026-09-28T10:41:17.810Z grant_type=refresh_token status=400 cookie=none test="T-03-40 E3-W12 step 4 · screen 13 reads GET /me/dogs only: the seed's document types, «Nivell» per dog, no /parameters (S03 §6)" body={"code":"REFRESH_EXPIRED"}
2026-09-28T10:41:17.930Z grant_type=password status=200 cookie=none test="T-03-40 E3-W12 step 4 · screen 13 reads GET /me/dogs only: the seed's document types, «Nivell» per dog, no /parameters (S03 §6)"
2026-09-28T10:41:18.199Z grant_type=refresh_token status=200 cookie=sent test="T-03-40 E3-W12 step 4 · screen 13 reads GET /me/dogs only: the seed's document types, «Nivell» per dog, no /parameters (S03 §6)"
2026-09-28T10:41:18.398Z grant_type=refresh_token status=200 cookie=sent test="T-03-40 E3-W12 step 4 · screen 13 reads GET /me/dogs only: the seed's document types, «Nivell» per dog, no /parameters (S03 §6)"
# stage end 2026-09-28T10:41:18.709Z · e1-core.spec.ts e2-core.spec.ts · 42 calls · 13 non-2xx
# stage start 2026-09-28T10:42:38.540Z · e4w16-core.spec.ts
2026-09-28T10:42:39.230Z grant_type=refresh_token status=400 cookie=none test="T-03-40 E4-W16 step 11 · screen 13 lists the task rows, the done ones struck through" body={"code":"REFRESH_EXPIRED"}
2026-09-28T10:42:39.414Z grant_type=password status=200 cookie=none test="T-03-40 E4-W16 step 11 · screen 13 lists the task rows, the done ones struck through"
2026-09-28T10:42:39.698Z grant_type=refresh_token status=200 cookie=sent test="T-03-40 E4-W16 step 11 · screen 13 lists the task rows, the done ones struck through"
2026-09-28T10:42:40.389Z grant_type=refresh_token status=400 cookie=none test="T-03-40 E4-W16 step 11 · screen 13 lists the task rows, the done ones struck through" body={"code":"REFRESH_EXPIRED"}
2026-09-28T10:42:40.483Z grant_type=password status=200 cookie=none test="T-03-40 E4-W16 step 11 · screen 13 lists the task rows, the done ones struck through"
2026-09-28T10:42:40.636Z grant_type=refresh_token status=200 cookie=sent test="T-03-40 E4-W16 step 11 · screen 13 lists the task rows, the done ones struck through"
2026-09-28T10:42:40.802Z grant_type=refresh_token status=200 cookie=sent test="T-03-40 E4-W16 step 11 · screen 13 lists the task rows, the done ones struck through"
2026-09-28T10:42:41.002Z grant_type=refresh_token status=200 cookie=sent test="T-03-40 E4-W16 step 11 · screen 13 lists the task rows, the done ones struck through"
2026-09-28T10:42:41.419Z grant_type=refresh_token status=400 cookie=none test="T-01-19 E4-W16 step 10 · a RESET link sets the new password once without `current`" body={"code":"REFRESH_EXPIRED"}
2026-09-28T10:42:41.755Z grant_type=urn:agilityhub:grant:magic-link status=200 cookie=none test="T-01-19 E4-W16 step 10 · a RESET link sets the new password once without `current`"
# stage end 2026-09-28T10:42:58.552Z · e4w16-core.spec.ts · 10 calls · 3 non-2xx
# stage start 2026-09-28T10:44:19.266Z · e3-signup.spec.ts
2026-09-28T10:44:19.930Z grant_type=refresh_token status=400 cookie=none test="T-02-07 E3-W12 step 5 · the signup's public footer shows /branding's identity and registered office (S02 R-02-02)" body={"code":"REFRESH_EXPIRED"}
2026-09-28T10:44:20.326Z grant_type=refresh_token status=400 cookie=none test="T-04-34 public signup is validated and enters through the N-02 welcome link" body={"code":"REFRESH_EXPIRED"}
2026-09-28T10:44:20.779Z grant_type=refresh_token status=400 cookie=none test="T-04-34 public signup is validated and enters through the N-02 welcome link" body={"code":"REFRESH_EXPIRED"}
2026-09-28T10:44:21.056Z grant_type=refresh_token status=400 cookie=none test="T-04-34 public signup is validated and enters through the N-02 welcome link" body={"code":"REFRESH_EXPIRED"}
2026-09-28T10:44:21.339Z grant_type=refresh_token status=400 cookie=none test="T-04-34 public signup is validated and enters through the N-02 welcome link" body={"code":"REFRESH_EXPIRED"}
2026-09-28T10:44:21.748Z grant_type=refresh_token status=400 cookie=none test="T-04-34 public signup is validated and enters through the N-02 welcome link" body={"code":"REFRESH_EXPIRED"}
2026-09-28T10:44:22.109Z grant_type=refresh_token status=400 cookie=none test="T-04-34 public signup is validated and enters through the N-02 welcome link" body={"code":"REFRESH_EXPIRED"}
2026-09-28T10:44:22.247Z grant_type=password status=200 cookie=none test="T-04-34 public signup is validated and enters through the N-02 welcome link"
2026-09-28T10:44:22.428Z grant_type=refresh_token status=200 cookie=sent test="T-04-34 public signup is validated and enters through the N-02 welcome link"
2026-09-28T10:44:24.729Z grant_type=urn:agilityhub:grant:magic-link status=200 cookie=none test="T-04-34 public signup is validated and enters through the N-02 welcome link"
2026-09-28T10:44:24.935Z grant_type=refresh_token status=200 cookie=sent test="T-04-34 public signup is validated and enters through the N-02 welcome link"
2026-09-28T10:44:25.195Z grant_type=refresh_token status=400 cookie=none test="T-04-34 public signup is validated and enters through the N-02 welcome link" body={"code":"REFRESH_EXPIRED"}
2026-09-28T10:44:25.541Z grant_type=refresh_token status=400 cookie=none test="T-04-34 public signup is validated and enters through the N-02 welcome link" body={"code":"REFRESH_EXPIRED"}
2026-09-28T10:44:25.857Z grant_type=refresh_token status=400 cookie=none test="T-04-34 public signup is validated and enters through the N-02 welcome link" body={"code":"REFRESH_EXPIRED"}
2026-09-28T10:44:26.021Z grant_type=refresh_token status=400 cookie=none test="T-04-34 public signup is validated and enters through the N-02 welcome link" body={"code":"REFRESH_EXPIRED"}
2026-09-28T10:44:26.374Z grant_type=refresh_token status=400 cookie=none test="T-04-34 public signup is validated and enters through the N-02 welcome link" body={"code":"REFRESH_EXPIRED"}
2026-09-28T10:44:26.898Z grant_type=refresh_token status=400 cookie=none test="T-04-34 public signup is validated and enters through the N-02 welcome link" body={"code":"REFRESH_EXPIRED"}
2026-09-28T10:44:27.328Z grant_type=refresh_token status=400 cookie=none test="T-04-34 public signup is validated and enters through the N-02 welcome link" body={"code":"REFRESH_EXPIRED"}
2026-09-28T10:44:27.689Z grant_type=refresh_token status=400 cookie=none test="T-04-34 public signup is validated and enters through the N-02 welcome link" body={"code":"REFRESH_EXPIRED"}
2026-09-28T10:44:27.990Z grant_type=refresh_token status=400 cookie=none test="T-04-34 public signup is validated and enters through the N-02 welcome link" body={"code":"REFRESH_EXPIRED"}
2026-09-28T10:44:28.311Z grant_type=refresh_token status=400 cookie=none test="T-04-34 public signup is validated and enters through the N-02 welcome link" body={"code":"REFRESH_EXPIRED"}
2026-09-28T10:44:30.827Z grant_type=refresh_token status=200 cookie=sent test="T-04-34 public signup is validated and enters through the N-02 welcome link"
2026-09-28T10:44:31.261Z grant_type=refresh_token status=200 cookie=sent test="T-04-34 public signup is validated and enters through the N-02 welcome link"
2026-09-28T10:44:31.766Z grant_type=refresh_token status=200 cookie=sent test="T-04-34 public signup is validated and enters through the N-02 welcome link"
2026-09-28T10:44:35.270Z grant_type=refresh_token status=400 cookie=none test="T-04-34 public signup is validated and enters through the N-02 welcome link" body={"code":"REFRESH_EXPIRED"}
2026-09-28T10:44:35.652Z grant_type=refresh_token status=400 cookie=none test="T-04-34 public signup is validated and enters through the N-02 welcome link" body={"code":"REFRESH_EXPIRED"}
2026-09-28T10:44:35.949Z grant_type=refresh_token status=400 cookie=none test="T-04-34 public signup is validated and enters through the N-02 welcome link" body={"code":"REFRESH_EXPIRED"}
2026-09-28T10:44:36.120Z grant_type=refresh_token status=400 cookie=none test="T-04-34 public signup is validated and enters through the N-02 welcome link" body={"code":"REFRESH_EXPIRED"}
2026-09-28T10:44:36.450Z grant_type=refresh_token status=400 cookie=none test="T-04-34 public signup is validated and enters through the N-02 welcome link" body={"code":"REFRESH_EXPIRED"}
2026-09-28T10:44:41.285Z grant_type=refresh_token status=400 cookie=none test="T-04-34 signup.enabled=false shows only the configured closed text" body={"code":"REFRESH_EXPIRED"}
# stage end 2026-09-28T10:44:41.407Z · e3-signup.spec.ts · 30 calls · 23 non-2xx
# stage start 2026-09-28T10:46:02.329Z · e4-core.spec.ts
2026-09-28T10:46:03.053Z grant_type=refresh_token status=400 cookie=none test="T-06-28 E2E (a) D3: the three seeded templates, «Setmana B» blocked by its inconsistency, «Setmana A» generates the proposed week, D3b per ring" body={"code":"REFRESH_EXPIRED"}
2026-09-28T10:46:03.277Z grant_type=password status=200 cookie=none test="T-06-28 E2E (a) D3: the three seeded templates, «Setmana B» blocked by its inconsistency, «Setmana A» generates the proposed week, D3b per ring"
2026-09-28T10:46:03.483Z grant_type=refresh_token status=200 cookie=sent test="T-06-28 E2E (a) D3: the three seeded templates, «Setmana B» blocked by its inconsistency, «Setmana A» generates the proposed week, D3b per ring"
2026-09-28T10:46:07.280Z grant_type=refresh_token status=400 cookie=none test="T-06-28 E2E (c) screens 10 and 23: the member never sees the cancelled class nor counts, the validated week is visible; the instructor sees the block, the dimmed class and n/n" body={"code":"REFRESH_EXPIRED"}
2026-09-28T10:46:07.364Z grant_type=password status=200 cookie=none test="T-06-28 E2E (c) screens 10 and 23: the member never sees the cancelled class nor counts, the validated week is visible; the instructor sees the block, the dimmed class and n/n"
2026-09-28T10:46:07.508Z grant_type=refresh_token status=200 cookie=sent test="T-06-28 E2E (c) screens 10 and 23: the member never sees the cancelled class nor counts, the validated week is visible; the instructor sees the block, the dimmed class and n/n"
2026-09-28T10:46:07.671Z grant_type=refresh_token status=200 cookie=sent test="T-06-28 E2E (c) screens 10 and 23: the member never sees the cancelled class nor counts, the validated week is visible; the instructor sees the block, the dimmed class and n/n"
2026-09-28T10:46:07.953Z grant_type=refresh_token status=200 cookie=sent test="T-06-28 E2E (c) screens 10 and 23: the member never sees the cancelled class nor counts, the validated week is visible; the instructor sees the block, the dimmed class and n/n"
2026-09-28T10:46:08.294Z grant_type=refresh_token status=400 cookie=none test="T-06-28 E2E (c) screens 10 and 23: the member never sees the cancelled class nor counts, the validated week is visible; the instructor sees the block, the dimmed class and n/n" body={"code":"REFRESH_EXPIRED"}
2026-09-28T10:46:08.385Z grant_type=password status=200 cookie=none test="T-06-28 E2E (c) screens 10 and 23: the member never sees the cancelled class nor counts, the validated week is visible; the instructor sees the block, the dimmed class and n/n"
2026-09-28T10:46:08.537Z grant_type=refresh_token status=200 cookie=sent test="T-06-28 E2E (c) screens 10 and 23: the member never sees the cancelled class nor counts, the validated week is visible; the instructor sees the block, the dimmed class and n/n"
2026-09-28T10:46:08.697Z grant_type=refresh_token status=200 cookie=sent test="T-06-28 E2E (c) screens 10 and 23: the member never sees the cancelled class nor counts, the validated week is visible; the instructor sees the block, the dimmed class and n/n"
2026-09-28T10:46:11.806Z grant_type=refresh_token status=400 cookie=none test="T-07-32 E2E (e) ca: 04 → detail → register → 03 → cancel in time; the waitlist of the full «Seminari de handling» and the FIFO promotion when the admin adds a place" body={"code":"REFRESH_EXPIRED"}
2026-09-28T10:46:11.881Z grant_type=password status=200 cookie=none test="T-07-32 E2E (e) ca: 04 → detail → register → 03 → cancel in time; the waitlist of the full «Seminari de handling» and the FIFO promotion when the admin adds a place"
2026-09-28T10:46:12.023Z grant_type=refresh_token status=200 cookie=sent test="T-07-32 E2E (e) ca: 04 → detail → register → 03 → cancel in time; the waitlist of the full «Seminari de handling» and the FIFO promotion when the admin adds a place"
2026-09-28T10:46:12.179Z grant_type=refresh_token status=200 cookie=sent test="T-07-32 E2E (e) ca: 04 → detail → register → 03 → cancel in time; the waitlist of the full «Seminari de handling» and the FIFO promotion when the admin adds a place"
2026-09-28T10:46:12.478Z grant_type=refresh_token status=200 cookie=sent test="T-07-32 E2E (e) ca: 04 → detail → register → 03 → cancel in time; the waitlist of the full «Seminari de handling» and the FIFO promotion when the admin adds a place"
2026-09-28T10:46:12.792Z grant_type=refresh_token status=200 cookie=sent test="T-07-32 E2E (e) ca: 04 → detail → register → 03 → cancel in time; the waitlist of the full «Seminari de handling» and the FIFO promotion when the admin adds a place"
2026-09-28T10:46:13.035Z grant_type=refresh_token status=200 cookie=sent test="T-07-32 E2E (e) ca: 04 → detail → register → 03 → cancel in time; the waitlist of the full «Seminari de handling» and the FIFO promotion when the admin adds a place"
2026-09-28T10:46:13.329Z grant_type=refresh_token status=200 cookie=sent test="T-07-32 E2E (e) ca: 04 → detail → register → 03 → cancel in time; the waitlist of the full «Seminari de handling» and the FIFO promotion when the admin adds a place"
2026-09-28T10:46:13.482Z grant_type=refresh_token status=200 cookie=sent test="T-07-32 E2E (e) ca: 04 → detail → register → 03 → cancel in time; the waitlist of the full «Seminari de handling» and the FIFO promotion when the admin adds a place"
2026-09-28T10:46:14.638Z grant_type=refresh_token status=400 cookie=none test="T-07-32 E2E (e) es: the same member flow with the es literals, a second FIFO promotion, then the admin cancels the seminar (200) and the registrant reads «cancel·lada pel club»" body={"code":"REFRESH_EXPIRED"}
2026-09-28T10:46:14.712Z grant_type=password status=200 cookie=none test="T-07-32 E2E (e) es: the same member flow with the es literals, a second FIFO promotion, then the admin cancels the seminar (200) and the registrant reads «cancel·lada pel club»"
2026-09-28T10:46:14.856Z grant_type=refresh_token status=200 cookie=sent test="T-07-32 E2E (e) es: the same member flow with the es literals, a second FIFO promotion, then the admin cancels the seminar (200) and the registrant reads «cancel·lada pel club»"
2026-09-28T10:46:15.007Z grant_type=refresh_token status=200 cookie=sent test="T-07-32 E2E (e) es: the same member flow with the es literals, a second FIFO promotion, then the admin cancels the seminar (200) and the registrant reads «cancel·lada pel club»"
2026-09-28T10:46:15.279Z grant_type=refresh_token status=200 cookie=sent test="T-07-32 E2E (e) es: the same member flow with the es literals, a second FIFO promotion, then the admin cancels the seminar (200) and the registrant reads «cancel·lada pel club»"
2026-09-28T10:46:15.546Z grant_type=refresh_token status=200 cookie=sent test="T-07-32 E2E (e) es: the same member flow with the es literals, a second FIFO promotion, then the admin cancels the seminar (200) and the registrant reads «cancel·lada pel club»"
2026-09-28T10:46:15.779Z grant_type=refresh_token status=200 cookie=sent test="T-07-32 E2E (e) es: the same member flow with the es literals, a second FIFO promotion, then the admin cancels the seminar (200) and the registrant reads «cancel·lada pel club»"
2026-09-28T10:46:16.063Z grant_type=refresh_token status=200 cookie=sent test="T-07-32 E2E (e) es: the same member flow with the es literals, a second FIFO promotion, then the admin cancels the seminar (200) and the registrant reads «cancel·lada pel club»"
2026-09-28T10:46:16.273Z grant_type=refresh_token status=200 cookie=sent test="T-07-32 E2E (e) es: the same member flow with the es literals, a second FIFO promotion, then the admin cancels the seminar (200) and the registrant reads «cancel·lada pel club»"
2026-09-28T10:46:16.513Z grant_type=refresh_token status=200 cookie=sent test="T-07-32 E2E (e) es: the same member flow with the es literals, a second FIFO promotion, then the admin cancels the seminar (200) and the registrant reads «cancel·lada pel club»"
2026-09-28T10:46:17.749Z grant_type=refresh_token status=200 cookie=sent test="T-07-32 E2E (e) es: the same member flow with the es literals, a second FIFO promotion, then the admin cancels the seminar (200) and the registrant reads «cancel·lada pel club»"
# stage end 2026-09-28T10:46:18.774Z · e4-core.spec.ts · 32 calls · 5 non-2xx
# stage start 2026-09-28T10:47:45.323Z · e5-core.spec.ts
2026-09-28T10:47:46.109Z grant_type=refresh_token status=400 cookie=none test="E5-W04 step 2 · the automatic processes off, POST /test/clock to demoNow, and the parameters the flows read" body={"code":"REFRESH_EXPIRED"}
2026-09-28T10:47:46.282Z grant_type=password status=200 cookie=none test="E5-W04 step 2 · the automatic processes off, POST /test/clock to demoNow, and the parameters the flows read"
2026-09-28T10:47:46.482Z grant_type=refresh_token status=200 cookie=sent test="E5-W04 step 2 · the automatic processes off, POST /test/clock to demoNow, and the parameters the flows read"
2026-09-28T10:47:47.023Z grant_type=refresh_token status=400 cookie=none test="E5-W04 step 2 · the automatic processes off, POST /test/clock to demoNow, and the parameters the flows read" body={"code":"REFRESH_EXPIRED"}
2026-09-28T10:47:47.330Z grant_type=refresh_token status=400 cookie=none test="E5-W04 step 2 · the automatic processes off, POST /test/clock to demoNow, and the parameters the flows read" body={"code":"REFRESH_EXPIRED"}
2026-09-28T10:47:47.443Z grant_type=password status=200 cookie=none test="E5-W04 step 2 · the automatic processes off, POST /test/clock to demoNow, and the parameters the flows read"
2026-09-28T10:47:47.618Z grant_type=refresh_token status=200 cookie=sent test="E5-W04 step 2 · the automatic processes off, POST /test/clock to demoNow, and the parameters the flows read"
2026-09-28T10:47:48.022Z grant_type=refresh_token status=400 cookie=none test="T-08-40 (a)(b) · 03 and 04 from the seed, a booking inside the 30 s hold, an in-time and a late cancellation" body={"code":"REFRESH_EXPIRED"}
2026-09-28T10:47:48.118Z grant_type=password status=200 cookie=none test="T-08-40 (a)(b) · 03 and 04 from the seed, a booking inside the 30 s hold, an in-time and a late cancellation"
2026-09-28T10:47:48.361Z grant_type=refresh_token status=200 cookie=sent test="T-08-40 (a)(b) · 03 and 04 from the seed, a booking inside the 30 s hold, an in-time and a late cancellation"
2026-09-28T10:47:49.913Z grant_type=refresh_token status=400 cookie=none test="T-08-40 (a)(b) · 03 and 04 from the seed, a booking inside the 30 s hold, an in-time and a late cancellation" body={"code":"REFRESH_EXPIRED"}
2026-09-28T10:47:50.010Z grant_type=password status=200 cookie=none test="T-08-40 (a)(b) · 03 and 04 from the seed, a booking inside the 30 s hold, an in-time and a late cancellation"
2026-09-28T10:47:50.171Z grant_type=refresh_token status=200 cookie=sent test="T-08-40 (a)(b) · 03 and 04 from the seed, a booking inside the 30 s hold, an in-time and a late cancellation"
2026-09-28T10:47:50.873Z grant_type=refresh_token status=400 cookie=none test="T-08-40 (c) · 06 swaps the week's booking in one step; without a swappable one, 29" body={"code":"REFRESH_EXPIRED"}
2026-09-28T10:47:50.957Z grant_type=password status=200 cookie=none test="T-08-40 (c) · 06 swaps the week's booking in one step; without a swappable one, 29"
2026-09-28T10:47:51.109Z grant_type=refresh_token status=200 cookie=sent test="T-08-40 (c) · 06 swaps the week's booking in one step; without a swappable one, 29"
2026-09-28T10:47:52.201Z grant_type=refresh_token status=400 cookie=none test="T-08-40 (d) · ALL_AT_ONCE: join a full class, a seat released more than 30 min ahead, NOTIFIED, claim" body={"code":"REFRESH_EXPIRED"}
2026-09-28T10:47:52.292Z grant_type=password status=200 cookie=none test="T-08-40 (d) · ALL_AT_ONCE: join a full class, a seat released more than 30 min ahead, NOTIFIED, claim"
2026-09-28T10:47:52.452Z grant_type=refresh_token status=200 cookie=sent test="T-08-40 (d) · ALL_AT_ONCE: join a full class, a seat released more than 30 min ahead, NOTIFIED, claim"
2026-09-28T10:47:53.331Z grant_type=refresh_token status=400 cookie=none test="T-08-40 (d) · ALL_AT_ONCE: join a full class, a seat released more than 30 min ahead, NOTIFIED, claim" body={"code":"REFRESH_EXPIRED"}
2026-09-28T10:47:53.449Z grant_type=password status=200 cookie=none test="T-08-40 (d) · ALL_AT_ONCE: join a full class, a seat released more than 30 min ahead, NOTIFIED, claim"
2026-09-28T10:47:53.611Z grant_type=refresh_token status=200 cookie=sent test="T-08-40 (d) · ALL_AT_ONCE: join a full class, a seat released more than 30 min ahead, NOTIFIED, claim"
2026-09-28T10:47:57.067Z grant_type=refresh_token status=400 cookie=none test="T-08-40 (g) · the same flows in es: a booking inside the hold, and a waiting entry claimed" body={"code":"REFRESH_EXPIRED"}
2026-09-28T10:47:57.160Z grant_type=password status=200 cookie=none test="T-08-40 (g) · the same flows in es: a booking inside the hold, and a waiting entry claimed"
2026-09-28T10:47:57.322Z grant_type=refresh_token status=200 cookie=sent test="T-08-40 (g) · the same flows in es: a booking inside the hold, and a waiting entry claimed"
2026-09-28T10:48:00.436Z grant_type=refresh_token status=400 cookie=none test="T-09-40 (e) · 08 counts 3/week in the day+3 window with «Qualsevol»; 24 blocks a ring, never over bookings" body={"code":"REFRESH_EXPIRED"}
2026-09-28T10:48:00.524Z grant_type=password status=200 cookie=none test="T-09-40 (e) · 08 counts 3/week in the day+3 window with «Qualsevol»; 24 blocks a ring, never over bookings"
2026-09-28T10:48:00.676Z grant_type=refresh_token status=200 cookie=sent test="T-09-40 (e) · 08 counts 3/week in the day+3 window with «Qualsevol»; 24 blocks a ring, never over bookings"
2026-09-28T10:48:06.234Z grant_type=refresh_token status=400 cookie=none test="R-09-05 · 08 counts by session date: on Sunday the day+3 window reaches the next week, and a Monday booking moves only Monday's counter" body={"code":"REFRESH_EXPIRED"}
2026-09-28T10:48:06.511Z grant_type=refresh_token status=400 cookie=none test="R-09-05 · 08 counts by session date: on Sunday the day+3 window reaches the next week, and a Monday booking moves only Monday's counter" body={"code":"REFRESH_EXPIRED"}
2026-09-28T10:48:06.591Z grant_type=password status=200 cookie=none test="R-09-05 · 08 counts by session date: on Sunday the day+3 window reaches the next week, and a Monday booking moves only Monday's counter"
2026-09-28T10:48:06.748Z grant_type=refresh_token status=200 cookie=sent test="R-09-05 · 08 counts by session date: on Sunday the day+3 window reaches the next week, and a Monday booking moves only Monday's counter"
2026-09-28T10:48:07.420Z grant_type=refresh_token status=400 cookie=none test="R-15-11 (f) · P1 with the clock advanced: NOT_YET_OPEN before Sunday 20:00, BOOKABLE by the clock at 20:01, and [Executa ara] opens the week" body={"code":"REFRESH_EXPIRED"}
2026-09-28T10:48:07.694Z grant_type=refresh_token status=400 cookie=none test="R-15-11 (f) · P1 with the clock advanced: NOT_YET_OPEN before Sunday 20:00, BOOKABLE by the clock at 20:01, and [Executa ara] opens the week" body={"code":"REFRESH_EXPIRED"}
2026-09-28T10:48:07.770Z grant_type=password status=200 cookie=none test="R-15-11 (f) · P1 with the clock advanced: NOT_YET_OPEN before Sunday 20:00, BOOKABLE by the clock at 20:01, and [Executa ara] opens the week"
2026-09-28T10:48:07.922Z grant_type=refresh_token status=200 cookie=sent test="R-15-11 (f) · P1 with the clock advanced: NOT_YET_OPEN before Sunday 20:00, BOOKABLE by the clock at 20:01, and [Executa ara] opens the week"
2026-09-28T10:48:08.420Z grant_type=refresh_token status=400 cookie=none test="R-15-11 (f) · P1 with the clock advanced: NOT_YET_OPEN before Sunday 20:00, BOOKABLE by the clock at 20:01, and [Executa ara] opens the week" body={"code":"REFRESH_EXPIRED"}
2026-09-28T10:48:08.686Z grant_type=refresh_token status=400 cookie=none test="R-15-11 (f) · P1 with the clock advanced: NOT_YET_OPEN before Sunday 20:00, BOOKABLE by the clock at 20:01, and [Executa ara] opens the week" body={"code":"REFRESH_EXPIRED"}
2026-09-28T10:48:08.772Z grant_type=password status=200 cookie=none test="R-15-11 (f) · P1 with the clock advanced: NOT_YET_OPEN before Sunday 20:00, BOOKABLE by the clock at 20:01, and [Executa ara] opens the week"
2026-09-28T10:48:08.923Z grant_type=refresh_token status=200 cookie=sent test="R-15-11 (f) · P1 with the clock advanced: NOT_YET_OPEN before Sunday 20:00, BOOKABLE by the clock at 20:01, and [Executa ara] opens the week"
2026-09-28T10:48:09.388Z grant_type=refresh_token status=400 cookie=none test="R-15-11 (f) · P1 with the clock advanced: NOT_YET_OPEN before Sunday 20:00, BOOKABLE by the clock at 20:01, and [Executa ara] opens the week" body={"code":"REFRESH_EXPIRED"}
2026-09-28T10:48:09.524Z grant_type=password status=200 cookie=none test="R-15-11 (f) · P1 with the clock advanced: NOT_YET_OPEN before Sunday 20:00, BOOKABLE by the clock at 20:01, and [Executa ara] opens the week"
2026-09-28T10:48:09.723Z grant_type=refresh_token status=200 cookie=sent test="R-15-11 (f) · P1 with the clock advanced: NOT_YET_OPEN before Sunday 20:00, BOOKABLE by the clock at 20:01, and [Executa ara] opens the week"
2026-09-28T10:48:10.577Z grant_type=refresh_token status=400 cookie=none test="(outside a test)" body={"code":"REFRESH_EXPIRED"}
2026-09-28T10:48:10.700Z grant_type=password status=200 cookie=none test="(outside a test)"
2026-09-28T10:48:10.864Z grant_type=refresh_token status=200 cookie=sent test="(outside a test)"
2026-09-28T10:48:11.247Z grant_type=refresh_token status=400 cookie=none test="(outside a test)" body={"code":"REFRESH_EXPIRED"}
# stage end 2026-09-28T10:48:11.307Z · e5-core.spec.ts · 47 calls · 19 non-2xx
