  null -> [{"host":"app.example.test","app":"clubs","primary":true},{"host":"admin.example.test","app":"clubs-admin","primary":false}]
+ theme added
  null -> {"colors":{"primary":"#E26A2A","onPrimary":"#0B0B0B","background":"#0B0B0B","surface":"#161616","surfaceAlt":"#1E1E1E","text":"#FFFFFF","textMuted":"#B5B5B5","border":"#2B2B2B","success":"#4CAF7D","warning":"#E5B93C","danger":"#E05B5B","info":"#85B8E8"},"fontFamily":"Montserrat","radius":"4px","ringPalette":["#F2B58C","#8FCE8F","#C9CDD3","#F5D67A","#85B8E8"],"mode":"dark"}
+ modules added
  null -> ["ACTIVITIES","BILLING","COURSES","FAMILY_GROUP","FAQ","FREE_TRAINING","INACTIVITY","LEARN_LINK","PACKS","PUSH","SMS","TASKS","WAITLIST"]
+ paymentProviders added
  null -> {"SEPA_XML":{"enabled":true},"MANUAL":{"enabled":true,"instructions":{"ca":"El pagament de l'entrada i el mes en curs (o el proper) és necessari per a la validació de l'alta. Pot fer-se per transferència al compte ES08 2100 0416 5702 0016 4955 (Club d'Agility Cànic) o per Bizum al 607 475 945.","es":"El pago de la entrada y del mes en curso (o del siguiente) es necesario para la validación del alta. Puede hacerse por transferencia a la cuenta ES08 2100 0416 5702 0016 4955 (Club d'Agility Cànic) o por Bizum al 607 475 945."}}}
+ legal added
  null -> {"privacyPolicyUrl":"https://agilitycanic.cat/ca/politica-de-privacidad/","imageConsentText":{"en":"I authorize publication of photos of me and my dog within club activities","ca":"Autoritzo la publicació de fotos meves i del meu gos dins l'àmbit de les activitats del club","es":"Autorizo la publicación de fotos mías y de mi perro en el ámbito de las actividades del club"},"legalTextsVersion":"1"}
+ pwa added
  null -> {"name":"Club Agility Cànic","shortName":"Club Agility Cànic","icons":[]}
+ parameters.signup.enabled added
  null -> true
+ parameters.signup.pendingExpiryDays added
  null -> 30
+ parameters.signup.requireDogDocumentAtSignup added
  null -> false
+ parameters.signup.firstMonthSplitDay added
  null -> 16
+ parameters.signup.allowFamilyGroupPending added
  null -> true
+ admins: 0 to provision
+ accounts: 15 to provision
+ catalogs.levels.CAD
+ catalogs.levels.A
+ catalogs.levels.B
+ catalogs.levels.C
+ catalogs.levels.D
+ catalogs.levels.E
+ catalogs.levels.F
+ catalogs.levels.G
+ catalogs.levels.TER
+ catalogs.levels.PENDENT
+ catalogs.rings.MUN
+ catalogs.rings.CEN
+ catalogs.rings.CAR
+ catalogs.rings.CAD
+ catalogs.rings.PET
+ catalogs.plans.ABONAT
+ catalogs.plans.ABONAT_FAMILIAR
+ catalogs.plans.PACK6
+ catalogs.plans.PACK10
+ catalogs.plans.TERAPIA
+ catalogs.plans.COMPETICIO_1
+ catalogs.prices.ABONAT:MONTHLY_FEE:2026-01-01
+ catalogs.prices.ABONAT_FAMILIAR:MONTHLY_FEE:2026-01-01
+ catalogs.prices.PACK6:PACK:2026-01-01
+ catalogs.prices.PACK10:PACK:2026-01-01
+ catalogs.prices.TERAPIA:MAINTENANCE_FEE:2026-01-01
+ catalogs.prices.COMPETICIO_1:MONTHLY_FEE:2026-01-01
+ catalogs.faq.FAQ_1
+ catalogs.faq.FAQ_2
+ catalogs.faq.FAQ_3
+ catalogs.faq.FAQ_4
+ catalogs.faq.FAQ_5
+ catalogs.faq.FAQ_6
+ catalogs.faq.FAQ_7
+ catalogs: 34 catalog changes
+ messageTemplates: schema accepted; application deferred to E7
+ pages: 3 page changes
15 changes (applied)
+ club added
  null -> {"slug":"minim","name":"Club Mínim","contactEmail":"minim@example.test","locales":["en"],"defaultLocale":"en","timeZone":"UTC","currency":"EUR","countryProfile":"GENERIC","status":"ONBOARDING","template":false}
+ domains added
  null -> [{"host":"minim.example.test","app":"clubs","primary":true}]
+ theme added
  null -> {"colors":{"primary":"#2563EB","onPrimary":"#FFFFFF","background":"#F8FAFC","surface":"#FFFFFF","surfaceAlt":"#F1F5F9","text":"#0F172A","textMuted":"#475569","border":"#CBD5E1","success":"#15803D","warning":"#A16207","danger":"#B91C1C","info":"#0369A1"},"fontFamily":"system-ui","radius":"8px","ringPalette":[],"mode":"light"}
+ modules added
  null -> ["FAQ","PUSH","WAITLIST"]
+ paymentProviders added
  null -> {"STRIPE":{"enabled":true},"MANUAL":{"enabled":true}}
+ legal added
  null -> {"privacyPolicyUrl":"https://minim.example.test/privacy","imageConsentText":{"en":"I authorize publication of photos of me and my dog within club activities."},"legalTextsVersion":"2026-09"}
+ pwa added
  null -> {"name":"Club Mínim","shortName":"Club Mínim","icons":[]}
+ parameters.messaging.email.fromName added
  null -> "Club Mínim"
+ parameters.signup.enabled added
  null -> true
+ parameters.signup.requireDogDocumentAtSignup added
  null -> false
+ parameters.signup.allowFamilyGroupPending added
  null -> false
+ parameters.levels.enabled added
  null -> false
+ admins: 0 to provision
+ accounts: 3 to provision
= catalogs: 0 catalog changes
+ messageTemplates: schema accepted; application deferred to E7
= pages: 0 page changes
13 changes (applied)
2026-09-30T09:29:00.115Z ERROR 63 --- [agilityhub-core-api] [scheduled-job-1] o.s.s.s.TaskUtils$LoggingErrorHandler    : Unexpected error occurred in scheduled task

org.springframework.data.mongodb.UncategorizedMongoDbException: Interrupted waiting for lock
	at org.springframework.data.mongodb.core.MongoExceptionTranslator.doTranslateException(MongoExceptionTranslator.java:151) ~[spring-data-mongodb-4.5.13.jar!/:4.5.13]
	at org.springframework.data.mongodb.core.MongoExceptionTranslator.translateExceptionIfPossible(MongoExceptionTranslator.java:74) ~[spring-data-mongodb-4.5.13.jar!/:4.5.13]
	at org.springframework.data.mongodb.core.MongoTemplate.potentiallyConvertRuntimeException(MongoTemplate.java:3037) ~[spring-data-mongodb-4.5.13.jar!/:4.5.13]
	at org.springframework.data.mongodb.core.MongoTemplate.executeFindOneInternal(MongoTemplate.java:2915) ~[spring-data-mongodb-4.5.13.jar!/:4.5.13]
	at org.springframework.data.mongodb.core.MongoTemplate.doFindAndModify(MongoTemplate.java:2770) ~[spring-data-mongodb-4.5.13.jar!/:4.5.13]
	at org.springframework.data.mongodb.core.MongoTemplate.findAndModify(MongoTemplate.java:1120) ~[spring-data-mongodb-4.5.13.jar!/:4.5.13]
	at org.springframework.data.mongodb.core.MongoTemplate.findAndModify(MongoTemplate.java:1095) ~[spring-data-mongodb-4.5.13.jar!/:4.5.13]
	at com.agilityhub.core.platform.persistence.jobs.JobLockRepository.acquire(JobLockRepository.java:30) ~[!/:0.1.0-SNAPSHOT]
	at java.base/jdk.internal.reflect.DirectMethodHandleAccessor.invoke(Unknown Source) ~[na:na]
	at java.base/java.lang.reflect.Method.invoke(Unknown Source) ~[na:na]
	at org.springframework.aop.support.AopUtils.invokeJoinpointUsingReflection(AopUtils.java:360) ~[spring-aop-6.2.19.jar!/:6.2.19]
	at org.springframework.aop.framework.ReflectiveMethodInvocation.invokeJoinpoint(ReflectiveMethodInvocation.java:196) ~[spring-aop-6.2.19.jar!/:6.2.19]
	at org.springframework.aop.framework.ReflectiveMethodInvocation.proceed(ReflectiveMethodInvocation.java:163) ~[spring-aop-6.2.19.jar!/:6.2.19]
	at org.springframework.dao.support.PersistenceExceptionTranslationInterceptor.invoke(PersistenceExceptionTranslationInterceptor.java:138) ~[spring-tx-6.2.19.jar!/:6.2.19]
	at org.springframework.aop.framework.ReflectiveMethodInvocation.proceed(ReflectiveMethodInvocation.java:184) ~[spring-aop-6.2.19.jar!/:6.2.19]
	at org.springframework.aop.framework.CglibAopProxy$DynamicAdvisedInterceptor.intercept(CglibAopProxy.java:728) ~[spring-aop-6.2.19.jar!/:6.2.19]
	at com.agilityhub.core.platform.persistence.jobs.JobLockRepository$$SpringCGLIB$$0.acquire(<generated>) ~[!/:0.1.0-SNAPSHOT]
	at com.agilityhub.core.platform.application.jobs.SchedulerTick.run(SchedulerTick.java:51) ~[!/:0.1.0-SNAPSHOT]
	at com.agilityhub.core.platform.application.jobs.SchedulerTick.scheduled(SchedulerTick.java:46) ~[!/:0.1.0-SNAPSHOT]
	at java.base/jdk.internal.reflect.DirectMethodHandleAccessor.invoke(Unknown Source) ~[na:na]
	at java.base/java.lang.reflect.Method.invoke(Unknown Source) ~[na:na]
	at org.springframework.scheduling.support.ScheduledMethodRunnable.runInternal(ScheduledMethodRunnable.java:130) ~[spring-context-6.2.19.jar!/:6.2.19]
	at org.springframework.scheduling.support.ScheduledMethodRunnable.lambda$run$2(ScheduledMethodRunnable.java:124) ~[spring-context-6.2.19.jar!/:6.2.19]
	at io.micrometer.observation.Observation.observe(Observation.java:498) ~[micrometer-observation-1.15.12.jar!/:1.15.12]
	at org.springframework.scheduling.support.ScheduledMethodRunnable.run(ScheduledMethodRunnable.java:124) ~[spring-context-6.2.19.jar!/:6.2.19]
	at org.springframework.scheduling.config.Task$OutcomeTrackingRunnable.run(Task.java:87) ~[spring-context-6.2.19.jar!/:6.2.19]
	at org.springframework.scheduling.support.DelegatingErrorHandlingRunnable.run(DelegatingErrorHandlingRunnable.java:54) ~[spring-context-6.2.19.jar!/:6.2.19]
	at org.springframework.scheduling.concurrent.ReschedulingRunnable.run(ReschedulingRunnable.java:96) ~[spring-context-6.2.19.jar!/:6.2.19]
	at java.base/java.util.concurrent.Executors$RunnableAdapter.call(Unknown Source) ~[na:na]
	at java.base/java.util.concurrent.FutureTask.run(Unknown Source) ~[na:na]
	at java.base/java.util.concurrent.ScheduledThreadPoolExecutor$ScheduledFutureTask.run(Unknown Source) ~[na:na]
	at java.base/java.util.concurrent.ThreadPoolExecutor.runWorker(Unknown Source) ~[na:na]
	at java.base/java.util.concurrent.ThreadPoolExecutor$Worker.run(Unknown Source) ~[na:na]
	at java.base/java.lang.Thread.run(Unknown Source) ~[na:na]
Caused by: com.mongodb.MongoInterruptedException: Interrupted waiting for lock
	at com.mongodb.internal.thread.InterruptionUtil.interruptAndCreateMongoInterruptedException(InterruptionUtil.java:41) ~[mongodb-driver-core-5.5.2.jar!/:na]
	at com.mongodb.internal.Locks.lockInterruptibly(Locks.java:92) ~[mongodb-driver-core-5.5.2.jar!/:na]
	at com.mongodb.internal.Locks.checkedWithInterruptibleLock(Locks.java:80) ~[mongodb-driver-core-5.5.2.jar!/:na]
	at com.mongodb.internal.Locks.withInterruptibleLock(Locks.java:75) ~[mongodb-driver-core-5.5.2.jar!/:na]
	at com.mongodb.internal.connection.ClusterClock.advance(ClusterClock.java:44) ~[mongodb-driver-core-5.5.2.jar!/:na]
	at com.mongodb.internal.connection.ClusterClockAdvancingSessionContext.advanceClusterTime(ClusterClockAdvancingSessionContext.java:91) ~[mongodb-driver-core-5.5.2.jar!/:na]
	at com.mongodb.internal.connection.InternalStreamConnection.updateSessionContext(InternalStreamConnection.java:763) ~[mongodb-driver-core-5.5.2.jar!/:na]
	at com.mongodb.internal.connection.InternalStreamConnection.receiveCommandMessageResponse(InternalStreamConnection.java:518) ~[mongodb-driver-core-5.5.2.jar!/:na]
	at com.mongodb.internal.connection.InternalStreamConnection.sendAndReceiveInternal(InternalStreamConnection.java:448) ~[mongodb-driver-core-5.5.2.jar!/:na]
	at com.mongodb.internal.connection.InternalStreamConnection.lambda$sendAndReceive$0(InternalStreamConnection.java:375) ~[mongodb-driver-core-5.5.2.jar!/:na]
	at com.mongodb.internal.connection.InternalStreamConnection.sendAndReceive(InternalStreamConnection.java:378) ~[mongodb-driver-core-5.5.2.jar!/:na]
	at com.mongodb.internal.connection.UsageTrackingInternalConnection.sendAndReceive(UsageTrackingInternalConnection.java:111) ~[mongodb-driver-core-5.5.2.jar!/:na]
	at com.mongodb.internal.connection.DefaultConnectionPool$PooledConnection.sendAndReceive(DefaultConnectionPool.java:747) ~[mongodb-driver-core-5.5.2.jar!/:na]
	at com.mongodb.internal.connection.CommandProtocolImpl.execute(CommandProtocolImpl.java:61) ~[mongodb-driver-core-5.5.2.jar!/:na]
	at com.mongodb.internal.connection.DefaultServer$DefaultServerProtocolExecutor.execute(DefaultServer.java:208) ~[mongodb-driver-core-5.5.2.jar!/:na]
	at com.mongodb.internal.connection.DefaultServerConnection.executeProtocol(DefaultServerConnection.java:112) ~[mongodb-driver-core-5.5.2.jar!/:na]
	at com.mongodb.internal.connection.DefaultServerConnection.command(DefaultServerConnection.java:82) ~[mongodb-driver-core-5.5.2.jar!/:na]
	at com.mongodb.internal.connection.DefaultServerConnection.command(DefaultServerConnection.java:74) ~[mongodb-driver-core-5.5.2.jar!/:na]
	at com.mongodb.internal.connection.DefaultServer$OperationCountTrackingConnection.command(DefaultServer.java:298) ~[mongodb-driver-core-5.5.2.jar!/:na]
	at com.mongodb.internal.operation.SyncOperationHelper.lambda$executeRetryableWrite$10(SyncOperationHelper.java:267) ~[mongodb-driver-core-5.5.2.jar!/:na]
	at com.mongodb.internal.operation.SyncOperationHelper.lambda$withSourceAndConnection$0(SyncOperationHelper.java:131) ~[mongodb-driver-core-5.5.2.jar!/:na]
	at com.mongodb.internal.operation.SyncOperationHelper.withSuppliedResource(SyncOperationHelper.java:156) ~[mongodb-driver-core-5.5.2.jar!/:na]
	at com.mongodb.internal.operation.SyncOperationHelper.lambda$withSourceAndConnection$1(SyncOperationHelper.java:130) ~[mongodb-driver-core-5.5.2.jar!/:na]
	at com.mongodb.internal.operation.SyncOperationHelper.withSuppliedResource(SyncOperationHelper.java:156) ~[mongodb-driver-core-5.5.2.jar!/:na]
	at com.mongodb.internal.operation.SyncOperationHelper.withSourceAndConnection(SyncOperationHelper.java:129) ~[mongodb-driver-core-5.5.2.jar!/:na]
	at com.mongodb.internal.operation.SyncOperationHelper.lambda$executeRetryableWrite$11(SyncOperationHelper.java:252) ~[mongodb-driver-core-5.5.2.jar!/:na]
	at com.mongodb.internal.operation.SyncOperationHelper.lambda$decorateWriteWithRetries$12(SyncOperationHelper.java:308) ~[mongodb-driver-core-5.5.2.jar!/:na]
	at com.mongodb.internal.async.function.RetryingSyncSupplier.get(RetryingSyncSupplier.java:67) ~[mongodb-driver-core-5.5.2.jar!/:na]
	at com.mongodb.internal.operation.SyncOperationHelper.executeRetryableWrite(SyncOperationHelper.java:279) ~[mongodb-driver-core-5.5.2.jar!/:na]
	at com.mongodb.internal.operation.BaseFindAndModifyOperation.execute(BaseFindAndModifyOperation.java:73) ~[mongodb-driver-core-5.5.2.jar!/:na]
	at com.mongodb.client.internal.MongoClusterImpl$OperationExecutorImpl.execute(MongoClusterImpl.java:446) ~[mongodb-driver-sync-5.5.2.jar!/:na]
	at com.mongodb.client.internal.MongoCollectionImpl.executeFindOneAndUpdate(MongoCollectionImpl.java:786) ~[mongodb-driver-sync-5.5.2.jar!/:na]
	at com.mongodb.client.internal.MongoCollectionImpl.findOneAndUpdate(MongoCollectionImpl.java:765) ~[mongodb-driver-sync-5.5.2.jar!/:na]
	at org.springframework.data.mongodb.core.MongoTemplate$FindAndModifyCallback.doInCollection(MongoTemplate.java:3227) ~[spring-data-mongodb-4.5.13.jar!/:4.5.13]
	at org.springframework.data.mongodb.core.MongoTemplate$FindAndModifyCallback.doInCollection(MongoTemplate.java:3185) ~[spring-data-mongodb-4.5.13.jar!/:4.5.13]
	at org.springframework.data.mongodb.core.MongoTemplate.executeFindOneInternal(MongoTemplate.java:2912) ~[spring-data-mongodb-4.5.13.jar!/:4.5.13]
	... 30 common frames omitted
	Suppressed: com.mongodb.MongoInterruptedException: Interrupted waiting for lock
		at com.mongodb.internal.thread.InterruptionUtil.interruptAndCreateMongoInterruptedException(InterruptionUtil.java:41) ~[mongodb-driver-core-5.5.2.jar!/:na]
		at com.mongodb.internal.Locks.lockInterruptibly(Locks.java:92) ~[mongodb-driver-core-5.5.2.jar!/:na]
		at com.mongodb.internal.Locks.checkedWithInterruptibleLock(Locks.java:80) ~[mongodb-driver-core-5.5.2.jar!/:na]
		at com.mongodb.internal.Locks.withInterruptibleLock(Locks.java:75) ~[mongodb-driver-core-5.5.2.jar!/:na]
		at com.mongodb.internal.Locks.withInterruptibleLock(Locks.java:68) ~[mongodb-driver-core-5.5.2.jar!/:na]
		at com.mongodb.internal.connection.BaseCluster.withLock(BaseCluster.java:252) ~[mongodb-driver-core-5.5.2.jar!/:na]
		at com.mongodb.internal.connection.SingleServerCluster.withLock(SingleServerCluster.java:47) ~[mongodb-driver-core-5.5.2.jar!/:na]
		at com.mongodb.internal.connection.DefaultSdamServerDescriptionManager.handleExceptionAfterHandshake(DefaultSdamServerDescriptionManager.java:92) ~[mongodb-driver-core-5.5.2.jar!/:na]
		at com.mongodb.internal.connection.DefaultServer$DefaultServerProtocolExecutor.execute(DefaultServer.java:211) ~[mongodb-driver-core-5.5.2.jar!/:na]
		... 51 common frames omitted
	Caused by: java.lang.InterruptedException
		at java.base/java.util.concurrent.locks.ReentrantLock$Sync.lockInterruptibly(Unknown Source)
		at java.base/java.util.concurrent.locks.ReentrantLock.lockInterruptibly(Unknown Source)
		at com.mongodb.internal.Locks.lockInterruptibly(Locks.java:90)
		... 58 common frames omitted
Caused by: java.lang.InterruptedException
	at java.base/java.util.concurrent.locks.ReentrantLock$Sync.lockInterruptibly(Unknown Source) ~[na:na]
	at java.base/java.util.concurrent.locks.ReentrantLock.lockInterruptibly(Unknown Source) ~[na:na]
	at com.mongodb.internal.Locks.lockInterruptibly(Locks.java:90) ~[mongodb-driver-core-5.5.2.jar!/:na]
	... 64 common frames omitted

2026-09-30T09:29:06.129Z  WARN 119 --- [agilityhub-core-api] [           main] o.a.pdfbox.pdmodel.font.PDType1Font      : Using fallback font LiberationSans for base font Helvetica
2026-09-30T09:29:06.239Z  WARN 119 --- [agilityhub-core-api] [           main] o.a.pdfbox.pdmodel.font.PDType1Font      : Using fallback font LiberationSans for base font Helvetica
2026-09-30T09:29:06.251Z  WARN 119 --- [agilityhub-core-api] [           main] o.a.pdfbox.pdmodel.font.PDType1Font      : Using fallback font LiberationSans for base font Helvetica
2026-09-30T09:29:06.261Z  WARN 119 --- [agilityhub-core-api] [           main] o.a.pdfbox.pdmodel.font.PDType1Font      : Using fallback font LiberationSans for base font Helvetica
2026-09-30T09:29:06.271Z  WARN 119 --- [agilityhub-core-api] [           main] o.a.pdfbox.pdmodel.font.PDType1Font      : Using fallback font LiberationSans for base font Helvetica
2026-09-30T09:29:06.282Z  WARN 119 --- [agilityhub-core-api] [           main] o.a.pdfbox.pdmodel.font.PDType1Font      : Using fallback font LiberationSans for base font Helvetica
2026-09-30T09:29:06.292Z  WARN 119 --- [agilityhub-core-api] [           main] o.a.pdfbox.pdmodel.font.PDType1Font      : Using fallback font LiberationSans for base font Helvetica
{activeMembers=184, pendingMembers=3, inactiveMembers=4, leftMembers=3, members=194, dogs=246, familyGroups=12, activeDogs=242, pendingDogs=3, inactiveDogs=1, instructors=3, administrators=2, receivedDocuments=7, pendingDocuments=239}
452 changes (demo seed)
2026-09-30T09:29:08.507Z  WARN 119 --- [agilityhub-core-api] [           main] o.a.pdfbox.pdmodel.font.PDType1Font      : Using fallback font LiberationSans for base font Helvetica
{templateClasses=39, templates=3, weeks=3, generatedClasses=102, validatedWeeks=2, looseClasses=1, ringBlocks=1, scenarioRingBlocks=0, attendanceHistoryClasses=0, riskCancellations=1, classBookings=23, classWaitlist=3, activities=4, publishedActivities=3, activityRegistrations=44, activityWaitlist=2, activityFiles=2, scenarioActivityRegistrations=0, scenarioClassBookings=0, scenarioCancellations=0, scenarioWaitlist=0, scenarioOffers=0, scenarioRiskExempt=0, scenarioBookingBlocks=0, attendanceRenamed=0, attendanceLevelChanges=0, followupNotes=0, attendanceBookings=0, attendanceWaitlist=0, attendanceMarks=0, attendanceCancellations=0, attendanceNoShowBatches=0, followupTasks=0, followupTaskAttachments=0, followupObservations=0, scenarioTrainingOverrides=0, scenarioTrainingBookings=0, trainingHistoryOverrides=0, trainingHistoryBookings=0}
233 changes (demo planning, week start 2026-09-28)
