
> agilityhub-core-web@0.0.0 e2e:core /Users/jordib/dev/agilityhub/agilityhub-core-web
> bash scripts/e2e-core.sh

 Network agilityhub-e3-w03-final_default Creating 
 Volume agilityhub-e3-w03-final_export-files Creating 
 Volume agilityhub-e3-w03-final_export-files Creating 
 Network agilityhub-e3-w03-final_default Creating 
 Volume agilityhub-e3-w03-final_mailbox Creating 
 Volume agilityhub-e3-w03-final_mailbox Creating 
 Volume agilityhub-e3-w03-final_mongo-data Creating 
 Volume agilityhub-e3-w03-final_mongo-data Creating 
 Volume agilityhub-e3-w03-final_mailbox Created 
 Volume agilityhub-e3-w03-final_mailbox Created 
 Volume agilityhub-e3-w03-final_export-files Created 
 Volume agilityhub-e3-w03-final_export-files Created 
 Volume agilityhub-e3-w03-final_mongo-data Created 
 Volume agilityhub-e3-w03-final_mongo-data Created 
 Network agilityhub-e3-w03-final_default Created 
 Network agilityhub-e3-w03-final_default Created 
 Container agilityhub-e3-w03-final-mongo-1 Creating 
 Container agilityhub-e3-w03-final-mongo-1 Created 
 Container agilityhub-e3-w03-final-seed-1 Creating 
 Container agilityhub-e3-w03-final-seed-1 Created 
 Container agilityhub-e3-w03-final-activate-demo-club-1 Creating 
 Container agilityhub-e3-w03-final-activate-demo-club-1 Created 
 Container agilityhub-e3-w03-final-core-1 Creating 
 Container agilityhub-e3-w03-final-core-1 Created 
 Container agilityhub-e3-w03-final-mongo-1 Starting 
 Container agilityhub-e3-w03-final-mongo-1 Started 
 Container agilityhub-e3-w03-final-mongo-1 Waiting 
 Container agilityhub-e3-w03-final-mongo-1 Healthy 
 Container agilityhub-e3-w03-final-seed-1 Starting 
 Container agilityhub-e3-w03-final-seed-1 Started 
 Container agilityhub-e3-w03-final-seed-1 Waiting 
 Container agilityhub-e3-w03-final-seed-1 Exited 
 Container agilityhub-e3-w03-final-activate-demo-club-1 Starting 
 Container agilityhub-e3-w03-final-activate-demo-club-1 Started 
 Container agilityhub-e3-w03-final-mongo-1 Waiting 
 Container agilityhub-e3-w03-final-activate-demo-club-1 Waiting 
 Container agilityhub-e3-w03-final-activate-demo-club-1 Exited 
 Container agilityhub-e3-w03-final-mongo-1 Healthy 
 Container agilityhub-e3-w03-final-core-1 Starting 
 Container agilityhub-e3-w03-final-core-1 Started 
 Container agilityhub-e3-w03-final-mongo-1 Waiting 
 Container agilityhub-e3-w03-final-seed-1 Waiting 
 Container agilityhub-e3-w03-final-activate-demo-club-1 Waiting 
 Container agilityhub-e3-w03-final-core-1 Waiting 
 Container agilityhub-e3-w03-final-activate-demo-club-1 Exited 
 Container agilityhub-e3-w03-final-seed-1 Exited 
 Container agilityhub-e3-w03-final-mongo-1 Healthy 
 Container agilityhub-e3-w03-final-core-1 Healthy 
 Container agilityhub-e3-w03-final-core-1 Running 
 Container agilityhub-e3-w03-final-mongo-1 Running 
 Container agilityhub-e3-w03-final-mongo-1 Waiting 
 Container agilityhub-e3-w03-final-mongo-1 Healthy 
 Container agilityhub-e3-w03-final-seed-1 Starting 
 Container agilityhub-e3-w03-final-seed-1 Started 
 Container agilityhub-e3-w03-final-seed-1 Waiting 
 Container agilityhub-e3-w03-final-seed-1 Exited 
 Container agilityhub-e3-w03-final-activate-demo-club-1 Starting 
 Container agilityhub-e3-w03-final-activate-demo-club-1 Started 
 Container agilityhub-e3-w03-final-mongo-1 Waiting 
 Container agilityhub-e3-w03-final-activate-demo-club-1 Waiting 
 Container agilityhub-e3-w03-final-activate-demo-club-1 Exited 
 Container agilityhub-e3-w03-final-mongo-1 Healthy 
 Container agilityhub-e3-w03-final-core-1 Waiting 
 Container agilityhub-e3-w03-final-core-1 Healthy 
 Container agilityhub-e3-w03-final-playwright-run-434a0839d4b7 Creating 
 Container agilityhub-e3-w03-final-playwright-run-434a0839d4b7 Created 
! Corepack is about to download https://registry.npmjs.org/pnpm/-/pnpm-9.15.9.tgz
 WARN  Unsupported engine: wanted: {"node":">=22 <23"} (current: {"node":"v24.20.0","pnpm":"9.15.9"})
(node:20) [DEP0169] DeprecationWarning: `url.parse()` behavior is not standardized and prone to errors that have security implications. Use the WHATWG URL API instead. CVEs are not issued for `url.parse()` vulnerabilities.
(Use `node --trace-deprecation ...` to show where the warning was created)
Scope: all 9 workspace projects
Lockfile is up to date, resolution step is skipped
Progress: resolved 1, reused 0, downloaded 0, added 0
Packages: +850
++++++++++++++++++++++++++++++++++++++++++++++++++++++++++++++++++++++++++++++++
Progress: resolved 850, reused 0, downloaded 90, added 0
Progress: resolved 850, reused 0, downloaded 244, added 244
Progress: resolved 850, reused 0, downloaded 405, added 405
Progress: resolved 850, reused 0, downloaded 500, added 500
Progress: resolved 850, reused 0, downloaded 529, added 529
Progress: resolved 850, reused 0, downloaded 543, added 543
Progress: resolved 850, reused 0, downloaded 551, added 551
Progress: resolved 850, reused 0, downloaded 596, added 595
Progress: resolved 850, reused 0, downloaded 663, added 663
Progress: resolved 850, reused 0, downloaded 728, added 728
Progress: resolved 850, reused 0, downloaded 784, added 784
Progress: resolved 850, reused 0, downloaded 847, added 847
Progress: resolved 850, reused 0, downloaded 849, added 849
Progress: resolved 850, reused 0, downloaded 850, added 849
Progress: resolved 850, reused 0, downloaded 850, added 850, done
.../node_modules/msw postinstall$ node -e "import('./config/scripts/postinstall.js').catch(() => void 0)"
.../node_modules/unrs-resolver postinstall$ node postinstall.js
.../esbuild@0.25.12/node_modules/esbuild postinstall$ node install.js
.../node_modules/msw postinstall: Done
.../node_modules/unrs-resolver postinstall: Done
.../esbuild@0.25.12/node_modules/esbuild postinstall: Done

devDependencies:
+ @commitlint/cli 21.2.2
+ @commitlint/config-conventional 21.2.2
+ @eslint/css 2.0.0
+ @eslint/js 9.39.5
+ @playwright/test 1.63.0
+ @size-limit/file 13.0.3
+ @types/node 24.13.3
+ eslint 9.39.5
+ eslint-import-resolver-typescript 4.4.5
+ eslint-plugin-import 2.32.0
+ eslint-plugin-jsx-a11y 6.10.2
+ eslint-plugin-react 7.37.5
+ eslint-plugin-react-hooks 7.1.1
+ globals 17.12.0
+ husky 9.1.7
+ i18next-parser 9.4.0
+ lint-staged 17.5.0
+ msw 2.15.0
+ prettier 3.9.6
+ size-limit 13.0.3
+ turbo 2.10.12
+ typescript 5.9.3
+ typescript-eslint 8.69.0

. prepare$ node packages/config/scripts/prepare-husky.mjs
. prepare: .git can't be found
. prepare: Done
Done in 17.1s using pnpm v9.15.9

[WebServer] (node:133) [DEP0169] DeprecationWarning: `url.parse()` behavior is not standardized and prone to errors that have security implications. Use the WHATWG URL API instead. CVEs are not issued for `url.parse()` vulnerabilities.
[WebServer] (Use `node --trace-deprecation ...` to show where the warning was created)

[WebServer] (node:213) [DEP0169] DeprecationWarning: `url.parse()` behavior is not standardized and prone to errors that have security implications. Use the WHATWG URL API instead. CVEs are not issued for `url.parse()` vulnerabilities.
[WebServer] (Use `node --trace-deprecation ...` to show where the warning was created)

[WebServer] (node:311) [DEP0169] DeprecationWarning: `url.parse()` behavior is not standardized and prone to errors that have security implications. Use the WHATWG URL API instead. CVEs are not issued for `url.parse()` vulnerabilities.
[WebServer] (Use `node --trace-deprecation ...` to show where the warning was created)

Running 14 tests using 1 worker

[1/14] e2e/core/e1-core.spec.ts:154:5 › T-01-18 password login reaches the seeded account
[2/14] e2e/core/e1-core.spec.ts:170:5 › T-01-21 seeded administrator opens the real backoffice
[3/14] e2e/core/e1-core.spec.ts:186:5 › T-01-20 club session is restored by the core
[4/14] e2e/core/e1-core.spec.ts:209:5 › T-01-19 magic link is delivered and exchanged end to end
[5/14] e2e/core/e1-core.spec.ts:231:5 › T-01-26 published seed enters without pending onboarding
[6/14] e2e/core/e1-core.spec.ts:241:5 › T-01-22 apps/id resumes a real authorize flow through oauth2/session
[7/14] e2e/core/e2-core.spec.ts:204:5 › T-03-42 real census flow, booking block and member profile
[8/14] e2e/core/e2-core.spec.ts:335:5 › T-05-22/T-05-25 real catalog create, edit and deactivate round trips
[9/14] e2e/core/e2-core.spec.ts:419:5 › T-02-13/T-14-26 real parameter history, export and audit
[10/14] e2e/core/e2-core.spec.ts:482:5 › T-05-CP-07 real club page edit renders styled Markdown on screen 30
[11/14] e2e/core/e3-signup.spec.ts:273:5 › T-04-34 public signup is validated and enters through the N-02 welcome link
[12/14] e2e/core/e3-signup.spec.ts:336:5 › T-04-34 rejected signup delivers N-03
  1) e2e/core/e3-signup.spec.ts:336:5 › T-04-34 rejected signup delivers N-03 ──────────────────────

    Error: expect(received).toBe(expected) // Object.is equality

    Expected: 200
    Received: 429

      72 |   );
      73 |   await page.getByRole("button", { exact: true, name: "ENTRA" }).click({ noWaitAfter: true });
    > 74 |   expect((await tokenResponse).status()).toBe(200);
         |                                          ^
      75 | }
      76 |
      77 | async function loginAdmin(page: Page): Promise<void> {
        at submitPasswordLogin (/work/e2e/core/e3-signup.spec.ts:74:42)
        at loginAdmin (/work/e2e/core/e3-signup.spec.ts:83:3)
        at /work/e2e/core/e3-signup.spec.ts:355:3

    Error Context: test-results/core-e1/e3-signup-T-04-34-rejected-signup-delivers-N-03/error-context.md

    attachment #2: trace (application/zip) ─────────────────────────────────────────────────────────
    test-results/core-e1/e3-signup-T-04-34-rejected-signup-delivers-N-03/trace.zip
    Usage:

        pnpm exec playwright show-trace test-results/core-e1/e3-signup-T-04-34-rejected-signup-delivers-N-03/trace.zip

    ────────────────────────────────────────────────────────────────────────────────────────────────


[13/14] e2e/core/e3-signup.spec.ts:377:5 › T-04-34 active member adds a dog and the club validates it
[14/14] e2e/core/e3-signup.spec.ts:420:5 › T-04-34 signup.enabled=false shows only the configured closed text
  1 failed
    e2e/core/e3-signup.spec.ts:336:5 › T-04-34 rejected signup delivers N-03 ───────────────────────
  2 did not run
  11 passed (30.8s)

 ELIFECYCLE  Command failed with exit code 1.
