
> agilityhub-core-web@0.0.0 e2e:core /Users/jordib/dev/agilityhub/agilityhub-core-web
> bash scripts/e2e-core.sh

 Volume agilityhub-e3-w03-final_mailbox Creating 
 Volume agilityhub-e3-w03-final_mailbox Creating 
 Volume agilityhub-e3-w03-final_mongo-data Creating 
 Volume agilityhub-e3-w03-final_mongo-data Creating 
 Network agilityhub-e3-w03-final_default Creating 
 Network agilityhub-e3-w03-final_default Creating 
 Volume agilityhub-e3-w03-final_export-files Creating 
 Volume agilityhub-e3-w03-final_export-files Creating 
 Volume agilityhub-e3-w03-final_mailbox Created 
 Volume agilityhub-e3-w03-final_mailbox Created 
 Volume agilityhub-e3-w03-final_mongo-data Created 
 Volume agilityhub-e3-w03-final_mongo-data Created 
 Volume agilityhub-e3-w03-final_export-files Created 
 Volume agilityhub-e3-w03-final_export-files Created 
 Network agilityhub-e3-w03-final_default Created 
 Network agilityhub-e3-w03-final_default Created 
 Container agilityhub-e3-w03-final-mongo-1 Creating 
 Container agilityhub-e3-w03-final-mongo-1 Created 
 Container agilityhub-e3-w03-final-seed-1 Creating 
 Container agilityhub-e3-w03-final-seed-1 Created 
 Container agilityhub-e3-w03-final-activate-demo-club-1 Creating 
 Container agilityhub-e3-w03-final-activate-demo-club-1 Created 
 Container agilityhub-e3-w03-final-core-1 Creating 
 Container agilityhub-e3-w03-final-core-1 Created 
 Container agilityhub-e3-w03-final-mongo-1 Starting 
 Container agilityhub-e3-w03-final-mongo-1 Started 
 Container agilityhub-e3-w03-final-mongo-1 Waiting 
 Container agilityhub-e3-w03-final-mongo-1 Healthy 
 Container agilityhub-e3-w03-final-seed-1 Starting 
 Container agilityhub-e3-w03-final-seed-1 Started 
 Container agilityhub-e3-w03-final-seed-1 Waiting 
 Container agilityhub-e3-w03-final-seed-1 Exited 
 Container agilityhub-e3-w03-final-activate-demo-club-1 Starting 
 Container agilityhub-e3-w03-final-activate-demo-club-1 Started 
 Container agilityhub-e3-w03-final-activate-demo-club-1 Waiting 
 Container agilityhub-e3-w03-final-mongo-1 Waiting 
 Container agilityhub-e3-w03-final-activate-demo-club-1 Exited 
 Container agilityhub-e3-w03-final-mongo-1 Healthy 
 Container agilityhub-e3-w03-final-core-1 Starting 
 Container agilityhub-e3-w03-final-core-1 Started 
 Container agilityhub-e3-w03-final-seed-1 Waiting 
 Container agilityhub-e3-w03-final-activate-demo-club-1 Waiting 
 Container agilityhub-e3-w03-final-core-1 Waiting 
 Container agilityhub-e3-w03-final-mongo-1 Waiting 
 Container agilityhub-e3-w03-final-seed-1 Exited 
 Container agilityhub-e3-w03-final-activate-demo-club-1 Exited 
 Container agilityhub-e3-w03-final-mongo-1 Healthy 
 Container agilityhub-e3-w03-final-core-1 Healthy 
 Container agilityhub-e3-w03-final-core-1 Running 
 Container agilityhub-e3-w03-final-mongo-1 Running 
 Container agilityhub-e3-w03-final-mongo-1 Waiting 
 Container agilityhub-e3-w03-final-mongo-1 Healthy 
 Container agilityhub-e3-w03-final-seed-1 Starting 
 Container agilityhub-e3-w03-final-seed-1 Started 
 Container agilityhub-e3-w03-final-seed-1 Waiting 
 Container agilityhub-e3-w03-final-seed-1 Exited 
 Container agilityhub-e3-w03-final-activate-demo-club-1 Starting 
 Container agilityhub-e3-w03-final-activate-demo-club-1 Started 
 Container agilityhub-e3-w03-final-mongo-1 Waiting 
 Container agilityhub-e3-w03-final-activate-demo-club-1 Waiting 
 Container agilityhub-e3-w03-final-activate-demo-club-1 Exited 
 Container agilityhub-e3-w03-final-mongo-1 Healthy 
 Container agilityhub-e3-w03-final-core-1 Waiting 
 Container agilityhub-e3-w03-final-core-1 Healthy 
 Container agilityhub-e3-w03-final-playwright-run-9c518f5b41da Creating 
 Container agilityhub-e3-w03-final-playwright-run-9c518f5b41da Created 
! Corepack is about to download https://registry.npmjs.org/pnpm/-/pnpm-9.15.9.tgz
 WARN  Unsupported engine: wanted: {"node":">=22 <23"} (current: {"node":"v24.20.0","pnpm":"9.15.9"})
(node:20) [DEP0169] DeprecationWarning: `url.parse()` behavior is not standardized and prone to errors that have security implications. Use the WHATWG URL API instead. CVEs are not issued for `url.parse()` vulnerabilities.
(Use `node --trace-deprecation ...` to show where the warning was created)
Scope: all 9 workspace projects
Lockfile is up to date, resolution step is skipped
Progress: resolved 1, reused 0, downloaded 0, added 0
Packages: +850
++++++++++++++++++++++++++++++++++++++++++++++++++++++++++++++++++++++++++++++++
Progress: resolved 850, reused 0, downloaded 88, added 88
Progress: resolved 850, reused 0, downloaded 217, added 217
Progress: resolved 850, reused 0, downloaded 375, added 375
Progress: resolved 850, reused 0, downloaded 518, added 518
Progress: resolved 850, reused 0, downloaded 536, added 536
Progress: resolved 850, reused 0, downloaded 549, added 549
Progress: resolved 850, reused 0, downloaded 593, added 593
Progress: resolved 850, reused 0, downloaded 607, added 607
Progress: resolved 850, reused 0, downloaded 623, added 623
Progress: resolved 850, reused 0, downloaded 717, added 717
Progress: resolved 850, reused 0, downloaded 777, added 777
Progress: resolved 850, reused 0, downloaded 840, added 840
Progress: resolved 850, reused 0, downloaded 845, added 845
Progress: resolved 850, reused 0, downloaded 849, added 849
Progress: resolved 850, reused 0, downloaded 850, added 849
Progress: resolved 850, reused 0, downloaded 850, added 850, done
.../node_modules/msw postinstall$ node -e "import('./config/scripts/postinstall.js').catch(() => void 0)"
.../node_modules/unrs-resolver postinstall$ node postinstall.js
.../esbuild@0.25.12/node_modules/esbuild postinstall$ node install.js
.../node_modules/msw postinstall: Done
.../node_modules/unrs-resolver postinstall: Done
.../esbuild@0.25.12/node_modules/esbuild postinstall: Done

devDependencies:
+ @commitlint/cli 21.2.2
+ @commitlint/config-conventional 21.2.2
+ @eslint/css 2.0.0
+ @eslint/js 9.39.5
+ @playwright/test 1.63.0
+ @size-limit/file 13.0.3
+ @types/node 24.13.3
+ eslint 9.39.5
+ eslint-import-resolver-typescript 4.4.5
+ eslint-plugin-import 2.32.0
+ eslint-plugin-jsx-a11y 6.10.2
+ eslint-plugin-react 7.37.5
+ eslint-plugin-react-hooks 7.1.1
+ globals 17.12.0
+ husky 9.1.7
+ i18next-parser 9.4.0
+ lint-staged 17.5.0
+ msw 2.15.0
+ prettier 3.9.6
+ size-limit 13.0.3
+ turbo 2.10.12
+ typescript 5.9.3
+ typescript-eslint 8.69.0

. prepare$ node packages/config/scripts/prepare-husky.mjs
. prepare: .git can't be found
. prepare: Done
Done in 17.2s using pnpm v9.15.9
[WebServer] (node:134) [DEP0169] DeprecationWarning: `url.parse()` behavior is not standardized and prone to errors that have security implications. Use the WHATWG URL API instead. CVEs are not issued for `url.parse()` vulnerabilities.
[WebServer] (Use `node --trace-deprecation ...` to show where the warning was created)


[WebServer] (node:214) [DEP0169] DeprecationWarning: `url.parse()` behavior is not standardized and prone to errors that have security implications. Use the WHATWG URL API instead. CVEs are not issued for `url.parse()` vulnerabilities.
[WebServer] (Use `node --trace-deprecation ...` to show where the warning was created)

[WebServer] (node:312) [DEP0169] DeprecationWarning: `url.parse()` behavior is not standardized and prone to errors that have security implications. Use the WHATWG URL API instead. CVEs are not issued for `url.parse()` vulnerabilities.
[WebServer] (Use `node --trace-deprecation ...` to show where the warning was created)

Running 14 tests using 1 worker

[1/14] e2e/core/e1-core.spec.ts:154:5 › T-01-18 password login reaches the seeded account
[2/14] e2e/core/e1-core.spec.ts:170:5 › T-01-21 seeded administrator opens the real backoffice
[3/14] e2e/core/e1-core.spec.ts:186:5 › T-01-20 club session is restored by the core
[4/14] e2e/core/e1-core.spec.ts:209:5 › T-01-19 magic link is delivered and exchanged end to end
[5/14] e2e/core/e1-core.spec.ts:231:5 › T-01-26 published seed enters without pending onboarding
[6/14] e2e/core/e1-core.spec.ts:241:5 › T-01-22 apps/id resumes a real authorize flow through oauth2/session
[7/14] e2e/core/e2-core.spec.ts:204:5 › T-03-42 real census flow, booking block and member profile
[8/14] e2e/core/e2-core.spec.ts:335:5 › T-05-22/T-05-25 real catalog create, edit and deactivate round trips
[9/14] e2e/core/e2-core.spec.ts:419:5 › T-02-13/T-14-26 real parameter history, export and audit
[10/14] e2e/core/e2-core.spec.ts:482:5 › T-05-CP-07 real club page edit renders styled Markdown on screen 30
[11/14] e2e/core/e3-signup.spec.ts:338:5 › T-04-34 public signup is validated and enters through the N-02 welcome link
  1) e2e/core/e3-signup.spec.ts:338:5 › T-04-34 public signup is validated and enters through the N-02 welcome link 

    Error: expect(received).toBe(expected) // Object.is equality

    Expected: 200
    Received: 429

      139 |   );
      140 |   await page.goto(`${clubsUrl}${path}`);
    > 141 |   expect((await refreshResponse).status()).toBe(200);
          |                                            ^
      142 |   expect((await meResponse).status()).toBe(200);
      143 |   await expect(page).toHaveURL(new RegExp(`${path}$`, "u"));
      144 | }
        at navigateClubRoute (/work/e2e/core/e3-signup.spec.ts:141:44)
        at /work/e2e/core/e3-signup.spec.ts:439:3

    Error: page.waitForResponse: Test ended.

      135 |         "refresh_token",
      136 |   );
    > 137 |   const meResponse = page.waitForResponse(
          |                           ^
      138 |     (response) => response.url().endsWith("/api/v1/me") && response.request().method() === "GET",
      139 |   );
      140 |   await page.goto(`${clubsUrl}${path}`);
        at navigateClubRoute (/work/e2e/core/e3-signup.spec.ts:137:27)
        at /work/e2e/core/e3-signup.spec.ts:439:9

    Error Context: test-results/core-e1/e3-signup-T-04-34-public-s-a9ba9-rough-the-N-02-welcome-link/error-context.md

    attachment #2: trace (application/zip) ─────────────────────────────────────────────────────────
    test-results/core-e1/e3-signup-T-04-34-public-s-a9ba9-rough-the-N-02-welcome-link/trace.zip
    Usage:

        pnpm exec playwright show-trace test-results/core-e1/e3-signup-T-04-34-public-s-a9ba9-rough-the-N-02-welcome-link/trace.zip

    ────────────────────────────────────────────────────────────────────────────────────────────────


[12/14] e2e/core/e3-signup.spec.ts:505:5 › T-04-34 rejected signup delivers N-03
[13/14] e2e/core/e3-signup.spec.ts:512:5 › T-04-34 active member adds a dog and the club validates it
[14/14] e2e/core/e3-signup.spec.ts:516:5 › T-04-34 signup.enabled=false shows only the configured closed text
  1 failed
    e2e/core/e3-signup.spec.ts:338:5 › T-04-34 public signup is validated and enters through the N-02 welcome link 
  3 did not run
  10 passed (29.8s)

 ELIFECYCLE  Command failed with exit code 1.
