• turbo 2.10.12

   • Packages in scope: @agilityhub/api-client, @agilityhub/auth, @agilityhub/config, @agilityhub/i18n, @agilityhub/ui, clubs, clubs-admin, id
   • Running lint, typecheck, test, build in 8 packages
   • Remote caching disabled

@agilityhub/auth:lint: cache hit, replaying logs 124b2e03cc508bda
@agilityhub/auth:lint: 
@agilityhub/auth:lint: > @agilityhub/auth@0.0.0 lint /Users/jordib/dev/agilityhub/agilityhub-core-web/packages/auth
@agilityhub/auth:lint: > eslint src --max-warnings 0 --config ../../eslint.config.mjs
@agilityhub/auth:lint: 
@agilityhub/api-client:lint: cache hit, replaying logs 4e5c102ffb0a3e27
clubs-admin:lint: cache hit, replaying logs 1de206c06594d5f8
@agilityhub/ui:lint: cache hit, replaying logs 26347daa693eb8af
id:lint: cache hit, replaying logs e72f0ee3bae6b9fe
@agilityhub/config:typecheck: cache hit, replaying logs d963af231b5e6a98
clubs-admin:lint: 
clubs-admin:lint: > clubs-admin@0.0.0 lint /Users/jordib/dev/agilityhub/agilityhub-core-web/apps/clubs-admin
@agilityhub/ui:test: cache hit, replaying logs 39ae09127d2fa28f
@agilityhub/config:typecheck: 
@agilityhub/config:typecheck: > @agilityhub/config@0.0.0 typecheck /Users/jordib/dev/agilityhub/agilityhub-core-web/packages/config
@agilityhub/api-client:test: cache hit, replaying logs d2e042ecf3e71dc4
@agilityhub/api-client:typecheck: cache hit, replaying logs 54954368a24f42ce
clubs-admin:lint: > eslint . --max-warnings 0 --config ../../eslint.config.mjs
clubs-admin:lint: 
@agilityhub/i18n:lint: cache hit, replaying logs 501ae449ded6149d
@agilityhub/config:typecheck: > node --check eslint.config.mjs && node --check prettier.config.mjs && node --check scripts/prepare-husky.mjs
@agilityhub/config:typecheck: 
@agilityhub/api-client:lint: 
@agilityhub/api-client:lint: > @agilityhub/api-client@0.0.0 lint /Users/jordib/dev/agilityhub/agilityhub-core-web/packages/api-client
@agilityhub/api-client:lint: > eslint src --ignore-pattern src/generated/** --max-warnings 0 --config ../../eslint.config.mjs
@agilityhub/api-client:lint: 
@agilityhub/api-client:test: 
@agilityhub/api-client:test: > @agilityhub/api-client@0.0.0 test /Users/jordib/dev/agilityhub/agilityhub-core-web/packages/api-client
@agilityhub/api-client:typecheck: 
@agilityhub/api-client:test: > vitest run
@agilityhub/api-client:test: 
@agilityhub/api-client:test: 
@agilityhub/api-client:test:  RUN  v5.0.0 /Users/jordib/dev/agilityhub/agilityhub-core-web/packages/api-client
@agilityhub/api-client:test: 
@agilityhub/api-client:test:  ✓ src/club-pages.test.ts (1 test) 24ms
@agilityhub/api-client:test:  ✓ src/mocks/fixtures.contract.test.ts (15 tests) 415ms
@agilityhub/api-client:test:  ✓ src/index.test.ts (10 tests) 436ms
@agilityhub/api-client:test: 
@agilityhub/api-client:test:  Test Files  3 passed (3)
@agilityhub/api-client:test:       Tests  26 passed (26)
@agilityhub/api-client:test:    Start at  14:44:27
@agilityhub/api-client:test:    Duration  1.20s (tests 40%, transform 30%, import 29%)
@agilityhub/api-client:test: 
@agilityhub/api-client:typecheck: > @agilityhub/api-client@0.0.0 typecheck /Users/jordib/dev/agilityhub/agilityhub-core-web/packages/api-client
@agilityhub/api-client:typecheck: > tsc --noEmit
@agilityhub/api-client:typecheck: 
@agilityhub/ui:lint: 
@agilityhub/ui:lint: > @agilityhub/ui@0.0.0 lint /Users/jordib/dev/agilityhub/agilityhub-core-web/packages/ui
@agilityhub/config:lint: cache hit, replaying logs 9bfae1aac519771f
@agilityhub/ui:test: 
@agilityhub/ui:test: > @agilityhub/ui@0.0.0 test /Users/jordib/dev/agilityhub/agilityhub-core-web/packages/ui
@agilityhub/ui:test: > vitest run
@agilityhub/ui:test: 
@agilityhub/ui:test: 
@agilityhub/ui:lint: > eslint src --max-warnings 0 --config ../../eslint.config.mjs
@agilityhub/ui:lint: 
@agilityhub/config:lint: 
@agilityhub/config:lint: > @agilityhub/config@0.0.0 lint /Users/jordib/dev/agilityhub/agilityhub-core-web/packages/config
@agilityhub/ui:typecheck: cache hit, replaying logs c03ac20535ef171c
id:lint: 
id:lint: > id@0.0.0 lint /Users/jordib/dev/agilityhub/agilityhub-core-web/apps/id
id:lint: > eslint . --max-warnings 0 --config ../../eslint.config.mjs
@agilityhub/ui:typecheck: 
@agilityhub/ui:typecheck: > @agilityhub/ui@0.0.0 typecheck /Users/jordib/dev/agilityhub/agilityhub-core-web/packages/ui
@agilityhub/ui:typecheck: > tsc --noEmit
@agilityhub/config:lint: > eslint . --max-warnings 0 --config ../../eslint.config.mjs
id:lint: 
@agilityhub/i18n:lint: 
@agilityhub/i18n:lint: > @agilityhub/i18n@0.0.0 lint /Users/jordib/dev/agilityhub/agilityhub-core-web/packages/i18n
@agilityhub/ui:typecheck: 
@agilityhub/ui:test:  RUN  v5.0.0 /Users/jordib/dev/agilityhub/agilityhub-core-web/packages/ui
@agilityhub/ui:test: 
@agilityhub/ui:test:  ✓ src/universal-list.test.tsx (5 tests) 3ms
@agilityhub/ui:test:  ✓ src/index.test.ts (2 tests) 2ms
clubs:lint: cache hit, replaying logs 3ec98ef18a20b240
@agilityhub/config:lint: 
@agilityhub/ui:test:  ✓ src/branding.test.tsx (4 tests) 26ms
clubs:lint: 
clubs:lint: > clubs@0.0.0 lint /Users/jordib/dev/agilityhub/agilityhub-core-web/apps/clubs
clubs:lint: > eslint . --max-warnings 0 --config ../../eslint.config.mjs
clubs:lint: 
@agilityhub/i18n:lint: > eslint src --max-warnings 0 --config ../../eslint.config.mjs
@agilityhub/i18n:lint: 
@agilityhub/ui:test:  ✓ src/icons/Icon.test.tsx (1 test) 68ms
@agilityhub/ui:test:  ✓ src/limited-markdown.test.tsx (1 test) 100ms
@agilityhub/ui:test:  ✓ src/components.test.tsx (27 tests) 212ms
@agilityhub/ui:test: 
@agilityhub/ui:test:  Test Files  6 passed (6)
@agilityhub/ui:test:       Tests  40 passed (40)
@agilityhub/ui:test:    Start at  10:59:30
@agilityhub/ui:test:    Duration  1.74s (environment 67%, setup 17%, transform 9%, tests 5%, worker 1%, import 1%)
@agilityhub/ui:test: 
clubs-admin:build: cache miss, executing 1ee0df949e69b3ae
@agilityhub/i18n:typecheck: cache hit, replaying logs d1a2fab22e4efb43
@agilityhub/i18n:test: cache hit, replaying logs b4d7e62a03589014
@agilityhub/i18n:typecheck: 
@agilityhub/i18n:typecheck: > @agilityhub/i18n@0.0.0 typecheck /Users/jordib/dev/agilityhub/agilityhub-core-web/packages/i18n
@agilityhub/i18n:typecheck: > tsc --noEmit
@agilityhub/i18n:typecheck: 
id:build: cache hit, replaying logs a13da4ef60d026f6
clubs:build: cache hit, replaying logs c495aa0381e31029
@agilityhub/i18n:test: 
clubs:build: 
clubs:build: > clubs@0.0.0 build /Users/jordib/dev/agilityhub/agilityhub-core-web/apps/clubs
clubs:build: > tsc --noEmit && vite build
clubs:build: 
clubs:build: vite v8.2.2 building client environment for production...
clubs:build: transforming...
clubs:build: ✓ 419 modules transformed.
clubs:build: rendering chunks...
clubs:build: computing gzip size...
clubs:build: dist/registerSW.js                                        0.13 kB
clubs:build: dist/index.html                                           2.78 kB │ gzip:   0.97 kB
clubs:build: dist/assets/sprite-BOr1Ydze.svg                           5.78 kB │ gzip:   1.52 kB
clubs:build: dist/assets/montserrat-latin-600-normal-UVxSCcoG.woff2   18.68 kB
clubs:build: dist/assets/montserrat-latin-500-normal-DRFEGfly.woff2   18.74 kB
clubs:build: dist/assets/montserrat-latin-400-normal-BLhwKU8k.woff2   18.78 kB
@agilityhub/i18n:test: > @agilityhub/i18n@0.0.0 test /Users/jordib/dev/agilityhub/agilityhub-core-web/packages/i18n
@agilityhub/i18n:test: > vitest run
@agilityhub/i18n:test: 
@agilityhub/i18n:test: 
@agilityhub/i18n:test:  RUN  v5.0.0 /Users/jordib/dev/agilityhub/agilityhub-core-web/packages/i18n
id:build: 
id:build: > id@0.0.0 build /Users/jordib/dev/agilityhub/agilityhub-core-web/apps/id
id:build: > tsc --noEmit && vite build
id:build: 
id:build: vite v8.2.2 building client environment for production...
id:build: transforming...
id:build: ✓ 416 modules transformed.
@agilityhub/i18n:test: 
@agilityhub/i18n:test:  ✓ src/locale.test.ts (3 tests) 3ms
@agilityhub/i18n:test:  ✓ src/format.test.ts (8 tests) 21ms
@agilityhub/i18n:test:  ✓ src/index.test.ts (3 tests) 29ms
@agilityhub/auth:typecheck: cache hit, replaying logs eb4d341df8d6e4f0
@agilityhub/auth:test: cache hit, replaying logs 3605aa4668a77a45
id:build: rendering chunks...
id:build: computing gzip size...
id:build: dist/index.html                                           0.39 kB │ gzip:   0.26 kB
id:build: dist/assets/sprite-BOr1Ydze.svg                           5.78 kB │ gzip:   1.52 kB
@agilityhub/i18n:test: 
@agilityhub/i18n:test:  Test Files  3 passed (3)
clubs:build: dist/assets/montserrat-latin-700-normal-BdjcYUrC.woff2   18.82 kB
clubs:build: dist/assets/montserrat-latin-600-normal-CdhFl4lI.woff    20.54 kB
clubs:build: dist/assets/montserrat-latin-500-normal-Dok2oTci.woff    20.60 kB
clubs:build: dist/assets/montserrat-latin-400-normal-xItZbAXg.woff    20.64 kB
@agilityhub/auth:typecheck: 
@agilityhub/auth:typecheck: > @agilityhub/auth@0.0.0 typecheck /Users/jordib/dev/agilityhub/agilityhub-core-web/packages/auth
@agilityhub/auth:typecheck: > tsc --noEmit
id:build: dist/assets/montserrat-latin-600-normal-UVxSCcoG.woff2   18.68 kB
id:build: dist/assets/montserrat-latin-500-normal-DRFEGfly.woff2   18.74 kB
id:build: dist/assets/montserrat-latin-400-normal-BLhwKU8k.woff2   18.78 kB
id:build: dist/assets/montserrat-latin-700-normal-BdjcYUrC.woff2   18.82 kB
id:build: dist/assets/montserrat-latin-600-normal-CdhFl4lI.woff    20.54 kB
id:build: dist/assets/montserrat-latin-500-normal-Dok2oTci.woff    20.60 kB
id:build: dist/assets/montserrat-latin-400-normal-xItZbAXg.woff    20.64 kB
id:build: dist/assets/montserrat-latin-700-normal-BWkrl476.woff    20.67 kB
id:build: dist/assets/index-BeYaHehn.css                           33.55 kB │ gzip:   6.77 kB
id:build: dist/assets/common-wYdVdxup.js                            1.31 kB │ gzip:   0.70 kB
id:build: dist/assets/shell-aHeTXtRj.js                             1.31 kB │ gzip:   0.70 kB
id:build: dist/assets/shell-j-5bNr7h.js                             1.36 kB │ gzip:   0.78 kB
@agilityhub/auth:typecheck: 
clubs:build: dist/assets/montserrat-latin-700-normal-BWkrl476.woff    20.67 kB
@agilityhub/auth:test: 
@agilityhub/auth:test: > @agilityhub/auth@0.0.0 test /Users/jordib/dev/agilityhub/agilityhub-core-web/packages/auth
id:build: dist/assets/shell-CFpLUFsp.js                             1.39 kB │ gzip:   0.78 kB
id:build: dist/assets/common-CDNUIZ07.js                            1.40 kB │ gzip:   0.78 kB
id:build: dist/assets/common-swo0lJlA.js                            1.43 kB │ gzip:   0.79 kB
id:build: dist/assets/admin-dashboard-DEroKKpe.js                   1.50 kB │ gzip:   0.80 kB
id:build: dist/assets/admin-dashboard-C2DxNGts.js                   1.58 kB │ gzip:   0.88 kB
id:build: dist/assets/admin-dashboard-C7J1Sedq.js                   1.63 kB │ gzip:   0.89 kB
id:build: dist/assets/admin-audit-BZSQ9q1n.js                       2.88 kB │ gzip:   1.34 kB
id:build: dist/assets/id-cJQwgM2i.js                                2.89 kB │ gzip:   1.28 kB
id:build: dist/assets/id-Dio3OKNo.js                                3.04 kB │ gzip:   1.41 kB
id:build: dist/assets/id-Rnv2hXs4.js                                3.10 kB │ gzip:   1.42 kB
id:build: dist/assets/admin-audit-qNWjTa9T.js                       3.13 kB │ gzip:   1.49 kB
id:build: dist/assets/admin-audit-B9HrUHsS.js                       3.21 kB │ gzip:   1.51 kB
id:build: dist/assets/auth-B2g8lbGP.js                              4.30 kB │ gzip:   1.88 kB
id:build: dist/assets/signup-DVenis1D.js                            4.72 kB │ gzip:   2.22 kB
id:build: dist/assets/auth-CPbUJNgL.js                              4.74 kB │ gzip:   2.09 kB
id:build: dist/assets/auth-DjeifVuz.js                              4.80 kB │ gzip:   2.09 kB
id:build: dist/assets/signup-DNLtsJ8E.js                            4.98 kB │ gzip:   2.48 kB
id:build: dist/assets/signup-Cmt4S_ay.js                            5.05 kB │ gzip:   2.49 kB
id:build: dist/assets/admin-catalogs-DAQTDns9.js                    5.22 kB │ gzip:   1.95 kB
clubs:build: dist/assets/index-CAcp_Zij.css                           58.92 kB │ gzip:  10.24 kB
clubs:build: dist/assets/admin-dashboard-DEroKKpe.js                   1.50 kB │ gzip:   0.80 kB
clubs:build: dist/assets/admin-dashboard-C2DxNGts.js                   1.58 kB │ gzip:   0.88 kB
clubs:build: dist/assets/admin-dashboard-C7J1Sedq.js                   1.63 kB │ gzip:   0.89 kB
id:build: dist/assets/admin-catalogs-Coe9B6Bf.js                    5.48 kB │ gzip:   2.16 kB
id:build: dist/assets/admin-catalogs-CvR4YWAF.js                    5.68 kB │ gzip:   2.19 kB
id:build: dist/assets/census-2y4pkTWD.js                            5.96 kB │ gzip:   2.39 kB
id:build: dist/assets/census-CfjHQ4Uz.js                            6.29 kB │ gzip:   2.64 kB
id:build: dist/assets/census-C9vkPZEn.js                            6.47 kB │ gzip:   2.67 kB
id:build: dist/assets/admin-census-1EJBTIn-.js                      8.55 kB │ gzip:   3.38 kB
id:build: dist/assets/admin-census-Du0-IMyk.js                      9.01 kB │ gzip:   3.64 kB
@agilityhub/i18n:test:       Tests  14 passed (14)
@agilityhub/i18n:test:    Start at  14:44:27
@agilityhub/i18n:test:    Duration  548ms (transform 67%, import 23%, tests 8%, worker 1%)
@agilityhub/i18n:test: 
id:build: dist/assets/admin-census-DNahXOci.js                      9.32 kB │ gzip:   3.72 kB
clubs:build: dist/assets/admin-audit-BZSQ9q1n.js                       2.88 kB │ gzip:   1.34 kB
clubs:build: dist/assets/id-cJQwgM2i.js                                2.89 kB │ gzip:   1.28 kB
clubs:build: dist/assets/id-Dio3OKNo.js                                3.04 kB │ gzip:   1.41 kB
id:build: dist/assets/admin-settings-ed4raEOS.js                   17.01 kB │ gzip:   6.05 kB
id:build: dist/assets/admin-settings-DWM9_lDb.js                   18.15 kB │ gzip:   6.62 kB
id:build: dist/assets/admin-settings-D3Fbd__C.js                   18.51 kB │ gzip:   6.62 kB
clubs:build: dist/assets/id-Rnv2hXs4.js                                3.10 kB │ gzip:   1.42 kB
clubs:build: dist/assets/admin-audit-qNWjTa9T.js                       3.13 kB │ gzip:   1.49 kB
@agilityhub/auth:test: > vitest run
@agilityhub/auth:test: 
@agilityhub/auth:test: 
clubs:build: dist/assets/admin-audit-B9HrUHsS.js                       3.21 kB │ gzip:   1.51 kB
clubs:build: dist/assets/auth-B2g8lbGP.js                              4.30 kB │ gzip:   1.88 kB
clubs:build: dist/assets/signup-DVenis1D.js                            4.72 kB │ gzip:   2.22 kB
clubs:build: dist/assets/auth-CPbUJNgL.js                              4.74 kB │ gzip:   2.09 kB
clubs:build: dist/assets/auth-DjeifVuz.js                              4.80 kB │ gzip:   2.09 kB
@agilityhub/auth:test:  RUN  v5.0.0 /Users/jordib/dev/agilityhub/agilityhub-core-web/packages/auth
@agilityhub/auth:test: 
@agilityhub/auth:test:  ✓ src/auth-client.test.ts (14 tests) 100ms
@agilityhub/auth:test:  ✓ src/session.test.tsx (3 tests) 154ms
@agilityhub/auth:test: 
@agilityhub/auth:test:  Test Files  2 passed (2)
@agilityhub/auth:test:       Tests  17 passed (17)
@agilityhub/auth:test:    Start at  14:44:27
@agilityhub/auth:test:    Duration  1.93s (environment 63%, import 14%, transform 13%, tests 8%, worker 1%)
@agilityhub/auth:test: 
id:build: dist/assets/errors-yddfzlc-.js                           21.82 kB │ gzip:   7.09 kB
id:build: dist/assets/errors-DxuNneJ-.js                           23.16 kB │ gzip:   7.50 kB
id:build: dist/assets/errors-iP07Datg.js                           23.16 kB │ gzip:   7.46 kB
id:build: dist/assets/index-Bq94jv4X.js                           319.94 kB │ gzip:  99.26 kB
clubs:build: dist/assets/signup-DNLtsJ8E.js                            4.98 kB │ gzip:   2.48 kB
clubs-admin:typecheck: cache miss, executing 53a83359ad9b331b
clubs:build: dist/assets/signup-Cmt4S_ay.js                            5.05 kB │ gzip:   2.49 kB
clubs:build: dist/assets/admin-catalogs-DAQTDns9.js                    5.22 kB │ gzip:   1.95 kB
id:build: dist/assets/browser-DcW-dIPV.js                         720.00 kB │ gzip: 330.31 kB
id:build: 
id:build: [plugin builtin:vite-reporter] 
id:build: (!) Some chunks are larger than 500 kB after minification. Consider:
id:test: cache hit, replaying logs 4ea6a96d2427ccf9
clubs:build: dist/assets/admin-catalogs-Coe9B6Bf.js                    5.48 kB │ gzip:   2.16 kB
clubs:build: dist/assets/admin-catalogs-CvR4YWAF.js                    5.68 kB │ gzip:   2.19 kB
id:build: - Using dynamic import() to code-split the application
clubs:build: dist/assets/census-2y4pkTWD.js                            5.96 kB │ gzip:   2.39 kB
id:test: 
id:test: > id@0.0.0 test /Users/jordib/dev/agilityhub/agilityhub-core-web/apps/id
id:test: > vitest run
clubs:build: dist/assets/census-CfjHQ4Uz.js                            6.29 kB │ gzip:   2.64 kB
clubs:build: dist/assets/census-C9vkPZEn.js                            6.47 kB │ gzip:   2.67 kB
clubs:build: dist/assets/admin-census-1EJBTIn-.js                      8.55 kB │ gzip:   3.38 kB
clubs-admin:test: cache miss, executing 95a7635314afbb6f
id:test: 
id:typecheck: cache hit, replaying logs d0978e6e100ebcf5
clubs:build: dist/assets/admin-census-Du0-IMyk.js                      9.01 kB │ gzip:   3.64 kB
clubs:build: dist/assets/admin-census-DNahXOci.js                      9.32 kB │ gzip:   3.72 kB
clubs:build: dist/assets/admin-settings-ed4raEOS.js                   17.01 kB │ gzip:   6.05 kB
id:test: 
id:test:  RUN  v5.0.0 /Users/jordib/dev/agilityhub/agilityhub-core-web/apps/id
id:test: 
id:build: - Use build.rolldownOptions.output.codeSplitting to improve chunking: https://rolldown.rs/reference/OutputOptions.codeSplitting
id:build: - Adjust chunk size limit for this warning via build.chunkSizeWarningLimit.
id:build: ✓ built in 301ms
clubs:build: dist/assets/admin-settings-DWM9_lDb.js                   18.15 kB │ gzip:   6.62 kB
clubs:build: dist/assets/admin-settings-D3Fbd__C.js                   18.51 kB │ gzip:   6.62 kB
id:test:  ✓ src/App.test.tsx (9 tests) 684ms
id:test: 
id:test:  Test Files  1 passed (1)
clubs:build: dist/assets/errors-yddfzlc-.js                           21.82 kB │ gzip:   7.09 kB
clubs:build: dist/assets/errors-DxuNneJ-.js                           23.16 kB │ gzip:   7.50 kB
clubs:build: dist/assets/errors-iP07Datg.js                           23.16 kB │ gzip:   7.46 kB
clubs:build: dist/assets/index-C1ym1lcw.js                           415.26 kB │ gzip: 124.51 kB
clubs:build: dist/assets/browser-DcW-dIPV.js                         720.00 kB │ gzip: 330.31 kB
id:test:       Tests  9 passed (9)
id:test:    Start at  14:44:29
clubs:build: 
clubs:build: [33m[INEFFECTIVE_DYNAMIC_IMPORT] [0m../../packages/i18n/src/locales/ca/common.json is dynamically imported by ../../packages/i18n/src/resources.ts but also statically imported by ../../packages/i18n/src/catalog.ts, dynamic import will not move module into another chunk.
clubs:build: 
clubs:build: [plugin builtin:vite-reporter] 
clubs:typecheck: cache hit, replaying logs abc98d788aaadb23
id:test:    Duration  2.22s (environment 34%, tests 33%, transform 20%, setup 9%, import 4%)
id:test: 
clubs:build: (!) Some chunks are larger than 500 kB after minification. Consider:
clubs:build: - Using dynamic import() to code-split the application
clubs:build: - Use build.rolldownOptions.output.codeSplitting to improve chunking: https://rolldown.rs/reference/OutputOptions.codeSplitting
id:typecheck: 
id:typecheck: > id@0.0.0 typecheck /Users/jordib/dev/agilityhub/agilityhub-core-web/apps/id
id:typecheck: > tsc --noEmit
id:typecheck: 
clubs:build: - Adjust chunk size limit for this warning via build.chunkSizeWarningLimit.
clubs:build: [33m[INEFFECTIVE_DYNAMIC_IMPORT] [0m../../packages/i18n/src/locales/ca/shell.json is dynamically imported by ../../packages/i18n/src/resources.ts but also statically imported by ../../packages/i18n/src/catalog.ts, dynamic import will not move module into another chunk.
clubs:build: 
clubs:build: [33m[INEFFECTIVE_DYNAMIC_IMPORT] [0m../../packages/i18n/src/locales/en/common.json is dynamically imported by ../../packages/i18n/src/resources.ts but also statically imported by ../../packages/i18n/src/catalog.ts, dynamic import will not move module into another chunk.
clubs:build: 
clubs:test: cache hit, replaying logs 29f584df636fa259
clubs:build: [33m[INEFFECTIVE_DYNAMIC_IMPORT] [0m../../packages/i18n/src/locales/en/shell.json is dynamically imported by ../../packages/i18n/src/resources.ts but also statically imported by ../../packages/i18n/src/catalog.ts, dynamic import will not move module into another chunk.
clubs:build: 
clubs:typecheck: 
clubs:typecheck: > clubs@0.0.0 typecheck /Users/jordib/dev/agilityhub/agilityhub-core-web/apps/clubs
clubs:typecheck: > tsc --noEmit
clubs:typecheck: 
clubs:test: 
clubs:test: > clubs@0.0.0 test /Users/jordib/dev/agilityhub/agilityhub-core-web/apps/clubs
clubs:test: > vitest run
clubs:test: 
clubs:test: 
clubs:test:  RUN  v5.0.0 /Users/jordib/dev/agilityhub/agilityhub-core-web/apps/clubs
clubs:test: 
clubs:test: stderr | src/InfoPage.test.tsx > T-05-CP-07 screen 30 Info > shows FAQ, rules and other active pages only
clubs:build: [33m[INEFFECTIVE_DYNAMIC_IMPORT] [0m../../packages/i18n/src/locales/es/common.json is dynamically imported by ../../packages/i18n/src/resources.ts but also statically imported by ../../packages/i18n/src/catalog.ts, dynamic import will not move module into another chunk.
clubs:build: 
clubs:build: [33m[INEFFECTIVE_DYNAMIC_IMPORT] [0m../../packages/i18n/src/locales/es/shell.json is dynamically imported by ../../packages/i18n/src/resources.ts but also statically imported by ../../packages/i18n/src/catalog.ts, dynamic import will not move module into another chunk.
clubs:build: 
clubs:build: ✓ built in 198ms
clubs:build: 
clubs:build: PWA v1.3.0
clubs:build: mode      generateSW
clubs:build: precache  36 entries (1408.46 KiB)
clubs:build: files generated
clubs:build:   dist/sw.js
clubs:build:   dist/workbox-9c191d2f.js
clubs:test: [BrandingProvider] Club Agility Cànic: primary and onPrimary contrast (3.32:1) is below WCAG AA.
clubs:test: 
clubs:test: stderr | src/SignupPage.test.tsx > T-04-29 signup person and draft > persists a current draft, expires it after 24 hours and maps identity states
clubs:test: [BrandingProvider] Club Agility Cànic: primary and onPrimary contrast (3.32:1) is below WCAG AA.
clubs:test: 
clubs:test: stderr | src/App.test.tsx > T-02-14 clubs shell > uses the compact mark with the runtime club name
clubs:test: [BrandingProvider] Club Agility Cànic: primary and onPrimary contrast (3.32:1) is below WCAG AA.
clubs:test: 
clubs:test: stderr | src/InfoPage.test.tsx > T-05-CP-07 screen 30 Info > keeps Info available without the FAQ module and omits the FAQ tab
clubs:test: [BrandingProvider] Club Agility Cànic: primary and onPrimary contrast (3.32:1) is below WCAG AA.
clubs:test: 
clubs:test: stderr | src/App.test.tsx > T-02-14 clubs shell > filters the six-tab mockup navigation by modules and roles
clubs:test: [BrandingProvider] Club Agility Cànic: primary and onPrimary contrast (3.32:1) is below WCAG AA.
clubs:test: 
clubs:test:  ✓ src/InfoPage.test.tsx (2 tests) 194ms
clubs:test: stderr | src/App.test.tsx > T-02-14 clubs shell > omits Entrenaments when FREE_TRAINING is disabled
clubs:test: [BrandingProvider] Club Agility Cànic: primary and onPrimary contrast (3.32:1) is below WCAG AA.
clubs:test: 
clubs:test: stderr | src/App.test.tsx > T-01-18 access screen > uses the exact access actions, focuses an empty email and gates signup
clubs:test: [BrandingProvider] Club Agility Cànic: primary and onPrimary contrast (3.32:1) is below WCAG AA.
clubs:test: 
clubs:test: stderr | src/App.test.tsx > T-01-18 access screen > uses the exact access actions, focuses an empty email and gates signup
clubs:test: [BrandingProvider] Club Mínim: primary and onPrimary contrast (3.32:1) is below WCAG AA.
clubs:test: 
clubs:test: stderr | src/App.test.tsx > T-01-18 access screen > shows the Retry-After countdown and disables requests
clubs:test: [BrandingProvider] Club Agility Cànic: primary and onPrimary contrast (3.32:1) is below WCAG AA.
clubs:test: 
clubs:test: stderr | src/SignupPage.test.tsx > T-04-29 signup person and draft > persists a current draft, expires it after 24 hours and maps identity states
clubs:test: [BrandingProvider] Club Agility Cànic: primary and onPrimary contrast (3.32:1) is below WCAG AA.
clubs:test: 
clubs:test: stderr | src/App.test.tsx > T-01-19 activation screen > renders gender-aware, reset and invalid-link variants
clubs:test: [BrandingProvider] Club Agility Cànic: primary and onPrimary contrast (3.32:1) is below WCAG AA.
clubs:test: 
clubs:test: stderr | src/SignupPage.test.tsx > T-04-29 signup person and draft > persists a current draft, expires it after 24 hours and maps identity states
clubs:test: [BrandingProvider] Club Agility Cànic: primary and onPrimary contrast (3.32:1) is below WCAG AA.
clubs:test: 
clubs:test: stderr | src/App.test.tsx > T-01-19 activation screen > renders gender-aware, reset and invalid-link variants
clubs:test: [BrandingProvider] Club Agility Cànic: primary and onPrimary contrast (3.32:1) is below WCAG AA.
clubs:test: 
clubs:test: stderr | src/SignupPage.test.tsx > T-04-29 signup person and draft > keeps the draft and refetches localized configuration after a language change
clubs:test: [BrandingProvider] Club Agility Cànic: primary and onPrimary contrast (3.32:1) is below WCAG AA.
clubs:test: 
clubs:test: stderr | src/App.test.tsx > T-01-19 activation screen > renders gender-aware, reset and invalid-link variants
clubs:test: [BrandingProvider] Club Agility Cànic: primary and onPrimary contrast (3.32:1) is below WCAG AA.
clubs:test: 
clubs:test: stderr | src/App.test.tsx > T-01-19 activation screen > renders gender-aware, reset and invalid-link variants
clubs:test: [BrandingProvider] Club Agility Cànic: primary and onPrimary contrast (3.32:1) is below WCAG AA.
clubs:test: 
clubs:test: stderr | src/App.test.tsx > T-01-19 activation screen > renders gender-aware, reset and invalid-link variants
clubs:test: [BrandingProvider] Club Agility Cànic: primary and onPrimary contrast (3.32:1) is below WCAG AA.
clubs:test: 
clubs:test: stderr | src/App.test.tsx > T-01-20 profile choice > shows cards for every available role and sends the remember choice
clubs:test: [BrandingProvider] Club Agility Cànic: primary and onPrimary contrast (3.32:1) is below WCAG AA.
clubs:test: 
clubs:test: stderr | src/SignupPage.test.tsx > T-04-29 signup person and draft > masks and validates the browser-independent birth date control
clubs:test: [BrandingProvider] Club Agility Cànic: primary and onPrimary contrast (3.32:1) is below WCAG AA.
clubs:test: 
clubs:test: stderr | src/App.test.tsx > T-01-21 profile access rows and impersonation > renders the mockup rows in order without account sessions or backoffice handoff
clubs:test: [BrandingProvider] Club Agility Cànic: primary and onPrimary contrast (3.32:1) is below WCAG AA.
clubs:test: 
clubs:test: stderr | src/SignupPage.test.tsx > T-04-30 signup dog, uploads, plans and module gates > uploads sequentially named vaccination pages and renders API plans
clubs:test: [BrandingProvider] Club Agility Cànic: primary and onPrimary contrast (3.32:1) is below WCAG AA.
clubs:test: 
clubs:test: stderr | src/App.test.tsx > T-01-21 profile access rows and impersonation > keeps the impersonation banner visible from /me
clubs:test: [BrandingProvider] Club Agility Cànic: primary and onPrimary contrast (3.32:1) is below WCAG AA.
clubs:test: 
clubs:test: stderr | src/App.test.tsx > T-01-26 imported-account onboarding and policy re-consent > renders configured fields and sends consent, profile data and image choice
clubs:test: [BrandingProvider] Club Agility Cànic: primary and onPrimary contrast (3.32:1) is below WCAG AA.
clubs:test: 
clubs:test: stderr | src/App.test.tsx > T-01-26 imported-account onboarding and policy re-consent > redirects blocking onboarding and permits a policy postponement
clubs:test: [BrandingProvider] Club Agility Cànic: primary and onPrimary contrast (3.32:1) is below WCAG AA.
clubs:test: 
clubs:test: stderr | src/SignupPage.test.tsx > T-04-30 signup dog, uploads, plans and module gates > removes amounts without BILLING and the family offer and step without FAMILY_GROUP
clubs:test: [BrandingProvider] Club Agility Cànic: primary and onPrimary contrast (3.32:1) is below WCAG AA.
clubs:test: 
clubs:test: stderr | src/SignupPage.test.tsx > T-04-30 signup dog, uploads, plans and module gates > removes amounts without BILLING and the family offer and step without FAMILY_GROUP
clubs:test: [BrandingProvider] Club Agility Cànic: primary and onPrimary contrast (3.32:1) is below WCAG AA.
clubs:test: 
clubs:test: stderr | src/SignupPage.test.tsx > T-04-31 signup family lookup > continues empty, resolves the fixture family and supports a pending lookup
clubs:test: [BrandingProvider] Club Agility Cànic: primary and onPrimary contrast (3.32:1) is below WCAG AA.
clubs:test: 
clubs:test: stderr | src/App.test.tsx > T-01-26 imported-account onboarding and policy re-consent > redirects blocking onboarding and permits a policy postponement
clubs:test: [BrandingProvider] Club Agility Cànic: primary and onPrimary contrast (3.32:1) is below WCAG AA.
clubs:test: 
clubs:test: stderr | src/SignupPage.test.tsx > T-04-31 signup family lookup > continues empty, resolves the fixture family and supports a pending lookup
clubs:test: [BrandingProvider] Club Agility Cànic: primary and onPrimary contrast (3.32:1) is below WCAG AA.
clubs:test: 
clubs:test: stderr | src/App.test.tsx > T-01-26 imported-account onboarding and policy re-consent > reloads an outdated policy version before accepting it
clubs:test: [BrandingProvider] Club Agility Cànic: primary and onPrimary contrast (3.32:1) is below WCAG AA.
clubs:test: 
clubs:test: stderr | src/SignupPage.test.tsx > T-04-31 signup family lookup > continues empty, resolves the fixture family and supports a pending lookup
clubs:test: [BrandingProvider] Club Agility Cànic: primary and onPrimary contrast (3.32:1) is below WCAG AA.
clubs:test: 
clubs:test: stderr | src/SignupPage.test.tsx > T-04-31 signup family lookup > keeps the dog draft when returning from the family step
clubs:test: [BrandingProvider] Club Agility Cànic: primary and onPrimary contrast (3.32:1) is below WCAG AA.
clubs:test: 
clubs:test: stderr | src/App.test.tsx > T-01-26 imported-account onboarding and policy re-consent > renders the screen and pop-up in Catalan, Spanish and English
clubs:test: [BrandingProvider] Club Mínim: primary and onPrimary contrast (3.32:1) is below WCAG AA.
clubs:test: 
clubs:test: stderr | src/App.test.tsx > T-01-26 imported-account onboarding and policy re-consent > renders the screen and pop-up in Catalan, Spanish and English
clubs:test: [BrandingProvider] Club Mínim: primary and onPrimary contrast (3.32:1) is below WCAG AA.
clubs:test: 
clubs:test: stderr | src/App.test.tsx > T-01-26 imported-account onboarding and policy re-consent > renders the screen and pop-up in Catalan, Spanish and English
clubs:test: [BrandingProvider] Club Mínim: primary and onPrimary contrast (3.32:1) is below WCAG AA.
clubs:test: 
clubs:test: stderr | src/SignupPage.test.tsx > T-04-32 signup payment, checkout and add-dog mode > renders API totals and payment conditions and submits only after privacy consent
clubs:test: [BrandingProvider] Club Agility Cànic: primary and onPrimary contrast (3.32:1) is below WCAG AA.
clubs:test: 
clubs:test: stderr | src/App.test.tsx > T-01-26 imported-account onboarding and policy re-consent > renders the screen and pop-up in Catalan, Spanish and English
clubs:test: [BrandingProvider] Club Mínim: primary and onPrimary contrast (3.32:1) is below WCAG AA.
clubs:test: 
clubs:test: stderr | src/App.test.tsx > T-01-26 imported-account onboarding and policy re-consent > renders the screen and pop-up in Catalan, Spanish and English
clubs:test: [BrandingProvider] Club Mínim: primary and onPrimary contrast (3.32:1) is below WCAG AA.
clubs:test: 
clubs:test: stderr | src/App.test.tsx > T-01-26 imported-account onboarding and policy re-consent > renders the screen and pop-up in Catalan, Spanish and English
clubs:test: [BrandingProvider] Club Mínim: primary and onPrimary contrast (3.32:1) is below WCAG AA.
clubs:test: 
clubs:test: stderr | src/SignupPage.test.tsx > T-04-32 signup payment, checkout and add-dog mode > redirects through checkout when Stripe is enabled
clubs:test: [BrandingProvider] Club Agility Cànic: primary and onPrimary contrast (3.32:1) is below WCAG AA.
clubs:test: 
clubs:test: stderr | src/App.test.tsx > T-03-40 mobile own dogs > renders own dogs, saves the note, shows task totals and gates TASKS
clubs:test: [BrandingProvider] Club Agility Cànic: primary and onPrimary contrast (3.32:1) is below WCAG AA.
clubs:test: 
clubs:test: stderr | src/SignupPage.test.tsx > T-04-32 signup payment, checkout and add-dog mode > uses the member plan and payment method and posts the add-dog flow
clubs:test: [BrandingProvider] Club Agility Cànic: primary and onPrimary contrast (3.32:1) is below WCAG AA.
clubs:test: 
clubs:test:  ✓ src/SignupPage.test.tsx (10 tests) 1000ms
clubs:test:    ✓ T-04-29 signup person and draft (3)
clubs:test:      ✓ persists a current draft, expires it after 24 hours and maps identity states 355ms
clubs:test: stderr | src/App.test.tsx > T-03-40 mobile own dogs > renders own dogs, saves the note, shows task totals and gates TASKS
clubs:test: [BrandingProvider] Club Mínim: primary and onPrimary contrast (3.32:1) is below WCAG AA.
clubs:test: 
clubs:test: stderr | src/App.test.tsx > T-03-41 mobile own data > keeps identity read-only, resolves towns, maps READ_ONLY and gates billing
clubs:test: [BrandingProvider] Club Agility Cànic: primary and onPrimary contrast (3.32:1) is below WCAG AA.
clubs:test: 
clubs:test: stderr | src/App.test.tsx > T-03-41 mobile own data > keeps identity read-only, resolves towns, maps READ_ONLY and gates billing
clubs:test: [BrandingProvider] Club Mínim: primary and onPrimary contrast (3.32:1) is below WCAG AA.
clubs:test: 
clubs:test:  ✓ src/App.test.tsx (17 tests) 1069ms
clubs:test: 
clubs:test:  Test Files  3 passed (3)
clubs:test:       Tests  29 passed (29)
clubs:test:    Start at  14:45:07
clubs:test:    Duration  2.19s (tests 43%, transform 22%, environment 22%, import 8%, setup 5%)
clubs:test: 
clubs-admin:build: 
clubs-admin:build: > clubs-admin@0.0.0 build /Users/jordib/dev/agilityhub/agilityhub-core-web/apps/clubs-admin
clubs-admin:build: > tsc --noEmit && vite build
clubs-admin:build: 
clubs-admin:typecheck: 
clubs-admin:typecheck: > clubs-admin@0.0.0 typecheck /Users/jordib/dev/agilityhub/agilityhub-core-web/apps/clubs-admin
clubs-admin:typecheck: > tsc --noEmit
clubs-admin:typecheck: 
clubs-admin:test: 
clubs-admin:test: > clubs-admin@0.0.0 test /Users/jordib/dev/agilityhub/agilityhub-core-web/apps/clubs-admin
clubs-admin:test: > vitest run
clubs-admin:test: 
clubs-admin:test: 
clubs-admin:test:  RUN  v5.0.0 /Users/jordib/dev/agilityhub/agilityhub-core-web/apps/clubs-admin
clubs-admin:test: 
clubs-admin:test:  ✓ src/catalogs/derived-settings.test.ts (2 tests) 3ms
clubs-admin:test: stderr | src/dashboard/DashboardPage.test.tsx > T-14-25 D1 dashboard > renders the server aggregate, all risk rows, pending signups, and accessible chart
clubs-admin:test: [BrandingProvider] Club Agility Cànic: primary and onPrimary contrast (3.32:1) is below WCAG AA.
clubs-admin:test: 
clubs-admin:test: stderr | src/census/CensusRecordPage.test.tsx > T-03-39 D10 member record > renders the approved badges, masked account, consent warning, dog rights, and WhatsApp URL
clubs-admin:test: [BrandingProvider] Club Agility Cànic: primary and onPrimary contrast (3.32:1) is below WCAG AA.
clubs-admin:test: 
clubs-admin:test: stderr | src/dashboard/SignupReviewPage.test.tsx > T-04-33 D2 signup validation > shows masked data, signed documents, consent warning, level, invoice, and Stripe payment
clubs-admin:test: [BrandingProvider] Club Agility Cànic: primary and onPrimary contrast (3.32:1) is below WCAG AA.
clubs-admin:test: 
clubs-admin:test: stderr | src/census/CensusListPage.test.tsx > T-03-38 D5 universal member list > renders applied filters and preserves selection when page size changes
clubs-admin:test: [BrandingProvider] Club Agility Cànic: primary and onPrimary contrast (3.32:1) is below WCAG AA.
clubs-admin:test: 
clubs-admin:test: stderr | src/audit/AuditPage.test.tsx > T-14-26 member audit and exports > filters by action and opens the masked before/after change drawer
clubs-admin:test: [BrandingProvider] Club Agility Cànic: primary and onPrimary contrast (3.32:1) is below WCAG AA.
clubs-admin:test: 
clubs-admin:test: stderr | src/catalogs/ClubPagesCard.test.tsx > T-05-CP-07 club page editor > warns about provisional text and confirms the next consent version before publishing
clubs-admin:test: [BrandingProvider] Club Agility Cànic: primary and onPrimary contrast (3.32:1) is below WCAG AA.
clubs-admin:test: 
clubs-admin:test: stderr | src/dashboard/DashboardPage.test.tsx > T-14-25 D1 dashboard > hides nullable module blocks and refetches when the window regains focus
clubs-admin:test: [BrandingProvider] Club Agility Cànic: primary and onPrimary contrast (3.32:1) is below WCAG AA.
clubs-admin:test: 
clubs-admin:test: stderr | src/dashboard/SignupReviewPage.test.tsx > T-04-33 D2 signup validation > edits pending data, requires a rejection reason, and validates through the server
clubs-admin:test: [BrandingProvider] Club Agility Cànic: primary and onPrimary contrast (3.32:1) is below WCAG AA.
clubs-admin:test: 
clubs-admin:test: stderr | src/App.test.tsx > T-02-14 clubs-admin shell > uses the compact mark with the runtime club name
clubs-admin:test: [BrandingProvider] Club Agility Cànic: primary and onPrimary contrast (3.32:1) is below WCAG AA.
clubs-admin:test: 
clubs-admin:test:  ✓ src/dashboard/DashboardPage.test.tsx (2 tests) 277ms
clubs-admin:test: stderr | src/census/CensusRecordPage.test.tsx > T-03-39 D10 member record > blocks and unblocks new bookings with the required reason
clubs-admin:test: [BrandingProvider] Club Agility Cànic: primary and onPrimary contrast (3.32:1) is below WCAG AA.
clubs-admin:test: 
clubs-admin:test: stderr | src/catalogs/ClubPagesCard.test.tsx > T-05-CP-07 club page editor > maps STALE_VERSION to the page-specific reload message
clubs-admin:test: [BrandingProvider] Club Agility Cànic: primary and onPrimary contrast (3.32:1) is below WCAG AA.
clubs-admin:test: 
clubs-admin:test: stderr | src/App.test.tsx > T-02-14 clubs-admin shell > hides the Configuració group from instructors
clubs-admin:test: [BrandingProvider] Club Agility Cànic: primary and onPrimary contrast (3.32:1) is below WCAG AA.
clubs-admin:test: 
clubs-admin:test: stderr | src/App.test.tsx > T-02-14 clubs-admin shell > shows the fixed sidebar groups to administrators
clubs-admin:test: [BrandingProvider] Club Agility Cànic: primary and onPrimary contrast (3.32:1) is below WCAG AA.
clubs-admin:test: 
clubs-admin:test:  ✓ src/catalogs/ClubPagesCard.test.tsx (2 tests) 348ms
clubs-admin:test: stderr | src/App.test.tsx > T-01-18 clubs-admin access > offers magic-link and password entry with the shared auth components
clubs-admin:test: [BrandingProvider] Club Agility Cànic: primary and onPrimary contrast (3.32:1) is below WCAG AA.
clubs-admin:test: 
clubs-admin:test: stderr | src/census/CensusRecordPage.test.tsx > T-03-39 D10 member record > maps STALE_VERSION when another administrator edited the member
clubs-admin:test: [BrandingProvider] Club Agility Cànic: primary and onPrimary contrast (3.32:1) is below WCAG AA.
clubs-admin:test: 
clubs-admin:test: stderr | src/App.test.tsx > T-01-20 clubs-admin handoff > exchanges the one-time handoff code on the landing route
clubs-admin:test: [BrandingProvider] Club Agility Cànic: primary and onPrimary contrast (3.32:1) is below WCAG AA.
clubs-admin:test: 
clubs-admin:test: stderr | src/audit/AuditPage.test.tsx > T-14-26 member audit and exports > opens the exports drawer for a queued job and exposes its READY download
clubs-admin:test: [BrandingProvider] Club Agility Cànic: primary and onPrimary contrast (3.32:1) is below WCAG AA.
clubs-admin:test: 
clubs-admin:test: stderr | src/App.test.tsx > T-01-26 clubs-admin onboarding > shows profile completion as a non-dismissible backoffice modal
clubs-admin:test: [BrandingProvider] Club Agility Cànic: primary and onPrimary contrast (3.32:1) is below WCAG AA.
clubs-admin:test: 
clubs-admin:test: stderr | src/dashboard/SignupReviewPage.test.tsx > T-04-33 D2 signup validation > maps validation errors to the level and next-invoice fields
clubs-admin:test: [BrandingProvider] Club Agility Cànic: primary and onPrimary contrast (3.32:1) is below WCAG AA.
clubs-admin:test: 
clubs-admin:test: stderr | src/App.test.tsx > T-01-26 clubs-admin onboarding > removes the postpone action when the policy limit is exhausted
clubs-admin:test: [BrandingProvider] Club Agility Cànic: primary and onPrimary contrast (3.32:1) is below WCAG AA.
clubs-admin:test: 
clubs-admin:test:  ✓ src/App.test.tsx (8 tests) 312ms
clubs-admin:test: stderr | src/census/CensusRecordPage.test.tsx > T-03-38 dog record > shows the complete dog record and changes level without a booking warning
clubs-admin:test: [BrandingProvider] Club Agility Cànic: primary and onPrimary contrast (3.32:1) is below WCAG AA.
clubs-admin:test: 
clubs-admin:test: stderr | src/census/CensusListPage.test.tsx > T-03-38 D5 universal member list > toggles visible columns and synchronizes the ordered fields to the URL
clubs-admin:test: [BrandingProvider] Club Agility Cànic: primary and onPrimary contrast (3.32:1) is below WCAG AA.
clubs-admin:test: 
clubs-admin:test: stderr | src/dashboard/SignupReviewPage.test.tsx > T-04-33 D2 signup validation > requires explicit confirmation when a manual upfront payment is zero
clubs-admin:test: [BrandingProvider] Club Agility Cànic: primary and onPrimary contrast (3.32:1) is below WCAG AA.
clubs-admin:test: 
clubs-admin:test: stderr | src/dashboard/SignupReviewPage.test.tsx > T-04-33 D2 signup validation > rejects a pending signup only after receiving a valid reason
clubs-admin:test: [BrandingProvider] Club Agility Cànic: primary and onPrimary contrast (3.32:1) is below WCAG AA.
clubs-admin:test: 
clubs-admin:test:  ✓ src/dashboard/SignupReviewPage.test.tsx (5 tests) 700ms
clubs-admin:test: stderr | src/census/CensusRecordPage.test.tsx > T-03-38 dog record > deactivates and reactivates a dog without deleting its record
clubs-admin:test: [BrandingProvider] Club Agility Cànic: primary and onPrimary contrast (3.32:1) is below WCAG AA.
clubs-admin:test: 
clubs-admin:test: stderr | src/census/CensusListPage.test.tsx > T-03-42 D15 translated dog list > renders the approved columns and dog record links
clubs-admin:test: [BrandingProvider] Club Agility Cànic: primary and onPrimary contrast (3.32:1) is below WCAG AA.
clubs-admin:test: 
clubs-admin:test:  ✓ src/census/CensusRecordPage.test.tsx (5 tests) 898ms
clubs-admin:test:  ✓ src/census/CensusListPage.test.tsx (3 tests) 1570ms
clubs-admin:test:    ✓ T-03-38 D5 universal member list (2)
clubs-admin:test:      ✓ renders applied filters and preserves selection when page size changes 468ms
clubs-admin:test:      ✓ toggles visible columns and synchronizes the ordered fields to the URL 300ms
clubs-admin:test:    ✓ T-03-42 D15 translated dog list (1)
clubs-admin:test:      ✓ renders the approved columns and dog record links 799ms
clubs-admin:test: stderr | src/audit/AuditPage.test.tsx > T-14-26 member audit and exports > shows the catalogued EXPORT_LIMIT explanation in the exports drawer
clubs-admin:test: [BrandingProvider] Club Agility Cànic: primary and onPrimary contrast (3.32:1) is below WCAG AA.
clubs-admin:test: 
clubs-admin:test: stderr | src/audit/AuditPage.test.tsx > T-14-26 member audit and exports > routes a queued members list export into the global drawer
clubs-admin:test: [BrandingProvider] Club Agility Cànic: primary and onPrimary contrast (3.32:1) is below WCAG AA.
clubs-admin:test: 
clubs-admin:test: stderr | src/audit/AuditPage.test.tsx > T-14-26 member audit and exports > routes a queued dogs list export into the global drawer
clubs-admin:test: [BrandingProvider] Club Agility Cànic: primary and onPrimary contrast (3.32:1) is below WCAG AA.
clubs-admin:test: 
clubs-admin:test: stderr | src/audit/AuditPage.test.tsx > T-14-26 member audit and exports > links LastChange to the entity-scoped audit trail
clubs-admin:test: [BrandingProvider] Club Agility Cànic: primary and onPrimary contrast (3.32:1) is below WCAG AA.
clubs-admin:test: 
clubs-admin:test:  ✓ src/audit/AuditPage.test.tsx (6 tests) 1920ms
clubs-admin:test:    ✓ T-14-26 member audit and exports (6)
clubs-admin:test:      ✓ filters by action and opens the masked before/after change drawer 366ms
clubs-admin:test:      ✓ opens the exports drawer for a queued job and exposes its READY download 1223ms
clubs-admin:test: 
clubs-admin:test:  Test Files  8 passed (8)
clubs-admin:test:       Tests  33 passed (33)
clubs-admin:test:    Start at  14:45:41
clubs-admin:test:    Duration  3.36s (tests 38%, environment 28%, transform 17%, import 8%, setup 8%)
clubs-admin:test: 
clubs-admin:build: vite v8.2.2 building client environment for production...
clubs-admin:build: transforming...
clubs-admin:build: ✓ 434 modules transformed.
clubs-admin:build: rendering chunks...
clubs-admin:build: computing gzip size...
clubs-admin:build: dist/index.html                                           2.65 kB │ gzip:   0.91 kB
clubs-admin:build: dist/assets/sprite-BOr1Ydze.svg                           5.78 kB │ gzip:   1.52 kB
clubs-admin:build: dist/assets/montserrat-latin-600-normal-UVxSCcoG.woff2   18.68 kB
clubs-admin:build: dist/assets/montserrat-latin-500-normal-DRFEGfly.woff2   18.74 kB
clubs-admin:build: dist/assets/montserrat-latin-400-normal-BLhwKU8k.woff2   18.78 kB
clubs-admin:build: dist/assets/montserrat-latin-700-normal-BdjcYUrC.woff2   18.82 kB
clubs-admin:build: dist/assets/montserrat-latin-600-normal-CdhFl4lI.woff    20.54 kB
clubs-admin:build: dist/assets/montserrat-latin-500-normal-Dok2oTci.woff    20.60 kB
clubs-admin:build: dist/assets/montserrat-latin-400-normal-xItZbAXg.woff    20.64 kB
clubs-admin:build: dist/assets/montserrat-latin-700-normal-BWkrl476.woff    20.67 kB
clubs-admin:build: dist/assets/index-DbiO3kRG.css                           61.18 kB │ gzip:  10.50 kB
clubs-admin:build: dist/assets/admin-dashboard-DEroKKpe.js                   1.50 kB │ gzip:   0.80 kB
clubs-admin:build: dist/assets/admin-dashboard-C2DxNGts.js                   1.58 kB │ gzip:   0.88 kB
clubs-admin:build: dist/assets/admin-dashboard-C7J1Sedq.js                   1.63 kB │ gzip:   0.89 kB
clubs-admin:build: dist/assets/admin-audit-BZSQ9q1n.js                       2.88 kB │ gzip:   1.34 kB
clubs-admin:build: dist/assets/id-cJQwgM2i.js                                2.89 kB │ gzip:   1.28 kB
clubs-admin:build: dist/assets/id-Dio3OKNo.js                                3.04 kB │ gzip:   1.41 kB
clubs-admin:build: dist/assets/id-Rnv2hXs4.js                                3.10 kB │ gzip:   1.42 kB
clubs-admin:build: dist/assets/admin-audit-qNWjTa9T.js                       3.13 kB │ gzip:   1.49 kB
clubs-admin:build: dist/assets/admin-audit-B9HrUHsS.js                       3.21 kB │ gzip:   1.51 kB
clubs-admin:build: dist/assets/auth-B2g8lbGP.js                              4.30 kB │ gzip:   1.88 kB
clubs-admin:build: dist/assets/signup-DVenis1D.js                            4.72 kB │ gzip:   2.22 kB
clubs-admin:build: dist/assets/auth-CPbUJNgL.js                              4.74 kB │ gzip:   2.09 kB
clubs-admin:build: dist/assets/auth-DjeifVuz.js                              4.80 kB │ gzip:   2.09 kB
clubs-admin:build: dist/assets/signup-DNLtsJ8E.js                            4.98 kB │ gzip:   2.48 kB
clubs-admin:build: dist/assets/signup-Cmt4S_ay.js                            5.05 kB │ gzip:   2.49 kB
clubs-admin:build: dist/assets/admin-catalogs-DAQTDns9.js                    5.22 kB │ gzip:   1.95 kB
clubs-admin:build: dist/assets/admin-catalogs-Coe9B6Bf.js                    5.48 kB │ gzip:   2.16 kB
clubs-admin:build: dist/assets/admin-catalogs-CvR4YWAF.js                    5.68 kB │ gzip:   2.19 kB
clubs-admin:build: dist/assets/census-2y4pkTWD.js                            5.96 kB │ gzip:   2.39 kB
clubs-admin:build: dist/assets/census-CfjHQ4Uz.js                            6.29 kB │ gzip:   2.64 kB
clubs-admin:build: dist/assets/census-C9vkPZEn.js                            6.47 kB │ gzip:   2.67 kB
clubs-admin:build: dist/assets/admin-census-1EJBTIn-.js                      8.55 kB │ gzip:   3.38 kB
clubs-admin:build: dist/assets/admin-census-Du0-IMyk.js                      9.01 kB │ gzip:   3.64 kB
clubs-admin:build: dist/assets/admin-census-DNahXOci.js                      9.32 kB │ gzip:   3.72 kB
clubs-admin:build: dist/assets/admin-settings-ed4raEOS.js                   17.01 kB │ gzip:   6.05 kB
clubs-admin:build: dist/assets/admin-settings-DWM9_lDb.js                   18.15 kB │ gzip:   6.62 kB
clubs-admin:build: dist/assets/admin-settings-D3Fbd__C.js                   18.51 kB │ gzip:   6.62 kB
clubs-admin:build: dist/assets/errors-yddfzlc-.js                           21.82 kB │ gzip:   7.09 kB
clubs-admin:build: dist/assets/errors-DxuNneJ-.js                           23.16 kB │ gzip:   7.50 kB
clubs-admin:build: dist/assets/errors-iP07Datg.js                           23.16 kB │ gzip:   7.46 kB
clubs-admin:build: dist/assets/browser-4qSiFZbW.js                         531.78 kB │ gzip: 187.66 kB
clubs-admin:build: dist/assets/index-DI0rxY-I.js                           733.50 kB │ gzip: 293.59 kB
clubs-admin:build: 
clubs-admin:build: [33m[INEFFECTIVE_DYNAMIC_IMPORT] [0m../../packages/i18n/src/locales/ca/common.json is dynamically imported by ../../packages/i18n/src/resources.ts but also statically imported by ../../packages/i18n/src/catalog.ts, dynamic import will not move module into another chunk.
clubs-admin:build: 
clubs-admin:build: [plugin builtin:vite-reporter] 
clubs-admin:build: (!) Some chunks are larger than 500 kB after minification. Consider:
clubs-admin:build: - Using dynamic import() to code-split the application
clubs-admin:build: - Use build.rolldownOptions.output.codeSplitting to improve chunking: https://rolldown.rs/reference/OutputOptions.codeSplitting
clubs-admin:build: - Adjust chunk size limit for this warning via build.chunkSizeWarningLimit.
clubs-admin:build: [33m[INEFFECTIVE_DYNAMIC_IMPORT] [0m../../packages/i18n/src/locales/ca/shell.json is dynamically imported by ../../packages/i18n/src/resources.ts but also statically imported by ../../packages/i18n/src/catalog.ts, dynamic import will not move module into another chunk.
clubs-admin:build: 
clubs-admin:build: [33m[INEFFECTIVE_DYNAMIC_IMPORT] [0m../../packages/i18n/src/locales/en/common.json is dynamically imported by ../../packages/i18n/src/resources.ts but also statically imported by ../../packages/i18n/src/catalog.ts, dynamic import will not move module into another chunk.
clubs-admin:build: 
clubs-admin:build: [33m[INEFFECTIVE_DYNAMIC_IMPORT] [0m../../packages/i18n/src/locales/en/shell.json is dynamically imported by ../../packages/i18n/src/resources.ts but also statically imported by ../../packages/i18n/src/catalog.ts, dynamic import will not move module into another chunk.
clubs-admin:build: 
clubs-admin:build: [33m[INEFFECTIVE_DYNAMIC_IMPORT] [0m../../packages/i18n/src/locales/es/common.json is dynamically imported by ../../packages/i18n/src/resources.ts but also statically imported by ../../packages/i18n/src/catalog.ts, dynamic import will not move module into another chunk.
clubs-admin:build: 
clubs-admin:build: [33m[INEFFECTIVE_DYNAMIC_IMPORT] [0m../../packages/i18n/src/locales/es/shell.json is dynamically imported by ../../packages/i18n/src/resources.ts but also statically imported by ../../packages/i18n/src/catalog.ts, dynamic import will not move module into another chunk.
clubs-admin:build: 
clubs-admin:build: ✓ built in 169ms

 Tasks:    26 successful, 26 total
Cached:    23 cached, 26 total
  Time:    4.201s 

