
> agilityhub-core-web@0.0.0 e2e:core /Users/jordib/dev/agilityhub/agilityhub-core-web
> bash scripts/e2e-core.sh E3-W03 e3-signup.spec.ts

 Network agilityhub-e1-w04_default Creating 
 Volume agilityhub-e1-w04_mongo-data Creating 
 Volume agilityhub-e1-w04_export-files Creating 
 Volume agilityhub-e1-w04_mongo-data Creating 
 Volume agilityhub-e1-w04_export-files Creating 
 Network agilityhub-e1-w04_default Creating 
 Volume agilityhub-e1-w04_mailbox Creating 
 Volume agilityhub-e1-w04_mailbox Creating 
 Volume agilityhub-e1-w04_export-files Created 
 Volume agilityhub-e1-w04_export-files Created 
 Volume agilityhub-e1-w04_mailbox Created 
 Volume agilityhub-e1-w04_mailbox Created 
 Volume agilityhub-e1-w04_mongo-data Created 
 Volume agilityhub-e1-w04_mongo-data Created 
 Network agilityhub-e1-w04_default Created 
 Network agilityhub-e1-w04_default Created 
 Container agilityhub-e1-w04-mongo-1 Creating 
 Container agilityhub-e1-w04-mongo-1 Created 
 Container agilityhub-e1-w04-seed-1 Creating 
 Container agilityhub-e1-w04-seed-1 Created 
 Container agilityhub-e1-w04-activate-demo-club-1 Creating 
 Container agilityhub-e1-w04-activate-demo-club-1 Created 
 Container agilityhub-e1-w04-core-1 Creating 
 Container agilityhub-e1-w04-core-1 Created 
 Container agilityhub-e1-w04-mongo-1 Starting 
 Container agilityhub-e1-w04-mongo-1 Started 
 Container agilityhub-e1-w04-mongo-1 Waiting 
 Container agilityhub-e1-w04-mongo-1 Healthy 
 Container agilityhub-e1-w04-seed-1 Starting 
 Container agilityhub-e1-w04-seed-1 Started 
 Container agilityhub-e1-w04-seed-1 Waiting 
 Container agilityhub-e1-w04-seed-1 Exited 
 Container agilityhub-e1-w04-activate-demo-club-1 Starting 
 Container agilityhub-e1-w04-activate-demo-club-1 Started 
 Container agilityhub-e1-w04-activate-demo-club-1 Waiting 
 Container agilityhub-e1-w04-mongo-1 Waiting 
 Container agilityhub-e1-w04-activate-demo-club-1 Exited 
 Container agilityhub-e1-w04-mongo-1 Healthy 
 Container agilityhub-e1-w04-core-1 Starting 
 Container agilityhub-e1-w04-core-1 Started 
 Container agilityhub-e1-w04-seed-1 Waiting 
 Container agilityhub-e1-w04-activate-demo-club-1 Waiting 
 Container agilityhub-e1-w04-core-1 Waiting 
 Container agilityhub-e1-w04-mongo-1 Waiting 
 Container agilityhub-e1-w04-seed-1 Exited 
 Container agilityhub-e1-w04-activate-demo-club-1 Exited 
 Container agilityhub-e1-w04-mongo-1 Healthy 
 Container agilityhub-e1-w04-core-1 Healthy 
 Container agilityhub-e1-w04-core-1 Running 
 Container agilityhub-e1-w04-mongo-1 Running 
 Container agilityhub-e1-w04-mongo-1 Waiting 
 Container agilityhub-e1-w04-mongo-1 Healthy 
 Container agilityhub-e1-w04-seed-1 Starting 
 Container agilityhub-e1-w04-seed-1 Started 
 Container agilityhub-e1-w04-seed-1 Waiting 
 Container agilityhub-e1-w04-seed-1 Exited 
 Container agilityhub-e1-w04-activate-demo-club-1 Starting 
 Container agilityhub-e1-w04-activate-demo-club-1 Started 
 Container agilityhub-e1-w04-mongo-1 Waiting 
 Container agilityhub-e1-w04-activate-demo-club-1 Waiting 
 Container agilityhub-e1-w04-activate-demo-club-1 Exited 
 Container agilityhub-e1-w04-mongo-1 Healthy 
 Container agilityhub-e1-w04-core-1 Waiting 
 Container agilityhub-e1-w04-core-1 Healthy 
 Container agilityhub-e1-w04-playwright-run-fb780bcca10e Creating 
 Container agilityhub-e1-w04-playwright-run-fb780bcca10e Created 
! Corepack is about to download https://registry.npmjs.org/pnpm/-/pnpm-9.15.9.tgz
 WARN  Unsupported engine: wanted: {"node":">=22 <23"} (current: {"node":"v24.20.0","pnpm":"9.15.9"})
(node:20) [DEP0169] DeprecationWarning: `url.parse()` behavior is not standardized and prone to errors that have security implications. Use the WHATWG URL API instead. CVEs are not issued for `url.parse()` vulnerabilities.
(Use `node --trace-deprecation ...` to show where the warning was created)
Scope: all 9 workspace projects
Lockfile is up to date, resolution step is skipped
Progress: resolved 1, reused 0, downloaded 0, added 0
Packages: +850
++++++++++++++++++++++++++++++++++++++++++++++++++++++++++++++++++++++++++++++++
Progress: resolved 850, reused 0, downloaded 87, added 87
Progress: resolved 850, reused 0, downloaded 180, added 180
Progress: resolved 850, reused 0, downloaded 296, added 295
Progress: resolved 850, reused 0, downloaded 396, added 396
Progress: resolved 850, reused 0, downloaded 511, added 511
Progress: resolved 850, reused 0, downloaded 537, added 537
Progress: resolved 850, reused 0, downloaded 548, added 548
Progress: resolved 850, reused 0, downloaded 569, added 569
Progress: resolved 850, reused 0, downloaded 595, added 595
Progress: resolved 850, reused 0, downloaded 650, added 650
Progress: resolved 850, reused 0, downloaded 728, added 728
Progress: resolved 850, reused 0, downloaded 777, added 777
Progress: resolved 850, reused 0, downloaded 807, added 807
Progress: resolved 850, reused 0, downloaded 845, added 845
Progress: resolved 850, reused 0, downloaded 846, added 846
Progress: resolved 850, reused 0, downloaded 847, added 847
Progress: resolved 850, reused 0, downloaded 848, added 847
Progress: resolved 850, reused 0, downloaded 850, added 850, done
.../node_modules/unrs-resolver postinstall$ node postinstall.js
.../node_modules/msw postinstall$ node -e "import('./config/scripts/postinstall.js').catch(() => void 0)"
.../esbuild@0.25.12/node_modules/esbuild postinstall$ node install.js
.../node_modules/unrs-resolver postinstall: Done
.../node_modules/msw postinstall: Done
.../esbuild@0.25.12/node_modules/esbuild postinstall: Done

devDependencies:
+ @commitlint/cli 21.2.2
+ @commitlint/config-conventional 21.2.2
+ @eslint/css 2.0.0
+ @eslint/js 9.39.5
+ @playwright/test 1.63.0
+ @size-limit/file 13.0.3
+ @types/node 24.13.3
+ eslint 9.39.5
+ eslint-import-resolver-typescript 4.4.5
+ eslint-plugin-import 2.32.0
+ eslint-plugin-jsx-a11y 6.10.2
+ eslint-plugin-react 7.37.5
+ eslint-plugin-react-hooks 7.1.1
+ globals 17.12.0
+ husky 9.1.7
+ i18next-parser 9.4.0
+ lint-staged 17.5.0
+ msw 2.15.0
+ prettier 3.9.6
+ size-limit 13.0.3
+ turbo 2.10.12
+ typescript 5.9.3
+ typescript-eslint 8.69.0

. prepare$ node packages/config/scripts/prepare-husky.mjs
. prepare: .git can't be found
. prepare: Done
Done in 19.5s using pnpm v9.15.9
[WebServer] (node:134) [DEP0169] DeprecationWarning: `url.parse()` behavior is not standardized and prone to errors that have security implications. Use the WHATWG URL API instead. CVEs are not issued for `url.parse()` vulnerabilities.
[WebServer] (Use `node --trace-deprecation ...` to show where the warning was created)


[WebServer] (node:214) [DEP0169] DeprecationWarning: `url.parse()` behavior is not standardized and prone to errors that have security implications. Use the WHATWG URL API instead. CVEs are not issued for `url.parse()` vulnerabilities.
[WebServer] (Use `node --trace-deprecation ...` to show where the warning was created)

[WebServer] (node:312) [DEP0169] DeprecationWarning: `url.parse()` behavior is not standardized and prone to errors that have security implications. Use the WHATWG URL API instead. CVEs are not issued for `url.parse()` vulnerabilities.
[WebServer] (Use `node --trace-deprecation ...` to show where the warning was created)

Running 4 tests using 1 worker

[1/4] e2e/core/e3-signup.spec.ts:322:5 › T-04-34 public signup is validated and enters through the N-02 welcome link
  1) e2e/core/e3-signup.spec.ts:322:5 › T-04-34 public signup is validated and enters through the N-02 welcome link 

    Error: expect(locator).toBeVisible() failed

    Locator: locator('.settings-parameter').filter({ hasText: 'Altes públiques' })
    Expected: visible
    Timeout: 15000ms
    Error: element(s) not found

    Call log:
      - Expect "toBeVisible" locator('.settings-parameter').filter({ hasText: 'Altes públiques' }) with timeout 15000ms
      - waiting for locator('.settings-parameter').filter({ hasText: 'Altes públiques' })


      524 |   await screenshot(admin, "D11-signup-toggle-core-1280.png");
      525 |   const parameter = admin.locator(".settings-parameter").filter({ hasText: "Altes públiques" });
    > 526 |   await expect(parameter).toBeVisible();
          |                           ^
      527 |   await parameter.getByRole("button", { name: /Altes públiques/u }).first().click();
      528 |   const editor = admin.getByRole("dialog", { name: "Altes públiques" });
      529 |   const toggle = editor.getByRole("switch", { name: "Altes públiques" });
        at /work/e2e/core/e3-signup.spec.ts:526:27

    Error Context: test-results/core-e1/e3-signup-T-04-34-public-s-a9ba9-rough-the-N-02-welcome-link/error-context.md

    attachment #2: trace (application/zip) ─────────────────────────────────────────────────────────
    test-results/core-e1/e3-signup-T-04-34-public-s-a9ba9-rough-the-N-02-welcome-link/trace.zip
    Usage:

        pnpm exec playwright show-trace test-results/core-e1/e3-signup-T-04-34-public-s-a9ba9-rough-the-N-02-welcome-link/trace.zip

    ────────────────────────────────────────────────────────────────────────────────────────────────


[2/4] e2e/core/e3-signup.spec.ts:544:5 › T-04-34 rejected signup delivers N-03
[3/4] e2e/core/e3-signup.spec.ts:551:5 › T-04-34 active member adds a dog and the club validates it
[4/4] e2e/core/e3-signup.spec.ts:555:5 › T-04-34 signup.enabled=false shows only the configured closed text
  1 failed
    e2e/core/e3-signup.spec.ts:322:5 › T-04-34 public signup is validated and enters through the N-02 welcome link 
  3 did not run

 ELIFECYCLE  Command failed with exit code 1.
