
> agilityhub-core-web@0.0.0 e2e:core /Users/jordib/dev/agilityhub/agilityhub-core-web
> bash scripts/e2e-core.sh E3-W03

 Network agilityhub-e1-w04_default Creating 
 Volume agilityhub-e1-w04_mongo-data Creating 
 Network agilityhub-e1-w04_default Creating 
 Volume agilityhub-e1-w04_export-files Creating 
 Volume agilityhub-e1-w04_export-files Creating 
 Volume agilityhub-e1-w04_mongo-data Creating 
 Volume agilityhub-e1-w04_mailbox Creating 
 Volume agilityhub-e1-w04_mailbox Creating 
 Volume agilityhub-e1-w04_export-files Created 
 Volume agilityhub-e1-w04_export-files Created 
 Volume agilityhub-e1-w04_mongo-data Created 
 Volume agilityhub-e1-w04_mongo-data Created 
 Volume agilityhub-e1-w04_mailbox Created 
 Volume agilityhub-e1-w04_mailbox Created 
 Network agilityhub-e1-w04_default Created 
 Network agilityhub-e1-w04_default Created 
 Container agilityhub-e1-w04-mongo-1 Creating 
 Container agilityhub-e1-w04-mongo-1 Created 
 Container agilityhub-e1-w04-seed-1 Creating 
 Container agilityhub-e1-w04-seed-1 Created 
 Container agilityhub-e1-w04-activate-demo-club-1 Creating 
 Container agilityhub-e1-w04-activate-demo-club-1 Created 
 Container agilityhub-e1-w04-core-1 Creating 
 Container agilityhub-e1-w04-core-1 Created 
 Container agilityhub-e1-w04-mongo-1 Starting 
 Container agilityhub-e1-w04-mongo-1 Started 
 Container agilityhub-e1-w04-mongo-1 Waiting 
 Container agilityhub-e1-w04-mongo-1 Healthy 
 Container agilityhub-e1-w04-seed-1 Starting 
 Container agilityhub-e1-w04-seed-1 Started 
 Container agilityhub-e1-w04-seed-1 Waiting 
 Container agilityhub-e1-w04-seed-1 Exited 
 Container agilityhub-e1-w04-activate-demo-club-1 Starting 
 Container agilityhub-e1-w04-activate-demo-club-1 Started 
 Container agilityhub-e1-w04-activate-demo-club-1 Waiting 
 Container agilityhub-e1-w04-mongo-1 Waiting 
 Container agilityhub-e1-w04-activate-demo-club-1 Exited 
 Container agilityhub-e1-w04-mongo-1 Healthy 
 Container agilityhub-e1-w04-core-1 Starting 
 Container agilityhub-e1-w04-core-1 Started 
 Container agilityhub-e1-w04-core-1 Waiting 
 Container agilityhub-e1-w04-mongo-1 Waiting 
 Container agilityhub-e1-w04-seed-1 Waiting 
 Container agilityhub-e1-w04-activate-demo-club-1 Waiting 
 Container agilityhub-e1-w04-activate-demo-club-1 Exited 
 Container agilityhub-e1-w04-seed-1 Exited 
 Container agilityhub-e1-w04-mongo-1 Healthy 
 Container agilityhub-e1-w04-core-1 Healthy 
 Container agilityhub-e1-w04-core-1 Running 
 Container agilityhub-e1-w04-mongo-1 Running 
 Container agilityhub-e1-w04-mongo-1 Waiting 
 Container agilityhub-e1-w04-mongo-1 Healthy 
 Container agilityhub-e1-w04-seed-1 Starting 
 Container agilityhub-e1-w04-seed-1 Started 
 Container agilityhub-e1-w04-seed-1 Waiting 
 Container agilityhub-e1-w04-seed-1 Exited 
 Container agilityhub-e1-w04-activate-demo-club-1 Starting 
 Container agilityhub-e1-w04-activate-demo-club-1 Started 
 Container agilityhub-e1-w04-activate-demo-club-1 Waiting 
 Container agilityhub-e1-w04-mongo-1 Waiting 
 Container agilityhub-e1-w04-activate-demo-club-1 Exited 
 Container agilityhub-e1-w04-mongo-1 Healthy 
 Container agilityhub-e1-w04-core-1 Waiting 
 Container agilityhub-e1-w04-core-1 Healthy 
 Container agilityhub-e1-w04-playwright-run-67ff443be39f Creating 
 Container agilityhub-e1-w04-playwright-run-67ff443be39f Created 
! Corepack is about to download https://registry.npmjs.org/pnpm/-/pnpm-9.15.9.tgz
 WARN  Unsupported engine: wanted: {"node":">=22 <23"} (current: {"node":"v24.20.0","pnpm":"9.15.9"})
(node:20) [DEP0169] DeprecationWarning: `url.parse()` behavior is not standardized and prone to errors that have security implications. Use the WHATWG URL API instead. CVEs are not issued for `url.parse()` vulnerabilities.
(Use `node --trace-deprecation ...` to show where the warning was created)
Scope: all 9 workspace projects
Lockfile is up to date, resolution step is skipped
Progress: resolved 1, reused 0, downloaded 0, added 0
Packages: +850
++++++++++++++++++++++++++++++++++++++++++++++++++++++++++++++++++++++++++++++++
Progress: resolved 850, reused 0, downloaded 86, added 86
Progress: resolved 850, reused 0, downloaded 190, added 190
Progress: resolved 850, reused 0, downloaded 318, added 318
Progress: resolved 850, reused 0, downloaded 407, added 407
Progress: resolved 850, reused 0, downloaded 528, added 528
Progress: resolved 850, reused 0, downloaded 544, added 544
Progress: resolved 850, reused 0, downloaded 555, added 555
Progress: resolved 850, reused 0, downloaded 590, added 590
Progress: resolved 850, reused 0, downloaded 614, added 614
Progress: resolved 850, reused 0, downloaded 675, added 674
Progress: resolved 850, reused 0, downloaded 744, added 744
Progress: resolved 850, reused 0, downloaded 787, added 787
Progress: resolved 850, reused 0, downloaded 844, added 844
Progress: resolved 850, reused 0, downloaded 846, added 846
Progress: resolved 850, reused 0, downloaded 848, added 848
Progress: resolved 850, reused 0, downloaded 849, added 849
Progress: resolved 850, reused 0, downloaded 850, added 849
Progress: resolved 850, reused 0, downloaded 850, added 850, done
.../node_modules/unrs-resolver postinstall$ node postinstall.js
.../node_modules/msw postinstall$ node -e "import('./config/scripts/postinstall.js').catch(() => void 0)"
.../esbuild@0.25.12/node_modules/esbuild postinstall$ node install.js
.../node_modules/unrs-resolver postinstall: Done
.../node_modules/msw postinstall: Done
.../esbuild@0.25.12/node_modules/esbuild postinstall: Done

devDependencies:
+ @commitlint/cli 21.2.2
+ @commitlint/config-conventional 21.2.2
+ @eslint/css 2.0.0
+ @eslint/js 9.39.5
+ @playwright/test 1.63.0
+ @size-limit/file 13.0.3
+ @types/node 24.13.3
+ eslint 9.39.5
+ eslint-import-resolver-typescript 4.4.5
+ eslint-plugin-import 2.32.0
+ eslint-plugin-jsx-a11y 6.10.2
+ eslint-plugin-react 7.37.5
+ eslint-plugin-react-hooks 7.1.1
+ globals 17.12.0
+ husky 9.1.7
+ i18next-parser 9.4.0
+ lint-staged 17.5.0
+ msw 2.15.0
+ prettier 3.9.6
+ size-limit 13.0.3
+ turbo 2.10.12
+ typescript 5.9.3
+ typescript-eslint 8.69.0

. prepare$ node packages/config/scripts/prepare-husky.mjs
. prepare: .git can't be found
. prepare: Done
Done in 18.7s using pnpm v9.15.9
[WebServer] (node:134) [DEP0169] DeprecationWarning: `url.parse()` behavior is not standardized and prone to errors that have security implications. Use the WHATWG URL API instead. CVEs are not issued for `url.parse()` vulnerabilities.
[WebServer] (Use `node --trace-deprecation ...` to show where the warning was created)

[WebServer] (node:214) [DEP0169] DeprecationWarning: `url.parse()` behavior is not standardized and prone to errors that have security implications. Use the WHATWG URL API instead. CVEs are not issued for `url.parse()` vulnerabilities.
[WebServer] (Use `node --trace-deprecation ...` to show where the warning was created)


[WebServer] (node:312) [DEP0169] DeprecationWarning: `url.parse()` behavior is not standardized and prone to errors that have security implications. Use the WHATWG URL API instead. CVEs are not issued for `url.parse()` vulnerabilities.
[WebServer] (Use `node --trace-deprecation ...` to show where the warning was created)

Running 10 tests using 1 worker

[1/10] e2e/core/e1-core.spec.ts:154:5 › T-01-18 password login reaches the seeded account
[2/10] e2e/core/e1-core.spec.ts:170:5 › T-01-21 seeded administrator opens the real backoffice
[3/10] e2e/core/e1-core.spec.ts:186:5 › T-01-20 club session is restored by the core
  1) e2e/core/e1-core.spec.ts:186:5 › T-01-20 club session is restored by the core ─────────────────

    Error: expect(received).toBe(expected) // Object.is equality

    Expected: 200
    Received: 400

      91 |   await page.goto(`${clubsUrl}${route}`);
      92 |   const refresh = await refreshResponse;
    > 93 |   expect(refresh.status()).toBe(200);
         |                            ^
      94 |   const me = await meResponse;
      95 |   expect(me.status()).toBe(200);
      96 |   await expect(page).toHaveURL(new RegExp(`${route}$`, "u"));
        at restoreAtRoute (/work/e2e/core/e1-core.spec.ts:93:28)
        at /work/e2e/core/e1-core.spec.ts:194:3

    Error: page.waitForResponse: Test ended.

      86 | async function restoreAtRoute(page: Page, route: string): Promise<void> {
      87 |   const refreshResponse = waitForRefresh(page);
    > 88 |   const meResponse = page.waitForResponse(
         |                           ^
      89 |     (response) => response.url().endsWith("/api/v1/me") && response.request().method() === "GET",
      90 |   );
      91 |   await page.goto(`${clubsUrl}${route}`);
        at restoreAtRoute (/work/e2e/core/e1-core.spec.ts:88:27)
        at /work/e2e/core/e1-core.spec.ts:194:9

    Error Context: test-results/core-e1/e1-core-T-01-20-club-session-is-restored-by-the-core/error-context.md

    attachment #2: trace (application/zip) ─────────────────────────────────────────────────────────
    test-results/core-e1/e1-core-T-01-20-club-session-is-restored-by-the-core/trace.zip
    Usage:

        pnpm exec playwright show-trace test-results/core-e1/e1-core-T-01-20-club-session-is-restored-by-the-core/trace.zip

    ────────────────────────────────────────────────────────────────────────────────────────────────


[4/10] e2e/core/e1-core.spec.ts:209:5 › T-01-19 magic link is delivered and exchanged end to end
[5/10] e2e/core/e1-core.spec.ts:231:5 › T-01-26 published seed enters without pending onboarding
[6/10] e2e/core/e1-core.spec.ts:241:5 › T-01-22 apps/id resumes a real authorize flow through oauth2/session
[7/10] e2e/core/e2-core.spec.ts:204:5 › T-03-42 real census flow, booking block and member profile
[8/10] e2e/core/e2-core.spec.ts:335:5 › T-05-22/T-05-25 real catalog create, edit and deactivate round trips
[9/10] e2e/core/e2-core.spec.ts:420:5 › T-02-13/T-14-26 real parameter history, export and audit
[10/10] e2e/core/e2-core.spec.ts:483:5 › T-05-CP-07 real club page edit renders styled Markdown on screen 30
  1 failed
    e2e/core/e1-core.spec.ts:186:5 › T-01-20 club session is restored by the core ──────────────────
  3 did not run
  6 passed (15.8s)

 ELIFECYCLE  Command failed with exit code 1.
