• turbo 2.10.12

   • Packages in scope: @agilityhub/api-client, @agilityhub/auth, @agilityhub/config, @agilityhub/i18n, @agilityhub/ui, clubs, clubs-admin, id
   • Running lint, typecheck, test, build in 8 packages
   • Remote caching disabled

@agilityhub/ui:typecheck: cache miss, executing f0d40671c90de63c
@agilityhub/ui:test: cache miss, executing 54ccb1fd88250473
clubs-admin:lint: cache miss, executing e04a58ac60551b02
@agilityhub/api-client:typecheck: cache hit, replaying logs 9f6e8b310711f99e
@agilityhub/api-client:typecheck: 
@agilityhub/api-client:typecheck: > @agilityhub/api-client@0.0.0 typecheck /Users/jordib/dev/agilityhub/agilityhub-core-web/packages/api-client
@agilityhub/api-client:typecheck: > tsc --noEmit
@agilityhub/api-client:typecheck: 
@agilityhub/api-client:lint: cache hit, replaying logs d9febe1b9b6e3e79
@agilityhub/i18n:lint: cache hit, replaying logs a6e7ca7a68ac7172
@agilityhub/api-client:lint: 
@agilityhub/api-client:lint: > @agilityhub/api-client@0.0.0 lint /Users/jordib/dev/agilityhub/agilityhub-core-web/packages/api-client
@agilityhub/api-client:lint: > eslint src --ignore-pattern src/generated/** --max-warnings 0 --config ../../eslint.config.mjs
@agilityhub/api-client:lint: 
@agilityhub/i18n:lint: 
@agilityhub/i18n:lint: > @agilityhub/i18n@0.0.0 lint /Users/jordib/dev/agilityhub/agilityhub-core-web/packages/i18n
@agilityhub/i18n:lint: > eslint src --max-warnings 0 --config ../../eslint.config.mjs
@agilityhub/api-client:test: cache hit, replaying logs dcbb152267084d1b
@agilityhub/i18n:lint: 
@agilityhub/api-client:test: 
@agilityhub/api-client:test: > @agilityhub/api-client@0.0.0 test /Users/jordib/dev/agilityhub/agilityhub-core-web/packages/api-client
@agilityhub/auth:lint: cache hit, replaying logs 124b2e03cc508bda
@agilityhub/api-client:test: > vitest run
@agilityhub/api-client:test: 
@agilityhub/api-client:test: 
@agilityhub/api-client:test:  RUN  v5.0.0 /Users/jordib/dev/agilityhub/agilityhub-core-web/packages/api-client
@agilityhub/api-client:test: 
@agilityhub/api-client:test:  ✓ src/mocks/fixtures.contract.test.ts (12 tests) 241ms
@agilityhub/api-client:test:  ✓ src/club-pages.test.ts (1 test) 17ms
@agilityhub/api-client:test:  ✓ src/index.test.ts (10 tests) 452ms
@agilityhub/api-client:test: 
@agilityhub/api-client:test:  Test Files  3 passed (3)
@agilityhub/api-client:test:       Tests  23 passed (23)
@agilityhub/api-client:test:    Start at  22:48:28
@agilityhub/api-client:test:    Duration  1.22s (import 39%, tests 33%, transform 28%)
@agilityhub/api-client:test: 
clubs:lint: cache hit, replaying logs 67c2598fa273e226
@agilityhub/auth:lint: 
@agilityhub/auth:lint: > @agilityhub/auth@0.0.0 lint /Users/jordib/dev/agilityhub/agilityhub-core-web/packages/auth
@agilityhub/auth:lint: > eslint src --max-warnings 0 --config ../../eslint.config.mjs
@agilityhub/auth:lint: 
@agilityhub/config:lint: cache hit, replaying logs 9bfae1aac519771f
@agilityhub/config:typecheck: cache hit, replaying logs d963af231b5e6a98
@agilityhub/ui:lint: cache miss, executing 2ba8ee6d1265bc5e
clubs:lint: 
clubs:lint: > clubs@0.0.0 lint /Users/jordib/dev/agilityhub/agilityhub-core-web/apps/clubs
clubs:lint: > eslint . --max-warnings 0 --config ../../eslint.config.mjs
clubs:lint: 
@agilityhub/config:lint: 
clubs-admin:build: cache miss, executing 910af709a0b1c3b5
@agilityhub/config:lint: > @agilityhub/config@0.0.0 lint /Users/jordib/dev/agilityhub/agilityhub-core-web/packages/config
clubs:build: cache miss, executing b42d93b883b732d4
@agilityhub/config:typecheck: 
@agilityhub/config:typecheck: > @agilityhub/config@0.0.0 typecheck /Users/jordib/dev/agilityhub/agilityhub-core-web/packages/config
@agilityhub/config:typecheck: > node --check eslint.config.mjs && node --check prettier.config.mjs && node --check scripts/prepare-husky.mjs
id:build: cache miss, executing 261cf6d952d67450
@agilityhub/config:typecheck: 
@agilityhub/config:lint: > eslint . --max-warnings 0 --config ../../eslint.config.mjs
@agilityhub/config:lint: 
id:lint: cache hit, replaying logs e72f0ee3bae6b9fe
id:lint: 
id:lint: > id@0.0.0 lint /Users/jordib/dev/agilityhub/agilityhub-core-web/apps/id
id:lint: > eslint . --max-warnings 0 --config ../../eslint.config.mjs
id:lint: 
clubs:build: 
clubs:build: > clubs@0.0.0 build /Users/jordib/dev/agilityhub/agilityhub-core-web/apps/clubs
clubs:build: > tsc --noEmit && vite build
clubs:build: 
id:build: 
id:build: > id@0.0.0 build /Users/jordib/dev/agilityhub/agilityhub-core-web/apps/id
id:build: > tsc --noEmit && vite build
id:build: 
@agilityhub/ui:typecheck: 
@agilityhub/ui:typecheck: > @agilityhub/ui@0.0.0 typecheck /Users/jordib/dev/agilityhub/agilityhub-core-web/packages/ui
@agilityhub/ui:typecheck: > tsc --noEmit
@agilityhub/ui:typecheck: 
@agilityhub/ui:lint: 
@agilityhub/ui:lint: > @agilityhub/ui@0.0.0 lint /Users/jordib/dev/agilityhub/agilityhub-core-web/packages/ui
@agilityhub/ui:lint: > eslint src --max-warnings 0 --config ../../eslint.config.mjs
@agilityhub/ui:lint: 
@agilityhub/ui:test: 
@agilityhub/ui:test: > @agilityhub/ui@0.0.0 test /Users/jordib/dev/agilityhub/agilityhub-core-web/packages/ui
@agilityhub/ui:test: > vitest run
@agilityhub/ui:test: 
clubs-admin:build: 
clubs-admin:build: > clubs-admin@0.0.0 build /Users/jordib/dev/agilityhub/agilityhub-core-web/apps/clubs-admin
clubs-admin:build: > tsc --noEmit && vite build
clubs-admin:build: 
clubs-admin:lint: 
clubs-admin:lint: > clubs-admin@0.0.0 lint /Users/jordib/dev/agilityhub/agilityhub-core-web/apps/clubs-admin
clubs-admin:lint: > eslint . --max-warnings 0 --config ../../eslint.config.mjs
clubs-admin:lint: 
@agilityhub/ui:test: 
@agilityhub/ui:test:  RUN  v5.0.0 /Users/jordib/dev/agilityhub/agilityhub-core-web/packages/ui
@agilityhub/ui:test: 
@agilityhub/ui:test:  ✓ src/universal-list.test.tsx (5 tests) 4ms
@agilityhub/ui:test:  ✓ src/branding.test.tsx (4 tests) 27ms
@agilityhub/ui:test:  ✓ src/index.test.ts (2 tests) 3ms
@agilityhub/i18n:test: cache miss, executing 145a355cfb0899f3
@agilityhub/i18n:typecheck: cache miss, executing 95c44ce0610bd52e
@agilityhub/ui:test:  ✓ src/icons/Icon.test.tsx (1 test) 78ms
@agilityhub/ui:test:  ✓ src/limited-markdown.test.tsx (1 test) 103ms
@agilityhub/ui:test:  ✓ src/components.test.tsx (27 tests) 201ms
@agilityhub/ui:test: 
@agilityhub/ui:test:  Test Files  6 passed (6)
@agilityhub/ui:test:       Tests  40 passed (40)
@agilityhub/ui:test:    Start at  22:50:42
@agilityhub/ui:test:    Duration  1.44s (environment 70%, setup 15%, transform 8%, tests 6%, import 1%)
@agilityhub/ui:test: 
@agilityhub/i18n:test: 
@agilityhub/i18n:test: > @agilityhub/i18n@0.0.0 test /Users/jordib/dev/agilityhub/agilityhub-core-web/packages/i18n
@agilityhub/i18n:test: > vitest run
@agilityhub/i18n:test: 
@agilityhub/i18n:typecheck: 
@agilityhub/i18n:typecheck: > @agilityhub/i18n@0.0.0 typecheck /Users/jordib/dev/agilityhub/agilityhub-core-web/packages/i18n
@agilityhub/i18n:typecheck: > tsc --noEmit
@agilityhub/i18n:typecheck: 
@agilityhub/i18n:test: 
@agilityhub/i18n:test:  RUN  v5.0.0 /Users/jordib/dev/agilityhub/agilityhub-core-web/packages/i18n
@agilityhub/i18n:test: 
@agilityhub/i18n:test:  ✓ src/locale.test.ts (3 tests) 3ms
@agilityhub/i18n:test:  ✓ src/format.test.ts (8 tests) 24ms
@agilityhub/i18n:test:  ✓ src/index.test.ts (3 tests) 35ms
@agilityhub/i18n:test: 
@agilityhub/i18n:test:  Test Files  3 passed (3)
@agilityhub/i18n:test:       Tests  14 passed (14)
@agilityhub/i18n:test:    Start at  22:50:44
@agilityhub/i18n:test:    Duration  385ms (transform 65%, import 22%, tests 12%, worker 2%)
@agilityhub/i18n:test: 
id:build: vite v8.2.2 building client environment for production...
id:build: transforming...
id:build: ✓ 405 modules transformed.
id:build: rendering chunks...
id:build: computing gzip size...
id:build: dist/index.html                           0.39 kB │ gzip:   0.27 kB
id:build: dist/assets/sprite-BOr1Ydze.svg           5.78 kB │ gzip:   1.52 kB
id:build: dist/assets/index-BhKzMAD5.css           30.91 kB │ gzip:   6.29 kB
id:build: dist/assets/common-wYdVdxup.js            1.31 kB │ gzip:   0.70 kB
id:build: dist/assets/shell-aHeTXtRj.js             1.31 kB │ gzip:   0.70 kB
id:build: dist/assets/shell-j-5bNr7h.js             1.36 kB │ gzip:   0.78 kB
id:build: dist/assets/shell-CFpLUFsp.js             1.39 kB │ gzip:   0.78 kB
id:build: dist/assets/common-CDNUIZ07.js            1.40 kB │ gzip:   0.78 kB
id:build: dist/assets/common-swo0lJlA.js            1.43 kB │ gzip:   0.79 kB
id:build: dist/assets/admin-audit-Cb35gAaM.js       2.80 kB │ gzip:   1.30 kB
id:build: dist/assets/id-cJQwgM2i.js                2.89 kB │ gzip:   1.28 kB
id:build: dist/assets/admin-audit-CraT1vRJ.js       3.03 kB │ gzip:   1.44 kB
id:build: dist/assets/id-Dio3OKNo.js                3.04 kB │ gzip:   1.41 kB
id:build: dist/assets/id-Rnv2hXs4.js                3.10 kB │ gzip:   1.42 kB
id:build: dist/assets/admin-audit-B6oIqDGk.js       3.11 kB │ gzip:   1.46 kB
id:build: dist/assets/auth-B2g8lbGP.js              4.30 kB │ gzip:   1.88 kB
id:build: dist/assets/auth-CPbUJNgL.js              4.74 kB │ gzip:   2.09 kB
id:build: dist/assets/auth-DjeifVuz.js              4.80 kB │ gzip:   2.09 kB
id:build: dist/assets/admin-catalogs-DAQTDns9.js    5.22 kB │ gzip:   1.95 kB
id:build: dist/assets/admin-catalogs-Coe9B6Bf.js    5.48 kB │ gzip:   2.16 kB
id:build: dist/assets/admin-catalogs-CvR4YWAF.js    5.68 kB │ gzip:   2.19 kB
id:build: dist/assets/census-2y4pkTWD.js            5.96 kB │ gzip:   2.39 kB
id:build: dist/assets/admin-census-CTIeCmYf.js      6.07 kB │ gzip:   2.47 kB
id:build: dist/assets/census-CfjHQ4Uz.js            6.29 kB │ gzip:   2.64 kB
id:build: dist/assets/admin-census-CC5ASpQw.js      6.38 kB │ gzip:   2.70 kB
id:build: dist/assets/census-C9vkPZEn.js            6.47 kB │ gzip:   2.67 kB
id:build: dist/assets/admin-census-BnUcm8M9.js      6.61 kB │ gzip:   2.76 kB
id:build: dist/assets/admin-settings-Bw7UELmU.js   16.96 kB │ gzip:   6.02 kB
id:build: dist/assets/admin-settings-C1VNuHPs.js   18.10 kB │ gzip:   6.60 kB
id:build: dist/assets/admin-settings-DwmS9dGV.js   18.46 kB │ gzip:   6.59 kB
id:build: dist/assets/errors-B-2jHom9.js           21.29 kB │ gzip:   6.91 kB
id:build: dist/assets/errors-DGqtH-UW.js           22.59 kB │ gzip:   7.33 kB
id:build: dist/assets/errors-DKrbhN8m.js           22.59 kB │ gzip:   7.28 kB
id:build: dist/assets/index-DIOwf7Gy.js           319.51 kB │ gzip:  99.16 kB
id:build: dist/assets/browser-DxTQOM4n.js         695.38 kB │ gzip: 323.23 kB
id:build: 
id:build: ✓ built in 260ms
id:build: [plugin builtin:vite-reporter] 
id:build: (!) Some chunks are larger than 500 kB after minification. Consider:
id:build: - Using dynamic import() to code-split the application
id:build: - Use build.rolldownOptions.output.codeSplitting to improve chunking: https://rolldown.rs/reference/OutputOptions.codeSplitting
id:build: - Adjust chunk size limit for this warning via build.chunkSizeWarningLimit.
@agilityhub/auth:typecheck: cache miss, executing 7d4c74c2702b17f7
@agilityhub/auth:test: cache miss, executing dc15c6553325972c
clubs:build: vite v8.2.2 building client environment for production...
clubs:build: transforming...
clubs:build: ✓ 407 modules transformed.
@agilityhub/auth:test: 
@agilityhub/auth:test: > @agilityhub/auth@0.0.0 test /Users/jordib/dev/agilityhub/agilityhub-core-web/packages/auth
@agilityhub/auth:test: > vitest run
@agilityhub/auth:test: 
@agilityhub/auth:typecheck: 
@agilityhub/auth:typecheck: > @agilityhub/auth@0.0.0 typecheck /Users/jordib/dev/agilityhub/agilityhub-core-web/packages/auth
@agilityhub/auth:typecheck: > tsc --noEmit
@agilityhub/auth:typecheck: 
clubs:build: rendering chunks...
clubs:build: computing gzip size...
clubs:build: dist/registerSW.js                        0.13 kB
clubs:build: dist/index.html                           2.78 kB │ gzip:   0.97 kB
clubs:build: dist/assets/sprite-BOr1Ydze.svg           5.78 kB │ gzip:   1.52 kB
clubs:build: dist/assets/index-DsjEhDd_.css           44.59 kB │ gzip:   8.19 kB
clubs:build: dist/assets/common-wYdVdxup.js            1.31 kB │ gzip:   0.70 kB
clubs:build: dist/assets/shell-aHeTXtRj.js             1.31 kB │ gzip:   0.70 kB
clubs:build: dist/assets/shell-j-5bNr7h.js             1.36 kB │ gzip:   0.78 kB
clubs:build: dist/assets/shell-CFpLUFsp.js             1.39 kB │ gzip:   0.78 kB
clubs:build: dist/assets/common-CDNUIZ07.js            1.40 kB │ gzip:   0.78 kB
clubs:build: dist/assets/common-swo0lJlA.js            1.43 kB │ gzip:   0.79 kB
clubs:build: dist/assets/admin-audit-Cb35gAaM.js       2.80 kB │ gzip:   1.30 kB
clubs:build: dist/assets/id-cJQwgM2i.js                2.89 kB │ gzip:   1.28 kB
clubs:build: dist/assets/admin-audit-CraT1vRJ.js       3.03 kB │ gzip:   1.44 kB
clubs:build: dist/assets/id-Dio3OKNo.js                3.04 kB │ gzip:   1.41 kB
clubs:build: dist/assets/id-Rnv2hXs4.js                3.10 kB │ gzip:   1.42 kB
clubs:build: dist/assets/admin-audit-B6oIqDGk.js       3.11 kB │ gzip:   1.46 kB
clubs:build: dist/assets/auth-B2g8lbGP.js              4.30 kB │ gzip:   1.88 kB
clubs:build: dist/assets/auth-CPbUJNgL.js              4.74 kB │ gzip:   2.09 kB
clubs:build: dist/assets/auth-DjeifVuz.js              4.80 kB │ gzip:   2.09 kB
clubs:build: dist/assets/admin-catalogs-DAQTDns9.js    5.22 kB │ gzip:   1.95 kB
clubs:build: dist/assets/admin-catalogs-Coe9B6Bf.js    5.48 kB │ gzip:   2.16 kB
clubs:build: dist/assets/admin-catalogs-CvR4YWAF.js    5.68 kB │ gzip:   2.19 kB
clubs:build: dist/assets/census-2y4pkTWD.js            5.96 kB │ gzip:   2.39 kB
clubs:build: dist/assets/admin-census-CTIeCmYf.js      6.07 kB │ gzip:   2.47 kB
clubs:build: dist/assets/census-CfjHQ4Uz.js            6.29 kB │ gzip:   2.64 kB
clubs:build: dist/assets/admin-census-CC5ASpQw.js      6.38 kB │ gzip:   2.70 kB
clubs:build: dist/assets/census-C9vkPZEn.js            6.47 kB │ gzip:   2.67 kB
clubs:build: dist/assets/admin-census-BnUcm8M9.js      6.61 kB │ gzip:   2.76 kB
clubs:build: dist/assets/admin-settings-Bw7UELmU.js   16.96 kB │ gzip:   6.02 kB
clubs:build: dist/assets/admin-settings-C1VNuHPs.js   18.10 kB │ gzip:   6.60 kB
clubs:build: dist/assets/admin-settings-DwmS9dGV.js   18.46 kB │ gzip:   6.59 kB
clubs:build: dist/assets/errors-B-2jHom9.js           21.29 kB │ gzip:   6.91 kB
clubs:build: dist/assets/errors-DGqtH-UW.js           22.59 kB │ gzip:   7.33 kB
clubs:build: dist/assets/errors-DKrbhN8m.js           22.59 kB │ gzip:   7.28 kB
clubs:build: dist/assets/index-9-RsI1K4.js           367.43 kB │ gzip: 112.61 kB
clubs:build: dist/assets/browser-DxTQOM4n.js         695.38 kB │ gzip: 323.23 kB
clubs:build: 
clubs:build: ✓ built in 257ms
@agilityhub/auth:test: 
@agilityhub/auth:test:  RUN  v5.0.0 /Users/jordib/dev/agilityhub/agilityhub-core-web/packages/auth
@agilityhub/auth:test: 
clubs:build: [plugin builtin:vite-reporter] 
clubs:build: (!) Some chunks are larger than 500 kB after minification. Consider:
clubs:build: - Using dynamic import() to code-split the application
clubs:build: - Use build.rolldownOptions.output.codeSplitting to improve chunking: https://rolldown.rs/reference/OutputOptions.codeSplitting
clubs:build: - Adjust chunk size limit for this warning via build.chunkSizeWarningLimit.
clubs-admin:build: vite v8.2.2 building client environment for production...
clubs-admin:build: transforming...
@agilityhub/auth:test:  ✓ src/auth-client.test.ts (14 tests) 177ms
clubs-admin:build: ✓ 421 modules transformed.
clubs:build: 
clubs:build: PWA v1.3.0
clubs:build: mode      generateSW
clubs:build: precache  36 entries (1303.00 KiB)
clubs:build: files generated
clubs:build:   dist/sw.js
clubs:build:   dist/workbox-9c191d2f.js
clubs-admin:build: rendering chunks...
clubs-admin:build: computing gzip size...
clubs-admin:build: dist/index.html                           2.65 kB │ gzip:   0.91 kB
clubs-admin:build: dist/assets/sprite-BOr1Ydze.svg           5.78 kB │ gzip:   1.52 kB
clubs-admin:build: dist/assets/index-CHV8SDJo.css           54.80 kB │ gzip:   9.47 kB
clubs-admin:build: dist/assets/admin-audit-Cb35gAaM.js       2.80 kB │ gzip:   1.30 kB
clubs-admin:build: dist/assets/id-cJQwgM2i.js                2.89 kB │ gzip:   1.28 kB
clubs-admin:build: dist/assets/admin-audit-CraT1vRJ.js       3.03 kB │ gzip:   1.44 kB
clubs-admin:build: dist/assets/id-Dio3OKNo.js                3.04 kB │ gzip:   1.41 kB
clubs-admin:build: dist/assets/id-Rnv2hXs4.js                3.10 kB │ gzip:   1.42 kB
clubs-admin:build: dist/assets/admin-audit-B6oIqDGk.js       3.11 kB │ gzip:   1.46 kB
clubs-admin:build: dist/assets/auth-B2g8lbGP.js              4.30 kB │ gzip:   1.88 kB
clubs-admin:build: dist/assets/auth-CPbUJNgL.js              4.74 kB │ gzip:   2.09 kB
clubs-admin:build: dist/assets/auth-DjeifVuz.js              4.80 kB │ gzip:   2.09 kB
clubs-admin:build: dist/assets/admin-catalogs-DAQTDns9.js    5.22 kB │ gzip:   1.95 kB
clubs-admin:build: dist/assets/admin-catalogs-Coe9B6Bf.js    5.48 kB │ gzip:   2.16 kB
clubs-admin:build: dist/assets/admin-catalogs-CvR4YWAF.js    5.68 kB │ gzip:   2.19 kB
clubs-admin:build: dist/assets/census-2y4pkTWD.js            5.96 kB │ gzip:   2.39 kB
clubs-admin:build: dist/assets/admin-census-CTIeCmYf.js      6.07 kB │ gzip:   2.47 kB
clubs-admin:build: dist/assets/census-CfjHQ4Uz.js            6.29 kB │ gzip:   2.64 kB
clubs-admin:build: dist/assets/admin-census-CC5ASpQw.js      6.38 kB │ gzip:   2.70 kB
clubs-admin:build: dist/assets/census-C9vkPZEn.js            6.47 kB │ gzip:   2.67 kB
clubs-admin:build: dist/assets/admin-census-BnUcm8M9.js      6.61 kB │ gzip:   2.76 kB
clubs-admin:build: dist/assets/admin-settings-Bw7UELmU.js   16.96 kB │ gzip:   6.02 kB
clubs-admin:build: dist/assets/admin-settings-C1VNuHPs.js   18.10 kB │ gzip:   6.60 kB
clubs-admin:build: dist/assets/admin-settings-DwmS9dGV.js   18.46 kB │ gzip:   6.59 kB
clubs-admin:build: dist/assets/errors-B-2jHom9.js           21.29 kB │ gzip:   6.91 kB
clubs-admin:build: dist/assets/errors-DGqtH-UW.js           22.59 kB │ gzip:   7.33 kB
clubs-admin:build: dist/assets/errors-DKrbhN8m.js           22.59 kB │ gzip:   7.28 kB
clubs-admin:build: dist/assets/browser-mP0KCnHy.js         507.16 kB │ gzip: 180.57 kB
clubs-admin:build: dist/assets/index-Bl1xB8xq.js           705.42 kB │ gzip: 287.93 kB
clubs-admin:build: 
clubs-admin:build: [33m[INEFFECTIVE_DYNAMIC_IMPORT] [0m../../packages/i18n/src/locales/ca/common.json is dynamically imported by ../../packages/i18n/src/resources.ts but also statically imported by ../../packages/i18n/src/catalog.ts, dynamic import will not move module into another chunk.
clubs-admin:build: 
clubs-admin:build: [plugin builtin:vite-reporter] 
clubs-admin:build: (!) Some chunks are larger than 500 kB after minification. Consider:
clubs-admin:build: - Using dynamic import() to code-split the application
clubs-admin:build: - Use build.rolldownOptions.output.codeSplitting to improve chunking: https://rolldown.rs/reference/OutputOptions.codeSplitting
clubs-admin:build: - Adjust chunk size limit for this warning via build.chunkSizeWarningLimit.
clubs-admin:build: [33m[INEFFECTIVE_DYNAMIC_IMPORT] [0m../../packages/i18n/src/locales/ca/shell.json is dynamically imported by ../../packages/i18n/src/resources.ts but also statically imported by ../../packages/i18n/src/catalog.ts, dynamic import will not move module into another chunk.
clubs-admin:build: 
clubs-admin:build: [33m[INEFFECTIVE_DYNAMIC_IMPORT] [0m../../packages/i18n/src/locales/en/common.json is dynamically imported by ../../packages/i18n/src/resources.ts but also statically imported by ../../packages/i18n/src/catalog.ts, dynamic import will not move module into another chunk.
clubs-admin:build: 
clubs-admin:build: [33m[INEFFECTIVE_DYNAMIC_IMPORT] [0m../../packages/i18n/src/locales/en/shell.json is dynamically imported by ../../packages/i18n/src/resources.ts but also statically imported by ../../packages/i18n/src/catalog.ts, dynamic import will not move module into another chunk.
clubs-admin:build: 
clubs-admin:build: [33m[INEFFECTIVE_DYNAMIC_IMPORT] [0m../../packages/i18n/src/locales/es/common.json is dynamically imported by ../../packages/i18n/src/resources.ts but also statically imported by ../../packages/i18n/src/catalog.ts, dynamic import will not move module into another chunk.
clubs-admin:build: 
clubs-admin:build: [33m[INEFFECTIVE_DYNAMIC_IMPORT] [0m../../packages/i18n/src/locales/es/shell.json is dynamically imported by ../../packages/i18n/src/resources.ts but also statically imported by ../../packages/i18n/src/catalog.ts, dynamic import will not move module into another chunk.
clubs-admin:build: 
clubs-admin:build: ✓ built in 634ms
@agilityhub/auth:test:  ✓ src/session.test.tsx (3 tests) 370ms
@agilityhub/auth:test: 
@agilityhub/auth:test:  Test Files  2 passed (2)
@agilityhub/auth:test:       Tests  17 passed (17)
@agilityhub/auth:test:    Start at  22:50:46
@agilityhub/auth:test:    Duration  2.19s (environment 47%, transform 20%, import 17%, tests 16%)
@agilityhub/auth:test: 
id:test: cache miss, executing 3a41ce2195d39bf8
id:typecheck: cache miss, executing 34a23fb82c85e501
clubs:typecheck: cache miss, executing 93695c1540db2806
clubs-admin:test: cache miss, executing 5585f3dd7b18e681
clubs:test: cache miss, executing 7999877fb92543f8
clubs-admin:typecheck: cache miss, executing 02923a0016a23eba
id:typecheck: 
id:typecheck: > id@0.0.0 typecheck /Users/jordib/dev/agilityhub/agilityhub-core-web/apps/id
id:typecheck: > tsc --noEmit
id:typecheck: 
id:test: 
id:test: > id@0.0.0 test /Users/jordib/dev/agilityhub/agilityhub-core-web/apps/id
id:test: > vitest run
id:test: 
clubs-admin:test: 
clubs-admin:test: > clubs-admin@0.0.0 test /Users/jordib/dev/agilityhub/agilityhub-core-web/apps/clubs-admin
clubs-admin:test: > vitest run
clubs-admin:test: 
clubs:typecheck: 
clubs:typecheck: > clubs@0.0.0 typecheck /Users/jordib/dev/agilityhub/agilityhub-core-web/apps/clubs
clubs:typecheck: > tsc --noEmit
clubs:typecheck: 
clubs-admin:typecheck: 
clubs-admin:typecheck: > clubs-admin@0.0.0 typecheck /Users/jordib/dev/agilityhub/agilityhub-core-web/apps/clubs-admin
clubs-admin:typecheck: > tsc --noEmit
clubs-admin:typecheck: 
clubs:test: 
clubs:test: > clubs@0.0.0 test /Users/jordib/dev/agilityhub/agilityhub-core-web/apps/clubs
clubs:test: > vitest run
clubs:test: 
clubs-admin:test: 
clubs-admin:test:  RUN  v5.0.0 /Users/jordib/dev/agilityhub/agilityhub-core-web/apps/clubs-admin
id:test: 
id:test:  RUN  v5.0.0 /Users/jordib/dev/agilityhub/agilityhub-core-web/apps/id
id:test: 
clubs-admin:test: 
clubs:test: 
clubs:test:  RUN  v5.0.0 /Users/jordib/dev/agilityhub/agilityhub-core-web/apps/clubs
clubs:test: 
clubs-admin:test:  ✓ src/catalogs/derived-settings.test.ts (2 tests) 4ms
clubs:test: stderr | src/InfoPage.test.tsx > T-05-CP-07 screen 30 Info > shows FAQ, rules and other active pages only
clubs:test: [BrandingProvider] Club Agility Cànic: primary and onPrimary contrast (3.32:1) is below WCAG AA.
clubs:test: 
clubs-admin:test: stderr | src/census/CensusRecordPage.test.tsx > T-03-39 D10 member record > renders the approved badges, masked account, consent warning, dog rights, and WhatsApp URL
clubs-admin:test: [BrandingProvider] Club Agility Cànic: primary and onPrimary contrast (3.32:1) is below WCAG AA.
clubs-admin:test: 
clubs:test: stderr | src/App.test.tsx > T-02-14 clubs shell > uses the compact mark with the runtime club name
clubs:test: [BrandingProvider] Club Agility Cànic: primary and onPrimary contrast (3.32:1) is below WCAG AA.
clubs:test: 
clubs:test: stderr | src/InfoPage.test.tsx > T-05-CP-07 screen 30 Info > keeps Info available without the FAQ module and omits the FAQ tab
clubs:test: [BrandingProvider] Club Agility Cànic: primary and onPrimary contrast (3.32:1) is below WCAG AA.
clubs:test: 
clubs-admin:test: stderr | src/census/CensusListPage.test.tsx > T-03-38 D5 universal member list > renders applied filters and preserves selection when page size changes
clubs-admin:test: [BrandingProvider] Club Agility Cànic: primary and onPrimary contrast (3.32:1) is below WCAG AA.
clubs-admin:test: 
clubs:test:  ✓ src/InfoPage.test.tsx (2 tests) 472ms
clubs:test:    ✓ T-05-CP-07 screen 30 Info (2)
clubs:test:      ✓ shows FAQ, rules and other active pages only 404ms
clubs-admin:test: stderr | src/catalogs/ClubPagesCard.test.tsx > T-05-CP-07 club page editor > warns about provisional text and confirms the next consent version before publishing
clubs-admin:test: [BrandingProvider] Club Agility Cànic: primary and onPrimary contrast (3.32:1) is below WCAG AA.
clubs-admin:test: 
clubs-admin:test: stderr | src/audit/AuditPage.test.tsx > T-14-26 member audit and exports > filters by action and opens the masked before/after change drawer
clubs-admin:test: [BrandingProvider] Club Agility Cànic: primary and onPrimary contrast (3.32:1) is below WCAG AA.
clubs-admin:test: 
clubs:test: stderr | src/App.test.tsx > T-02-14 clubs shell > filters the six-tab mockup navigation by modules and roles
clubs:test: [BrandingProvider] Club Agility Cànic: primary and onPrimary contrast (3.32:1) is below WCAG AA.
clubs:test: 
clubs:test: stderr | src/App.test.tsx > T-02-14 clubs shell > omits Entrenaments when FREE_TRAINING is disabled
clubs:test: [BrandingProvider] Club Agility Cànic: primary and onPrimary contrast (3.32:1) is below WCAG AA.
clubs:test: 
clubs:test: stderr | src/App.test.tsx > T-01-18 access screen > uses the exact access actions, focuses an empty email and gates signup
clubs:test: [BrandingProvider] Club Agility Cànic: primary and onPrimary contrast (3.32:1) is below WCAG AA.
clubs:test: 
id:test:  ✓ src/App.test.tsx (9 tests) 1129ms
id:test:    ✓ T-01-22 apps/id (9)
id:test:      ✓ resumes a server-side OIDC flow after password login 337ms
id:test: 
id:test:  Test Files  1 passed (1)
id:test:       Tests  9 passed (9)
id:test:    Start at  22:50:50
id:test:    Duration  4.69s (environment 45%, tests 26%, transform 21%, setup 6%, import 2%)
id:test: 
clubs-admin:test: stderr | src/census/CensusRecordPage.test.tsx > T-03-39 D10 member record > blocks and unblocks new bookings with the required reason
clubs-admin:test: [BrandingProvider] Club Agility Cànic: primary and onPrimary contrast (3.32:1) is below WCAG AA.
clubs-admin:test: 
clubs-admin:test: stderr | src/App.test.tsx > T-02-14 clubs-admin shell > uses the compact mark with the runtime club name
clubs-admin:test: [BrandingProvider] Club Agility Cànic: primary and onPrimary contrast (3.32:1) is below WCAG AA.
clubs-admin:test: 
clubs-admin:test: stderr | src/catalogs/ClubPagesCard.test.tsx > T-05-CP-07 club page editor > maps STALE_VERSION to the page-specific reload message
clubs-admin:test: [BrandingProvider] Club Agility Cànic: primary and onPrimary contrast (3.32:1) is below WCAG AA.
clubs-admin:test: 
clubs:test: stderr | src/App.test.tsx > T-01-18 access screen > uses the exact access actions, focuses an empty email and gates signup
clubs:test: [BrandingProvider] Club Mínim: primary and onPrimary contrast (3.32:1) is below WCAG AA.
clubs:test: 
clubs:test: stderr | src/App.test.tsx > T-01-18 access screen > shows the Retry-After countdown and disables requests
clubs:test: [BrandingProvider] Club Agility Cànic: primary and onPrimary contrast (3.32:1) is below WCAG AA.
clubs:test: 
clubs:test: stderr | src/App.test.tsx > T-01-19 activation screen > renders gender-aware, reset and invalid-link variants
clubs:test: [BrandingProvider] Club Agility Cànic: primary and onPrimary contrast (3.32:1) is below WCAG AA.
clubs:test: 
clubs-admin:test: stderr | src/App.test.tsx > T-02-14 clubs-admin shell > hides the Configuració group from instructors
clubs-admin:test: [BrandingProvider] Club Agility Cànic: primary and onPrimary contrast (3.32:1) is below WCAG AA.
clubs-admin:test: 
clubs-admin:test:  ✓ src/catalogs/ClubPagesCard.test.tsx (2 tests) 890ms
clubs-admin:test:    ✓ T-05-CP-07 club page editor (2)
clubs-admin:test:      ✓ warns about provisional text and confirms the next consent version before publishing 698ms
clubs:test: stderr | src/App.test.tsx > T-01-19 activation screen > renders gender-aware, reset and invalid-link variants
clubs:test: [BrandingProvider] Club Agility Cànic: primary and onPrimary contrast (3.32:1) is below WCAG AA.
clubs:test: 
clubs-admin:test: stderr | src/App.test.tsx > T-02-14 clubs-admin shell > shows the fixed sidebar groups to administrators
clubs-admin:test: [BrandingProvider] Club Agility Cànic: primary and onPrimary contrast (3.32:1) is below WCAG AA.
clubs-admin:test: 
clubs:test: stderr | src/App.test.tsx > T-01-19 activation screen > renders gender-aware, reset and invalid-link variants
clubs:test: [BrandingProvider] Club Agility Cànic: primary and onPrimary contrast (3.32:1) is below WCAG AA.
clubs:test: 
clubs:test: stderr | src/App.test.tsx > T-01-19 activation screen > renders gender-aware, reset and invalid-link variants
clubs:test: [BrandingProvider] Club Agility Cànic: primary and onPrimary contrast (3.32:1) is below WCAG AA.
clubs:test: 
clubs-admin:test: stderr | src/App.test.tsx > T-01-18 clubs-admin access > offers magic-link and password entry with the shared auth components
clubs-admin:test: [BrandingProvider] Club Agility Cànic: primary and onPrimary contrast (3.32:1) is below WCAG AA.
clubs-admin:test: 
clubs:test: stderr | src/App.test.tsx > T-01-19 activation screen > renders gender-aware, reset and invalid-link variants
clubs:test: [BrandingProvider] Club Agility Cànic: primary and onPrimary contrast (3.32:1) is below WCAG AA.
clubs:test: 
clubs-admin:test: stderr | src/audit/AuditPage.test.tsx > T-14-26 member audit and exports > opens the exports drawer for a queued job and exposes its READY download
clubs-admin:test: [BrandingProvider] Club Agility Cànic: primary and onPrimary contrast (3.32:1) is below WCAG AA.
clubs-admin:test: 
clubs-admin:test: stderr | src/census/CensusRecordPage.test.tsx > T-03-39 D10 member record > maps STALE_VERSION when another administrator edited the member
clubs-admin:test: [BrandingProvider] Club Agility Cànic: primary and onPrimary contrast (3.32:1) is below WCAG AA.
clubs-admin:test: 
clubs:test: stderr | src/App.test.tsx > T-01-20 profile choice > shows cards for every available role and sends the remember choice
clubs:test: [BrandingProvider] Club Agility Cànic: primary and onPrimary contrast (3.32:1) is below WCAG AA.
clubs:test: 
clubs-admin:test: stderr | src/App.test.tsx > T-01-20 clubs-admin handoff > exchanges the one-time handoff code on the landing route
clubs-admin:test: [BrandingProvider] Club Agility Cànic: primary and onPrimary contrast (3.32:1) is below WCAG AA.
clubs-admin:test: 
clubs-admin:test: stderr | src/App.test.tsx > T-01-26 clubs-admin onboarding > shows profile completion as a non-dismissible backoffice modal
clubs-admin:test: [BrandingProvider] Club Agility Cànic: primary and onPrimary contrast (3.32:1) is below WCAG AA.
clubs-admin:test: 
clubs:test: stderr | src/App.test.tsx > T-01-21 profile access rows and impersonation > renders the mockup rows in order without account sessions or backoffice handoff
clubs:test: [BrandingProvider] Club Agility Cànic: primary and onPrimary contrast (3.32:1) is below WCAG AA.
clubs:test: 
clubs-admin:test: stderr | src/App.test.tsx > T-01-26 clubs-admin onboarding > removes the postpone action when the policy limit is exhausted
clubs-admin:test: [BrandingProvider] Club Agility Cànic: primary and onPrimary contrast (3.32:1) is below WCAG AA.
clubs-admin:test: 
clubs-admin:test: stderr | src/census/CensusListPage.test.tsx > T-03-38 D5 universal member list > toggles visible columns and synchronizes the ordered fields to the URL
clubs-admin:test: [BrandingProvider] Club Agility Cànic: primary and onPrimary contrast (3.32:1) is below WCAG AA.
clubs-admin:test: 
clubs-admin:test: stderr | src/census/CensusRecordPage.test.tsx > T-03-38 dog record > shows the complete dog record and changes level without a booking warning
clubs-admin:test: [BrandingProvider] Club Agility Cànic: primary and onPrimary contrast (3.32:1) is below WCAG AA.
clubs-admin:test: 
clubs-admin:test:  ✓ src/App.test.tsx (8 tests) 826ms
clubs:test: stderr | src/App.test.tsx > T-01-21 profile access rows and impersonation > keeps the impersonation banner visible from /me
clubs:test: [BrandingProvider] Club Agility Cànic: primary and onPrimary contrast (3.32:1) is below WCAG AA.
clubs:test: 
clubs:test: stderr | src/App.test.tsx > T-01-26 imported-account onboarding and policy re-consent > renders configured fields and sends consent, profile data and image choice
clubs:test: [BrandingProvider] Club Agility Cànic: primary and onPrimary contrast (3.32:1) is below WCAG AA.
clubs:test: 
clubs:test: stderr | src/App.test.tsx > T-01-26 imported-account onboarding and policy re-consent > redirects blocking onboarding and permits a policy postponement
clubs:test: [BrandingProvider] Club Agility Cànic: primary and onPrimary contrast (3.32:1) is below WCAG AA.
clubs:test: 
clubs:test: stderr | src/App.test.tsx > T-01-26 imported-account onboarding and policy re-consent > redirects blocking onboarding and permits a policy postponement
clubs:test: [BrandingProvider] Club Agility Cànic: primary and onPrimary contrast (3.32:1) is below WCAG AA.
clubs:test: 
clubs-admin:test: stderr | src/census/CensusRecordPage.test.tsx > T-03-38 dog record > deactivates and reactivates a dog without deleting its record
clubs-admin:test: [BrandingProvider] Club Agility Cànic: primary and onPrimary contrast (3.32:1) is below WCAG AA.
clubs-admin:test: 
clubs:test: stderr | src/App.test.tsx > T-01-26 imported-account onboarding and policy re-consent > reloads an outdated policy version before accepting it
clubs:test: [BrandingProvider] Club Agility Cànic: primary and onPrimary contrast (3.32:1) is below WCAG AA.
clubs:test: 
clubs:test: stderr | src/App.test.tsx > T-01-26 imported-account onboarding and policy re-consent > renders the screen and pop-up in Catalan, Spanish and English
clubs:test: [BrandingProvider] Club Mínim: primary and onPrimary contrast (3.32:1) is below WCAG AA.
clubs:test: 
clubs:test: stderr | src/App.test.tsx > T-01-26 imported-account onboarding and policy re-consent > renders the screen and pop-up in Catalan, Spanish and English
clubs:test: [BrandingProvider] Club Mínim: primary and onPrimary contrast (3.32:1) is below WCAG AA.
clubs:test: 
clubs:test: stderr | src/App.test.tsx > T-01-26 imported-account onboarding and policy re-consent > renders the screen and pop-up in Catalan, Spanish and English
clubs:test: [BrandingProvider] Club Mínim: primary and onPrimary contrast (3.32:1) is below WCAG AA.
clubs:test: 
clubs:test: stderr | src/App.test.tsx > T-01-26 imported-account onboarding and policy re-consent > renders the screen and pop-up in Catalan, Spanish and English
clubs:test: [BrandingProvider] Club Mínim: primary and onPrimary contrast (3.32:1) is below WCAG AA.
clubs:test: 
clubs-admin:test: stderr | src/census/CensusListPage.test.tsx > T-03-42 D15 translated dog list > renders the approved columns and dog record links
clubs-admin:test: [BrandingProvider] Club Agility Cànic: primary and onPrimary contrast (3.32:1) is below WCAG AA.
clubs-admin:test: 
clubs:test: stderr | src/App.test.tsx > T-01-26 imported-account onboarding and policy re-consent > renders the screen and pop-up in Catalan, Spanish and English
clubs:test: [BrandingProvider] Club Mínim: primary and onPrimary contrast (3.32:1) is below WCAG AA.
clubs:test: 
clubs:test: stderr | src/App.test.tsx > T-01-26 imported-account onboarding and policy re-consent > renders the screen and pop-up in Catalan, Spanish and English
clubs:test: [BrandingProvider] Club Mínim: primary and onPrimary contrast (3.32:1) is below WCAG AA.
clubs:test: 
clubs-admin:test:  ✓ src/census/CensusRecordPage.test.tsx (5 tests) 1951ms
clubs-admin:test:    ✓ T-03-39 D10 member record (3)
clubs-admin:test:      ✓ renders the approved badges, masked account, consent warning, dog rights, and WhatsApp URL 677ms
clubs-admin:test:      ✓ blocks and unblocks new bookings with the required reason 362ms
clubs-admin:test:    ✓ T-03-38 dog record (2)
clubs-admin:test:      ✓ deactivates and reactivates a dog without deleting its record 345ms
clubs:test: stderr | src/App.test.tsx > T-03-40 mobile own dogs > renders own dogs, saves the note, shows task totals and gates TASKS
clubs:test: [BrandingProvider] Club Agility Cànic: primary and onPrimary contrast (3.32:1) is below WCAG AA.
clubs:test: 
clubs:test: stderr | src/App.test.tsx > T-03-40 mobile own dogs > renders own dogs, saves the note, shows task totals and gates TASKS
clubs:test: [BrandingProvider] Club Mínim: primary and onPrimary contrast (3.32:1) is below WCAG AA.
clubs:test: 
clubs:test: stderr | src/App.test.tsx > T-03-41 mobile own data > keeps identity read-only, resolves towns, maps READ_ONLY and gates billing
clubs:test: [BrandingProvider] Club Agility Cànic: primary and onPrimary contrast (3.32:1) is below WCAG AA.
clubs:test: 
clubs:test: stderr | src/App.test.tsx > T-03-41 mobile own data > keeps identity read-only, resolves towns, maps READ_ONLY and gates billing
clubs:test: [BrandingProvider] Club Mínim: primary and onPrimary contrast (3.32:1) is below WCAG AA.
clubs:test: 
clubs:test:  ✓ src/App.test.tsx (17 tests) 2249ms
clubs:test:    ✓ T-02-14 clubs shell (4)
clubs:test:      ✓ uses the compact mark with the runtime club name 308ms
clubs:test: 
clubs:test:  Test Files  2 passed (2)
clubs:test:       Tests  19 passed (19)
clubs:test:    Start at  22:50:50
clubs:test:    Duration  6.35s (environment 37%, tests 27%, transform 23%, import 7%, setup 6%)
clubs:test: 
clubs-admin:test: stderr | src/audit/AuditPage.test.tsx > T-14-26 member audit and exports > shows the catalogued EXPORT_LIMIT explanation in the exports drawer
clubs-admin:test: [BrandingProvider] Club Agility Cànic: primary and onPrimary contrast (3.32:1) is below WCAG AA.
clubs-admin:test: 
clubs-admin:test: stderr | src/audit/AuditPage.test.tsx > T-14-26 member audit and exports > routes a queued members list export into the global drawer
clubs-admin:test: [BrandingProvider] Club Agility Cànic: primary and onPrimary contrast (3.32:1) is below WCAG AA.
clubs-admin:test: 
clubs-admin:test: stderr | src/audit/AuditPage.test.tsx > T-14-26 member audit and exports > routes a queued dogs list export into the global drawer
clubs-admin:test: [BrandingProvider] Club Agility Cànic: primary and onPrimary contrast (3.32:1) is below WCAG AA.
clubs-admin:test: 
clubs-admin:test: stderr | src/audit/AuditPage.test.tsx > T-14-26 member audit and exports > links LastChange to the entity-scoped audit trail
clubs-admin:test: [BrandingProvider] Club Agility Cànic: primary and onPrimary contrast (3.32:1) is below WCAG AA.
clubs-admin:test: 
clubs-admin:test:  ✓ src/audit/AuditPage.test.tsx (6 tests) 2948ms
clubs-admin:test:    ✓ T-14-26 member audit and exports (6)
clubs-admin:test:      ✓ filters by action and opens the masked before/after change drawer 966ms
clubs-admin:test:      ✓ opens the exports drawer for a queued job and exposes its READY download 1475ms
clubs-admin:test:  ✓ src/census/CensusListPage.test.tsx (3 tests) 3150ms
clubs-admin:test:    ✓ T-03-38 D5 universal member list (2)
clubs-admin:test:      ✓ renders applied filters and preserves selection when page size changes 1283ms
clubs-admin:test:      ✓ toggles visible columns and synchronizes the ordered fields to the URL 547ms
clubs-admin:test:    ✓ T-03-42 D15 translated dog list (1)
clubs-admin:test:      ✓ renders the approved columns and dog record links 1317ms
clubs-admin:test: 
clubs-admin:test:  Test Files  6 passed (6)
clubs-admin:test:       Tests  26 passed (26)
clubs-admin:test:    Start at  22:50:50
clubs-admin:test:    Duration  7.25s (environment 34%, tests 31%, transform 23%, setup 6%, import 5%)
clubs-admin:test: 

 Tasks:    26 successful, 26 total
Cached:    9 cached, 26 total
  Time:    16.522s 

