
 RUN  v5.0.0 /Users/jordib/dev/agilityhub/agilityhub-core-web/packages/shared-types

 ❯ tests/json-schemas.test.ts (17 tests | 3 failed) 56ms
   ❯ JSON Schema drift check — the committed files are what schema:export writes (5)
     × packages/course-core/schema/course-data.v1.schema.json regenerates byte for byte 12ms
     × packages/shared-types/schema/build-session-export.v1.schema.json regenerates byte for byte 3ms
   ❯ T-16-03 BuildSessionExportV1 from fixture rows → valid against build-session-export.v1.schema.json (12)
     × schemaVersion: 2 → invalid (and zod refuses it too) 3ms

⎯⎯⎯⎯⎯⎯⎯ Failed Tests 3 ⎯⎯⎯⎯⎯⎯⎯

 FAIL  tests/json-schemas.test.ts > JSON Schema drift check — the committed files are what schema:export writes > packages/course-core/schema/course-data.v1.schema.json regenerates byte for byte
AssertionError: expected '{\n  "$schema": "http://json-schema.o…' to be '{\n  "$schema": "http://json-schema.o…' // Object.is equality

- Expected
+ Received

@@ -32,11 +32,12 @@
          "M",
          "FT"
        ]
      },
      "designLengthMeters": {
-       "type": "number"
+       "type": "number",
+       "exclusiveMinimum": 0
      },
      "designWidthMeters": {
        "type": "number",
        "exclusiveMinimum": 0
      },
@@ -135,11 +136,27 @@
            },
            "sourceCode": {
              "type": "string"
            },
            "obstacleType": {
-             "type": "string"
+             "type": "string",
+             "enum": [
+               "Jump",
+               "DoubleJump",
+               "Tunnel3m",
+               "Tunnel4m",
+               "Tunnel5m",
+               "Tunnel6m",
+               "DogWalk",
+               "AFrame",
+               "Seesaw",
+               "Weave",
+               "LongJump",
+               "Wall",
+               "Tire",
+               "Unknown"
+             ]
            },
            "xMeters": {
              "type": [
                "number",
                "null"
@@ -388,13 +405,14 @@
      "designWidthMeters",
      "canvasWidth",
      "canvasHeight",
      "origin",
      "metadata",
+     "obstacles",
      "numbers",
      "noGoZones",
      "ignoredLogos",
      "rawMetadata"
    ],
-   "additionalProperties": true
+   "additionalProperties": false
  }


 ❯ tests/json-schemas.test.ts:74:40
     72|       const committed = readFileSync(target.path, 'utf-8');
     73|       // On failure: pnpm --filter @agilityhub/shared-types schema:exp…
     74|       expect(renderJsonSchema(target)).toBe(committed);
       |                                        ^
     75|     },
     76|   );

⎯⎯⎯⎯⎯⎯⎯⎯⎯⎯⎯⎯⎯⎯⎯⎯⎯⎯⎯⎯⎯⎯⎯⎯[1/3]⎯

 FAIL  tests/json-schemas.test.ts > JSON Schema drift check — the committed files are what schema:export writes > packages/shared-types/schema/build-session-export.v1.schema.json regenerates byte for byte
AssertionError: expected '{\n  "$schema": "http://json-schema.o…' to be '{\n  "$schema": "http://json-schema.o…' // Object.is equality

- Expected
+ Received

@@ -3,11 +3,12 @@
    "$id": "https://schemas.agilitydoghub.com/build-session-export/v1.json",
    "title": "BuildSessionExportV1",
    "type": "object",
    "properties": {
      "schemaVersion": {
-       "type": "number"
+       "type": "number",
+       "const": 1
      },
      "exportedAt": {
        "type": "string",
        "minLength": 1
      },

 ❯ tests/json-schemas.test.ts:74:40
     72|       const committed = readFileSync(target.path, 'utf-8');
     73|       // On failure: pnpm --filter @agilityhub/shared-types schema:exp…
     74|       expect(renderJsonSchema(target)).toBe(committed);
       |                                        ^
     75|     },
     76|   );

⎯⎯⎯⎯⎯⎯⎯⎯⎯⎯⎯⎯⎯⎯⎯⎯⎯⎯⎯⎯⎯⎯⎯⎯[2/3]⎯

 FAIL  tests/json-schemas.test.ts > T-16-03 BuildSessionExportV1 from fixture rows → valid against build-session-export.v1.schema.json > schemaVersion: 2 → invalid (and zod refuses it too)
AssertionError: expected true to be false // Object.is equality

- Expected
+ Received

- false
+ true

 ❯ tests/json-schemas.test.ts:283:32
    281|       schemaVersion: 2,
    282|     };
    283|     expect(validate(document)).toBe(false);
       |                                ^
    284|     expect(validate.errors).toContainEqual(
    285|       expect.objectContaining({

⎯⎯⎯⎯⎯⎯⎯⎯⎯⎯⎯⎯⎯⎯⎯⎯⎯⎯⎯⎯⎯⎯⎯⎯[3/3]⎯


 Test Files  1 failed (1)
      Tests  3 failed | 14 passed (17)
   Start at  08:10:10
   Duration  654ms (transform 65%, import 24%, tests 11%)

