
 RUN  v5.0.0 /Users/jordib/dev/agilityhub/agilityhub-core-web/apps/clubs

 ❯ src/NotificationsPage.test.tsx (14 tests | 1 failed | 13 skipped) 163ms
   ❯ T-11-34 screen 11 «Notificacions» (S11 §2, R-11-10, R-11-11) (14)
     × E7-W02 round 2 #4 (AGENTS rule 3): with WAITLIST off, a historical N-15 the api still lists is an informative card with no [AGAFA LA PLAÇA] 161ms

⎯⎯⎯⎯⎯⎯⎯ Failed Tests 1 ⎯⎯⎯⎯⎯⎯⎯

 FAIL  src/NotificationsPage.test.tsx > T-11-34 screen 11 «Notificacions» (S11 §2, R-11-10, R-11-11) > E7-W02 round 2 #4 (AGENTS rule 3): with WAITLIST off, a historical N-15 the api still lists is an informative card with no [AGAFA LA PLAÇA]
AssertionError: expected 'unlock | accent | S\'ha alliberat una…' to be 'unlock | accent | S\'ha alliberat una…' // Object.is equality

Expected: "unlock | accent | S'ha alliberat una plaça! | fa 4 min | —"
Received: "unlock | accent | S'ha alliberat una plaça! | fa 4 min | AGAFA LA PLAÇA"

 ❯ src/NotificationsPage.test.tsx:235:24
    233|   it("E7-W02 round 2 #4 (AGENTS rule 3): with WAITLIST off, a historic…
    234|     await openFeed({ branding: { ...canic, modules: without("WAITLIST"…
    235|     expect(cards()[1]).toBe("unlock | accent | S'ha alliberat una plaç…
       |                        ^
    236|     expect(screen.queryByRole("button", { name: "AGAFA LA PLAÇA" })).t…
    237|     expect(screen.queryByText("Aquesta plaça ja no està disponible")).…

⎯⎯⎯⎯⎯⎯⎯⎯⎯⎯⎯⎯⎯⎯⎯⎯⎯⎯⎯⎯⎯⎯⎯⎯[1/1]⎯


 Test Files  1 failed (1)
      Tests  1 failed | 13 skipped (14)
   Start at  22:51:31
   Duration  1.39s (transform 44%, environment 24%, import 14%, tests 13%, setup 5%)

undefined
/Users/jordib/dev/agilityhub/agilityhub-core-web/apps/clubs:
 ERR_PNPM_RECURSIVE_EXEC_FIRST_FAIL  Command failed with exit code 1: vitest run src/NotificationsPage.test.tsx -t round 2 #4
