
> agilityhub-core-web@0.0.0 e2e:core /Users/jordib/dev/agilityhub/agilityhub-core-web
> bash scripts/e2e-core.sh E4-W07 e3-signup.spec.ts

 Volume agilityhub-e1-w04_export-files Creating 
 Volume agilityhub-e1-w04_mailbox Creating 
 Volume agilityhub-e1-w04_mongo-data Creating 
 Volume agilityhub-e1-w04_mongo-data Creating 
 Volume agilityhub-e1-w04_mailbox Creating 
 Volume agilityhub-e1-w04_export-files Creating 
 Network agilityhub-e1-w04_default Creating 
 Network agilityhub-e1-w04_default Creating 
 Volume agilityhub-e1-w04_mongo-data Created 
 Volume agilityhub-e1-w04_mongo-data Created 
 Volume agilityhub-e1-w04_mailbox Created 
 Volume agilityhub-e1-w04_mailbox Created 
 Volume agilityhub-e1-w04_export-files Created 
 Volume agilityhub-e1-w04_export-files Created 
 Network agilityhub-e1-w04_default Created 
 Network agilityhub-e1-w04_default Created 
 Container agilityhub-e1-w04-mongo-1 Creating 
 Container agilityhub-e1-w04-mongo-1 Created 
 Container agilityhub-e1-w04-seed-1 Creating 
 Container agilityhub-e1-w04-seed-1 Created 
 Container agilityhub-e1-w04-activate-demo-club-1 Creating 
 Container agilityhub-e1-w04-activate-demo-club-1 Created 
 Container agilityhub-e1-w04-core-1 Creating 
 Container agilityhub-e1-w04-core-1 Created 
 Container agilityhub-e1-w04-mongo-1 Starting 
 Container agilityhub-e1-w04-mongo-1 Started 
 Container agilityhub-e1-w04-mongo-1 Waiting 
 Container agilityhub-e1-w04-mongo-1 Healthy 
 Container agilityhub-e1-w04-seed-1 Starting 
 Container agilityhub-e1-w04-seed-1 Started 
 Container agilityhub-e1-w04-seed-1 Waiting 
 Container agilityhub-e1-w04-seed-1 Exited 
 Container agilityhub-e1-w04-activate-demo-club-1 Starting 
 Container agilityhub-e1-w04-activate-demo-club-1 Started 
 Container agilityhub-e1-w04-mongo-1 Waiting 
 Container agilityhub-e1-w04-activate-demo-club-1 Waiting 
 Container agilityhub-e1-w04-activate-demo-club-1 Exited 
 Container agilityhub-e1-w04-mongo-1 Healthy 
 Container agilityhub-e1-w04-core-1 Starting 
 Container agilityhub-e1-w04-core-1 Started 
 Container agilityhub-e1-w04-core-1 Waiting 
 Container agilityhub-e1-w04-mongo-1 Waiting 
 Container agilityhub-e1-w04-seed-1 Waiting 
 Container agilityhub-e1-w04-activate-demo-club-1 Waiting 
 Container agilityhub-e1-w04-activate-demo-club-1 Exited 
 Container agilityhub-e1-w04-seed-1 Exited 
 Container agilityhub-e1-w04-mongo-1 Healthy 
 Container agilityhub-e1-w04-core-1 Healthy 
 Container agilityhub-e1-w04-mongo-1 Running 
 Container agilityhub-e1-w04-core-1 Running 
 Container agilityhub-e1-w04-mongo-1 Waiting 
 Container agilityhub-e1-w04-mongo-1 Healthy 
 Container agilityhub-e1-w04-seed-1 Starting 
 Container agilityhub-e1-w04-seed-1 Started 
 Container agilityhub-e1-w04-seed-1 Waiting 
 Container agilityhub-e1-w04-seed-1 Exited 
 Container agilityhub-e1-w04-activate-demo-club-1 Starting 
 Container agilityhub-e1-w04-activate-demo-club-1 Started 
 Container agilityhub-e1-w04-mongo-1 Waiting 
 Container agilityhub-e1-w04-activate-demo-club-1 Waiting 
 Container agilityhub-e1-w04-mongo-1 Healthy 
 Container agilityhub-e1-w04-activate-demo-club-1 Exited 
 Container agilityhub-e1-w04-core-1 Waiting 
 Container agilityhub-e1-w04-core-1 Healthy 
 Container agilityhub-e1-w04-playwright-run-bcdb86506d7a Creating 
 Container agilityhub-e1-w04-playwright-run-bcdb86506d7a Created 
! Corepack is about to download https://registry.npmjs.org/pnpm/-/pnpm-9.15.9.tgz
 WARN  Unsupported engine: wanted: {"node":">=22 <23"} (current: {"node":"v24.20.0","pnpm":"9.15.9"})
(node:20) [DEP0169] DeprecationWarning: `url.parse()` behavior is not standardized and prone to errors that have security implications. Use the WHATWG URL API instead. CVEs are not issued for `url.parse()` vulnerabilities.
(Use `node --trace-deprecation ...` to show where the warning was created)
Scope: all 11 workspace projects
Lockfile is up to date, resolution step is skipped
Progress: resolved 1, reused 0, downloaded 0, added 0
Packages: +851
++++++++++++++++++++++++++++++++++++++++++++++++++++++++++++++++++++++++++++++++
Progress: resolved 851, reused 0, downloaded 63, added 0
Progress: resolved 851, reused 0, downloaded 115, added 111
Progress: resolved 851, reused 0, downloaded 214, added 213
Progress: resolved 851, reused 0, downloaded 338, added 338
Progress: resolved 851, reused 0, downloaded 389, added 388
Progress: resolved 851, reused 0, downloaded 467, added 467
Progress: resolved 851, reused 0, downloaded 536, added 536
Progress: resolved 851, reused 0, downloaded 551, added 551
Progress: resolved 851, reused 0, downloaded 586, added 586
Progress: resolved 851, reused 0, downloaded 604, added 604
Progress: resolved 851, reused 0, downloaded 662, added 662
Progress: resolved 851, reused 0, downloaded 730, added 730
Progress: resolved 851, reused 0, downloaded 776, added 776
Progress: resolved 851, reused 0, downloaded 809, added 809
Progress: resolved 851, reused 0, downloaded 846, added 846
Progress: resolved 851, reused 0, downloaded 848, added 848
Progress: resolved 851, reused 0, downloaded 849, added 849
Progress: resolved 851, reused 0, downloaded 850, added 849
Progress: resolved 851, reused 0, downloaded 850, added 850
Progress: resolved 851, reused 0, downloaded 851, added 851, done
.../node_modules/msw postinstall$ node -e "import('./config/scripts/postinstall.js').catch(() => void 0)"
.../node_modules/unrs-resolver postinstall$ node postinstall.js
.../esbuild@0.25.12/node_modules/esbuild postinstall$ node install.js
.../node_modules/msw postinstall: Done
.../node_modules/unrs-resolver postinstall: Done
.../esbuild@0.25.12/node_modules/esbuild postinstall: Done

devDependencies:
+ @commitlint/cli 21.2.2
+ @commitlint/config-conventional 21.2.2
+ @eslint/css 2.0.0
+ @eslint/js 9.39.5
+ @playwright/test 1.63.0
+ @size-limit/file 13.0.3
+ @types/node 24.13.3
+ eslint 9.39.5
+ eslint-import-resolver-typescript 4.4.5
+ eslint-plugin-import 2.32.0
+ eslint-plugin-jsx-a11y 6.10.2
+ eslint-plugin-react 7.37.5
+ eslint-plugin-react-hooks 7.1.1
+ globals 17.12.0
+ husky 9.1.7
+ i18next-parser 9.4.0
+ lint-staged 17.5.0
+ msw 2.15.0
+ prettier 3.9.6
+ size-limit 13.0.3
+ turbo 2.10.12
+ typescript 5.9.3
+ typescript-eslint 8.69.0

. prepare$ node packages/config/scripts/prepare-husky.mjs
. prepare: .git can't be found
. prepare: Done
Done in 21.6s using pnpm v9.15.9

[WebServer] (node:134) [DEP0169] DeprecationWarning: `url.parse()` behavior is not standardized and prone to errors that have security implications. Use the WHATWG URL API instead. CVEs are not issued for `url.parse()` vulnerabilities.
[WebServer] (Use `node --trace-deprecation ...` to show where the warning was created)
[WebServer] (node:214) [DEP0169] DeprecationWarning: `url.parse()` behavior is not standardized and prone to errors that have security implications. Use the WHATWG URL API instead. CVEs are not issued for `url.parse()` vulnerabilities.
[WebServer] (Use `node --trace-deprecation ...` to show where the warning was created)


[WebServer] (node:312) [DEP0169] DeprecationWarning: `url.parse()` behavior is not standardized and prone to errors that have security implications. Use the WHATWG URL API instead. CVEs are not issued for `url.parse()` vulnerabilities.
[WebServer] (Use `node --trace-deprecation ...` to show where the warning was created)

Running 4 tests using 1 worker

[1/4] e2e/core/e3-signup.spec.ts:355:5 › T-04-34 public signup is validated and enters through the N-02 welcome link
[2/4] e2e/core/e3-signup.spec.ts:745:5 › T-04-34 rejected signup delivers N-03
[3/4] e2e/core/e3-signup.spec.ts:752:5 › T-04-34 active member adds a dog and the club validates it
[4/4] e2e/core/e3-signup.spec.ts:756:5 › T-04-34 signup.enabled=false shows only the configured closed text
  4 passed (42.5s)
