• turbo 2.10.12

   • Packages in scope: @agilityhub/api-client, @agilityhub/auth, @agilityhub/config, @agilityhub/course-core, @agilityhub/i18n, @agilityhub/shared-types, @agilityhub/ui, clubs, clubs-admin, id
   • Running typecheck in 10 packages
   • Remote caching disabled

@agilityhub/config:typecheck: cache hit, replaying logs 6860c83ceac65ae7
@agilityhub/course-core:typecheck: cache hit, replaying logs 671f426b6643ad21
@agilityhub/ui:typecheck: cache hit, replaying logs 152aaba4832c20e5
@agilityhub/config:typecheck: 
@agilityhub/config:typecheck: > @agilityhub/config@0.0.0 typecheck /Users/jordib/dev/agilityhub/agilityhub-core-web/packages/config
@agilityhub/course-core:typecheck: 
@agilityhub/course-core:typecheck: > @agilityhub/course-core@0.0.1 typecheck /Users/jordib/dev/agilityhub/agilityhub-core-web/packages/course-core
@agilityhub/ui:typecheck: 
@agilityhub/ui:typecheck: > @agilityhub/ui@0.0.0 typecheck /Users/jordib/dev/agilityhub/agilityhub-core-web/packages/ui
@agilityhub/ui:typecheck: > tsc --noEmit
@agilityhub/ui:typecheck: 
@agilityhub/config:typecheck: > node --check eslint.config.mjs && node --check prettier.config.mjs && node --check scripts/prepare-husky.mjs
@agilityhub/config:typecheck: 
@agilityhub/course-core:typecheck: > tsc --noEmit
@agilityhub/course-core:typecheck: 
@agilityhub/i18n:typecheck: cache hit, replaying logs 1031a5e25a92e300
@agilityhub/shared-types:typecheck: cache hit, replaying logs c4a7a4d38f585971
@agilityhub/i18n:typecheck: 
@agilityhub/i18n:typecheck: > @agilityhub/i18n@0.0.0 typecheck /Users/jordib/dev/agilityhub/agilityhub-core-web/packages/i18n
@agilityhub/i18n:typecheck: > tsc --noEmit
@agilityhub/i18n:typecheck: 
@agilityhub/shared-types:typecheck: 
@agilityhub/shared-types:typecheck: > @agilityhub/shared-types@0.0.1 typecheck /Users/jordib/dev/agilityhub/agilityhub-core-web/packages/shared-types
@agilityhub/shared-types:typecheck: > tsc --noEmit
@agilityhub/shared-types:typecheck: 
@agilityhub/api-client:typecheck: cache miss, executing b61e6ebc5bdd5d4a
@agilityhub/api-client:typecheck: 
@agilityhub/api-client:typecheck: > @agilityhub/api-client@0.0.0 typecheck /Users/jordib/dev/agilityhub/agilityhub-core-web/packages/api-client
@agilityhub/api-client:typecheck: > tsc --noEmit
@agilityhub/api-client:typecheck: 
@agilityhub/api-client:typecheck: src/mocks/backoffice-handlers.ts(322,21): error TS2379: Argument of type '{ id: string | null | undefined; }' is not assignable to parameter of type '{ id?: string | null; name?: string | null; }' with 'exactOptionalPropertyTypes: true'. Consider adding 'undefined' to the types of the target's properties.
@agilityhub/api-client:typecheck:   Types of property 'id' are incompatible.
@agilityhub/api-client:typecheck:     Type 'string | null | undefined' is not assignable to type 'string | null'.
@agilityhub/api-client:typecheck:       Type 'undefined' is not assignable to type 'string | null'.
@agilityhub/api-client:typecheck: src/mocks/handlers.ts(2741,7): error TS2322: Type '{ CLUB_CHANGES: boolean | null; CLUB_NEWS: boolean | null; OPERATIONAL: boolean | null; PERSONAL: boolean | null; }' is not assignable to type '{ CLUB_CHANGES: boolean; CLUB_NEWS: boolean; OPERATIONAL: boolean; PERSONAL: boolean; }'.
@agilityhub/api-client:typecheck:   Types of property 'CLUB_CHANGES' are incompatible.
@agilityhub/api-client:typecheck:     Type 'boolean | null' is not assignable to type 'boolean'.
@agilityhub/api-client:typecheck:       Type 'null' is not assignable to type 'boolean'.
@agilityhub/api-client:typecheck:  ELIFECYCLE  Command failed with exit code 2.
@agilityhub/api-client#typecheck:  WARNING  command finished with error, but continuing...
@agilityhub/auth:typecheck: cache miss, executing 60cfb3735590d0c4
@agilityhub/auth:typecheck: 
@agilityhub/auth:typecheck: > @agilityhub/auth@0.0.0 typecheck /Users/jordib/dev/agilityhub/agilityhub-core-web/packages/auth
@agilityhub/auth:typecheck: > tsc --noEmit
@agilityhub/auth:typecheck: 
clubs-admin:typecheck: cache miss, executing 2826c7ea773ee71c
id:typecheck: cache miss, executing 1e3efa86af35d56c
clubs:typecheck: cache miss, executing e2e5b1212475aede
clubs-admin:typecheck: 
clubs-admin:typecheck: > clubs-admin@0.0.0 typecheck /Users/jordib/dev/agilityhub/agilityhub-core-web/apps/clubs-admin
clubs-admin:typecheck: > tsc --noEmit
clubs-admin:typecheck: 
clubs:typecheck: 
clubs:typecheck: > clubs@0.0.0 typecheck /Users/jordib/dev/agilityhub/agilityhub-core-web/apps/clubs
clubs:typecheck: > tsc --noEmit
clubs:typecheck: 
id:typecheck: 
id:typecheck: > id@0.0.0 typecheck /Users/jordib/dev/agilityhub/agilityhub-core-web/apps/id
id:typecheck: > tsc --noEmit
id:typecheck: 
id:typecheck: ../../packages/api-client/src/mocks/backoffice-handlers.ts(322,21): error TS2379: Argument of type '{ id: string | null | undefined; }' is not assignable to parameter of type '{ id?: string | null; name?: string | null; }' with 'exactOptionalPropertyTypes: true'. Consider adding 'undefined' to the types of the target's properties.
id:typecheck:   Types of property 'id' are incompatible.
id:typecheck:     Type 'string | null | undefined' is not assignable to type 'string | null'.
id:typecheck:       Type 'undefined' is not assignable to type 'string | null'.
id:typecheck: ../../packages/api-client/src/mocks/handlers.ts(2741,7): error TS2322: Type '{ CLUB_CHANGES: boolean | null; CLUB_NEWS: boolean | null; OPERATIONAL: boolean | null; PERSONAL: boolean | null; }' is not assignable to type '{ CLUB_CHANGES: boolean; CLUB_NEWS: boolean; OPERATIONAL: boolean; PERSONAL: boolean; }'.
id:typecheck:   Types of property 'CLUB_CHANGES' are incompatible.
id:typecheck:     Type 'boolean | null' is not assignable to type 'boolean'.
id:typecheck:       Type 'null' is not assignable to type 'boolean'.
id:typecheck:  ELIFECYCLE  Command failed with exit code 2.
id#typecheck:  WARNING  command finished with error, but continuing...
clubs:typecheck: ../../packages/api-client/src/mocks/backoffice-handlers.ts(322,21): error TS2379: Argument of type '{ id: string | null | undefined; }' is not assignable to parameter of type '{ id?: string | null; name?: string | null; }' with 'exactOptionalPropertyTypes: true'. Consider adding 'undefined' to the types of the target's properties.
clubs:typecheck:   Types of property 'id' are incompatible.
clubs:typecheck:     Type 'string | null | undefined' is not assignable to type 'string | null'.
clubs:typecheck:       Type 'undefined' is not assignable to type 'string | null'.
clubs:typecheck: ../../packages/api-client/src/mocks/handlers.ts(2741,7): error TS2322: Type '{ CLUB_CHANGES: boolean | null; CLUB_NEWS: boolean | null; OPERATIONAL: boolean | null; PERSONAL: boolean | null; }' is not assignable to type '{ CLUB_CHANGES: boolean; CLUB_NEWS: boolean; OPERATIONAL: boolean; PERSONAL: boolean; }'.
clubs:typecheck:   Types of property 'CLUB_CHANGES' are incompatible.
clubs:typecheck:     Type 'boolean | null' is not assignable to type 'boolean'.
clubs:typecheck:       Type 'null' is not assignable to type 'boolean'.
clubs:typecheck:  ELIFECYCLE  Command failed with exit code 2.
clubs#typecheck:  WARNING  command finished with error, but continuing...
clubs-admin:typecheck: ../../packages/api-client/src/mocks/backoffice-handlers.ts(322,21): error TS2379: Argument of type '{ id: string | null | undefined; }' is not assignable to parameter of type '{ id?: string | null; name?: string | null; }' with 'exactOptionalPropertyTypes: true'. Consider adding 'undefined' to the types of the target's properties.
clubs-admin:typecheck:   Types of property 'id' are incompatible.
clubs-admin:typecheck:     Type 'string | null | undefined' is not assignable to type 'string | null'.
clubs-admin:typecheck:       Type 'undefined' is not assignable to type 'string | null'.
clubs-admin:typecheck: ../../packages/api-client/src/mocks/handlers.ts(2741,7): error TS2322: Type '{ CLUB_CHANGES: boolean | null; CLUB_NEWS: boolean | null; OPERATIONAL: boolean | null; PERSONAL: boolean | null; }' is not assignable to type '{ CLUB_CHANGES: boolean; CLUB_NEWS: boolean; OPERATIONAL: boolean; PERSONAL: boolean; }'.
clubs-admin:typecheck:   Types of property 'CLUB_CHANGES' are incompatible.
clubs-admin:typecheck:     Type 'boolean | null' is not assignable to type 'boolean'.
clubs-admin:typecheck:       Type 'null' is not assignable to type 'boolean'.
clubs-admin:typecheck:  ELIFECYCLE  Command failed with exit code 2.
clubs-admin#typecheck:  WARNING  command finished with error, but continuing...
@agilityhub/api-client#typecheck:  ERROR  command (/Users/jordib/dev/agilityhub/agilityhub-core-web/packages/api-client) /Users/jordib/.nvm/versions/node/v24.15.0/bin/pnpm run typecheck exited (2)
id#typecheck:  ERROR  command (/Users/jordib/dev/agilityhub/agilityhub-core-web/apps/id) /Users/jordib/.nvm/versions/node/v24.15.0/bin/pnpm run typecheck exited (2)
clubs#typecheck:  ERROR  command (/Users/jordib/dev/agilityhub/agilityhub-core-web/apps/clubs) /Users/jordib/.nvm/versions/node/v24.15.0/bin/pnpm run typecheck exited (2)
clubs-admin#typecheck:  ERROR  command (/Users/jordib/dev/agilityhub/agilityhub-core-web/apps/clubs-admin) /Users/jordib/.nvm/versions/node/v24.15.0/bin/pnpm run typecheck exited (2)

 Tasks:    6 successful, 10 total
Cached:    5 cached, 10 total
  Time:    8.577s 
Failed:    @agilityhub/api-client#typecheck, clubs#typecheck, clubs-admin#typecheck, id#typecheck

 ERROR  run failed: command  exited (2)
