
 RUN  v5.0.0 /Users/jordib/dev/agilityhub/agilityhub-core-web/packages/api-client

 ❯ src/index.test.ts (19 tests | 1 failed | 18 skipped) 25ms
   ❯ typed API client (13)
     × E7-W01 step 0 (R-11-13) sends an Idempotency-Key on POST /message-templates/{id}/send, never on the template writes nor on the preview, and keeps a caller's key 23ms

⎯⎯⎯⎯⎯⎯⎯ Failed Tests 1 ⎯⎯⎯⎯⎯⎯⎯

 FAIL  src/index.test.ts > typed API client > E7-W01 step 0 (R-11-13) sends an Idempotency-Key on POST /message-templates/{id}/send, never on the template writes nor on the preview, and keeps a caller's key
AssertionError: expected [ 'create:', 'update:', …(5) ] to deeply equal [ 'create:', 'update:', …(5) ]

- Expected
+ Received

@@ -2,8 +2,8 @@
    "create:",
    "update:",
    "delete:",
    "preview:",
    "reset:",
-   "send:123e4567-e89b-42d3-a456-426614170301",
+   "send:",
    "send:123e4567-e89b-42d3-a456-426614170399",
  ]

 ❯ src/index.test.ts:521:18
    519|     });
    520|
    521|     expect(keys).toEqual([
       |                  ^
    522|       "create:",
    523|       "update:",

⎯⎯⎯⎯⎯⎯⎯⎯⎯⎯⎯⎯⎯⎯⎯⎯⎯⎯⎯⎯⎯⎯⎯⎯[1/1]⎯


 Test Files  1 failed (1)
      Tests  1 failed | 18 skipped (19)
   Start at  17:28:13
   Duration  688ms (transform 56%, import 39%, tests 4%)

undefined
/Users/jordib/dev/agilityhub/agilityhub-core-web/packages/api-client:
 ERR_PNPM_RECURSIVE_EXEC_FIRST_FAIL  Command failed with exit code 1: vitest run src/index.test.ts -t E7-W01 step 0
