
 RUN  v5.0.0 /Users/jordib/dev/agilityhub/agilityhub-core-web/apps/clubs-admin

 ❯ src/census/NotificationPreferencesBlock.test.tsx (9 tests | 2 failed | 7 skipped) 24ms
   ❯ T-11-38 D10 «Preferències d'avisos» (S11 §2, R-11-04) (9)
     × E7-W01 round 2 #4: the block reads its own route, GET /members/{id}/notification-preferences 18ms
     × E7-W01 round 2 #4: a failed read says so with [Torna-ho a provar], and the block stays 4ms

⎯⎯⎯⎯⎯⎯⎯ Failed Tests 2 ⎯⎯⎯⎯⎯⎯⎯

 FAIL  src/census/NotificationPreferencesBlock.test.tsx > T-11-38 D10 «Preferències d'avisos» (S11 §2, R-11-04) > E7-W01 round 2 #4: the block reads its own route, GET /members/{id}/notification-preferences
 FAIL  src/census/NotificationPreferencesBlock.test.tsx > T-11-38 D10 «Preferències d'avisos» (S11 §2, R-11-04) > E7-W01 round 2 #4: a failed read says so with [Torna-ho a provar], and the block stays
TypeError: Cannot read properties of undefined (reading 'emailByCategory')
 ❯ merged src/messaging/NotificationPreferencesBlock.tsx:16:37
     14|
     15| function merged(base: Preferences, patch: Patch): Preferences {
     16|   const emailByCategory = { ...base.emailByCategory };
       |                                     ^
     17|   for (const category of CATEGORIES) {
     18|     const value = patch.emailByCategory?.[category];
 ❯ NotificationPreferencesBlock src/messaging/NotificationPreferencesBlock.tsx:153:17
 ❯ Object.react_stack_bottom_frame ../../node_modules/.pnpm/react-dom@19.2.8_react@19.2.8/node_modules/react-dom/cjs/react-dom-client.development.js:25904:20
 ❯ renderWithHooks ../../node_modules/.pnpm/react-dom@19.2.8_react@19.2.8/node_modules/react-dom/cjs/react-dom-client.development.js:7662:22
 ❯ updateFunctionComponent ../../node_modules/.pnpm/react-dom@19.2.8_react@19.2.8/node_modules/react-dom/cjs/react-dom-client.development.js:10166:19
 ❯ beginWork ../../node_modules/.pnpm/react-dom@19.2.8_react@19.2.8/node_modules/react-dom/cjs/react-dom-client.development.js:11778:18
 ❯ runWithFiberInDEV ../../node_modules/.pnpm/react-dom@19.2.8_react@19.2.8/node_modules/react-dom/cjs/react-dom-client.development.js:874:13
 ❯ performUnitOfWork ../../node_modules/.pnpm/react-dom@19.2.8_react@19.2.8/node_modules/react-dom/cjs/react-dom-client.development.js:17641:22
 ❯ workLoopSync ../../node_modules/.pnpm/react-dom@19.2.8_react@19.2.8/node_modules/react-dom/cjs/react-dom-client.development.js:17469:41
 ❯ renderRootSync ../../node_modules/.pnpm/react-dom@19.2.8_react@19.2.8/node_modules/react-dom/cjs/react-dom-client.development.js:17450:11

⎯⎯⎯⎯⎯⎯⎯⎯⎯⎯⎯⎯⎯⎯⎯⎯⎯⎯⎯⎯⎯⎯⎯⎯[1/2]⎯


 Test Files  1 failed (1)
      Tests  2 failed | 7 skipped (9)
   Start at  20:55:21
   Duration  1.02s (transform 42%, environment 31%, import 18%, setup 7%, tests 3%)

undefined
/Users/jordib/dev/agilityhub/agilityhub-core-web/apps/clubs-admin:
 ERR_PNPM_RECURSIVE_EXEC_FIRST_FAIL  Command failed with exit code 1: vitest run src/census/NotificationPreferencesBlock.test.tsx -t round 2 #4
