
 RUN  v5.0.0 /Users/jordib/dev/agilityhub/agilityhub-core-web/apps/clubs

 ↓ src/SignupPage.test.tsx > T-04-29 signup person and draft > persists a current draft, expires it after 24 hours and maps identity states
 ↓ src/SignupPage.test.tsx > T-04-29 signup person and draft > keeps the draft and refetches localized configuration after a language change
 ↓ src/SignupPage.test.tsx > T-04-29 signup person and draft > masks and validates the browser-independent birth date control
 ↓ src/SignupPage.test.tsx > T-04-29 signup person and draft > M2 checks the ES postal code and a past birth date from 1900 before any request
 ↓ src/SignupPage.test.tsx > T-04-29 signup person and draft > focuses the first error after it renders and links each field to its message
 ↓ src/SignupPage.test.tsx > T-04-29 signup person and draft > keeps fields typed while the town lookup is in flight
 ↓ src/SignupPage.test.tsx > T-04-29 signup person and draft > GENERIC profile: the first document type of the profile and an editable prefix
 ↓ src/SignupPage.test.tsx > T-04-30 signup dog, uploads, plans and module gates > uploads sequentially named vaccination pages and renders API plans
 ↓ src/SignupPage.test.tsx > T-04-30 signup dog, uploads, plans and module gates > removes amounts without BILLING and the family offer and step without FAMILY_GROUP
 ↓ src/SignupPage.test.tsx > T-04-30 signup dog, uploads, plans and module gates > gates offerLabel by FAMILY_GROUP even when the configuration sends it
 ↓ src/SignupPage.test.tsx > T-04-30 signup dog, uploads, plans and module gates > validates and normalises the chip per country profile and the birth month
 ↓ src/SignupPage.test.tsx > T-04-30 signup dog, uploads, plans and module gates > keeps fields typed while an upload is in flight
 ↓ src/SignupPage.test.tsx > T-04-31 signup family lookup > continues empty, resolves the fixture family and supports a pending lookup
 ↓ src/SignupPage.test.tsx > T-04-31 signup family lookup > keeps the dog draft when returning from the family step
 ↓ src/SignupPage.test.tsx > T-04-31 signup family lookup > prefills the account holder with the group holder when the group is found (R-04-10)
 ↓ src/SignupPage.test.tsx > T-04-32 signup payment, checkout and add-dog mode > renders API totals and payment conditions and submits only after privacy consent
 ↓ src/SignupPage.test.tsx > T-04-32 signup payment, checkout and add-dog mode > shows each payment text only under its method (T-04-32, M7 web half)
 ↓ src/SignupPage.test.tsx > T-04-32 signup payment, checkout and add-dog mode > redirects through checkout when Stripe is enabled
 ↓ src/SignupPage.test.tsx > T-04-32 signup payment, checkout and add-dog mode > uses the member plan and payment method and posts the add-dog flow
 ↓ src/SignupPage.test.tsx > T-04-32 signup payment, checkout and add-dog mode > the add-dog success page does not promise a welcome email
 ↓ src/SignupPage.test.tsx > T-04-32 signup payment, checkout and add-dog mode > E4-W16 step 12a: the add-dog success page is titled «Afegeix un gos» and goes back to 13; the public one keeps «Apunta-t'hi»
 ↓ src/SignupPage.test.tsx > T-04-32 signup payment, checkout and add-dog mode > sends notesToInstructors from 17 and holderTaxId from 19 (§2, §3)
 ↓ src/SignupPage.test.tsx > T-04-32 signup payment, checkout and add-dog mode > drops the IBAN from the session draft when the method changes away from SEPA
 ↓ src/SignupPage.test.tsx > T-04-32 signup payment, checkout and add-dog mode > checks the IBAN mod-97 before sending
 ↓ src/SignupPage.test.tsx > T-04-32 signup payment, checkout and add-dog mode > omits planId and planIdRequested when the club has no signup plans (R-04-09)
 ↓ src/SignupPage.test.tsx > T-04-32 signup payment, checkout and add-dog mode > hides the honeypot from assistive technology and the tab order
 ↓ src/SignupPage.test.tsx > T-04-32 signup payment, checkout and add-dog mode > reads the image-consent text from texts.imageConsent, then legal.imageConsentText
 ↓ src/SignupPage.test.tsx > B1 identity document at submission (R-04-01) > submits a DNI applicant with the identity-check document
 ↓ src/SignupPage.test.tsx > B1 identity document at submission (R-04-01) > submits a NIE applicant with the identity-check document
 ↓ src/SignupPage.test.tsx > B1 identity document at submission (R-04-01) > submits a passport only applicant with the identity-check document
 ↓ src/SignupPage.test.tsx > M1 stable retries (CONVENCIONS_API §7, R-04-26/27) > retries a lost 201 with the same Idempotency-Key and gets the same 201
 ↓ src/SignupPage.test.tsx > M1 stable retries (CONVENCIONS_API §7, R-04-26/27) > changing a payload field after a failure uses a new key
 ↓ src/SignupPage.test.tsx > M1 stable retries (CONVENCIONS_API §7, R-04-26/27) > add-dog: a lost 201 is replayed, never DOG_CHIP_ALREADY_REGISTERED for the member's own dog
 ↓ src/SignupPage.test.tsx > M1 stable retries (CONVENCIONS_API §7, R-04-26/27) > a cancelled checkout returns to 19 with the data and retries only the checkout
 ↓ src/SignupPage.test.tsx > M2 api errors land on their field and step (§2, CATALEG_ERRORS) > INVALID_ID_DOCUMENT (400) → /apuntat-hi
 ↓ src/SignupPage.test.tsx > M2 api errors land on their field and step (§2, CATALEG_ERRORS) > ID_DOCUMENT_AMBIGUOUS (422) → /apuntat-hi
 ↓ src/SignupPage.test.tsx > M2 api errors land on their field and step (§2, CATALEG_ERRORS) > INVALID_PHONE (400) → /apuntat-hi
 ↓ src/SignupPage.test.tsx > M2 api errors land on their field and step (§2, CATALEG_ERRORS) > INVALID_IBAN (400) → undefined
 ↓ src/SignupPage.test.tsx > M2 api errors land on their field and step (§2, CATALEG_ERRORS) > PLAN_NOT_AVAILABLE (422) → /apuntat-hi/gos
 ↓ src/SignupPage.test.tsx > M2 api errors land on their field and step (§2, CATALEG_ERRORS) > DOG_DOCUMENT_REQUIRED (422) → /apuntat-hi/gos
 ↓ src/SignupPage.test.tsx > M2 api errors land on their field and step (§2, CATALEG_ERRORS) > FILE_NOT_FOUND (400) → /apuntat-hi/gos
 ↓ src/SignupPage.test.tsx > M2 api errors land on their field and step (§2, CATALEG_ERRORS) > DOG_CHIP_ALREADY_REGISTERED (422) → /apuntat-hi/gos
 ↓ src/SignupPage.test.tsx > M2 api errors land on their field and step (§2, CATALEG_ERRORS) > FAMILY_HOLDER_NOT_FOUND (422) → /apuntat-hi/familia
 ↓ src/SignupPage.test.tsx > M2 api errors land on their field and step (§2, CATALEG_ERRORS) > CONSENT_VERSION_OUTDATED (422) → undefined
 ↓ src/SignupPage.test.tsx > M2 api errors land on their field and step (§2, CATALEG_ERRORS) > MEMBER_ALREADY_EXISTS (409) → /apuntat-hi
 ↓ src/SignupPage.test.tsx > M2 api errors land on their field and step (§2, CATALEG_ERRORS) > SIGNUP_ALREADY_PENDING (422) → /apuntat-hi
 ↓ src/SignupPage.test.tsx > M2 api errors land on their field and step (§2, CATALEG_ERRORS) > SIGNUP_CLOSED (422) → undefined
 ↓ src/SignupPage.test.tsx > M2 api errors land on their field and step (§2, CATALEG_ERRORS) > RATE_LIMITED (429) → undefined
 ↓ src/SignupPage.test.tsx > M2 api errors land on their field and step (§2, CATALEG_ERRORS) > PAYMENT_METHOD_NOT_AVAILABLE (422) → undefined
 ✓ src/SignupPage.test.tsx > M2 api errors land on their field and step (§2, CATALEG_ERRORS) > IDEMPOTENCY_KEY_REUSED (409) → undefined 134ms
 ✓ src/SignupPage.test.tsx > M2 api errors land on their field and step (§2, CATALEG_ERRORS) > IDEMPOTENCY_KEY_REUSED (409) → undefined 41ms
 ↓ src/SignupPage.test.tsx > M2 api errors land on their field and step (§2, CATALEG_ERRORS) > SOMETHING_NEW (422) → undefined
 ↓ src/SignupPage.test.tsx > M2 api errors land on their field and step (§2, CATALEG_ERRORS) > VALIDATION_ERROR (400) → /apuntat-hi
 ↓ src/SignupPage.test.tsx > M2 api errors land on their field and step (§2, CATALEG_ERRORS) > VALIDATION_ERROR (400) → /apuntat-hi/gos
 ↓ src/SignupPage.test.tsx > M19 the consent version sent is the accepted one (R-04-17) > clears an acceptance of other legal texts and sends the version accepted again
 ↓ src/SignupPage.test.tsx > M19 the consent version sent is the accepted one (R-04-17) > a saved acceptance of an older version is not carried into the new texts
 ↓ src/SignupPage.test.tsx > E3-W06 round 2 > #1 an INVALID_IBAN from 19 stays on 19, on the IBAN field (production navigator)
 ↓ src/SignupPage.test.tsx > E3-W06 round 2 > #1 an INVALID_ID_DOCUMENT routed to 16 survives the full page load and focuses the document
 ↓ src/SignupPage.test.tsx > E3-W06 round 2 > #2 after a cancelled checkout 19 is read-only and the retry charges the committed signup
 ↓ src/SignupPage.test.tsx > E3-W06 round 2 > #3 the fingerprint is a SHA-256 digest and the IBAN leaves the draft after a failed submission
 ↓ src/SignupPage.test.tsx > E3-W06 round 2 > #3 a config reload that drops SEPA removes the IBAN from the draft
 ↓ src/SignupPage.test.tsx > E3-W06 round 2 > #4 a cleared FOUND claim gives the account holder back to the applicant (R-04-10)
 ↓ src/SignupPage.test.tsx > E3-W06 round 2 > #4 a holder typed by the applicant is kept when the claim changes
 ↓ src/SignupPage.test.tsx > E3-W06 round 2 > #5 the birth date is checked against the club's today, not the browser's
 ↓ src/SignupPage.test.tsx > E3-W06 round 2 > #5 the dog's birth month is checked against the club's month, not the browser's
 ↓ src/SignupPage.test.tsx > E3-W08 step 1: the «Pagament inicial» card is the selected plan's quote (R-04-14/15, T-04-32) > 05-08-2026 (before the split day): a full month today, half a month from the 16th
 ↓ src/SignupPage.test.tsx > E3-W08 step 1: the «Pagament inicial» card is the selected plan's quote (R-04-14/15, T-04-32) > 17-08-2026: half a month today, the 1st of September in full, a 130 € total; the total is never sent
 ↓ src/SignupPage.test.tsx > E3-W08 step 1: the «Pagament inicial» card is the selected plan's quote (R-04-14/15, T-04-32) > 31-12-2026: the alternative starts on the 1st of January (full month)
 ↓ src/SignupPage.test.tsx > E3-W08 step 1: the «Pagament inicial» card is the selected plan's quote (R-04-14/15, T-04-32) > Pack 6: the pack line and no start options; Teràpia: its 50 € entry fee only
 ↓ src/SignupPage.test.tsx > E3-W08 step 1: the «Pagament inicial» card is the selected plan's quote (R-04-14/15, T-04-32) > a zero line of the quote is hidden (no «Entrada 0,00 €»)
 ↓ src/SignupPage.test.tsx > E3-W08 step 1: the «Pagament inicial» card is the selected plan's quote (R-04-14/15, T-04-32) > add-dog: on day 26 only TODAY (after billing.upfrontCutoffDay); on day 17 the 1st of next month pays the entry fee only
 ↓ src/SignupPage.test.tsx > E3-W08 round 2: the card after the signup exists, and the line concepts > #3 submitted on 15-08 with a full month, retried on 16-08: the card keeps the frozen full month and its total
 ↓ src/SignupPage.test.tsx > E3-W08 round 2: the card after the signup exists, and the line concepts > #3 the core's result shape (`additionalDog: null`, paid amounts) still renders the frozen card
 ↓ src/SignupPage.test.tsx > E3-W08 round 2: the card after the signup exists, and the line concepts > #3 a committed add-dog shows the api's frozen additional-dog choice
 ↓ src/SignupPage.test.tsx > E3-W08 round 2: the card after the signup exists, and the line concepts > #4 every concept of a quote line has its label; the start concepts are left to the start options
 ↓ src/SignupPage.test.tsx > E3-W08 step 2: signed uploads forward the upload-URL headers (R-04-08, M16) > public signup: the PUT carries every header the storage signed
 ↓ src/SignupPage.test.tsx > E3-W08 step 2: signed uploads forward the upload-URL headers (R-04-08, M16) > add-dog: the PUT carries every header the storage signed
 ↓ src/SignupPage.test.tsx > E3-W08 step 4: the signup flags (R-04-08, R-04-12) > T-04-31 allowFamilyGroupPending=false: a NOT_FOUND claim offers no «Deixa-ho pendent»
 ↓ src/SignupPage.test.tsx > E3-W08 step 4: the signup flags (R-04-08, R-04-12) > T-04-31 allowFamilyGroupPending=true: the same claim can be left pending
 ↓ src/SignupPage.test.tsx > E3-W08 step 4: the signup flags (R-04-08, R-04-12) > T-04-30 requireDogDocumentAtSignup=true: 17 requires the vaccination card with an actionable error
 ↓ src/SignupPage.test.tsx > E3-W08 step 4: the signup flags (R-04-08, R-04-12) > T-04-30 requireDogDocumentAtSignup=false: 17 continues without a file and shows the optional note
 ↓ src/SignupPage.test.tsx > E3-W08 step 5: screens 16 and 17 and the public shell > 17: each plan card shows its name, its conditions and its price, never the long description; no zero entry line
 ↓ src/SignupPage.test.tsx > E3-W08 step 5: screens 16 and 17 and the public shell > E4-W12 step 3 (R-04-09, S05 R-05-19): the Cànic's Teràpia shows its priceLabel in the price slot and its conditions in the body
 ↓ src/SignupPage.test.tsx > E3-W08 step 5: screens 16 and 17 and the public shell > E4-W12 step 3: the priceLabel comes in the reader's language and a plan without price or label leaves the slot empty
 ↓ src/SignupPage.test.tsx > E3-W08 step 5: screens 16 and 17 and the public shell > E4-W12 step 4 (T-04-32): the add-dog keeps the member's plan: one read-only line with its name and price, no cards and no selection
 ↓ src/SignupPage.test.tsx > E3-W08 step 5: screens 16 and 17 and the public shell > E4-W12 step 4, E4-W15 step 1 (R-04-09, api E5-T22): the plan the public offer hides comes listed and marked current: 17 names it read-only and requests it
 ↓ src/SignupPage.test.tsx > E3-W08 step 5: screens 16 and 17 and the public shell > round 2 #6: a maintenance plan without an entry fee shows its minimum fee and no «Entrada a compte: 0,00 €»
 ↓ src/SignupPage.test.tsx > E3-W08 step 5: screens 16 and 17 and the public shell > 16 (R-04-02, T-04-03): «Població» is free with no town, fixed with one and a selector with several
 ↓ src/SignupPage.test.tsx > E3-W08 step 5: screens 16 and 17 and the public shell > 16: the «Ja ets soci…» card carries its ⓘ icon; the language selector its globe
 ↓ src/SignupPage.test.tsx > E3-W08 step 5: screens 16 and 17 and the public shell > the public footer reads «{legalName} · {taxId} · {city}» from /branding
 ↓ src/SignupPage.test.tsx > E3-W08 step 5: screens 16 and 17 and the public shell > T-02-07 E3-W12 step 5 (S02 R-02-02, Jordi 25-09): the registered office from /branding legalAddress, below the first line
 ↓ src/SignupPage.test.tsx > E3-W08 step 5: screens 16 and 17 and the public shell > A32: the club's primary buttons have dark text, AA against the primary, and BrandingProvider does not warn
 ↓ src/SignupPage.test.tsx > E3-W08 step 7: the three narrow cases of the E3-W06 round-2 review > #1 a slow full page load: the departing page never renders nor consumes the destination's error
 ↓ src/SignupPage.test.tsx > E3-W08 step 7: the three narrow cases of the E3-W06 round-2 review > #2 a cancelled checkout is consumed once: cancel → retry → lost answer → reload → retry with the same key
 ↓ src/SignupPage.test.tsx > E3-W08 step 7: the three narrow cases of the E3-W06 round-2 review > round 2 #2: a page restored from the back-forward cache shows its step again, with the draft the next page left
 ↓ src/SignupPage.test.tsx > E3-W08 step 7: the three narrow cases of the E3-W06 round-2 review > round 2 #2: a pageshow that is not a bfcache restore changes nothing
 ↓ src/SignupPage.test.tsx > E3-W08 step 7: the three narrow cases of the E3-W06 round-2 review > #3 a passport-only applicant's INVALID_ID_DOCUMENT lands on the passport field
 ↓ src/SignupPage.test.tsx > T-04-32 E4-W15 screen 17: the member's plan in add-dog mode, the therapy intro and the single-class price (R-04-09, R-05-19, api E5-T22) > step 1: the add-dog line follows the plan GET /signup marks current, not a plan id of its own
 ↓ src/SignupPage.test.tsx > T-04-32 E4-W15 screen 17: the member's plan in add-dog mode, the therapy intro and the single-class price (R-04-09, R-05-19, api E5-T22) > step 2 (review #5): a member without a plan chooses one: the offered cards, [CONTINUA] disabled until then, and planIdRequested
 ↓ src/SignupPage.test.tsx > T-04-32 E4-W15 screen 17: the member's plan in add-dog mode, the therapy intro and the single-class price (R-04-09, R-05-19, api E5-T22) > step 4 (review #2): the therapy intro is hidden above the member's read-only plan, and stays on the public form
 ↓ src/SignupPage.test.tsx > T-04-32 E4-W15 screen 17: the member's plan in add-dog mode, the therapy intro and the single-class price (R-04-09, R-05-19, api E5-T22) > step 6 (review #4, R-05-19): a SINGLE_CLASS plan reads «{price}/classe» on its card and on the add-dog line
 ↓ src/NotificationsPage.test.tsx > T-11-34 screen 11 «Notificacions» (S11 §2, R-11-10, R-11-11) > renders mockup 11's six cards as delivered: icon, tone, texts, relative time, «i per SMS», the buttons
 ↓ src/NotificationsPage.test.tsx > T-11-34 screen 11 «Notificacions» (S11 §2, R-11-10, R-11-11) > never prints «i per SMS» without the SMS module, even for an SMS the api lists
 ↓ src/NotificationsPage.test.tsx > T-11-34 screen 11 «Notificacions» (S11 §2, R-11-10, R-11-11) > [CANVIA DE CLASSE] opens 04 with the notification's dog
 ↓ src/NotificationsPage.test.tsx > T-11-34 screen 11 «Notificacions» (S11 §2, R-11-10, R-11-11) > [AGAFA LA PLAÇA] reuses E5-W01's claim: the entry's seat hold, then the confirmation (06/29)
 ↓ src/NotificationsPage.test.tsx > T-11-34 screen 11 «Notificacions» (S11 §2, R-11-10, R-11-11) > [AGAFA LA PLAÇA] reads disabled, with its hint, once the seat is gone (enabled: false)
 ↓ src/NotificationsPage.test.tsx > T-11-34 screen 11 «Notificacions» (S11 §2, R-11-10, R-11-11) > E7-W02 round 2 #4 (AGENTS rule 3): with WAITLIST off, a historical N-15 the api still lists is an informative card with no [AGAFA LA PLAÇA]
 ↓ src/NotificationsPage.test.tsx > T-11-34 screen 11 «Notificacions» (S11 §2, R-11-10, R-11-11) > a hold refused with 409 SEAT_TAKEN shows E5-W01's message in the card
 ↓ src/NotificationsPage.test.tsx > T-11-34 screen 11 «Notificacions» (S11 §2, R-11-10, R-11-11) > an informative card opens its route on tap, without a button; one without an action is inert
 ↓ src/NotificationsPage.test.tsx > T-11-34 screen 11 «Notificacions» (S11 §2, R-11-10, R-11-11) > entering calls read-all once, and 03's bell goes quiet
 ↓ src/NotificationsPage.test.tsx > T-11-34 screen 11 «Notificacions» (S11 §2, R-11-10, R-11-11) > back on 03 from the browser's page cache, the bell reads GET /me/home again
 ↓ src/NotificationsPage.test.tsx > T-11-34 screen 11 «Notificacions» (S11 §2, R-11-10, R-11-11) > E7-W02 round 2 #3: a failed read-all is sent again (bounded retry), and its answer silences the bell
 ↓ src/profile/NoticesCard.test.tsx > T-11-35 screen 12 «Avisos» and «Idioma» (S11 §2, R-11-04, R-11-07, R-11-15, R-11-17) > the fixed green tick under «App», the four e-mail switches with the product defaults and «+SMS»
 ↓ src/profile/NoticesCard.test.tsx > T-11-35 screen 12 «Avisos» and «Idioma» (S11 §2, R-11-04, R-11-07, R-11-15, R-11-17) > hides «+SMS» in a club without SMS (R-11-17)
 ↓ src/profile/NoticesCard.test.tsx > T-11-35 screen 12 «Avisos» and «Idioma» (S11 §2, R-11-04, R-11-07, R-11-15, R-11-17) > the reminder select lists «Mai» and the club's options
 ↓ src/profile/NoticesCard.test.tsx > T-11-35 screen 12 «Avisos» and «Idioma» (S11 §2, R-11-04, R-11-07, R-11-15, R-11-17) > each change shows at once and is saved as a partial PUT after the 300 ms pause
 ↓ src/profile/NoticesCard.test.tsx > T-11-35 screen 12 «Avisos» and «Idioma» (S11 §2, R-11-04, R-11-07, R-11-15, R-11-17) > rolls a refused change back with its message (422 INVALID_REMINDER_OPTION)
 ↓ src/profile/NoticesCard.test.tsx > T-11-35 screen 12 «Avisos» and «Idioma» (S11 §2, R-11-04, R-11-07, R-11-15, R-11-17) > keeps a newer choice when an older save answers late (the answer rebases the member's edits)
 ↓ src/profile/NoticesCard.test.tsx > T-11-35 screen 12 «Avisos» and «Idioma» (S11 §2, R-11-04, R-11-07, R-11-15, R-11-17) > E7-W02 round 2 #1: leaving 12 while a PUT is on its way sends the waiting change at once, and the latest choice (120) is what the api keeps even when the older PUT answers last
 ↓ src/profile/NoticesCard.test.tsx > T-11-35 screen 12 «Avisos» and «Idioma» (S11 §2, R-11-04, R-11-07, R-11-15, R-11-17) > E7-W02 round 2 #1: a change kept across a reload is sent again on the next visit of the same account and club only
 ↓ src/instructor/tasks.test.tsx > T-10-28 (26) screen 26 «Tasques i notes» (S10 §2, R-10-10…R-10-12) > mockup 26: the title, the private observations, the three tasks (the done one struck through with «feta per la Laura el 02-08»), the history link, the member's note read-only and [DESA] waiting for a change
 ↓ src/instructor/tasks.test.tsx > T-10-28 (26) screen 26 «Tasques i notes» (S10 §2, R-10-10…R-10-12) > T-10-25 «＋ Afegir» uploads the video through the signed url (TASK, the signed headers, no bearer) and creates one task with one Idempotency-Key, even on a double tap; 22's counters follow
 ↓ src/instructor/tasks.test.tsx > T-10-28 (26) screen 26 «Tasques i notes» (S10 §2, R-10-10…R-10-12) > the pencil edits the text with the version read; the ✕ asks «Vols eliminar aquesta tasca?» and deletes with its key; ✓ completes (feta per l'Estel) and ↺ reopens
 ↓ src/instructor/tasks.test.tsx > T-10-28 (26) screen 26 «Tasques i notes» (S10 §2, R-10-10…R-10-12) > an edit opened before another instructor's change is sent with its own version: STALE_VERSION (409), and the typed text stays
 ↓ src/instructor/tasks.test.tsx > T-10-28 (26) screen 26 «Tasques i notes» (S10 §2, R-10-10…R-10-12) > errors by code inside the editor: TASK_ALREADY_DONE (422) after a completion the api refuses, then the list read again
 ↓ src/instructor/tasks.test.tsx > T-10-28 (26) screen 26 «Tasques i notes» (S10 §2, R-10-10…R-10-12) > [DESA] saves the observations with the version read and one key; a stale version (tasksStale) keeps the typed text to recover and saves it again on the new version
 ↓ src/instructor/tasks.test.tsx > T-10-28 (26) screen 26 «Tasques i notes» (S10 §2, R-10-10…R-10-12) > a file the api refuses (FILE_TOO_LARGE) is said inside the editor; with the club's limits readable (ADMIN) it is refused before any signed url
 ↓ src/instructor/tasks.test.tsx > T-10-28 (26) screen 26 «Tasques i notes» (S10 §2, R-10-10…R-10-12) > an observation file goes through the DOG_OBSERVATIONS upload and POST /attachments; a clip opens a fresh signed url
 ↓ src/instructor/tasks.test.tsx > T-10-28 (26) screen 26 «Tasques i notes» (S10 §2, R-10-10…R-10-12) > «Veure l'historial complet ›» reads every task, done ones included, in a read-only drawer
 ↓ src/instructor/tasks.test.tsx > T-10-28 (26) screen 26 «Tasques i notes» (S10 §2, R-10-10…R-10-12) > T-10-32 (26): es and en with no missing key
 ↓ src/instructor/tasks.test.tsx > E6-W02 round 2 (review of 30-09): screen 26 > #1 (CONVENCIONS_API §7, T-10-25): a network failure keeps the submission's key, so its retry creates one task
 ↓ src/instructor/tasks.test.tsx > E6-W02 round 2 (review of 30-09): screen 26 > #1 (E74): two deliberate submissions with the same text are two tasks, each with its own key
 ↓ src/instructor/tasks.test.tsx > E6-W02 round 2 (review of 30-09): screen 26 > #2 (R-10-10): with 52 tasks «Mostra'n més» reads the next page into the same list, whose tasks are managed like the rest — the oldest done one reopened, the oldest pending one edited, completed and deleted
 ↓ src/instructor/tasks.test.tsx > E6-W02 round 2 (review of 30-09): screen 26 > #4 (AGENTS rule 4): a clip that cannot be opened says why next to it — by its code, or «No s'ha pogut obrir el fitxer.» without an answer — on the list, the member's note and the history drawer
 ↓ src/instructor/tasks.test.tsx > E6-W02 round 2 (review of 30-09): screen 26 > #7 (ruling E74): an instructor cannot read the file limits, so a 30 MB file is checked by the signed-url request: FILE_TOO_LARGE by its code, and nothing is PUT nor registered — an observation file and a new task's file
 ↓ src/instructor/tasks.test.tsx > E6-W05 (reviews of E6-W02's round 2): screen 26 > step 1 (R-10-11): after a refused creation, a retry past the upload's five minutes uploads the file again and creates the task
 ↓ src/instructor/tasks.test.tsx > E6-W05 (reviews of E6-W02's round 2): screen 26 > step 1: within the five minutes the retry reuses the uploaded file (one upload)
 ↓ src/instructor/tasks.test.tsx > E6-W05 (reviews of E6-W02's round 2): screen 26 > step 1 (E74): an unanswered creation is retried past the five minutes with its own key and files; the api had created it, so it replays one task
 ↓ src/instructor/tasks.test.tsx > E6-W05 (reviews of E6-W02's round 2): screen 26 > step 1 (E74): an unanswered creation the api never received is retried as it was; the expired file is refused (409 INVALID_STATE), uploaded again and the task created once
 ↓ src/instructor/tasks.test.tsx > E6-W05 (reviews of E6-W02's round 2): screen 26 > step 1 (CONVENCIONS_API §7, E79): «IN_PROGRESS» is not the submission's answer — its retry keeps the key and the files, and one task is created
 ✓ src/instructor/tasks.test.tsx > E6-W05 (reviews of E6-W02's round 2): screen 26 > E7-W05 step 4 (CONVENCIONS_API §7, E80): a task whose first request is still running says so with the shared in-progress text, never the key's technical one, and its retry creates one task 187ms
 ↓ src/instructor/tasks.test.tsx > E6-W05 (reviews of E6-W02's round 2): screen 26 > step 2: a mixed selection keeps the refused file's message while the accepted one uploads — on the observations and on an open task
 ↓ src/instructor/tasks.test.tsx > E6-W05 (reviews of E6-W02's round 2): screen 26 > step 4: a refused deletion says why inside its confirmation, which stays open
 ↓ src/instructor/tasks.test.tsx > E6-W04 step 0d (review of E6-W05): screen 26 > E6-W04 step 0d: a creation whose answer was lost but which the api created, its text edited, «Afegeix» — a new task with a new upload and a new key, never the first submission's file
 ↓ src/instructor/tasks.test.tsx > E6-W04 step 0d (review of E6-W05): screen 26 > E6-W04 step 0d: a reused file the api refuses as bound to another task (422 ATTACHMENT_ENTITY_MISMATCH) is uploaded again, once, and the submission sent again with a new key
 ↓ src/instructor/tasks.test.tsx > E6-W04 step 0d (review of E6-W05): screen 26 > E6-W04 step 0d: an instructor's mixed selection (a JPEG and an executable) attaches the JPEG and says «prog.exe: …» — on the observations and on an open task
 ↓ src/instructor/tasks.test.tsx > E6-W04 step 0d (review of E6-W05): screen 26 > E6-W04 step 0d (its review): when a later file of the selection gets no answer, the files attached before it show next to the error, so they are not picked again
 ↓ src/instructor/tasks.test.tsx > 26's route (S10 §2): INSTRUCTOR and ADMIN, never an impersonation > an impersonated session reaching 26 reads «No es permet la suplantació.» and asks nothing
 ✓ src/NotificationsPage.test.tsx > T-11-34 screen 11 «Notificacions» (S11 §2, R-11-10, R-11-11) > E7-W02 round 2 #3: inside one document (the module store survives, as in an in-app return), a read-all answered after 03 mounted updates the bell (03 reads GET /me/home again) 269ms
 ✓ src/NotificationsPage.test.tsx > T-11-34 screen 11 «Notificacions» (S11 §2, R-11-10, R-11-11) > E7-W05 step 3 (S11 §13-8): a read-all left without an answer stays pending in the tab's sessionStorage for this account and club, and a fresh 03 sends it again before it reads GET /me/home — the bell goes quiet 105ms
 ✓ src/NotificationsPage.test.tsx > T-11-34 screen 11 «Notificacions» (S11 §2, R-11-10, R-11-11) > E7-W05 step 3: another account's or club's pending read-all is not sent from 03 176ms
 ✓ src/NotificationsPage.test.tsx > T-11-34 screen 11 «Notificacions» (S11 §2, R-11-10, R-11-11) > E7-W05 step 6 (E7-W02 review #3): a quiet refetch of 03 that fails keeps the last rows on screen 190ms
 ↓ src/NotificationsPage.test.tsx > T-11-34 screen 11 «Notificacions» (S11 §2, R-11-10, R-11-11) > a card tapped before read-all has landed is marked read on its own
 ↓ src/NotificationsPage.test.tsx > T-11-34 screen 11 «Notificacions» (S11 §2, R-11-10, R-11-11) > the empty state: «Encara no tens cap avís»
 ↓ src/NotificationsPage.test.tsx > T-11-34 screen 11 «Notificacions» (S11 §2, R-11-10, R-11-11) > loads the second page when the list end shows (no page buttons)
 ↓ src/NotificationsPage.test.tsx > T-11-34 screen 11 «Notificacions» (S11 §2, R-11-10, R-11-11) > a failed read shows the error by its code, and [Torna-ho a provar] reads again
 ✓ src/profile/NoticesCard.test.tsx > T-11-35 screen 12 «Avisos» and «Idioma» (S11 §2, R-11-04, R-11-07, R-11-15, R-11-17) > E7-W05 step 1, path a (R-11-04): the older PUT lands last and the resend of the latest choice is lost — the latest choice stays in the outbox, and the next visit saves it 976ms
 ✓ src/profile/NoticesCard.test.tsx > T-11-35 screen 12 «Avisos» and «Idioma» (S11 §2, R-11-04, R-11-07, R-11-15, R-11-17) > E7-W05 step 1, path b (R-11-04): the older PUT lands last and its answer is lost — the latest choice is sent again once it settles, and the outbox goes only after that save's 2xx 566ms
 ✓ src/profile/NoticesCard.test.tsx > T-11-35 screen 12 «Avisos» and «Idioma» (S11 §2, R-11-04, R-11-07, R-11-15, R-11-17) > E7-W05 step 1, path c (R-11-04): the older PUT lands last but answers first — the latest choice is sent again and saved 633ms
 ✓ src/profile/NoticesCard.test.tsx > T-11-35 screen 12 «Avisos» and «Idioma» (S11 §2, R-11-04, R-11-07, R-11-15, R-11-17) > E7-W05 step 2 (R-11-04): back from the back-forward cache, 12 saves again — pagehide with a change pending, pageshow(persisted), an edit while that PUT is out, leave: the edit is saved 574ms
 ✓ src/profile/NoticesCard.test.tsx > T-11-35 screen 12 «Avisos» and «Idioma» (S11 §2, R-11-04, R-11-07, R-11-15, R-11-17) > E7-W05 step 6 (E7-W02 review #4): an older visit's success never erases the entry a newer visit left in the outbox 689ms
 ✓ src/profile/NoticesCard.test.tsx > T-11-35 screen 12 «Avisos» and «Idioma» (S11 §2, R-11-04, R-11-07, R-11-15, R-11-17) > E7-W05 step 6 (E7-W02 review #5): an impersonated session never shows the browser-permission note (it never asks for push) 410ms
 ↓ src/profile/NoticesCard.test.tsx > T-11-35 screen 12 «Avisos» and «Idioma» (S11 §2, R-11-04, R-11-07, R-11-15, R-11-17) > asks for the browser's permission only on interaction, never on mount, and registers the subscription
 ↓ src/profile/NoticesCard.test.tsx > T-11-35 screen 12 «Avisos» and «Idioma» (S11 §2, R-11-04, R-11-07, R-11-15, R-11-17) > a dismissed prompt (no answer) also leaves the hint under the switch
 ↓ src/profile/NoticesCard.test.tsx > T-11-35 screen 12 «Avisos» and «Idioma» (S11 §2, R-11-04, R-11-07, R-11-15, R-11-17) > E7-W02 round 2 #5: a permission already refused shows the explanation on arrival (read at mount, never asked), and a change still saves
 ↓ src/profile/NoticesCard.test.tsx > T-11-35 screen 12 «Avisos» and «Idioma» (S11 §2, R-11-04, R-11-07, R-11-15, R-11-17) > an iPhone outside the installed app gets the install hint and no permission prompt
 ↓ src/profile/NoticesCard.test.tsx > T-11-35 screen 12 «Avisos» and «Idioma» (S11 §2, R-11-04, R-11-07, R-11-15, R-11-17) > no push toggle without PushManager in the browser, nor in a club without PUSH
 ↓ src/profile/NoticesCard.test.tsx > T-11-35 screen 12 «Avisos» and «Idioma» (S11 §2, R-11-04, R-11-07, R-11-15, R-11-17) > «Aprèn amb AgilityHub ›» after «Els meus gossos» only with LEARN_LINK
 ↓ src/profile/NoticesCard.test.tsx > T-11-35 screen 12 «Avisos» and «Idioma» (S11 §2, R-11-04, R-11-07, R-11-15, R-11-17) > the language select writes Account.locale, switches the UI at once and says only new notices change
 ↓ src/profile/NoticesCard.test.tsx > T-11-35 screen 12 «Avisos» and «Idioma» (S11 §2, R-11-04, R-11-07, R-11-15, R-11-17) > staff without the MEMBER role have no «Avisos» block and no request (S11 §6)
 ↓ src/profile/NoticesCard.test.tsx > T-11-35 screen 12 «Avisos» and «Idioma» (S11 §2, R-11-04, R-11-07, R-11-15, R-11-17) > an impersonated session saves the member's choice but never asks for push, and its logout keeps this device's subscription
 ↓ src/profile/NoticesCard.test.tsx > T-11-35 screen 12 «Avisos» and «Idioma» (S11 §2, R-11-04, R-11-07, R-11-15, R-11-17) > logout deletes this device's subscription first, and never waits on it

 Test Files  4 passed (4)
      Tests  13 passed | 159 skipped (172)
   Start at  05:06:54
   Duration  5.04s (tests 54%, transform 23%, environment 13%, import 8%, setup 3%)

