
> agilityhub-core-web@0.0.0 e2e:core /Users/jordib/dev/agilityhub/agilityhub-core-web
> bash scripts/e2e-core.sh E6-W04 e3-signup.spec.ts

core image: ghcr.io/jboixtcm/agilityhub-core-api:main arm64 revision=8ee2827070bc7566bc6bef3fd3eddf0d42ba1331 created=2026-09-30T22:06:50.87325972Z
core image seeds (/app/seeds): club-canic.yaml club-fifo.yaml club-minim.yaml club-perf.yaml demo-canic.yaml demo-fifo.yaml demo-perf.yaml pages 
E4_WEEK_START=2026-09-28 (club-local Monday, Europe/Madrid)
E5_WEEK_START=2026-10-05 (the club-local Monday after today, Europe/Madrid)
demo seed: /Users/jordib/dev/agilityhub/agilityhub-core-web/roadmap/evidence/E6-W04/demo-canic.yaml (266 lines)
 Network agilityhub-e6-w04_default Creating 
 Network agilityhub-e6-w04_default Creating 
 Volume agilityhub-e6-w04_mongo-data Creating 
 Volume agilityhub-e6-w04_export-files Creating 
 Volume agilityhub-e6-w04_export-files Creating 
 Volume agilityhub-e6-w04_mongo-data Creating 
 Volume agilityhub-e6-w04_mailbox Creating 
 Volume agilityhub-e6-w04_mailbox Creating 
 Volume agilityhub-e6-w04_export-files Created 
 Volume agilityhub-e6-w04_export-files Created 
 Volume agilityhub-e6-w04_mongo-data Created 
 Volume agilityhub-e6-w04_mongo-data Created 
 Volume agilityhub-e6-w04_mailbox Created 
 Volume agilityhub-e6-w04_mailbox Created 
 Network agilityhub-e6-w04_default Created 
 Network agilityhub-e6-w04_default Created 
 Container agilityhub-e6-w04-mongo-1 Creating 
 Container agilityhub-e6-w04-mongo-1 Created 
 Container agilityhub-e6-w04-seed-1 Creating 
 Container agilityhub-e6-w04-seed-1 Created 
 Container agilityhub-e6-w04-activate-demo-club-1 Creating 
 Container agilityhub-e6-w04-activate-demo-club-1 Created 
 Container agilityhub-e6-w04-core-1 Creating 
 Container agilityhub-e6-w04-core-1 Created 
 Container agilityhub-e6-w04-mongo-1 Starting 
 Container agilityhub-e6-w04-mongo-1 Started 
 Container agilityhub-e6-w04-mongo-1 Waiting 
 Container agilityhub-e6-w04-mongo-1 Healthy 
 Container agilityhub-e6-w04-seed-1 Starting 
 Container agilityhub-e6-w04-seed-1 Started 
 Container agilityhub-e6-w04-seed-1 Waiting 
 Container agilityhub-e6-w04-seed-1 Exited 
 Container agilityhub-e6-w04-activate-demo-club-1 Starting 
 Container agilityhub-e6-w04-activate-demo-club-1 Started 
 Container agilityhub-e6-w04-mongo-1 Waiting 
 Container agilityhub-e6-w04-activate-demo-club-1 Waiting 
 Container agilityhub-e6-w04-activate-demo-club-1 Exited 
 Container agilityhub-e6-w04-mongo-1 Healthy 
 Container agilityhub-e6-w04-core-1 Starting 
 Container agilityhub-e6-w04-core-1 Started 
 Container agilityhub-e6-w04-activate-demo-club-1 Waiting 
 Container agilityhub-e6-w04-core-1 Waiting 
 Container agilityhub-e6-w04-mongo-1 Waiting 
 Container agilityhub-e6-w04-seed-1 Waiting 
 Container agilityhub-e6-w04-activate-demo-club-1 Exited 
 Container agilityhub-e6-w04-seed-1 Exited 
 Container agilityhub-e6-w04-mongo-1 Healthy 
 Container agilityhub-e6-w04-core-1 Healthy 
seed log: /Users/jordib/dev/agilityhub/agilityhub-core-web/roadmap/evidence/E6-W04/seed-files.log (155 lines)
 Container agilityhub-e6-w04-playwright-run-6bcd28ad1d18 Creating 
 Container agilityhub-e6-w04-playwright-run-6bcd28ad1d18 Created 
! Corepack is about to download https://registry.npmjs.org/pnpm/-/pnpm-9.15.9.tgz
 WARN  Unsupported engine: wanted: {"node":">=22 <23"} (current: {"node":"v24.20.0","pnpm":"9.15.9"})
(node:21) [DEP0169] DeprecationWarning: `url.parse()` behavior is not standardized and prone to errors that have security implications. Use the WHATWG URL API instead. CVEs are not issued for `url.parse()` vulnerabilities.
(Use `node --trace-deprecation ...` to show where the warning was created)
Scope: all 11 workspace projects
Lockfile is up to date, resolution step is skipped
Progress: resolved 1, reused 0, downloaded 0, added 0
Packages: +851
++++++++++++++++++++++++++++++++++++++++++++++++++++++++++++++++++++++++++++++++
Progress: resolved 851, reused 0, downloaded 119, added 115
Progress: resolved 851, reused 0, downloaded 338, added 338
Progress: resolved 851, reused 0, downloaded 535, added 535
Progress: resolved 851, reused 0, downloaded 566, added 566
Progress: resolved 851, reused 0, downloaded 622, added 622
Progress: resolved 851, reused 0, downloaded 729, added 729
Progress: resolved 851, reused 0, downloaded 839, added 839
Progress: resolved 851, reused 0, downloaded 849, added 849
Progress: resolved 851, reused 0, downloaded 850, added 850
Progress: resolved 851, reused 0, downloaded 851, added 851, done
.../node_modules/unrs-resolver postinstall$ node postinstall.js
.../node_modules/msw postinstall$ node -e "import('./config/scripts/postinstall.js').catch(() => void 0)"
.../esbuild@0.25.12/node_modules/esbuild postinstall$ node install.js
.../node_modules/unrs-resolver postinstall: Done
.../node_modules/msw postinstall: Done
.../esbuild@0.25.12/node_modules/esbuild postinstall: Done

devDependencies:
+ @commitlint/cli 21.2.2
+ @commitlint/config-conventional 21.2.2
+ @eslint/css 2.0.0
+ @eslint/js 9.39.5
+ @playwright/test 1.63.0
+ @size-limit/file 13.0.3
+ @types/node 24.13.3
+ eslint 9.39.5
+ eslint-import-resolver-typescript 4.4.5
+ eslint-plugin-import 2.32.0
+ eslint-plugin-jsx-a11y 6.10.2
+ eslint-plugin-react 7.37.5
+ eslint-plugin-react-hooks 7.1.1
+ globals 17.12.0
+ husky 9.1.7
+ i18next-parser 9.4.0
+ lint-staged 17.5.0
+ msw 2.15.0
+ prettier 3.9.6
+ size-limit 13.0.3
+ turbo 2.10.12
+ typescript 5.9.3
+ typescript-eslint 8.69.0

. prepare$ node packages/config/scripts/prepare-husky.mjs
. prepare: .git can't be found
. prepare: Done
Done in 10.2s using pnpm v9.15.9
[WebServer] (node:135) [DEP0169] DeprecationWarning: `url.parse()` behavior is not standardized and prone to errors that have security implications. Use the WHATWG URL API instead. CVEs are not issued for `url.parse()` vulnerabilities.
[WebServer] (Use `node --trace-deprecation ...` to show where the warning was created)


[WebServer] (node:215) [DEP0169] DeprecationWarning: `url.parse()` behavior is not standardized and prone to errors that have security implications. Use the WHATWG URL API instead. CVEs are not issued for `url.parse()` vulnerabilities.
[WebServer] (Use `node --trace-deprecation ...` to show where the warning was created)
[WebServer] (node:313) [DEP0169] DeprecationWarning: `url.parse()` behavior is not standardized and prone to errors that have security implications. Use the WHATWG URL API instead. CVEs are not issued for `url.parse()` vulnerabilities.
[WebServer] (Use `node --trace-deprecation ...` to show where the warning was created)


Running 5 tests using 1 worker

[1/5] e2e/core/e3-signup.spec.ts:652:5 › T-02-07 E3-W12 step 5 · the signup's public footer shows /branding's identity and registered office (S02 R-02-02)
[2/5] e2e/core/e3-signup.spec.ts:668:5 › T-04-34 public signup is validated and enters through the N-02 welcome link
[3/5] e2e/core/e3-signup.spec.ts:1736:5 › T-04-34 rejected signup delivers N-03
[4/5] e2e/core/e3-signup.spec.ts:1743:5 › T-04-34 active member adds a dog and the club validates it
[5/5] e2e/core/e3-signup.spec.ts:1747:5 › T-04-34 signup.enabled=false shows only the configured closed text
  5 passed (21.9s)
exit 0
