
 RUN  v5.0.0 /Users/jordib/dev/agilityhub/agilityhub-core-web/apps/clubs

 ✓ src/instructor/tasks.test.tsx > T-10-28 (26) screen 26 «Tasques i notes» (S10 §2, R-10-10…R-10-12) > mockup 26: the title, the private observations, the three tasks (the done one struck through with «feta per la Laura el 02-08»), the history link, the member's note read-only and [DESA] waiting for a change 125ms
 ✓ src/instructor/tasks.test.tsx > T-10-28 (26) screen 26 «Tasques i notes» (S10 §2, R-10-10…R-10-12) > T-10-25 «＋ Afegir» uploads the video through the signed url (TASK, the signed headers, no bearer) and creates one task with one Idempotency-Key, even on a double tap; 22's counters follow 57ms
 ✓ src/instructor/tasks.test.tsx > T-10-28 (26) screen 26 «Tasques i notes» (S10 §2, R-10-10…R-10-12) > the pencil edits the text with the version read; the ✕ asks «Vols eliminar aquesta tasca?» and deletes with its key; ✓ completes (feta per l'Estel) and ↺ reopens 74ms
 ✓ src/instructor/tasks.test.tsx > T-10-28 (26) screen 26 «Tasques i notes» (S10 §2, R-10-10…R-10-12) > an edit opened before another instructor's change is sent with its own version: STALE_VERSION (409), and the typed text stays 49ms
 ✓ src/instructor/tasks.test.tsx > T-10-28 (26) screen 26 «Tasques i notes» (S10 §2, R-10-10…R-10-12) > errors by code inside the editor: TASK_ALREADY_DONE (422) after a completion the api refuses, then the list read again 29ms
 ✓ src/instructor/tasks.test.tsx > T-10-28 (26) screen 26 «Tasques i notes» (S10 §2, R-10-10…R-10-12) > [DESA] saves the observations with the version read and one key; a stale version (tasksStale) keeps the typed text to recover and saves it again on the new version 66ms
 × src/instructor/tasks.test.tsx > T-10-28 (26) screen 26 «Tasques i notes» (S10 §2, R-10-10…R-10-12) > a file the api refuses (FILE_TOO_LARGE) is said inside the editor; with the club's limits readable (ADMIN) it is refused before any signed url 10026ms
   → Unable to find an element with the text: El fitxer és massa gran.. This could be because the text is broken up by multiple elements. In this case, you can provide a function for your text matcher to make your matcher more flexible.

Ignored nodes: comments, script, style
[36m<body>[39m
  [36m<div>[39m
    [36m<section[39m
      [33mclass[39m=[32m"instructor-screen instructor-tasks"[39m
    [36m>[39m
      [36m<header[39m
        [33mclass[39m=[32m"ah-app-bar instructor-screen__bar"[39m
      [36m>[39m
        [36m<div[39m
          [33mclass[39m=[32m"ah-app-bar__side"[39m
        [36m>[39m
          [36m<button[39m
            [33maria-label[39m=[32m"Torna"[39m
            [33mclass[39m=[32m"ah-button ah-button--ghost ah-icon-button instructor-screen__back"[39m
            [33mtype[39m=[32m"button"[39m
          [36m>[39m
            [36m<span[39m
              [33mclass[39m=[32m"ah-button__content"[39m
            [36m>[39m
              [36m<svg[39m
                [33maria-hidden[39m=[32m"true"[39m
                [33mclass[39m=[32m"ah-icon"[39m
              [36m>[39m
                [36m<use[39m
                  [33mhref[39m=[32m"http://localhost:3000/@fs/Users/jordib/dev/agilityhub/agilityhub-core-web/packages/ui/src/icons/sprite.svg#i-chev"[39m
                [36m/>[39m
              [36m</svg>[39m
            [36m</span>[39m
          [36m</button>[39m
        [36m</div>[39m
        [36m<div[39m
          [33mclass[39m=[32m"ah-app-bar__title"[39m
        [36m>[39m
          [36m<h1>[39m
            [0mTasques i notes — Laura + Duna[0m
          [36m</h1>[39m
        [36m</div>[39m
        [36m<div[39m
          [33mclass[39m=[32m"ah-app-bar__side ah-app-bar__side--end"[39m
        [36m/>[39m
      [36m</header>[39m
      [36m<div[39m
        [33mclass[39m=[32m"ah-followup"[39m
      [36m>[39m
        [36m<div[39m
          [33mclass[39m=[32m"ah-followup__error"[39m
          [33mrole[39m=[32m"alert"[39m
        [36m>[39m
          [0mvídeo_llarg.mp4: El fitxer és massa gran.[0m
        [36m</div>[39m
        [36m<section[39m
          [33maria-labelledby[39m=[32m"_r_i_-title"[39m
          [33mclass[39m=[32m"ah-followup__block"[39m
        [36m>[39m
          [36m<h2[39m
            [33mclass[39m=[32m"ah-followup__title"[39m
            [33mid[39m=[32m"_r_i_-title"[39m
          [36m>[39m
            [0mObservacions[0m
            [0m [0m
            [36m<span>[39m
              [0m· privades · camp únic[0m
            [36m</span>[39m
          [36m</h2>[39m
          [36m<label[39m
            [33mclass[39m=[32m"ah-sr-only"[39m
            [33mfor[39m=[32m"_r_i_"[39m
          [36m>[39m
            [0mObservacions privades[0m
          [36m</label>[39m
          [36m<textarea[39m
            [33mclass[39m=[32m"ah-input ah-textarea ah-followup__field"[39m
            [33mid[39m=[32m"_r_i_"[39m
            [33mmaxlength[39m=[32m"2000"[39m
            [33mrows[39m=[32m"3"[39m
          [36m>[39m
            [0mVa molt bé amb reforç de pilota. Evitar sobrecàrrega de salts: revisar espatlla dreta si coixeja. Parlar amb la Laura del pas a D a final de temporada.[0m
          [36m</textarea>[39m
          [36m<div[39m
            [33mclass[39m=[32m"ah-followup__clips"[39m
          [36m>[39m
            [36m<span[39m
              [33mclass[39m=[32m"ah-attachment-picker"[39m
            [36m>[39m
              [36m<button[39m
                [33mclass[39m=[32m"ah-button ah-button--ghost"[39m
                [33mtype[39m=[32m"button"[39m
              [36m>[39m
                [36m<span[39m
                  [33mclass[39m=[32m"ah-button__content"[39m
                [36m>[39m
                  [36m<svg[39m
                    [33maria-hidden[39m=[32m"true"[39m
                    [33mclass[39m=[32m"ah-icon"[39m
                  [36m>[39m
                    [36m<use[39m
                      [33mhref[39m=[32m"http://localhost:3000/@fs/Users/jordib/dev/agilityhub/agilityhub-core-web/packages/ui/src/icons/sprite.svg#i-clip"[39m
                    [36m/>[39m
                  [36m</svg>[39m
                  [0m [0m
                  [0mAdjunta un fitxer[0m
                [36m</span>[39m
              [36m</button>[39m
              [36m<input[39m
                [33maria-label[39m=[32m"Adjunta un fitxer"[39m
                [33mclass[39m=[32m"ah-sr-only"[39m
                [33mmultiple[39m=[32m""[39m
                [33mtabindex[39m=[32m"-1"[39m
                [33mtype[39m=[32m"file"[39m
              [36m/>[39m
            [36m</span>[39m
          [36m</div>[39m
        [36m</section>[39m
        [36m<section[39m
          [33maria-labelledby[39m=[32m"_r_j_"[39m
          [33mclass[39m=[32m"ah-tasks"[39m
        [36m>[39m
          [36m<header[39m
            [33mclass[39m=[32m"ah-tasks__header"[39m
          [36m>[39m
            [36m<h2[39m
              [33mclass[39m=[32m"ah-tasks__title"[39m
              [33mid[39m=[32m"_r_j_"[39m
            [36m>[39m
              [0mTasques[0m
            [36m</h2>[39m
            [36m<button[39m
              [33mclass[39m=[32m"ah-button ah-button--ghost ah-tasks__add"[39m
              [33mtype[39m=[32m"button"[39m
            [36m>[39m
              [36m<span[39m
                [33mclass[39m=[32m"ah-button__content"[39m
              [36m>[39m
                [36m<svg[39m
                  [33maria-hidden[39m=[32m"true"[39m
                  [33mclass[39m=[32m"ah-icon"[39m
                [36m>[39m
                  [36m<use[39m
                    [33mhref[39m=[32m"http://localhost:3000/@fs/Users/jordib/dev/agilityhub/agilityhub-core-web/packages/ui/src/icons/sprite.svg#i-plus"[39m
                  [36m/>[39m
                [36m</svg>[39m
                [0m [0m
                [0mAfegir[0m
              [36m</span>[39m
            [36m</button>[39m
          [36m</header>[39m
          [36m<ul[39m
            [33mclass[39m=[32m"ah-tasks__list"[39m
          [36m>[39m
            [36m<li[39m
              [33mclass[39m=[32m"ah-task ah-task--pending"[39m
            [36m>[39m
              [36m<div[39m
                [33mclass[39m=[32m"ah-task__head"[39m
              [36m>[39m
                [36m<span[39m
                  [33mclass[39m=[32m"ah-badge ah-tone--warning"[39m
                [36m>[39m
                  [0mpendent[0m
                [36m</span>[39m
                [36m<span[39m
                  [33mclass[39m=[32m"ah-task__actions"[39m
                [36m>[39m
                  [36m<button[39m
                    [33maria-label[39m=[32m"Marca-la com a feta"[39m
                    [33mclass[39m=[32m"ah-button ah-button--ghost ah-icon-button"[39m
                    [33mtype[39m=[32m"button"[39m
                  [36m>[39m
                    [36m<span[39m
                      [33mclass[39m=[32m"ah-button__content"[3...

Ignored nodes: comments, script, style
[36m<body>[39m
  [36m<div>[39m
    [36m<section[39m
      [33mclass[39m=[32m"instructor-screen instructor-tasks"[39m
    [36m>[39m
      [36m<header[39m
        [33mclass[39m=[32m"ah-app-bar instructor-screen__bar"[39m
      [36m>[39m
        [36m<div[39m
          [33mclass[39m=[32m"ah-app-bar__side"[39m
        [36m>[39m
          [36m<button[39m
            [33maria-label[39m=[32m"Torna"[39m
            [33mclass[39m=[32m"ah-button ah-button--ghost ah-icon-button instructor-screen__back"[39m
            [33mtype[39m=[32m"button"[39m
          [36m>[39m
            [36m<span[39m
              [33mclass[39m=[32m"ah-button__content"[39m
            [36m>[39m
              [36m<svg[39m
                [33maria-hidden[39m=[32m"true"[39m
                [33mclass[39m=[32m"ah-icon"[39m
              [36m>[39m
                [36m<use[39m
                  [33mhref[39m=[32m"http://localhost:3000/@fs/Users/jordib/dev/agilityhub/agilityhub-core-web/packages/ui/src/icons/sprite.svg#i-chev"[39m
                [36m/>[39m
              [36m</svg>[39m
            [36m</span>[39m
          [36m</button>[39m
        [36m</div>[39m
        [36m<div[39m
          [33mclass[39m=[32m"ah-app-bar__title"[39m
        [36m>[39m
          [36m<h1>[39m
            [0mTasques i notes — Laura + Duna[0m
          [36m</h1>[39m
        [36m</div>[39m
        [36m<div[39m
          [33mclass[39m=[32m"ah-app-bar__side ah-app-bar__side--end"[39m
        [36m/>[39m
      [36m</header>[39m
      [36m<div[39m
        [33mclass[39m=[32m"ah-followup"[39m
      [36m>[39m
        [36m<div[39m
          [33mclass[39m=[32m"ah-followup__error"[39m
          [33mrole[39m=[32m"alert"[39m
        [36m>[39m
          [0mvídeo_llarg.mp4: El fitxer és massa gran.[0m
        [36m</div>[39m
        [36m<section[39m
          [33maria-labelledby[39m=[32m"_r_i_-title"[39m
          [33mclass[39m=[32m"ah-followup__block"[39m
        [36m>[39m
          [36m<h2[39m
            [33mclass[39m=[32m"ah-followup__title"[39m
            [33mid[39m=[32m"_r_i_-title"[39m
          [36m>[39m
            [0mObservacions[0m
            [0m [0m
            [36m<span>[39m
              [0m· privades · camp únic[0m
            [36m</span>[39m
          [36m</h2>[39m
          [36m<label[39m
            [33mclass[39m=[32m"ah-sr-only"[39m
            [33mfor[39m=[32m"_r_i_"[39m
          [36m>[39m
            [0mObservacions privades[0m
          [36m</label>[39m
          [36m<textarea[39m
            [33mclass[39m=[32m"ah-input ah-textarea ah-followup__field"[39m
            [33mid[39m=[32m"_r_i_"[39m
            [33mmaxlength[39m=[32m"2000"[39m
            [33mrows[39m=[32m"3"[39m
          [36m>[39m
            [0mVa molt bé amb reforç de pilota. Evitar sobrecàrrega de salts: revisar espatlla dreta si coixeja. Parlar amb la Laura del pas a D a final de temporada.[0m
          [36m</textarea>[39m
          [36m<div[39m
            [33mclass[39m=[32m"ah-followup__clips"[39m
          [36m>[39m
            [36m<span[39m
              [33mclass[39m=[32m"ah-attachment-picker"[39m
            [36m>[39m
              [36m<button[39m
                [33mclass[39m=[32m"ah-button ah-button--ghost"[39m
                [33mtype[39m=[32m"button"[39m
              [36m>[39m
                [36m<span[39m
                  [33mclass[39m=[32m"ah-button__content"[39m
                [36m>[39m
                  [36m<svg[39m
                    [33maria-hidden[39m=[32m"true"[39m
                    [33mclass[39m=[32m"ah-icon"[39m
                  [36m>[39m
                    [36m<use[39m
                      [33mhref[39m=[32m"http://localhost:3000/@fs/Users/jordib/dev/agilityhub/agilityhub-core-web/packages/ui/src/icons/sprite.svg#i-clip"[39m
                    [36m/>[39m
                  [36m</svg>[39m
                  [0m [0m
                  [0mAdjunta un fitxer[0m
                [36m</span>[39m
              [36m</button>[39m
              [36m<input[39m
                [33maria-label[39m=[32m"Adjunta un fitxer"[39m
                [33mclass[39m=[32m"ah-sr-only"[39m
                [33mmultiple[39m=[32m""[39m
                [33mtabindex[39m=[32m"-1"[39m
                [33mtype[39m=[32m"file"[39m
              [36m/>[39m
            [36m</span>[39m
          [36m</div>[39m
        [36m</section>[39m
        [36m<section[39m
          [33maria-labelledby[39m=[32m"_r_j_"[39m
          [33mclass[39m=[32m"ah-tasks"[39m
        [36m>[39m
          [36m<header[39m
            [33mclass[39m=[32m"ah-tasks__header"[39m
          [36m>[39m
            [36m<h2[39m
              [33mclass[39m=[32m"ah-tasks__title"[39m
              [33mid[39m=[32m"_r_j_"[39m
            [36m>[39m
              [0mTasques[0m
            [36m</h2>[39m
            [36m<button[39m
              [33mclass[39m=[32m"ah-button ah-button--ghost ah-tasks__add"[39m
              [33mtype[39m=[32m"button"[39m
            [36m>[39m
              [36m<span[39m
                [33mclass[39m=[32m"ah-button__content"[39m
              [36m>[39m
                [36m<svg[39m
                  [33maria-hidden[39m=[32m"true"[39m
                  [33mclass[39m=[32m"ah-icon"[39m
                [36m>[39m
                  [36m<use[39m
                    [33mhref[39m=[32m"http://localhost:3000/@fs/Users/jordib/dev/agilityhub/agilityhub-core-web/packages/ui/src/icons/sprite.svg#i-plus"[39m
                  [36m/>[39m
                [36m</svg>[39m
                [0m [0m
                [0mAfegir[0m
              [36m</span>[39m
            [36m</button>[39m
          [36m</header>[39m
          [36m<ul[39m
            [33mclass[39m=[32m"ah-tasks__list"[39m
          [36m>[39m
            [36m<li[39m
              [33mclass[39m=[32m"ah-task ah-task--pending"[39m
            [36m>[39m
              [36m<div[39m
                [33mclass[39m=[32m"ah-task__head"[39m
              [36m>[39m
                [36m<span[39m
                  [33mclass[39m=[32m"ah-badge ah-tone--warning"[39m
                [36m>[39m
                  [0mpendent[0m
                [36m</span>[39m
                [36m<span[39m
                  [33mclass[39m=[32m"ah-task__actions"[39m
                [36m>[39m
                  [36m<button[39m
                    [33maria-label[39m=[32m"Marca-la com a feta"[39m
                    [33mclass[39m=[32m"ah-button ah-button--ghost ah-icon-button"[39m
                    [33mtype[39m=[32m"button"[39m
                  [36m>[39m
                    [36m<span[39m
                      [33mclass[39m=[32m"ah-button__content"[3...
 ✓ src/instructor/tasks.test.tsx > T-10-28 (26) screen 26 «Tasques i notes» (S10 §2, R-10-10…R-10-12) > an observation file goes through the DOG_OBSERVATIONS upload and POST /attachments; a clip opens a fresh signed url 125ms
 ✓ src/instructor/tasks.test.tsx > T-10-28 (26) screen 26 «Tasques i notes» (S10 §2, R-10-10…R-10-12) > «Veure l'historial complet ›» reads every task, done ones included, in a read-only drawer 43ms
 ✓ src/instructor/tasks.test.tsx > T-10-28 (26) screen 26 «Tasques i notes» (S10 §2, R-10-10…R-10-12) > T-10-32 (26): es and en with no missing key 45ms
 ✓ src/instructor/tasks.test.tsx > E6-W02 round 2 (review of 30-09): screen 26 > #1 (CONVENCIONS_API §7, T-10-25): a network failure keeps the submission's key, so its retry creates one task 45ms
 ✓ src/instructor/tasks.test.tsx > E6-W02 round 2 (review of 30-09): screen 26 > #1 (E74): two deliberate submissions with the same text are two tasks, each with its own key 57ms
 ✓ src/instructor/tasks.test.tsx > E6-W02 round 2 (review of 30-09): screen 26 > #2 (R-10-10): with 52 tasks «Mostra'n més» reads the next page into the same list, whose tasks are managed like the rest — the oldest done one reopened, the oldest pending one edited, completed and deleted 235ms
 ✓ src/instructor/tasks.test.tsx > E6-W02 round 2 (review of 30-09): screen 26 > #4 (AGENTS rule 4): a clip that cannot be opened says why next to it — by its code, or «No s'ha pogut obrir el fitxer.» without an answer — on the list, the member's note and the history drawer 40ms
 × src/instructor/tasks.test.tsx > E6-W02 round 2 (review of 30-09): screen 26 > #7 (ruling E74): an instructor cannot read the file limits, so a 30 MB file is checked by the signed-url request: FILE_TOO_LARGE by its code, and nothing is PUT nor registered — an observation file and a new task's file 10023ms
   → Unable to find an element with the text: El fitxer és massa gran.. This could be because the text is broken up by multiple elements. In this case, you can provide a function for your text matcher to make your matcher more flexible.

Ignored nodes: comments, script, style
[36m<body>[39m
  [36m<div>[39m
    [36m<section[39m
      [33mclass[39m=[32m"instructor-screen instructor-tasks"[39m
    [36m>[39m
      [36m<header[39m
        [33mclass[39m=[32m"ah-app-bar instructor-screen__bar"[39m
      [36m>[39m
        [36m<div[39m
          [33mclass[39m=[32m"ah-app-bar__side"[39m
        [36m>[39m
          [36m<button[39m
            [33maria-label[39m=[32m"Torna"[39m
            [33mclass[39m=[32m"ah-button ah-button--ghost ah-icon-button instructor-screen__back"[39m
            [33mtype[39m=[32m"button"[39m
          [36m>[39m
            [36m<span[39m
              [33mclass[39m=[32m"ah-button__content"[39m
            [36m>[39m
              [36m<svg[39m
                [33maria-hidden[39m=[32m"true"[39m
                [33mclass[39m=[32m"ah-icon"[39m
              [36m>[39m
                [36m<use[39m
                  [33mhref[39m=[32m"http://localhost:3000/@fs/Users/jordib/dev/agilityhub/agilityhub-core-web/packages/ui/src/icons/sprite.svg#i-chev"[39m
                [36m/>[39m
              [36m</svg>[39m
            [36m</span>[39m
          [36m</button>[39m
        [36m</div>[39m
        [36m<div[39m
          [33mclass[39m=[32m"ah-app-bar__title"[39m
        [36m>[39m
          [36m<h1>[39m
            [0mTasques i notes — Laura + Duna[0m
          [36m</h1>[39m
        [36m</div>[39m
        [36m<div[39m
          [33mclass[39m=[32m"ah-app-bar__side ah-app-bar__side--end"[39m
        [36m/>[39m
      [36m</header>[39m
      [36m<div[39m
        [33mclass[39m=[32m"ah-followup"[39m
      [36m>[39m
        [36m<div[39m
          [33mclass[39m=[32m"ah-followup__error"[39m
          [33mrole[39m=[32m"alert"[39m
        [36m>[39m
          [0mvídeo_llarg.mp4: El fitxer és massa gran.[0m
        [36m</div>[39m
        [36m<section[39m
          [33maria-labelledby[39m=[32m"_r_1j_-title"[39m
          [33mclass[39m=[32m"ah-followup__block"[39m
        [36m>[39m
          [36m<h2[39m
            [33mclass[39m=[32m"ah-followup__title"[39m
            [33mid[39m=[32m"_r_1j_-title"[39m
          [36m>[39m
            [0mObservacions[0m
            [0m [0m
            [36m<span>[39m
              [0m· privades · camp únic[0m
            [36m</span>[39m
          [36m</h2>[39m
          [36m<label[39m
            [33mclass[39m=[32m"ah-sr-only"[39m
            [33mfor[39m=[32m"_r_1j_"[39m
          [36m>[39m
            [0mObservacions privades[0m
          [36m</label>[39m
          [36m<textarea[39m
            [33mclass[39m=[32m"ah-input ah-textarea ah-followup__field"[39m
            [33mid[39m=[32m"_r_1j_"[39m
            [33mmaxlength[39m=[32m"2000"[39m
            [33mrows[39m=[32m"3"[39m
          [36m>[39m
            [0mVa molt bé amb reforç de pilota. Evitar sobrecàrrega de salts: revisar espatlla dreta si coixeja. Parlar amb la Laura del pas a D a final de temporada.[0m
          [36m</textarea>[39m
          [36m<div[39m
            [33mclass[39m=[32m"ah-followup__clips"[39m
          [36m>[39m
            [36m<span[39m
              [33mclass[39m=[32m"ah-attachment-picker"[39m
            [36m>[39m
              [36m<button[39m
                [33mclass[39m=[32m"ah-button ah-button--ghost"[39m
                [33mtype[39m=[32m"button"[39m
              [36m>[39m
                [36m<span[39m
                  [33mclass[39m=[32m"ah-button__content"[39m
                [36m>[39m
                  [36m<svg[39m
                    [33maria-hidden[39m=[32m"true"[39m
                    [33mclass[39m=[32m"ah-icon"[39m
                  [36m>[39m
                    [36m<use[39m
                      [33mhref[39m=[32m"http://localhost:3000/@fs/Users/jordib/dev/agilityhub/agilityhub-core-web/packages/ui/src/icons/sprite.svg#i-clip"[39m
                    [36m/>[39m
                  [36m</svg>[39m
                  [0m [0m
                  [0mAdjunta un fitxer[0m
                [36m</span>[39m
              [36m</button>[39m
              [36m<input[39m
                [33maria-label[39m=[32m"Adjunta un fitxer"[39m
                [33mclass[39m=[32m"ah-sr-only"[39m
                [33mmultiple[39m=[32m""[39m
                [33mtabindex[39m=[32m"-1"[39m
                [33mtype[39m=[32m"file"[39m
              [36m/>[39m
            [36m</span>[39m
          [36m</div>[39m
        [36m</section>[39m
        [36m<section[39m
          [33maria-labelledby[39m=[32m"_r_1k_"[39m
          [33mclass[39m=[32m"ah-tasks"[39m
        [36m>[39m
          [36m<header[39m
            [33mclass[39m=[32m"ah-tasks__header"[39m
          [36m>[39m
            [36m<h2[39m
              [33mclass[39m=[32m"ah-tasks__title"[39m
              [33mid[39m=[32m"_r_1k_"[39m
            [36m>[39m
              [0mTasques[0m
            [36m</h2>[39m
            [36m<button[39m
              [33mclass[39m=[32m"ah-button ah-button--ghost ah-tasks__add"[39m
              [33mtype[39m=[32m"button"[39m
            [36m>[39m
              [36m<span[39m
                [33mclass[39m=[32m"ah-button__content"[39m
              [36m>[39m
                [36m<svg[39m
                  [33maria-hidden[39m=[32m"true"[39m
                  [33mclass[39m=[32m"ah-icon"[39m
                [36m>[39m
                  [36m<use[39m
                    [33mhref[39m=[32m"http://localhost:3000/@fs/Users/jordib/dev/agilityhub/agilityhub-core-web/packages/ui/src/icons/sprite.svg#i-plus"[39m
                  [36m/>[39m
                [36m</svg>[39m
                [0m [0m
                [0mAfegir[0m
              [36m</span>[39m
            [36m</button>[39m
          [36m</header>[39m
          [36m<ul[39m
            [33mclass[39m=[32m"ah-tasks__list"[39m
          [36m>[39m
            [36m<li[39m
              [33mclass[39m=[32m"ah-task ah-task--pending"[39m
            [36m>[39m
              [36m<div[39m
                [33mclass[39m=[32m"ah-task__head"[39m
              [36m>[39m
                [36m<span[39m
                  [33mclass[39m=[32m"ah-badge ah-tone--warning"[39m
                [36m>[39m
                  [0mpendent[0m
                [36m</span>[39m
                [36m<span[39m
                  [33mclass[39m=[32m"ah-task__actions"[39m
                [36m>[39m
                  [36m<button[39m
                    [33maria-label[39m=[32m"Marca-la com a feta"[39m
                    [33mclass[39m=[32m"ah-button ah-button--ghost ah-icon-button"[39m
                    [33mtype[39m=[32m"button"[39m
                  [36m>[39m
                    [36m<span[39m
                      [33mclass[39m=[32m"ah-button__conte...

Ignored nodes: comments, script, style
[36m<body>[39m
  [36m<div>[39m
    [36m<section[39m
      [33mclass[39m=[32m"instructor-screen instructor-tasks"[39m
    [36m>[39m
      [36m<header[39m
        [33mclass[39m=[32m"ah-app-bar instructor-screen__bar"[39m
      [36m>[39m
        [36m<div[39m
          [33mclass[39m=[32m"ah-app-bar__side"[39m
        [36m>[39m
          [36m<button[39m
            [33maria-label[39m=[32m"Torna"[39m
            [33mclass[39m=[32m"ah-button ah-button--ghost ah-icon-button instructor-screen__back"[39m
            [33mtype[39m=[32m"button"[39m
          [36m>[39m
            [36m<span[39m
              [33mclass[39m=[32m"ah-button__content"[39m
            [36m>[39m
              [36m<svg[39m
                [33maria-hidden[39m=[32m"true"[39m
                [33mclass[39m=[32m"ah-icon"[39m
              [36m>[39m
                [36m<use[39m
                  [33mhref[39m=[32m"http://localhost:3000/@fs/Users/jordib/dev/agilityhub/agilityhub-core-web/packages/ui/src/icons/sprite.svg#i-chev"[39m
                [36m/>[39m
              [36m</svg>[39m
            [36m</span>[39m
          [36m</button>[39m
        [36m</div>[39m
        [36m<div[39m
          [33mclass[39m=[32m"ah-app-bar__title"[39m
        [36m>[39m
          [36m<h1>[39m
            [0mTasques i notes — Laura + Duna[0m
          [36m</h1>[39m
        [36m</div>[39m
        [36m<div[39m
          [33mclass[39m=[32m"ah-app-bar__side ah-app-bar__side--end"[39m
        [36m/>[39m
      [36m</header>[39m
      [36m<div[39m
        [33mclass[39m=[32m"ah-followup"[39m
      [36m>[39m
        [36m<div[39m
          [33mclass[39m=[32m"ah-followup__error"[39m
          [33mrole[39m=[32m"alert"[39m
        [36m>[39m
          [0mvídeo_llarg.mp4: El fitxer és massa gran.[0m
        [36m</div>[39m
        [36m<section[39m
          [33maria-labelledby[39m=[32m"_r_1j_-title"[39m
          [33mclass[39m=[32m"ah-followup__block"[39m
        [36m>[39m
          [36m<h2[39m
            [33mclass[39m=[32m"ah-followup__title"[39m
            [33mid[39m=[32m"_r_1j_-title"[39m
          [36m>[39m
            [0mObservacions[0m
            [0m [0m
            [36m<span>[39m
              [0m· privades · camp únic[0m
            [36m</span>[39m
          [36m</h2>[39m
          [36m<label[39m
            [33mclass[39m=[32m"ah-sr-only"[39m
            [33mfor[39m=[32m"_r_1j_"[39m
          [36m>[39m
            [0mObservacions privades[0m
          [36m</label>[39m
          [36m<textarea[39m
            [33mclass[39m=[32m"ah-input ah-textarea ah-followup__field"[39m
            [33mid[39m=[32m"_r_1j_"[39m
            [33mmaxlength[39m=[32m"2000"[39m
            [33mrows[39m=[32m"3"[39m
          [36m>[39m
            [0mVa molt bé amb reforç de pilota. Evitar sobrecàrrega de salts: revisar espatlla dreta si coixeja. Parlar amb la Laura del pas a D a final de temporada.[0m
          [36m</textarea>[39m
          [36m<div[39m
            [33mclass[39m=[32m"ah-followup__clips"[39m
          [36m>[39m
            [36m<span[39m
              [33mclass[39m=[32m"ah-attachment-picker"[39m
            [36m>[39m
              [36m<button[39m
                [33mclass[39m=[32m"ah-button ah-button--ghost"[39m
                [33mtype[39m=[32m"button"[39m
              [36m>[39m
                [36m<span[39m
                  [33mclass[39m=[32m"ah-button__content"[39m
                [36m>[39m
                  [36m<svg[39m
                    [33maria-hidden[39m=[32m"true"[39m
                    [33mclass[39m=[32m"ah-icon"[39m
                  [36m>[39m
                    [36m<use[39m
                      [33mhref[39m=[32m"http://localhost:3000/@fs/Users/jordib/dev/agilityhub/agilityhub-core-web/packages/ui/src/icons/sprite.svg#i-clip"[39m
                    [36m/>[39m
                  [36m</svg>[39m
                  [0m [0m
                  [0mAdjunta un fitxer[0m
                [36m</span>[39m
              [36m</button>[39m
              [36m<input[39m
                [33maria-label[39m=[32m"Adjunta un fitxer"[39m
                [33mclass[39m=[32m"ah-sr-only"[39m
                [33mmultiple[39m=[32m""[39m
                [33mtabindex[39m=[32m"-1"[39m
                [33mtype[39m=[32m"file"[39m
              [36m/>[39m
            [36m</span>[39m
          [36m</div>[39m
        [36m</section>[39m
        [36m<section[39m
          [33maria-labelledby[39m=[32m"_r_1k_"[39m
          [33mclass[39m=[32m"ah-tasks"[39m
        [36m>[39m
          [36m<header[39m
            [33mclass[39m=[32m"ah-tasks__header"[39m
          [36m>[39m
            [36m<h2[39m
              [33mclass[39m=[32m"ah-tasks__title"[39m
              [33mid[39m=[32m"_r_1k_"[39m
            [36m>[39m
              [0mTasques[0m
            [36m</h2>[39m
            [36m<button[39m
              [33mclass[39m=[32m"ah-button ah-button--ghost ah-tasks__add"[39m
              [33mtype[39m=[32m"button"[39m
            [36m>[39m
              [36m<span[39m
                [33mclass[39m=[32m"ah-button__content"[39m
              [36m>[39m
                [36m<svg[39m
                  [33maria-hidden[39m=[32m"true"[39m
                  [33mclass[39m=[32m"ah-icon"[39m
                [36m>[39m
                  [36m<use[39m
                    [33mhref[39m=[32m"http://localhost:3000/@fs/Users/jordib/dev/agilityhub/agilityhub-core-web/packages/ui/src/icons/sprite.svg#i-plus"[39m
                  [36m/>[39m
                [36m</svg>[39m
                [0m [0m
                [0mAfegir[0m
              [36m</span>[39m
            [36m</button>[39m
          [36m</header>[39m
          [36m<ul[39m
            [33mclass[39m=[32m"ah-tasks__list"[39m
          [36m>[39m
            [36m<li[39m
              [33mclass[39m=[32m"ah-task ah-task--pending"[39m
            [36m>[39m
              [36m<div[39m
                [33mclass[39m=[32m"ah-task__head"[39m
              [36m>[39m
                [36m<span[39m
                  [33mclass[39m=[32m"ah-badge ah-tone--warning"[39m
                [36m>[39m
                  [0mpendent[0m
                [36m</span>[39m
                [36m<span[39m
                  [33mclass[39m=[32m"ah-task__actions"[39m
                [36m>[39m
                  [36m<button[39m
                    [33maria-label[39m=[32m"Marca-la com a feta"[39m
                    [33mclass[39m=[32m"ah-button ah-button--ghost ah-icon-button"[39m
                    [33mtype[39m=[32m"button"[39m
                  [36m>[39m
                    [36m<span[39m
                      [33mclass[39m=[32m"ah-button__conte...
 ✓ src/instructor/tasks.test.tsx > E6-W05 (reviews of E6-W02's round 2): screen 26 > step 1 (R-10-11): after a refused creation, a retry past the upload's five minutes uploads the file again and creates the task 85ms
 ✓ src/instructor/tasks.test.tsx > E6-W05 (reviews of E6-W02's round 2): screen 26 > step 1: within the five minutes the retry reuses the uploaded file (one upload) 50ms
 ✓ src/instructor/tasks.test.tsx > E6-W05 (reviews of E6-W02's round 2): screen 26 > step 1 (E74): an unanswered creation is retried past the five minutes with its own key and files; the api had created it, so it replays one task 49ms
 ✓ src/instructor/tasks.test.tsx > E6-W05 (reviews of E6-W02's round 2): screen 26 > step 1 (E74): an unanswered creation the api never received is retried as it was; the expired file is refused (409 INVALID_STATE), uploaded again and the task created once 49ms
 ✓ src/instructor/tasks.test.tsx > E6-W05 (reviews of E6-W02's round 2): screen 26 > step 1 (CONVENCIONS_API §7, E79): «IN_PROGRESS» is not the submission's answer — its retry keeps the key and the files, and one task is created 54ms
 ✓ src/instructor/tasks.test.tsx > E6-W05 (reviews of E6-W02's round 2): screen 26 > step 2: a mixed selection keeps the refused file's message while the accepted one uploads — on the observations and on an open task 58ms
 ✓ src/instructor/tasks.test.tsx > E6-W05 (reviews of E6-W02's round 2): screen 26 > step 4: a refused deletion says why inside its confirmation, which stays open 24ms
 ✓ src/instructor/tasks.test.tsx > E6-W04 step 0d (review of E6-W05): screen 26 > E6-W04 step 0d: a creation whose answer was lost but which the api created, its text edited, «Afegeix» — a new task with a new upload and a new key, never the first submission's file 47ms
 ✓ src/instructor/tasks.test.tsx > E6-W04 step 0d (review of E6-W05): screen 26 > E6-W04 step 0d: a reused file the api refuses as bound to another task (422 ATTACHMENT_ENTITY_MISMATCH) is uploaded again, once, and the submission sent again with a new key 43ms
 ✓ src/instructor/tasks.test.tsx > E6-W04 step 0d (review of E6-W05): screen 26 > E6-W04 step 0d: an instructor's mixed selection (a JPEG and an executable) attaches the JPEG and says «prog.exe: …» — on the observations and on an open task 49ms
 ✓ src/instructor/tasks.test.tsx > 26's route (S10 §2): INSTRUCTOR and ADMIN, never an impersonation > an impersonated session reaching 26 reads «No es permet la suplantació.» and asks nothing 17ms

⎯⎯⎯⎯⎯⎯⎯ Failed Tests 2 ⎯⎯⎯⎯⎯⎯⎯

 FAIL  src/instructor/tasks.test.tsx > T-10-28 (26) screen 26 «Tasques i notes» (S10 §2, R-10-10…R-10-12) > a file the api refuses (FILE_TOO_LARGE) is said inside the editor; with the club's limits readable (ADMIN) it is refused before any signed url
TestingLibraryElementError: Unable to find an element with the text: El fitxer és massa gran.. This could be because the text is broken up by multiple elements. In this case, you can provide a function for your text matcher to make your matcher more flexible.

Ignored nodes: comments, script, style
[36m<body>[39m
  [36m<div>[39m
    [36m<section[39m
      [33mclass[39m=[32m"instructor-screen instructor-tasks"[39m
    [36m>[39m
      [36m<header[39m
        [33mclass[39m=[32m"ah-app-bar instructor-screen__bar"[39m
      [36m>[39m
        [36m<div[39m
          [33mclass[39m=[32m"ah-app-bar__side"[39m
        [36m>[39m
          [36m<button[39m
            [33maria-label[39m=[32m"Torna"[39m
            [33mclass[39m=[32m"ah-button ah-button--ghost ah-icon-button instructor-screen__back"[39m
            [33mtype[39m=[32m"button"[39m
          [36m>[39m
            [36m<span[39m
              [33mclass[39m=[32m"ah-button__content"[39m
            [36m>[39m
              [36m<svg[39m
                [33maria-hidden[39m=[32m"true"[39m
                [33mclass[39m=[32m"ah-icon"[39m
              [36m>[39m
                [36m<use[39m
                  [33mhref[39m=[32m"http://localhost:3000/@fs/Users/jordib/dev/agilityhub/agilityhub-core-web/packages/ui/src/icons/sprite.svg#i-chev"[39m
                [36m/>[39m
              [36m</svg>[39m
            [36m</span>[39m
          [36m</button>[39m
        [36m</div>[39m
        [36m<div[39m
          [33mclass[39m=[32m"ah-app-bar__title"[39m
        [36m>[39m
          [36m<h1>[39m
            [0mTasques i notes — Laura + Duna[0m
          [36m</h1>[39m
        [36m</div>[39m
        [36m<div[39m
          [33mclass[39m=[32m"ah-app-bar__side ah-app-bar__side--end"[39m
        [36m/>[39m
      [36m</header>[39m
      [36m<div[39m
        [33mclass[39m=[32m"ah-followup"[39m
      [36m>[39m
        [36m<div[39m
          [33mclass[39m=[32m"ah-followup__error"[39m
          [33mrole[39m=[32m"alert"[39m
        [36m>[39m
          [0mvídeo_llarg.mp4: El fitxer és massa gran.[0m
        [36m</div>[39m
        [36m<section[39m
          [33maria-labelledby[39m=[32m"_r_i_-title"[39m
          [33mclass[39m=[32m"ah-followup__block"[39m
        [36m>[39m
          [36m<h2[39m
            [33mclass[39m=[32m"ah-followup__title"[39m
            [33mid[39m=[32m"_r_i_-title"[39m
          [36m>[39m
            [0mObservacions[0m
            [0m [0m
            [36m<span>[39m
              [0m· privades · camp únic[0m
            [36m</span>[39m
          [36m</h2>[39m
          [36m<label[39m
            [33mclass[39m=[32m"ah-sr-only"[39m
            [33mfor[39m=[32m"_r_i_"[39m
          [36m>[39m
            [0mObservacions privades[0m
          [36m</label>[39m
          [36m<textarea[39m
            [33mclass[39m=[32m"ah-input ah-textarea ah-followup__field"[39m
            [33mid[39m=[32m"_r_i_"[39m
            [33mmaxlength[39m=[32m"2000"[39m
            [33mrows[39m=[32m"3"[39m
          [36m>[39m
            [0mVa molt bé amb reforç de pilota. Evitar sobrecàrrega de salts: revisar espatlla dreta si coixeja. Parlar amb la Laura del pas a D a final de temporada.[0m
          [36m</textarea>[39m
          [36m<div[39m
            [33mclass[39m=[32m"ah-followup__clips"[39m
          [36m>[39m
            [36m<span[39m
              [33mclass[39m=[32m"ah-attachment-picker"[39m
            [36m>[39m
              [36m<button[39m
                [33mclass[39m=[32m"ah-button ah-button--ghost"[39m
                [33mtype[39m=[32m"button"[39m
              [36m>[39m
                [36m<span[39m
                  [33mclass[39m=[32m"ah-button__content"[39m
                [36m>[39m
                  [36m<svg[39m
                    [33maria-hidden[39m=[32m"true"[39m
                    [33mclass[39m=[32m"ah-icon"[39m
                  [36m>[39m
                    [36m<use[39m
                      [33mhref[39m=[32m"http://localhost:3000/@fs/Users/jordib/dev/agilityhub/agilityhub-core-web/packages/ui/src/icons/sprite.svg#i-clip"[39m
                    [36m/>[39m
                  [36m</svg>[39m
                  [0m [0m
                  [0mAdjunta un fitxer[0m
                [36m</span>[39m
              [36m</button>[39m
              [36m<input[39m
                [33maria-label[39m=[32m"Adjunta un fitxer"[39m
                [33mclass[39m=[32m"ah-sr-only"[39m
                [33mmultiple[39m=[32m""[39m
                [33mtabindex[39m=[32m"-1"[39m
                [33mtype[39m=[32m"file"[39m
              [36m/>[39m
            [36m</span>[39m
          [36m</div>[39m
        [36m</section>[39m
        [36m<section[39m
          [33maria-labelledby[39m=[32m"_r_j_"[39m
          [33mclass[39m=[32m"ah-tasks"[39m
        [36m>[39m
          [36m<header[39m
            [33mclass[39m=[32m"ah-tasks__header"[39m
          [36m>[39m
            [36m<h2[39m
              [33mclass[39m=[32m"ah-tasks__title"[39m
              [33mid[39m=[32m"_r_j_"[39m
            [36m>[39m
              [0mTasques[0m
            [36m</h2>[39m
            [36m<button[39m
              [33mclass[39m=[32m"ah-button ah-button--ghost ah-tasks__add"[39m
              [33mtype[39m=[32m"button"[39m
            [36m>[39m
              [36m<span[39m
                [33mclass[39m=[32m"ah-button__content"[39m
              [36m>[39m
                [36m<svg[39m
                  [33maria-hidden[39m=[32m"true"[39m
                  [33mclass[39m=[32m"ah-icon"[39m
                [36m>[39m
                  [36m<use[39m
                    [33mhref[39m=[32m"http://localhost:3000/@fs/Users/jordib/dev/agilityhub/agilityhub-core-web/packages/ui/src/icons/sprite.svg#i-plus"[39m
                  [36m/>[39m
                [36m</svg>[39m
                [0m [0m
                [0mAfegir[0m
              [36m</span>[39m
            [36m</button>[39m
          [36m</header>[39m
          [36m<ul[39m
            [33mclass[39m=[32m"ah-tasks__list"[39m
          [36m>[39m
            [36m<li[39m
              [33mclass[39m=[32m"ah-task ah-task--pending"[39m
            [36m>[39m
              [36m<div[39m
                [33mclass[39m=[32m"ah-task__head"[39m
              [36m>[39m
                [36m<span[39m
                  [33mclass[39m=[32m"ah-badge ah-tone--warning"[39m
                [36m>[39m
                  [0mpendent[0m
                [36m</span>[39m
                [36m<span[39m
                  [33mclass[39m=[32m"ah-task__actions"[39m
                [36m>[39m
                  [36m<button[39m
                    [33maria-label[39m=[32m"Marca-la com a feta"[39m
                    [33mclass[39m=[32m"ah-button ah-button--ghost ah-icon-button"[39m
                    [33mtype[39m=[32m"button"[39m
                  [36m>[39m
                    [36m<span[39m
                      [33mclass[39m=[32m"ah-button__content"[3...

Ignored nodes: comments, script, style
[36m<body>[39m
  [36m<div>[39m
    [36m<section[39m
      [33mclass[39m=[32m"instructor-screen instructor-tasks"[39m
    [36m>[39m
      [36m<header[39m
        [33mclass[39m=[32m"ah-app-bar instructor-screen__bar"[39m
      [36m>[39m
        [36m<div[39m
          [33mclass[39m=[32m"ah-app-bar__side"[39m
        [36m>[39m
          [36m<button[39m
            [33maria-label[39m=[32m"Torna"[39m
            [33mclass[39m=[32m"ah-button ah-button--ghost ah-icon-button instructor-screen__back"[39m
            [33mtype[39m=[32m"button"[39m
          [36m>[39m
            [36m<span[39m
              [33mclass[39m=[32m"ah-button__content"[39m
            [36m>[39m
              [36m<svg[39m
                [33maria-hidden[39m=[32m"true"[39m
                [33mclass[39m=[32m"ah-icon"[39m
              [36m>[39m
                [36m<use[39m
                  [33mhref[39m=[32m"http://localhost:3000/@fs/Users/jordib/dev/agilityhub/agilityhub-core-web/packages/ui/src/icons/sprite.svg#i-chev"[39m
                [36m/>[39m
              [36m</svg>[39m
            [36m</span>[39m
          [36m</button>[39m
        [36m</div>[39m
        [36m<div[39m
          [33mclass[39m=[32m"ah-app-bar__title"[39m
        [36m>[39m
          [36m<h1>[39m
            [0mTasques i notes — Laura + Duna[0m
          [36m</h1>[39m
        [36m</div>[39m
        [36m<div[39m
          [33mclass[39m=[32m"ah-app-bar__side ah-app-bar__side--end"[39m
        [36m/>[39m
      [36m</header>[39m
      [36m<div[39m
        [33mclass[39m=[32m"ah-followup"[39m
      [36m>[39m
        [36m<div[39m
          [33mclass[39m=[32m"ah-followup__error"[39m
          [33mrole[39m=[32m"alert"[39m
        [36m>[39m
          [0mvídeo_llarg.mp4: El fitxer és massa gran.[0m
        [36m</div>[39m
        [36m<section[39m
          [33maria-labelledby[39m=[32m"_r_i_-title"[39m
          [33mclass[39m=[32m"ah-followup__block"[39m
        [36m>[39m
          [36m<h2[39m
            [33mclass[39m=[32m"ah-followup__title"[39m
            [33mid[39m=[32m"_r_i_-title"[39m
          [36m>[39m
            [0mObservacions[0m
            [0m [0m
            [36m<span>[39m
              [0m· privades · camp únic[0m
            [36m</span>[39m
          [36m</h2>[39m
          [36m<label[39m
            [33mclass[39m=[32m"ah-sr-only"[39m
            [33mfor[39m=[32m"_r_i_"[39m
          [36m>[39m
            [0mObservacions privades[0m
          [36m</label>[39m
          [36m<textarea[39m
            [33mclass[39m=[32m"ah-input ah-textarea ah-followup__field"[39m
            [33mid[39m=[32m"_r_i_"[39m
            [33mmaxlength[39m=[32m"2000"[39m
            [33mrows[39m=[32m"3"[39m
          [36m>[39m
            [0mVa molt bé amb reforç de pilota. Evitar sobrecàrrega de salts: revisar espatlla dreta si coixeja. Parlar amb la Laura del pas a D a final de temporada.[0m
          [36m</textarea>[39m
          [36m<div[39m
            [33mclass[39m=[32m"ah-followup__clips"[39m
          [36m>[39m
            [36m<span[39m
              [33mclass[39m=[32m"ah-attachment-picker"[39m
            [36m>[39m
              [36m<button[39m
                [33mclass[39m=[32m"ah-button ah-button--ghost"[39m
                [33mtype[39m=[32m"button"[39m
              [36m>[39m
                [36m<span[39m
                  [33mclass[39m=[32m"ah-button__content"[39m
                [36m>[39m
                  [36m<svg[39m
                    [33maria-hidden[39m=[32m"true"[39m
                    [33mclass[39m=[32m"ah-icon"[39m
                  [36m>[39m
                    [36m<use[39m
                      [33mhref[39m=[32m"http://localhost:3000/@fs/Users/jordib/dev/agilityhub/agilityhub-core-web/packages/ui/src/icons/sprite.svg#i-clip"[39m
                    [36m/>[39m
                  [36m</svg>[39m
                  [0m [0m
                  [0mAdjunta un fitxer[0m
                [36m</span>[39m
              [36m</button>[39m
              [36m<input[39m
                [33maria-label[39m=[32m"Adjunta un fitxer"[39m
                [33mclass[39m=[32m"ah-sr-only"[39m
                [33mmultiple[39m=[32m""[39m
                [33mtabindex[39m=[32m"-1"[39m
                [33mtype[39m=[32m"file"[39m
              [36m/>[39m
            [36m</span>[39m
          [36m</div>[39m
        [36m</section>[39m
        [36m<section[39m
          [33maria-labelledby[39m=[32m"_r_j_"[39m
          [33mclass[39m=[32m"ah-tasks"[39m
        [36m>[39m
          [36m<header[39m
            [33mclass[39m=[32m"ah-tasks__header"[39m
          [36m>[39m
            [36m<h2[39m
              [33mclass[39m=[32m"ah-tasks__title"[39m
              [33mid[39m=[32m"_r_j_"[39m
            [36m>[39m
              [0mTasques[0m
            [36m</h2>[39m
            [36m<button[39m
              [33mclass[39m=[32m"ah-button ah-button--ghost ah-tasks__add"[39m
              [33mtype[39m=[32m"button"[39m
            [36m>[39m
              [36m<span[39m
                [33mclass[39m=[32m"ah-button__content"[39m
              [36m>[39m
                [36m<svg[39m
                  [33maria-hidden[39m=[32m"true"[39m
                  [33mclass[39m=[32m"ah-icon"[39m
                [36m>[39m
                  [36m<use[39m
                    [33mhref[39m=[32m"http://localhost:3000/@fs/Users/jordib/dev/agilityhub/agilityhub-core-web/packages/ui/src/icons/sprite.svg#i-plus"[39m
                  [36m/>[39m
                [36m</svg>[39m
                [0m [0m
                [0mAfegir[0m
              [36m</span>[39m
            [36m</button>[39m
          [36m</header>[39m
          [36m<ul[39m
            [33mclass[39m=[32m"ah-tasks__list"[39m
          [36m>[39m
            [36m<li[39m
              [33mclass[39m=[32m"ah-task ah-task--pending"[39m
            [36m>[39m
              [36m<div[39m
                [33mclass[39m=[32m"ah-task__head"[39m
              [36m>[39m
                [36m<span[39m
                  [33mclass[39m=[32m"ah-badge ah-tone--warning"[39m
                [36m>[39m
                  [0mpendent[0m
                [36m</span>[39m
                [36m<span[39m
                  [33mclass[39m=[32m"ah-task__actions"[39m
                [36m>[39m
                  [36m<button[39m
                    [33maria-label[39m=[32m"Marca-la com a feta"[39m
                    [33mclass[39m=[32m"ah-button ah-button--ghost ah-icon-button"[39m
                    [33mtype[39m=[32m"button"[39m
                  [36m>[39m
                    [36m<span[39m
                      [33mclass[39m=[32m"ah-button__content"[3...
 ❯ waitForWrapper ../../node_modules/.pnpm/@testing-library+dom@10.4.1/node_modules/@testing-library/dom/dist/wait-for.js:163:27
 ❯ ../../node_modules/.pnpm/@testing-library+dom@10.4.1/node_modules/@testing-library/dom/dist/query-helpers.js:86:33
 ❯ src/instructor/tasks.test.tsx:340:25
    338|       target: { files: [file("vídeo_llarg.mp4", "video/mp4", 30 * 1024…
    339|     });
    340|     expect(await screen.findByText("El fitxer és massa gran.")).toBeVi…
       |                         ^
    341|     expect(requests.some((request) => request.line === "POST /attachme…
    342|     cleanup();

⎯⎯⎯⎯⎯⎯⎯⎯⎯⎯⎯⎯⎯⎯⎯⎯⎯⎯⎯⎯⎯⎯⎯⎯[1/2]⎯

 FAIL  src/instructor/tasks.test.tsx > E6-W02 round 2 (review of 30-09): screen 26 > #7 (ruling E74): an instructor cannot read the file limits, so a 30 MB file is checked by the signed-url request: FILE_TOO_LARGE by its code, and nothing is PUT nor registered — an observation file and a new task's file
TestingLibraryElementError: Unable to find an element with the text: El fitxer és massa gran.. This could be because the text is broken up by multiple elements. In this case, you can provide a function for your text matcher to make your matcher more flexible.

Ignored nodes: comments, script, style
[36m<body>[39m
  [36m<div>[39m
    [36m<section[39m
      [33mclass[39m=[32m"instructor-screen instructor-tasks"[39m
    [36m>[39m
      [36m<header[39m
        [33mclass[39m=[32m"ah-app-bar instructor-screen__bar"[39m
      [36m>[39m
        [36m<div[39m
          [33mclass[39m=[32m"ah-app-bar__side"[39m
        [36m>[39m
          [36m<button[39m
            [33maria-label[39m=[32m"Torna"[39m
            [33mclass[39m=[32m"ah-button ah-button--ghost ah-icon-button instructor-screen__back"[39m
            [33mtype[39m=[32m"button"[39m
          [36m>[39m
            [36m<span[39m
              [33mclass[39m=[32m"ah-button__content"[39m
            [36m>[39m
              [36m<svg[39m
                [33maria-hidden[39m=[32m"true"[39m
                [33mclass[39m=[32m"ah-icon"[39m
              [36m>[39m
                [36m<use[39m
                  [33mhref[39m=[32m"http://localhost:3000/@fs/Users/jordib/dev/agilityhub/agilityhub-core-web/packages/ui/src/icons/sprite.svg#i-chev"[39m
                [36m/>[39m
              [36m</svg>[39m
            [36m</span>[39m
          [36m</button>[39m
        [36m</div>[39m
        [36m<div[39m
          [33mclass[39m=[32m"ah-app-bar__title"[39m
        [36m>[39m
          [36m<h1>[39m
            [0mTasques i notes — Laura + Duna[0m
          [36m</h1>[39m
        [36m</div>[39m
        [36m<div[39m
          [33mclass[39m=[32m"ah-app-bar__side ah-app-bar__side--end"[39m
        [36m/>[39m
      [36m</header>[39m
      [36m<div[39m
        [33mclass[39m=[32m"ah-followup"[39m
      [36m>[39m
        [36m<div[39m
          [33mclass[39m=[32m"ah-followup__error"[39m
          [33mrole[39m=[32m"alert"[39m
        [36m>[39m
          [0mvídeo_llarg.mp4: El fitxer és massa gran.[0m
        [36m</div>[39m
        [36m<section[39m
          [33maria-labelledby[39m=[32m"_r_1j_-title"[39m
          [33mclass[39m=[32m"ah-followup__block"[39m
        [36m>[39m
          [36m<h2[39m
            [33mclass[39m=[32m"ah-followup__title"[39m
            [33mid[39m=[32m"_r_1j_-title"[39m
          [36m>[39m
            [0mObservacions[0m
            [0m [0m
            [36m<span>[39m
              [0m· privades · camp únic[0m
            [36m</span>[39m
          [36m</h2>[39m
          [36m<label[39m
            [33mclass[39m=[32m"ah-sr-only"[39m
            [33mfor[39m=[32m"_r_1j_"[39m
          [36m>[39m
            [0mObservacions privades[0m
          [36m</label>[39m
          [36m<textarea[39m
            [33mclass[39m=[32m"ah-input ah-textarea ah-followup__field"[39m
            [33mid[39m=[32m"_r_1j_"[39m
            [33mmaxlength[39m=[32m"2000"[39m
            [33mrows[39m=[32m"3"[39m
          [36m>[39m
            [0mVa molt bé amb reforç de pilota. Evitar sobrecàrrega de salts: revisar espatlla dreta si coixeja. Parlar amb la Laura del pas a D a final de temporada.[0m
          [36m</textarea>[39m
          [36m<div[39m
            [33mclass[39m=[32m"ah-followup__clips"[39m
          [36m>[39m
            [36m<span[39m
              [33mclass[39m=[32m"ah-attachment-picker"[39m
            [36m>[39m
              [36m<button[39m
                [33mclass[39m=[32m"ah-button ah-button--ghost"[39m
                [33mtype[39m=[32m"button"[39m
              [36m>[39m
                [36m<span[39m
                  [33mclass[39m=[32m"ah-button__content"[39m
                [36m>[39m
                  [36m<svg[39m
                    [33maria-hidden[39m=[32m"true"[39m
                    [33mclass[39m=[32m"ah-icon"[39m
                  [36m>[39m
                    [36m<use[39m
                      [33mhref[39m=[32m"http://localhost:3000/@fs/Users/jordib/dev/agilityhub/agilityhub-core-web/packages/ui/src/icons/sprite.svg#i-clip"[39m
                    [36m/>[39m
                  [36m</svg>[39m
                  [0m [0m
                  [0mAdjunta un fitxer[0m
                [36m</span>[39m
              [36m</button>[39m
              [36m<input[39m
                [33maria-label[39m=[32m"Adjunta un fitxer"[39m
                [33mclass[39m=[32m"ah-sr-only"[39m
                [33mmultiple[39m=[32m""[39m
                [33mtabindex[39m=[32m"-1"[39m
                [33mtype[39m=[32m"file"[39m
              [36m/>[39m
            [36m</span>[39m
          [36m</div>[39m
        [36m</section>[39m
        [36m<section[39m
          [33maria-labelledby[39m=[32m"_r_1k_"[39m
          [33mclass[39m=[32m"ah-tasks"[39m
        [36m>[39m
          [36m<header[39m
            [33mclass[39m=[32m"ah-tasks__header"[39m
          [36m>[39m
            [36m<h2[39m
              [33mclass[39m=[32m"ah-tasks__title"[39m
              [33mid[39m=[32m"_r_1k_"[39m
            [36m>[39m
              [0mTasques[0m
            [36m</h2>[39m
            [36m<button[39m
              [33mclass[39m=[32m"ah-button ah-button--ghost ah-tasks__add"[39m
              [33mtype[39m=[32m"button"[39m
            [36m>[39m
              [36m<span[39m
                [33mclass[39m=[32m"ah-button__content"[39m
              [36m>[39m
                [36m<svg[39m
                  [33maria-hidden[39m=[32m"true"[39m
                  [33mclass[39m=[32m"ah-icon"[39m
                [36m>[39m
                  [36m<use[39m
                    [33mhref[39m=[32m"http://localhost:3000/@fs/Users/jordib/dev/agilityhub/agilityhub-core-web/packages/ui/src/icons/sprite.svg#i-plus"[39m
                  [36m/>[39m
                [36m</svg>[39m
                [0m [0m
                [0mAfegir[0m
              [36m</span>[39m
            [36m</button>[39m
          [36m</header>[39m
          [36m<ul[39m
            [33mclass[39m=[32m"ah-tasks__list"[39m
          [36m>[39m
            [36m<li[39m
              [33mclass[39m=[32m"ah-task ah-task--pending"[39m
            [36m>[39m
              [36m<div[39m
                [33mclass[39m=[32m"ah-task__head"[39m
              [36m>[39m
                [36m<span[39m
                  [33mclass[39m=[32m"ah-badge ah-tone--warning"[39m
                [36m>[39m
                  [0mpendent[0m
                [36m</span>[39m
                [36m<span[39m
                  [33mclass[39m=[32m"ah-task__actions"[39m
                [36m>[39m
                  [36m<button[39m
                    [33maria-label[39m=[32m"Marca-la com a feta"[39m
                    [33mclass[39m=[32m"ah-button ah-button--ghost ah-icon-button"[39m
                    [33mtype[39m=[32m"button"[39m
                  [36m>[39m
                    [36m<span[39m
                      [33mclass[39m=[32m"ah-button__conte...

Ignored nodes: comments, script, style
[36m<body>[39m
  [36m<div>[39m
    [36m<section[39m
      [33mclass[39m=[32m"instructor-screen instructor-tasks"[39m
    [36m>[39m
      [36m<header[39m
        [33mclass[39m=[32m"ah-app-bar instructor-screen__bar"[39m
      [36m>[39m
        [36m<div[39m
          [33mclass[39m=[32m"ah-app-bar__side"[39m
        [36m>[39m
          [36m<button[39m
            [33maria-label[39m=[32m"Torna"[39m
            [33mclass[39m=[32m"ah-button ah-button--ghost ah-icon-button instructor-screen__back"[39m
            [33mtype[39m=[32m"button"[39m
          [36m>[39m
            [36m<span[39m
              [33mclass[39m=[32m"ah-button__content"[39m
            [36m>[39m
              [36m<svg[39m
                [33maria-hidden[39m=[32m"true"[39m
                [33mclass[39m=[32m"ah-icon"[39m
              [36m>[39m
                [36m<use[39m
                  [33mhref[39m=[32m"http://localhost:3000/@fs/Users/jordib/dev/agilityhub/agilityhub-core-web/packages/ui/src/icons/sprite.svg#i-chev"[39m
                [36m/>[39m
              [36m</svg>[39m
            [36m</span>[39m
          [36m</button>[39m
        [36m</div>[39m
        [36m<div[39m
          [33mclass[39m=[32m"ah-app-bar__title"[39m
        [36m>[39m
          [36m<h1>[39m
            [0mTasques i notes — Laura + Duna[0m
          [36m</h1>[39m
        [36m</div>[39m
        [36m<div[39m
          [33mclass[39m=[32m"ah-app-bar__side ah-app-bar__side--end"[39m
        [36m/>[39m
      [36m</header>[39m
      [36m<div[39m
        [33mclass[39m=[32m"ah-followup"[39m
      [36m>[39m
        [36m<div[39m
          [33mclass[39m=[32m"ah-followup__error"[39m
          [33mrole[39m=[32m"alert"[39m
        [36m>[39m
          [0mvídeo_llarg.mp4: El fitxer és massa gran.[0m
        [36m</div>[39m
        [36m<section[39m
          [33maria-labelledby[39m=[32m"_r_1j_-title"[39m
          [33mclass[39m=[32m"ah-followup__block"[39m
        [36m>[39m
          [36m<h2[39m
            [33mclass[39m=[32m"ah-followup__title"[39m
            [33mid[39m=[32m"_r_1j_-title"[39m
          [36m>[39m
            [0mObservacions[0m
            [0m [0m
            [36m<span>[39m
              [0m· privades · camp únic[0m
            [36m</span>[39m
          [36m</h2>[39m
          [36m<label[39m
            [33mclass[39m=[32m"ah-sr-only"[39m
            [33mfor[39m=[32m"_r_1j_"[39m
          [36m>[39m
            [0mObservacions privades[0m
          [36m</label>[39m
          [36m<textarea[39m
            [33mclass[39m=[32m"ah-input ah-textarea ah-followup__field"[39m
            [33mid[39m=[32m"_r_1j_"[39m
            [33mmaxlength[39m=[32m"2000"[39m
            [33mrows[39m=[32m"3"[39m
          [36m>[39m
            [0mVa molt bé amb reforç de pilota. Evitar sobrecàrrega de salts: revisar espatlla dreta si coixeja. Parlar amb la Laura del pas a D a final de temporada.[0m
          [36m</textarea>[39m
          [36m<div[39m
            [33mclass[39m=[32m"ah-followup__clips"[39m
          [36m>[39m
            [36m<span[39m
              [33mclass[39m=[32m"ah-attachment-picker"[39m
            [36m>[39m
              [36m<button[39m
                [33mclass[39m=[32m"ah-button ah-button--ghost"[39m
                [33mtype[39m=[32m"button"[39m
              [36m>[39m
                [36m<span[39m
                  [33mclass[39m=[32m"ah-button__content"[39m
                [36m>[39m
                  [36m<svg[39m
                    [33maria-hidden[39m=[32m"true"[39m
                    [33mclass[39m=[32m"ah-icon"[39m
                  [36m>[39m
                    [36m<use[39m
                      [33mhref[39m=[32m"http://localhost:3000/@fs/Users/jordib/dev/agilityhub/agilityhub-core-web/packages/ui/src/icons/sprite.svg#i-clip"[39m
                    [36m/>[39m
                  [36m</svg>[39m
                  [0m [0m
                  [0mAdjunta un fitxer[0m
                [36m</span>[39m
              [36m</button>[39m
              [36m<input[39m
                [33maria-label[39m=[32m"Adjunta un fitxer"[39m
                [33mclass[39m=[32m"ah-sr-only"[39m
                [33mmultiple[39m=[32m""[39m
                [33mtabindex[39m=[32m"-1"[39m
                [33mtype[39m=[32m"file"[39m
              [36m/>[39m
            [36m</span>[39m
          [36m</div>[39m
        [36m</section>[39m
        [36m<section[39m
          [33maria-labelledby[39m=[32m"_r_1k_"[39m
          [33mclass[39m=[32m"ah-tasks"[39m
        [36m>[39m
          [36m<header[39m
            [33mclass[39m=[32m"ah-tasks__header"[39m
          [36m>[39m
            [36m<h2[39m
              [33mclass[39m=[32m"ah-tasks__title"[39m
              [33mid[39m=[32m"_r_1k_"[39m
            [36m>[39m
              [0mTasques[0m
            [36m</h2>[39m
            [36m<button[39m
              [33mclass[39m=[32m"ah-button ah-button--ghost ah-tasks__add"[39m
              [33mtype[39m=[32m"button"[39m
            [36m>[39m
              [36m<span[39m
                [33mclass[39m=[32m"ah-button__content"[39m
              [36m>[39m
                [36m<svg[39m
                  [33maria-hidden[39m=[32m"true"[39m
                  [33mclass[39m=[32m"ah-icon"[39m
                [36m>[39m
                  [36m<use[39m
                    [33mhref[39m=[32m"http://localhost:3000/@fs/Users/jordib/dev/agilityhub/agilityhub-core-web/packages/ui/src/icons/sprite.svg#i-plus"[39m
                  [36m/>[39m
                [36m</svg>[39m
                [0m [0m
                [0mAfegir[0m
              [36m</span>[39m
            [36m</button>[39m
          [36m</header>[39m
          [36m<ul[39m
            [33mclass[39m=[32m"ah-tasks__list"[39m
          [36m>[39m
            [36m<li[39m
              [33mclass[39m=[32m"ah-task ah-task--pending"[39m
            [36m>[39m
              [36m<div[39m
                [33mclass[39m=[32m"ah-task__head"[39m
              [36m>[39m
                [36m<span[39m
                  [33mclass[39m=[32m"ah-badge ah-tone--warning"[39m
                [36m>[39m
                  [0mpendent[0m
                [36m</span>[39m
                [36m<span[39m
                  [33mclass[39m=[32m"ah-task__actions"[39m
                [36m>[39m
                  [36m<button[39m
                    [33maria-label[39m=[32m"Marca-la com a feta"[39m
                    [33mclass[39m=[32m"ah-button ah-button--ghost ah-icon-button"[39m
                    [33mtype[39m=[32m"button"[39m
                  [36m>[39m
                    [36m<span[39m
                      [33mclass[39m=[32m"ah-button__conte...
 ❯ waitForWrapper ../../node_modules/.pnpm/@testing-library+dom@10.4.1/node_modules/@testing-library/dom/dist/wait-for.js:163:27
 ❯ ../../node_modules/.pnpm/@testing-library+dom@10.4.1/node_modules/@testing-library/dom/dist/query-helpers.js:86:33
 ❯ src/instructor/tasks.test.tsx:604:25
    602|     const big = () => file("vídeo_llarg.mp4", "video/mp4", 30 * 1024 *…
    603|     fireEvent.change(firstPicker(), { target: { files: [big()] } });
    604|     expect(await screen.findByText("El fitxer és massa gran.")).toBeVi…
       |                         ^
    605|     const form = newTask("Salts amb calma", [big()]);
    606|     await waitFor(() => {

⎯⎯⎯⎯⎯⎯⎯⎯⎯⎯⎯⎯⎯⎯⎯⎯⎯⎯⎯⎯⎯⎯⎯⎯[2/2]⎯


 Test Files  1 failed (1)
      Tests  2 failed | 24 passed (26)
   Start at  02:01:56
   Duration  22.77s (tests 95%, transform 2%, environment 1%, import 1%)

undefined
/Users/jordib/dev/agilityhub/agilityhub-core-web/apps/clubs:
 ERR_PNPM_RECURSIVE_EXEC_FIRST_FAIL  Command failed with exit code 1: vitest run src/instructor/tasks.test.tsx --reporter=verbose
