
 RUN  v5.0.0 /Users/jordib/dev/agilityhub/agilityhub-core-web/apps/clubs

 ❯ src/instructor/tasks.test.tsx (27 tests | 1 failed | 26 skipped) 10127ms
   ❯ E6-W04 step 0d (review of E6-W05): screen 26 (4)
     × E6-W04 step 0d (its review): when a later file of the selection gets no answer, the files attached before it show next to the error, so they are not picked again 10125ms

⎯⎯⎯⎯⎯⎯⎯ Failed Tests 1 ⎯⎯⎯⎯⎯⎯⎯

 FAIL  src/instructor/tasks.test.tsx > E6-W04 step 0d (review of E6-W05): screen 26 > E6-W04 step 0d (its review): when a later file of the selection gets no answer, the files attached before it show next to the error, so they are not picked again
TestingLibraryElementError: Unable to find role="button" and name "primer.jpg"

Ignored nodes: comments, script, style
[36m<body>[39m
  [36m<div>[39m
    [36m<section[39m
      [33mclass[39m=[32m"instructor-screen instructor-tasks"[39m
    [36m>[39m
      [36m<header[39m
        [33mclass[39m=[32m"ah-app-bar instructor-screen__bar"[39m
      [36m>[39m
        [36m<div[39m
          [33mclass[39m=[32m"ah-app-bar__side"[39m
        [36m>[39m
          [36m<button[39m
            [33maria-label[39m=[32m"Torna"[39m
            [33mclass[39m=[32m"ah-button ah-button--ghost ah-icon-button instructor-screen__back"[39m
            [33mtype[39m=[32m"button"[39m
          [36m>[39m
            [36m<span[39m
              [33mclass[39m=[32m"ah-button__content"[39m
            [36m>[39m
              [36m<svg[39m
                [33maria-hidden[39m=[32m"true"[39m
                [33mclass[39m=[32m"ah-icon"[39m
              [36m>[39m
                [36m<use[39m
                  [33mhref[39m=[32m"http://localhost:3000/@fs/Users/jordib/dev/agilityhub/agilityhub-core-web/packages/ui/src/icons/sprite.svg#i-chev"[39m
                [36m/>[39m
              [36m</svg>[39m
            [36m</span>[39m
          [36m</button>[39m
        [36m</div>[39m
        [36m<div[39m
          [33mclass[39m=[32m"ah-app-bar__title"[39m
        [36m>[39m
          [36m<h1>[39m
            [0mTasques i notes — Laura + Duna[0m
          [36m</h1>[39m
        [36m</div>[39m
        [36m<div[39m
          [33mclass[39m=[32m"ah-app-bar__side ah-app-bar__side--end"[39m
        [36m/>[39m
      [36m</header>[39m
      [36m<div[39m
        [33mclass[39m=[32m"ah-followup"[39m
      [36m>[39m
        [36m<div[39m
          [33mclass[39m=[32m"ah-followup__error"[39m
          [33mrole[39m=[32m"alert"[39m
        [36m>[39m
          [0mS'ha produït un error inesperat. Torneu-ho a provar; si persisteix, indiqueu el codi de referència al club.[0m
        [36m</div>[39m
        [36m<section[39m
          [33maria-labelledby[39m=[32m"_r_0_-title"[39m
          [33mclass[39m=[32m"ah-followup__block"[39m
        [36m>[39m
          [36m<h2[39m
            [33mclass[39m=[32m"ah-followup__title"[39m
            [33mid[39m=[32m"_r_0_-title"[39m
          [36m>[39m
            [0mObservacions[0m
            [0m [0m
            [36m<span>[39m
              [0m· privades · camp únic[0m
            [36m</span>[39m
          [36m</h2>[39m
          [36m<label[39m
            [33mclass[39m=[32m"ah-sr-only"[39m
            [33mfor[39m=[32m"_r_0_"[39m
          [36m>[39m
            [0mObservacions privades[0m
          [36m</label>[39m
          [36m<textarea[39m
            [33mclass[39m=[32m"ah-input ah-textarea ah-followup__field"[39m
            [33mid[39m=[32m"_r_0_"[39m
            [33mmaxlength[39m=[32m"2000"[39m
            [33mrows[39m=[32m"3"[39m
          [36m>[39m
            [0mVa molt bé amb reforç de pilota. Evitar sobrecàrrega de salts: revisar espatlla dreta si coixeja. Parlar amb la Laura del pas a D a final de temporada.[0m
          [36m</textarea>[39m
          [36m<div[39m
            [33mclass[39m=[32m"ah-followup__clips"[39m
          [36m>[39m
            [36m<span[39m
              [33mclass[39m=[32m"ah-attachment-picker"[39m
            [36m>[39m
              [36m<button[39m
                [33mclass[39m=[32m"ah-button ah-button--ghost"[39m
                [33mtype[39m=[32m"button"[39m
              [36m>[39m
                [36m<span[39m
                  [33mclass[39m=[32m"ah-button__content"[39m
                [36m>[39m
                  [36m<svg[39m
                    [33maria-hidden[39m=[32m"true"[39m
                    [33mclass[39m=[32m"ah-icon"[39m
                  [36m>[39m
                    [36m<use[39m
                      [33mhref[39m=[32m"http://localhost:3000/@fs/Users/jordib/dev/agilityhub/agilityhub-core-web/packages/ui/src/icons/sprite.svg#i-clip"[39m
                    [36m/>[39m
                  [36m</svg>[39m
                  [0m [0m
                  [0mAdjunta un fitxer[0m
                [36m</span>[39m
              [36m</button>[39m
              [36m<input[39m
                [33maria-label[39m=[32m"Adjunta un fitxer"[39m
                [33mclass[39m=[32m"ah-sr-only"[39m
                [33mmultiple[39m=[32m""[39m
                [33mtabindex[39m=[32m"-1"[39m
                [33mtype[39m=[32m"file"[39m
              [36m/>[39m
            [36m</span>[39m
          [36m</div>[39m
        [36m</section>[39m
        [36m<section[39m
          [33maria-labelledby[39m=[32m"_r_1_"[39m
          [33mclass[39m=[32m"ah-tasks"[39m
        [36m>[39m
          [36m<header[39m
            [33mclass[39m=[32m"ah-tasks__header"[39m
          [36m>[39m
            [36m<h2[39m
              [33mclass[39m=[32m"ah-tasks__title"[39m
              [33mid[39m=[32m"_r_1_"[39m
            [36m>[39m
              [0mTasques[0m
            [36m</h2>[39m
            [36m<button[39m
              [33mclass[39m=[32m"ah-button ah-button--ghost ah-tasks__add"[39m
              [33mtype[39m=[32m"button"[39m
            [36m>[39m
              [36m<span[39m
                [33mclass[39m=[32m"ah-button__content"[39m
              [36m>[39m
                [36m<svg[39m
                  [33maria-hidden[39m=[32m"true"[39m
                  [33mclass[39m=[32m"ah-icon"[39m
                [36m>[39m
                  [36m<use[39m
                    [33mhref[39m=[32m"http://localhost:3000/@fs/Users/jordib/dev/agilityhub/agilityhub-core-web/packages/ui/src/icons/sprite.svg#i-plus"[39m
                  [36m/>[39m
                [36m</svg>[39m
                [0m [0m
                [0mAfegir[0m
              [36m</span>[39m
            [36m</button>[39m
          [36m</header>[39m
          [36m<ul[39m
            [33mclass[39m=[32m"ah-tasks__list"[39m
          [36m>[39m
            [36m<li[39m
              [33mclass[39m=[32m"ah-task ah-task--pending"[39m
            [36m>[39m
              [36m<div[39m
                [33mclass[39m=[32m"ah-task__head"[39m
              [36m>[39m
                [36m<span[39m
                  [33mclass[39m=[32m"ah-badge ah-tone--warning"[39m
                [36m>[39m
                  [0mpendent[0m
                [36m</span>[39m
                [36m<span[39m
                  [33mclass[39m=[32m"ah-task__actions"[39m
                [36m>[39m
                  [36m<button[39m
                    [33maria-label[39m=[32m"Marca-la com a feta"[39m
                    [33mclass[39m=[32m"ah-button ah-button--ghost ah-icon-button"[39m
                    [33mtype[39m=[32m"button"[39m
                  [36m>[39m
                    [36m<span[39m
...

Ignored nodes: comments, script, style
[36m<body>[39m
  [36m<div>[39m
    [36m<section[39m
      [33mclass[39m=[32m"instructor-screen instructor-tasks"[39m
    [36m>[39m
      [36m<header[39m
        [33mclass[39m=[32m"ah-app-bar instructor-screen__bar"[39m
      [36m>[39m
        [36m<div[39m
          [33mclass[39m=[32m"ah-app-bar__side"[39m
        [36m>[39m
          [36m<button[39m
            [33maria-label[39m=[32m"Torna"[39m
            [33mclass[39m=[32m"ah-button ah-button--ghost ah-icon-button instructor-screen__back"[39m
            [33mtype[39m=[32m"button"[39m
          [36m>[39m
            [36m<span[39m
              [33mclass[39m=[32m"ah-button__content"[39m
            [36m>[39m
              [36m<svg[39m
                [33maria-hidden[39m=[32m"true"[39m
                [33mclass[39m=[32m"ah-icon"[39m
              [36m>[39m
                [36m<use[39m
                  [33mhref[39m=[32m"http://localhost:3000/@fs/Users/jordib/dev/agilityhub/agilityhub-core-web/packages/ui/src/icons/sprite.svg#i-chev"[39m
                [36m/>[39m
              [36m</svg>[39m
            [36m</span>[39m
          [36m</button>[39m
        [36m</div>[39m
        [36m<div[39m
          [33mclass[39m=[32m"ah-app-bar__title"[39m
        [36m>[39m
          [36m<h1>[39m
            [0mTasques i notes — Laura + Duna[0m
          [36m</h1>[39m
        [36m</div>[39m
        [36m<div[39m
          [33mclass[39m=[32m"ah-app-bar__side ah-app-bar__side--end"[39m
        [36m/>[39m
      [36m</header>[39m
      [36m<div[39m
        [33mclass[39m=[32m"ah-followup"[39m
      [36m>[39m
        [36m<div[39m
          [33mclass[39m=[32m"ah-followup__error"[39m
          [33mrole[39m=[32m"alert"[39m
        [36m>[39m
          [0mS'ha produït un error inesperat. Torneu-ho a provar; si persisteix, indiqueu el codi de referència al club.[0m
        [36m</div>[39m
        [36m<section[39m
          [33maria-labelledby[39m=[32m"_r_0_-title"[39m
          [33mclass[39m=[32m"ah-followup__block"[39m
        [36m>[39m
          [36m<h2[39m
            [33mclass[39m=[32m"ah-followup__title"[39m
            [33mid[39m=[32m"_r_0_-title"[39m
          [36m>[39m
            [0mObservacions[0m
            [0m [0m
            [36m<span>[39m
              [0m· privades · camp únic[0m
            [36m</span>[39m
          [36m</h2>[39m
          [36m<label[39m
            [33mclass[39m=[32m"ah-sr-only"[39m
            [33mfor[39m=[32m"_r_0_"[39m
          [36m>[39m
            [0mObservacions privades[0m
          [36m</label>[39m
          [36m<textarea[39m
            [33mclass[39m=[32m"ah-input ah-textarea ah-followup__field"[39m
            [33mid[39m=[32m"_r_0_"[39m
            [33mmaxlength[39m=[32m"2000"[39m
            [33mrows[39m=[32m"3"[39m
          [36m>[39m
            [0mVa molt bé amb reforç de pilota. Evitar sobrecàrrega de salts: revisar espatlla dreta si coixeja. Parlar amb la Laura del pas a D a final de temporada.[0m
          [36m</textarea>[39m
          [36m<div[39m
            [33mclass[39m=[32m"ah-followup__clips"[39m
          [36m>[39m
            [36m<span[39m
              [33mclass[39m=[32m"ah-attachment-picker"[39m
            [36m>[39m
              [36m<button[39m
                [33mclass[39m=[32m"ah-button ah-button--ghost"[39m
                [33mtype[39m=[32m"button"[39m
              [36m>[39m
                [36m<span[39m
                  [33mclass[39m=[32m"ah-button__content"[39m
                [36m>[39m
                  [36m<svg[39m
                    [33maria-hidden[39m=[32m"true"[39m
                    [33mclass[39m=[32m"ah-icon"[39m
                  [36m>[39m
                    [36m<use[39m
                      [33mhref[39m=[32m"http://localhost:3000/@fs/Users/jordib/dev/agilityhub/agilityhub-core-web/packages/ui/src/icons/sprite.svg#i-clip"[39m
                    [36m/>[39m
                  [36m</svg>[39m
                  [0m [0m
                  [0mAdjunta un fitxer[0m
                [36m</span>[39m
              [36m</button>[39m
              [36m<input[39m
                [33maria-label[39m=[32m"Adjunta un fitxer"[39m
                [33mclass[39m=[32m"ah-sr-only"[39m
                [33mmultiple[39m=[32m""[39m
                [33mtabindex[39m=[32m"-1"[39m
                [33mtype[39m=[32m"file"[39m
              [36m/>[39m
            [36m</span>[39m
          [36m</div>[39m
        [36m</section>[39m
        [36m<section[39m
          [33maria-labelledby[39m=[32m"_r_1_"[39m
          [33mclass[39m=[32m"ah-tasks"[39m
        [36m>[39m
          [36m<header[39m
            [33mclass[39m=[32m"ah-tasks__header"[39m
          [36m>[39m
            [36m<h2[39m
              [33mclass[39m=[32m"ah-tasks__title"[39m
              [33mid[39m=[32m"_r_1_"[39m
            [36m>[39m
              [0mTasques[0m
            [36m</h2>[39m
            [36m<button[39m
              [33mclass[39m=[32m"ah-button ah-button--ghost ah-tasks__add"[39m
              [33mtype[39m=[32m"button"[39m
            [36m>[39m
              [36m<span[39m
                [33mclass[39m=[32m"ah-button__content"[39m
              [36m>[39m
                [36m<svg[39m
                  [33maria-hidden[39m=[32m"true"[39m
                  [33mclass[39m=[32m"ah-icon"[39m
                [36m>[39m
                  [36m<use[39m
                    [33mhref[39m=[32m"http://localhost:3000/@fs/Users/jordib/dev/agilityhub/agilityhub-core-web/packages/ui/src/icons/sprite.svg#i-plus"[39m
                  [36m/>[39m
                [36m</svg>[39m
                [0m [0m
                [0mAfegir[0m
              [36m</span>[39m
            [36m</button>[39m
          [36m</header>[39m
          [36m<ul[39m
            [33mclass[39m=[32m"ah-tasks__list"[39m
          [36m>[39m
            [36m<li[39m
              [33mclass[39m=[32m"ah-task ah-task--pending"[39m
            [36m>[39m
              [36m<div[39m
                [33mclass[39m=[32m"ah-task__head"[39m
              [36m>[39m
                [36m<span[39m
                  [33mclass[39m=[32m"ah-badge ah-tone--warning"[39m
                [36m>[39m
                  [0mpendent[0m
                [36m</span>[39m
                [36m<span[39m
                  [33mclass[39m=[32m"ah-task__actions"[39m
                [36m>[39m
                  [36m<button[39m
                    [33maria-label[39m=[32m"Marca-la com a feta"[39m
                    [33mclass[39m=[32m"ah-button ah-button--ghost ah-icon-button"[39m
                    [33mtype[39m=[32m"button"[39m
                  [36m>[39m
                    [36m<span[39m
...
 ❯ waitForWrapper ../../node_modules/.pnpm/@testing-library+dom@10.4.1/node_modules/@testing-library/dom/dist/wait-for.js:163:27
 ❯ ../../node_modules/.pnpm/@testing-library+dom@10.4.1/node_modules/@testing-library/dom/dist/query-helpers.js:86:33
 ❯ src/instructor/tasks.test.tsx:1113:25
    1111|     });
    1112|     // «primer.jpg» was registered before «segon.jpg» failed: the bloc…
    1113|     expect(await screen.findByRole("button", { name: "primer.jpg" })).…
       |                         ^
    1114|     expect(screen.queryByRole("button", { name: "segon.jpg" })).toBeNu…
    1115|   });

⎯⎯⎯⎯⎯⎯⎯⎯⎯⎯⎯⎯⎯⎯⎯⎯⎯⎯⎯⎯⎯⎯⎯⎯[1/1]⎯


 Test Files  1 failed (1)
      Tests  1 failed | 26 skipped (27)
   Start at  02:26:06
   Duration  11.44s (tests 89%, transform 5%, environment 3%, import 2%, setup 1%)

undefined
/Users/jordib/dev/agilityhub/agilityhub-core-web/apps/clubs:
 ERR_PNPM_RECURSIVE_EXEC_FIRST_FAIL  Command failed with exit code 1: vitest run src/instructor/tasks.test.tsx -t its review
