# stage start 2026-09-25T20:25:50.374Z · e1-core.spec.ts e2-core.spec.ts
2026-09-25T20:25:51.029Z grant_type=refresh_token status=400 cookie=none test="T-01-18 password login reaches the seeded account" body={"code":"REFRESH_EXPIRED"}
2026-09-25T20:25:51.230Z grant_type=password status=200 cookie=none test="T-01-18 password login reaches the seeded account"
2026-09-25T20:25:51.415Z grant_type=refresh_token status=200 cookie=sent test="T-01-18 password login reaches the seeded account"
2026-09-25T20:25:51.704Z grant_type=refresh_token status=400 cookie=none test="T-01-21 seeded administrator opens the real backoffice" body={"code":"REFRESH_EXPIRED"}
2026-09-25T20:25:51.869Z grant_type=password status=200 cookie=none test="T-01-21 seeded administrator opens the real backoffice"
2026-09-25T20:25:52.035Z grant_type=refresh_token status=200 cookie=sent test="T-01-21 seeded administrator opens the real backoffice"
2026-09-25T20:25:52.353Z grant_type=refresh_token status=400 cookie=none test="T-01-20 club session is restored by the core" body={"code":"REFRESH_EXPIRED"}
2026-09-25T20:25:52.439Z grant_type=password status=200 cookie=none test="T-01-20 club session is restored by the core"
2026-09-25T20:25:52.590Z grant_type=refresh_token status=200 cookie=sent test="T-01-20 club session is restored by the core"
2026-09-25T20:25:52.733Z grant_type=refresh_token status=200 cookie=sent test="T-01-20 club session is restored by the core"
2026-09-25T20:25:53.061Z grant_type=refresh_token status=400 cookie=none test="T-01-20 club session is restored by the core" body={"code":"REFRESH_EXPIRED"}
2026-09-25T20:25:53.145Z grant_type=password status=200 cookie=none test="T-01-20 club session is restored by the core"
2026-09-25T20:25:53.553Z grant_type=refresh_token status=400 cookie=none test="T-01-19 magic link is delivered and exchanged end to end" body={"code":"REFRESH_EXPIRED"}
2026-09-25T20:25:54.195Z grant_type=refresh_token status=400 cookie=none test="T-01-19 magic link is delivered and exchanged end to end" body={"code":"REFRESH_EXPIRED"}
2026-09-25T20:25:54.209Z grant_type=urn:agilityhub:grant:magic-link status=200 cookie=none test="T-01-19 magic link is delivered and exchanged end to end"
2026-09-25T20:25:54.462Z grant_type=refresh_token status=200 cookie=sent test="T-01-19 magic link is delivered and exchanged end to end"
2026-09-25T20:25:54.726Z grant_type=refresh_token status=400 cookie=none test="T-01-26 published seed enters without pending onboarding" body={"code":"REFRESH_EXPIRED"}
2026-09-25T20:25:54.795Z grant_type=password status=200 cookie=none test="T-01-26 published seed enters without pending onboarding"
2026-09-25T20:25:54.944Z grant_type=refresh_token status=200 cookie=sent test="T-01-26 published seed enters without pending onboarding"
2026-09-25T20:25:55.199Z grant_type=refresh_token status=400 cookie=none test="T-01-22 apps/id resumes a real authorize flow through oauth2/session" body={"code":"REFRESH_EXPIRED"}
2026-09-25T20:25:55.343Z grant_type=password status=200 cookie=none test="T-01-22 apps/id resumes a real authorize flow through oauth2/session"
2026-09-25T20:25:55.483Z grant_type=refresh_token status=200 cookie=sent test="T-01-22 apps/id resumes a real authorize flow through oauth2/session"
2026-09-25T20:25:55.700Z grant_type=refresh_token status=200 cookie=sent test="T-01-22 apps/id resumes a real authorize flow through oauth2/session"
2026-09-25T20:25:56.028Z grant_type=refresh_token status=400 cookie=sent test="T-01-22 apps/id resumes a real authorize flow through oauth2/session" body={"code":"REFRESH_EXPIRED"}
2026-09-25T20:25:56.183Z grant_type=password status=200 cookie=sent test="T-01-22 apps/id resumes a real authorize flow through oauth2/session"
2026-09-25T20:25:56.485Z grant_type=refresh_token status=400 cookie=none test="E3-W12 step 5 · the public footer of 01 shows /branding's identity and registered office (S02 R-02-02)" body={"code":"REFRESH_EXPIRED"}
2026-09-25T20:25:57.075Z grant_type=refresh_token status=400 cookie=none test="T-03-42 real census flow, booking block and member profile" body={"code":"REFRESH_EXPIRED"}
2026-09-25T20:25:57.178Z grant_type=password status=200 cookie=none test="T-03-42 real census flow, booking block and member profile"
2026-09-25T20:25:57.340Z grant_type=refresh_token status=200 cookie=sent test="T-03-42 real census flow, booking block and member profile"
2026-09-25T20:26:01.523Z grant_type=refresh_token status=400 cookie=none test="T-03-42 real census flow, booking block and member profile" body={"code":"REFRESH_EXPIRED"}
2026-09-25T20:26:01.598Z grant_type=password status=200 cookie=none test="T-03-42 real census flow, booking block and member profile"
2026-09-25T20:26:01.741Z grant_type=refresh_token status=200 cookie=sent test="T-03-42 real census flow, booking block and member profile"
2026-09-25T20:26:01.885Z grant_type=refresh_token status=200 cookie=sent test="T-03-42 real census flow, booking block and member profile"
2026-09-25T20:26:02.116Z grant_type=refresh_token status=200 cookie=sent test="T-03-42 real census flow, booking block and member profile"
2026-09-25T20:26:07.948Z grant_type=refresh_token status=400 cookie=none test="T-05-CP-07 real club page edit renders styled Markdown on screen 30" body={"code":"REFRESH_EXPIRED"}
2026-09-25T20:26:08.029Z grant_type=password status=200 cookie=none test="T-05-CP-07 real club page edit renders styled Markdown on screen 30"
2026-09-25T20:26:08.174Z grant_type=refresh_token status=200 cookie=sent test="T-05-CP-07 real club page edit renders styled Markdown on screen 30"
2026-09-25T20:26:08.314Z grant_type=refresh_token status=200 cookie=sent test="T-05-CP-07 real club page edit renders styled Markdown on screen 30"
2026-09-25T20:26:08.674Z grant_type=refresh_token status=400 cookie=none test="E3-W12 step 4 · screen 13 reads GET /me/dogs only: the seed's document types, «Nivell» per dog, no /parameters (S03 §6)" body={"code":"REFRESH_EXPIRED"}
2026-09-25T20:26:08.754Z grant_type=password status=200 cookie=none test="E3-W12 step 4 · screen 13 reads GET /me/dogs only: the seed's document types, «Nivell» per dog, no /parameters (S03 §6)"
2026-09-25T20:26:08.901Z grant_type=refresh_token status=200 cookie=sent test="E3-W12 step 4 · screen 13 reads GET /me/dogs only: the seed's document types, «Nivell» per dog, no /parameters (S03 §6)"
2026-09-25T20:26:09.044Z grant_type=refresh_token status=200 cookie=sent test="E3-W12 step 4 · screen 13 reads GET /me/dogs only: the seed's document types, «Nivell» per dog, no /parameters (S03 §6)"
# stage end 2026-09-25T20:26:09.386Z · e1-core.spec.ts e2-core.spec.ts · 42 calls · 14 non-2xx
# stage start 2026-09-25T20:27:10.410Z · e3-signup.spec.ts
2026-09-25T20:27:11.116Z grant_type=refresh_token status=400 cookie=none test="T-04-34 public signup is validated and enters through the N-02 welcome link" body={"code":"REFRESH_EXPIRED"}
2026-09-25T20:27:11.778Z grant_type=refresh_token status=400 cookie=none test="T-04-34 public signup is validated and enters through the N-02 welcome link" body={"code":"REFRESH_EXPIRED"}
2026-09-25T20:27:12.083Z grant_type=refresh_token status=400 cookie=none test="T-04-34 public signup is validated and enters through the N-02 welcome link" body={"code":"REFRESH_EXPIRED"}
2026-09-25T20:27:12.360Z grant_type=refresh_token status=400 cookie=none test="T-04-34 public signup is validated and enters through the N-02 welcome link" body={"code":"REFRESH_EXPIRED"}
2026-09-25T20:27:12.804Z grant_type=refresh_token status=400 cookie=none test="T-04-34 public signup is validated and enters through the N-02 welcome link" body={"code":"REFRESH_EXPIRED"}
2026-09-25T20:27:13.195Z grant_type=refresh_token status=400 cookie=none test="T-04-34 public signup is validated and enters through the N-02 welcome link" body={"code":"REFRESH_EXPIRED"}
2026-09-25T20:27:13.357Z grant_type=password status=200 cookie=none test="T-04-34 public signup is validated and enters through the N-02 welcome link"
2026-09-25T20:27:13.538Z grant_type=refresh_token status=200 cookie=sent test="T-04-34 public signup is validated and enters through the N-02 welcome link"
2026-09-25T20:27:15.949Z grant_type=refresh_token status=400 cookie=none test="T-04-34 public signup is validated and enters through the N-02 welcome link" body={"code":"REFRESH_EXPIRED"}
2026-09-25T20:27:15.960Z grant_type=urn:agilityhub:grant:magic-link status=200 cookie=none test="T-04-34 public signup is validated and enters through the N-02 welcome link"
2026-09-25T20:27:16.152Z grant_type=refresh_token status=200 cookie=sent test="T-04-34 public signup is validated and enters through the N-02 welcome link"
2026-09-25T20:27:16.401Z grant_type=refresh_token status=400 cookie=none test="T-04-34 public signup is validated and enters through the N-02 welcome link" body={"code":"REFRESH_EXPIRED"}
2026-09-25T20:27:16.742Z grant_type=refresh_token status=400 cookie=none test="T-04-34 public signup is validated and enters through the N-02 welcome link" body={"code":"REFRESH_EXPIRED"}
2026-09-25T20:27:16.996Z grant_type=refresh_token status=400 cookie=none test="T-04-34 public signup is validated and enters through the N-02 welcome link" body={"code":"REFRESH_EXPIRED"}
2026-09-25T20:27:17.165Z grant_type=refresh_token status=400 cookie=none test="T-04-34 public signup is validated and enters through the N-02 welcome link" body={"code":"REFRESH_EXPIRED"}
2026-09-25T20:27:17.516Z grant_type=refresh_token status=400 cookie=none test="T-04-34 public signup is validated and enters through the N-02 welcome link" body={"code":"REFRESH_EXPIRED"}
2026-09-25T20:27:18.032Z grant_type=refresh_token status=400 cookie=none test="T-04-34 public signup is validated and enters through the N-02 welcome link" body={"code":"REFRESH_EXPIRED"}
2026-09-25T20:27:18.378Z grant_type=refresh_token status=400 cookie=none test="T-04-34 public signup is validated and enters through the N-02 welcome link" body={"code":"REFRESH_EXPIRED"}
2026-09-25T20:27:18.746Z grant_type=refresh_token status=400 cookie=none test="T-04-34 public signup is validated and enters through the N-02 welcome link" body={"code":"REFRESH_EXPIRED"}
2026-09-25T20:27:18.995Z grant_type=refresh_token status=400 cookie=none test="T-04-34 public signup is validated and enters through the N-02 welcome link" body={"code":"REFRESH_EXPIRED"}
2026-09-25T20:27:19.329Z grant_type=refresh_token status=400 cookie=none test="T-04-34 public signup is validated and enters through the N-02 welcome link" body={"code":"REFRESH_EXPIRED"}
2026-09-25T20:27:21.731Z grant_type=refresh_token status=200 cookie=sent test="T-04-34 public signup is validated and enters through the N-02 welcome link"
2026-09-25T20:27:22.303Z grant_type=refresh_token status=200 cookie=sent test="T-04-34 public signup is validated and enters through the N-02 welcome link"
2026-09-25T20:27:22.888Z grant_type=refresh_token status=200 cookie=sent test="T-04-34 public signup is validated and enters through the N-02 welcome link"
2026-09-25T20:27:23.018Z grant_type=refresh_token status=200 cookie=sent test="T-04-34 public signup is validated and enters through the N-02 welcome link"
2026-09-25T20:27:25.729Z grant_type=refresh_token status=400 cookie=none test="T-04-34 public signup is validated and enters through the N-02 welcome link" body={"code":"REFRESH_EXPIRED"}
2026-09-25T20:27:26.077Z grant_type=refresh_token status=400 cookie=none test="T-04-34 public signup is validated and enters through the N-02 welcome link" body={"code":"REFRESH_EXPIRED"}
2026-09-25T20:27:26.326Z grant_type=refresh_token status=400 cookie=none test="T-04-34 public signup is validated and enters through the N-02 welcome link" body={"code":"REFRESH_EXPIRED"}
2026-09-25T20:27:26.492Z grant_type=refresh_token status=400 cookie=none test="T-04-34 public signup is validated and enters through the N-02 welcome link" body={"code":"REFRESH_EXPIRED"}
2026-09-25T20:27:26.814Z grant_type=refresh_token status=400 cookie=none test="T-04-34 public signup is validated and enters through the N-02 welcome link" body={"code":"REFRESH_EXPIRED"}
2026-09-25T20:27:29.671Z grant_type=refresh_token status=400 cookie=none test="T-04-34 signup.enabled=false shows only the configured closed text" body={"code":"REFRESH_EXPIRED"}
2026-09-25T20:27:29.976Z grant_type=refresh_token status=400 cookie=none test="E3-W12 step 5 · the signup's public footer shows /branding's identity and registered office (S02 R-02-02)" body={"code":"REFRESH_EXPIRED"}
# stage end 2026-09-25T20:27:30.087Z · e3-signup.spec.ts · 32 calls · 24 non-2xx
