// Vitest Snapshot v1, https://vitest.dev/guide/snapshot.html

exports[`T-13-29 member inactivity > keeps the 14 literals complete in ca, es and en > ca 1`] = `"‹Període d'inactivitatPots demanar un període d'inactivitat per mesos complets. Fes-ho abans del dia 25 del mes anterior.Mes d'inici (obligatori)Octubre 2026Novembre 2026Desembre 2026Gener 2027Febrer 2027Març 2027Abril 2027Maig 2027Juny 2027Juliol 2027Agost 2027Setembre 2027Octubre 2027Mes de finalització (si el saps)— encara no ho séOctubre 2026Novembre 2026Desembre 2026Gener 2027Febrer 2027Març 2027Abril 2027Maig 2027Juny 2027Juliol 2027Agost 2027Setembre 2027Octubre 2027ComentarisDescans de la DunaQuota del 1r mes · 20,00 €Mesos següents · 10,00 €/mesLa data de final es pot modificar durant el període d'inactivitat (també fins al dia 25).MODIFICARETIRA LA SOL·LICITUD"`;

exports[`T-13-29 member inactivity > keeps the 14 literals complete in ca, es and en > en 1`] = `"‹Inactivity periodYou can request an inactivity period for full months. Do so before day 25 of the previous month.Start month (required)October 2026November 2026December 2026January 2027February 2027March 2027April 2027May 2027June 2027July 2027August 2027September 2027October 2027End month (if known)— I don't know yetOctober 2026November 2026December 2026January 2027February 2027March 2027April 2027May 2027June 2027July 2027August 2027September 2027October 2027CommentsDescans de la DunaFirst month fee · €20.00Following months · €10.00/monthThe end date can be changed during the inactivity period (also until day 25).UPDATEWITHDRAW REQUEST"`;

exports[`T-13-29 member inactivity > keeps the 14 literals complete in ca, es and en > es 1`] = `"‹Período de inactividadPuedes pedir un período de inactividad por meses completos. Hazlo antes del día 25 del mes anterior.Mes de inicio (obligatorio)Octubre 2026Noviembre 2026Diciembre 2026Enero 2027Febrero 2027Marzo 2027Abril 2027Mayo 2027Junio 2027Julio 2027Agosto 2027Septiembre 2027Octubre 2027Mes de finalización (si lo sabes)— todavía no lo séOctubre 2026Noviembre 2026Diciembre 2026Enero 2027Febrero 2027Marzo 2027Abril 2027Mayo 2027Junio 2027Julio 2027Agosto 2027Septiembre 2027Octubre 2027ComentariosDescans de la DunaCuota del 1.er mes · 20,00 €Meses siguientes · 10,00 €/mesLa fecha final se puede modificar durante el período de inactividad (también hasta el día 25).MODIFICARETIRA LA SOLICITUD"`;
