
 RUN  v5.0.0 /Users/jordib/dev/agilityhub/agilityhub-core-web/packages/api-client

 ✓ src/api-error.test.ts > E4-W11 CONVENCIONS_API §5 apiFieldErrors reads both field shapes > reads every details.fieldErrors[{field, code}] entry 1ms
 ✓ src/api-error.test.ts > E4-W11 CONVENCIONS_API §5 apiFieldErrors reads both field shapes > reads the single details.field with the error's own code (400 VALIDATION_ERROR, 409 DUPLICATE_NAME) 0ms
 ✓ src/api-error.test.ts > E4-W11 CONVENCIONS_API §5 apiFieldErrors reads both field shapes > an entry without its own code takes the error's; the same field is never listed twice 0ms
 ✓ src/api-error.test.ts > E4-W11 CONVENCIONS_API §5 apiFieldErrors reads both field shapes > is empty without field details, for malformed entries and for anything but an ApiError 0ms
 ✓ src/mocks/list-fields.test.ts > E4-W15 step 0 sparse lists with `fields` (CONVENCIONS_API §4, api E5-T22) > listFields asks for the row id first and each key once 1ms
 ✓ src/mocks/list-fields.test.ts > E4-W15 step 0 sparse lists with `fields` (CONVENCIONS_API §4, api E5-T22) > itemsWith refuses an item without a key it asked for: an absent key is never read as a value 0ms
 ✓ src/mocks/list-fields.test.ts > E4-W15 step 0 sparse lists with `fields` (CONVENCIONS_API §4, api E5-T22) > the mock keeps the row id and the keys asked for, and refuses a key outside x-fields 1ms
 ✓ src/mocks/list-fields.test.ts > E4-W15 step 0 sparse lists with `fields` (CONVENCIONS_API §4, api E5-T22) > the mock's x-fields of /api/v1/members are the snapshot's 0ms
 ✓ src/mocks/list-fields.test.ts > E4-W15 step 0 sparse lists with `fields` (CONVENCIONS_API §4, api E5-T22) > the mock's x-fields of /api/v1/dogs are the snapshot's 0ms
 ✓ src/mocks/list-fields.test.ts > E4-W15 step 0 sparse lists with `fields` (CONVENCIONS_API §4, api E5-T22) > the mock's x-fields of /api/v1/audit-entries are the snapshot's 0ms
 ✓ src/mocks/list-fields.test.ts > E4-W15 step 0 sparse lists with `fields` (CONVENCIONS_API §4, api E5-T22) > the mock's x-fields of /api/v1/members/{id}/audit-entries are the snapshot's 0ms
 ✓ src/mocks/list-fields.test.ts > E4-W15 step 0 sparse lists with `fields` (CONVENCIONS_API §4, api E5-T22) > the mock's x-fields of /api/v1/weeks are the snapshot's 0ms
 ✓ src/club-pages.test.ts > public club pages client > returns the locale-selected public page projection 15ms
 ✓ src/exports.test.ts > E4-W07 requestExport (CONVENCIONS_API §4, R-14-12) > types every list export path and nothing else 1ms
 ✓ src/exports.test.ts > E4-W07 requestExport (CONVENCIONS_API §4, R-14-12) > 200: returns the file with the Content-Type and the Content-Disposition name, and sends the list's parameters 9ms
 ✓ src/exports.test.ts > E4-W07 requestExport (CONVENCIONS_API §4, R-14-12) > binary-safe: the bytes saveFile hands to the browser are the response bytes 3ms
 ✓ src/exports.test.ts > E4-W07 requestExport (CONVENCIONS_API §4, R-14-12) > 200 without Content-Disposition: falls back to {list}.{format} 1ms
 ✓ src/exports.test.ts > E4-W07 requestExport (CONVENCIONS_API §4, R-14-12) > 202: returns the queued job id without reading a file 1ms
 ✓ src/exports.test.ts > E4-W07 requestExport (CONVENCIONS_API §4, R-14-12) > 202 without a job id is an error, not a download 1ms
 ✓ src/exports.test.ts > E4-W07 requestExport (CONVENCIONS_API §4, R-14-12) > 422 EXPORT_TOO_LARGE arrives as the ApiError of the middleware 1ms
 ✓ src/exports.test.ts > E4-W07 requestExport (CONVENCIONS_API §4, R-14-12) > 422 EXPORT_LIMIT arrives as the ApiError of the middleware 1ms
 ✓ src/exports.test.ts > E4-W07 contentDispositionFileName > attachment; filename="canic_members_20260810-0912.xlsx" → canic_members_20260810-0912.xlsx 0ms
 ✓ src/exports.test.ts > E4-W07 contentDispositionFileName > attachment; filename=canic_dogs_20260810-0912.pdf → canic_dogs_20260810-0912.pdf 0ms
 ✓ src/exports.test.ts > E4-W07 contentDispositionFileName > attachment; filename="=?UTF-8?Q?x?="; filename*=UTF-8''c%C3%A0nic_members_20260810-0912.xlsx → cànic_members_20260810-0912.xlsx 0ms
 ✓ src/exports.test.ts > E4-W07 contentDispositionFileName > attachment; filename="a \"quoted\" name.pdf" → a "quoted" name.pdf 0ms
 ✓ src/exports.test.ts > E4-W07 contentDispositionFileName > attachment; filename="../../etc/members.xlsx" → members.xlsx 0ms
 ✓ src/exports.test.ts > E4-W07 contentDispositionFileName > attachment → undefined 0ms
 ✓ src/exports.test.ts > E4-W07 contentDispositionFileName > null → undefined 0ms
 ✓ src/exports.test.ts > E4-W07 saveFile > clicks one hidden link with the file name, removes it and revokes the URL later 3ms
 ✓ src/mocks/club-settings-handlers.test.ts > E4-W11 api E5-T16 GET /club answers ClubSettings with the nulls the api sends > validates against the snapshot and sends every optional block, null when the club has none 17ms
 ✓ src/mocks/list-exports.test.ts > E4-W07 MSW list exports answer like the api (R-14-12, CONVENCIONS_API §4) > members /members/export: 200 with the file, its Content-Type and the api's file name 12ms
 ✓ src/mocks/list-exports.test.ts > E4-W07 MSW list exports answer like the api (R-14-12, CONVENCIONS_API §4) > members /members/export: 200 with the file, its Content-Type and the api's file name 3ms
 ✓ src/mocks/list-exports.test.ts > E4-W07 MSW list exports answer like the api (R-14-12, CONVENCIONS_API §4) > dogs /dogs/export: 200 with the file, its Content-Type and the api's file name 3ms
 ✓ src/mocks/list-exports.test.ts > E4-W07 MSW list exports answer like the api (R-14-12, CONVENCIONS_API §4) > dogs /dogs/export: 200 with the file, its Content-Type and the api's file name 2ms
 ✓ src/mocks/list-exports.test.ts > E4-W07 MSW list exports answer like the api (R-14-12, CONVENCIONS_API §4) > audit-entries /audit-entries/export: 200 with the file, its Content-Type and the api's file name 2ms
 ✓ src/mocks/list-exports.test.ts > E4-W07 MSW list exports answer like the api (R-14-12, CONVENCIONS_API §4) > audit-entries /audit-entries/export: 200 with the file, its Content-Type and the api's file name 1ms
 ✓ src/mocks/list-exports.test.ts > E4-W07 MSW list exports answer like the api (R-14-12, CONVENCIONS_API §4) > activities /activities/export: 200 with the file, its Content-Type and the api's file name 1ms
 ✓ src/mocks/list-exports.test.ts > E4-W07 MSW list exports answer like the api (R-14-12, CONVENCIONS_API §4) > activities /activities/export: 200 with the file, its Content-Type and the api's file name 1ms
 ✓ src/mocks/list-exports.test.ts > E4-W07 MSW list exports answer like the api (R-14-12, CONVENCIONS_API §4) > activity-registrations /activity-registrations/export: 200 with the file, its Content-Type and the api's file name 2ms
 ✓ src/mocks/list-exports.test.ts > E4-W07 MSW list exports answer like the api (R-14-12, CONVENCIONS_API §4) > activity-registrations /activity-registrations/export: 200 with the file, its Content-Type and the api's file name 2ms
 ✓ src/mocks/list-exports.test.ts > E4-W07 MSW list exports answer like the api (R-14-12, CONVENCIONS_API §4) > members: the exportsQueued switch answers 202 {jobId, statusUrl} and the drawer's job turns READY with the api's name 11ms
 ✓ src/mocks/list-exports.test.ts > E4-W07 MSW list exports answer like the api (R-14-12, CONVENCIONS_API §4) > dogs: the exportsQueued switch answers 202 {jobId, statusUrl} and the drawer's job turns READY with the api's name 5ms
 ✓ src/mocks/list-exports.test.ts > E4-W07 MSW list exports answer like the api (R-14-12, CONVENCIONS_API §4) > audit-entries: the exportsQueued switch answers 202 {jobId, statusUrl} and the drawer's job turns READY with the api's name 6ms
 ✓ src/mocks/list-exports.test.ts > E4-W07 MSW list exports answer like the api (R-14-12, CONVENCIONS_API §4) > activities: the exportsQueued switch answers 202 {jobId, statusUrl} and the drawer's job turns READY with the api's name 5ms
 ✓ src/mocks/list-exports.test.ts > E4-W07 MSW list exports answer like the api (R-14-12, CONVENCIONS_API §4) > activity-registrations: the exportsQueued switch answers 202 {jobId, statusUrl} and the drawer's job turns READY with the api's name 7ms
 ✓ src/mocks/list-exports.test.ts > E4-W07 MSW list exports answer like the api (R-14-12, CONVENCIONS_API §4) > queues above ExportPolicy.syncMaxRows (5000) and answers inline up to it 0ms
 ✓ src/mocks/list-exports.test.ts > E4-W07 MSW list exports answer like the api (R-14-12, CONVENCIONS_API §4) > the registrants export applies q and activityId like the list, and refuses an unknown filter 11ms
 ✓ src/mocks/list-exports.test.ts > E4-W07 MSW list exports answer like the api (R-14-12, CONVENCIONS_API §4) > the D5 selection export filters the members by id (x-filterable `id`) 2ms
 ✓ src/mocks/list-exports.test.ts > E4-W07 MSW list exports answer like the api (R-14-12, CONVENCIONS_API §4) > an INSTRUCTOR cannot export D7 or the registrants (ADMIN only) 4ms
 ✓ src/mocks/signup-handlers.test.ts > E3-W08 the mock quotes per plan like the api (R-04-14/15, T-04-05/06) > MONTHLY: d < 16 → a full month today / half from the 16th; d ≥ 16 → half today / full on the 1st 15ms
 ✓ src/mocks/signup-handlers.test.ts > E3-W08 the mock quotes per plan like the api (R-04-14/15, T-04-05/06) > PACK: the pack line and no options; MAINTENANCE (Teràpia): the 50 € entry only 2ms
 ✓ src/mocks/signup-handlers.test.ts > E3-W08 the mock quotes per plan like the api (R-04-14/15, T-04-05/06) > add-dog: TODAY with the additional fee; the 1st of next month (entry only) up to day 25 2ms
 ✓ src/mocks/signup-handlers.test.ts > E3-W08 the mock quotes per plan like the api (R-04-14/15, T-04-05/06) > the flags are sent: allowFamilyGroupPending (with FAMILY_GROUP only) and requireDogDocumentAtSignup 5ms
 ✓ src/mocks/signup-handlers.test.ts > E3-W08 the upload URL and the add-dog submission mocks > R-04-08: the upload URL answers the headers the storage signed 1ms
 ✓ src/mocks/signup-handlers.test.ts > E3-W08 the upload URL and the add-dog submission mocks > E36: an add-dog submission lists the dog PENDING on GET /me/dogs, without documents or licences 4ms
 ✓ src/mocks/signup-handlers.test.ts > E3-W08 round 2 #6: the submission mocks enforce the two signup flags, as the api does > T-04-13 requireDogDocumentAtSignup=true: no file → 422 DOG_DOCUMENT_REQUIRED (public and add-dog); a file → 201 4ms
 ✓ src/mocks/signup-handlers.test.ts > E3-W08 round 2 #6: the submission mocks enforce the two signup flags, as the api does > T-04-13 requireDogDocumentAtSignup=false: no file → 201 3ms
 ✓ src/mocks/signup-handlers.test.ts > E3-W08 round 2 #6: the submission mocks enforce the two signup flags, as the api does > T-04-16 leavePending with allowFamilyGroupPending=false → 400 VALIDATION_ERROR on the claim; with true → 201 4ms
 ✓ src/mocks/signup-handlers.test.ts > T-04-01 / T-04-02 the signup mocks follow R-04-01 by country profile > ES: pads a seven-digit DNI (1234567L → 01234567L) and accepts it 4ms
 ✓ src/mocks/signup-handlers.test.ts > T-04-01 / T-04-02 the signup mocks follow R-04-01 by country profile > GENERIC: accepts OTHER with four characters or more and rejects DNI and short values 3ms
 ✓ src/mocks/signup-handlers.test.ts > T-04-14 T-04-20 E3-W11 step 2: the D2 view's paymentMethods, as api E3-T14 answers them (R-04-10, R-04-19) > a PENDING member: the methods GET /signup offers, assignable, in the reader's language, the applicant's marked current 2ms
 ✓ src/mocks/signup-handlers.test.ts > T-04-14 T-04-20 E3-W11 step 2: the D2 view's paymentMethods, as api E3-T14 answers them (R-04-10, R-04-19) > an add-dog (the member is ACTIVE): only the current method, not assignable, and a PATCH of it is 400 READ_ONLY 4ms
 ✓ src/mocks/signup-handlers.test.ts > T-04-14 T-04-20 E3-W11 step 2: the D2 view's paymentMethods, as api E3-T14 answers them (R-04-10, R-04-19) > a method that is not assignable is 422 PAYMENT_METHOD_NOT_AVAILABLE; an assignable one becomes current 2ms
 ✓ src/mocks/signup-handlers.test.ts > T-04-14 T-04-20 E3-W11 step 2: the D2 view's paymentMethods, as api E3-T14 answers them (R-04-10, R-04-19) > the applicant's own method whose provider is off since stays listed last, current and not assignable 0ms
 ✓ src/mocks/signup-handlers.test.ts > T-03-40 E3-W12 step 3: GET /me/dogs as the api answers it (S03 §6, api E3-T16) > lists the catalog's document types in order, with the reader's labels, else the club's default language 1ms
 ✓ src/mocks/signup-handlers.test.ts > T-03-40 E3-W12 step 3: GET /me/dogs as the api answers it (S03 §6, api E3-T16) > R-03-30: a dog carries its level only with levels.enabled 1ms
 ✓ src/mocks/signup-handlers.test.ts > E3-W12 step 3: /parameters/* is for a non-impersonated ADMIN only (MATRIU_PERMISOS) > member: every /parameters read and write is 403 FORBIDDEN 2ms
 ✓ src/mocks/signup-handlers.test.ts > E3-W12 step 3: /parameters/* is for a non-impersonated ADMIN only (MATRIU_PERMISOS) > instructor: every /parameters read and write is 403 FORBIDDEN 3ms
 ✓ src/mocks/signup-handlers.test.ts > E3-W12 step 3: /parameters/* is for a non-impersonated ADMIN only (MATRIU_PERMISOS) > impersonated: every /parameters read and write is 403 FORBIDDEN 2ms
 ✓ src/mocks/signup-handlers.test.ts > E3-W12 step 3: /parameters/* is for a non-impersonated ADMIN only (MATRIU_PERMISOS) > dayGridEmpty: every /parameters read and write is 403 FORBIDDEN 3ms
 ✓ src/mocks/signup-handlers.test.ts > E3-W12 step 3: /parameters/* is for a non-impersonated ADMIN only (MATRIU_PERMISOS) > an ADMIN reads them (the roles, not the active profile, decide); an impersonation token does not 3ms
 ✓ src/mocks/signup-handlers.test.ts > E3-W12 step 3: /parameters/* is for a non-impersonated ADMIN only (MATRIU_PERMISOS) > the ADMIN's census.dogDocumentTypes is the catalog's editable map 1ms
 ✓ src/mocks/signup-handlers.test.ts > T-04-12 E4-W13 step 5: the reused dog of a readmission and the signup dog documents, as the api answers (R-04-06, R-04-19; api E3-T17, E5-T19) > the view carries each file's fileKey and, for the reused dog only, its record's values and changedFields 3ms
 ✓ src/mocks/signup-handlers.test.ts > T-04-12 E4-W13 step 5: the reused dog of a readmission and the signup dog documents, as the api answers (R-04-06, R-04-19; api E3-T17, E5-T19) > the routes that would write the reused dog's record answer 409 INVALID_STATE READMISSION_PENDING 16ms
 ✓ src/mocks/signup-handlers.test.ts > T-04-12 E4-W13 step 5: the reused dog of a readmission and the signup dog documents, as the api answers (R-04-06, R-04-19; api E3-T17, E5-T19) > PATCH /dogs/{id} merges the reused dog's documents by type: add one file, remove one, withdraw a type; the response is the record 6ms
 ✓ src/mocks/signup-handlers.test.ts > T-04-12 E4-W13 step 5: the reused dog of a readmission and the signup dog documents, as the api answers (R-04-06, R-04-19; api E3-T17, E5-T19) > E4-W13 round 2 R-04-06 a withdrawn type of the reused dog shows the record's own row again and is no change; a PATCH that changes no key writes nothing (api E5-T21) 4ms
 ✓ src/mocks/signup-handlers.test.ts > T-04-12 E4-W13 step 5: the reused dog of a readmission and the signup dog documents, as the api answers (R-04-06, R-04-19; api E3-T17, E5-T19) > an ordinary pending dog: a type sent without files stays pending; a key removed through DELETE answers 400 FILE_NOT_FOUND 3ms
 ✓ src/mocks/booking-handlers.test.ts > E5-W01 step 10 · the S08 mock world answers as the api (S08 §6, CATALEG_ERRORS §3 rule 0) > GET /me/home: the mockup rows in order, «amb {dog}» only with «Tots», counters from what counts (R-08-02) 31ms
 ✓ src/mocks/booking-handlers.test.ts > E5-W01 step 10 · the S08 mock world answers as the api (S08 §6, CATALEG_ERRORS §3 rule 0) > GET /me/home?dogId= keeps the member's activity rows under every dog, as the api's MemberHomeQuery (E5-W01 round 2, review #3) 8ms
 ✓ src/mocks/booking-handlers.test.ts > E5-W01 step 10 · the S08 mock world answers as the api (S08 §6, CATALEG_ERRORS §3 rule 0) > GET /me/bookable-classes reproduces 04: pack, the six rows, and the Rock and Toby variants 6ms
 ✓ src/mocks/booking-handlers.test.ts > E5-W01 step 10 · the S08 mock world answers as the api (S08 §6, CATALEG_ERRORS §3 rule 0) > module variants: WAITLIST off reads FULL without counts; SINGLE_CLASS prices every row and drops the pack 10ms
 ✓ src/mocks/booking-handlers.test.ts > E5-W01 step 10 · the S08 mock world answers as the api (S08 §6, CATALEG_ERRORS §3 rule 0) > POST /seat-holds: a plain hold of 30 s from the api clock; each refused row with its code, status and details 24ms
 ✓ src/mocks/booking-handlers.test.ts > E5-W01 step 10 · the S08 mock world answers as the api (S08 §6, CATALEG_ERRORS §3 rule 0) > POST /bookings confirms the hold (pack −1, calendar links); an expired hold is 409 SEAT_HOLD_EXPIRED 16ms
 ✓ src/mocks/day-grid-handlers.test.ts > E4-W03 day-grid MSW handlers: roles, impersonation and tenant (S06 §6, MATRIU_PERMISOS) > gives staff the instructor projection of a class and the full block 73ms
 ✓ src/mocks/booking-handlers.test.ts > E5-W01 step 10 · the S08 mock world answers as the api (S08 §6, CATALEG_ERRORS §3 rule 0) > bookingLimit (mockup 06): the hold proposes two swappable bookings and a done one; the swap cancels the old one 8ms
 ✓ src/mocks/booking-handlers.test.ts > E5-W01 step 10 · the S08 mock world answers as the api (S08 §6, CATALEG_ERRORS §3 rule 0) > bookingSingleClass: PAY_TO_BOOK answers PAYMENT_PENDING with a same-origin checkoutUrl; Rock is charged on the receipt 5ms
 ✓ src/mocks/booking-handlers.test.ts > E5-W01 step 10 · the S08 mock world answers as the api (S08 §6, CATALEG_ERRORS §3 rule 0) > GET /bookings/{id} and the cancellation: late by R-08-10 (4 h, the edge in time), displayState, then 409 9ms
 ✓ src/mocks/booking-handlers.test.ts > E5-W01 step 10 · the S08 mock world answers as the api (S08 §6, CATALEG_ERRORS §3 rule 0) > the waitlist: join a WAITLIST_OPEN row (it leaves 04), refusals, the detail, leaving it, and the claim of a NOTIFIED entry 19ms
 ✓ src/mocks/booking-handlers.test.ts > E5-W01 step 10 · the S08 mock world answers as the api (S08 §6, CATALEG_ERRORS §3 rule 0) > WAITLIST off: every waitlist route is 404 MODULE_DISABLED 3ms
 ✓ src/index.test.ts > typed API client > uses the configured base URL and injects locale and authorization headers 9ms
 ✓ src/index.test.ts > typed API client > maps every non-2xx response to ApiError 2ms
 ✓ src/index.test.ts > typed API client > maps a fetch failure to the NETWORK ApiError 0ms
 ✓ src/index.test.ts > typed API client > adds a UUID idempotency key to configured POST operations 3ms
 ✓ src/index.test.ts > typed API client > R-06-07 sends an Idempotency-Key on POST /weeks/{id}/generation by default 1ms
 ✓ src/index.test.ts > typed API client > R-06-10 / R-06-11 sends an Idempotency-Key on class cancellations and ring blocks by default 3ms
 ✓ src/index.test.ts > typed API client > E5-W01 step 0 (S08 §6) sends an Idempotency-Key on the seat hold, the booking, the waitlist entry and the claim 5ms
 ✓ src/index.test.ts > typed API client > E5-W03 step 0 (R-15-09) sends an Idempotency-Key on a job trigger, never on its switch 1ms
 ✓ src/index.test.ts > TanStack Query defaults > uses a 30 second stale time and retries only network and 5xx failures 0ms
 ✓ src/index.test.ts > TanStack Query defaults > namespaces query keys by host 0ms
 ✓ src/index.test.ts > MSW bootstrap handlers > exports the bootstrap, identity continuation, onboarding, and dynamic manifest handlers 4ms
 ✓ src/index.test.ts > MSW bootstrap handlers > serves branding, current account, club settings, token, and health fixtures 10ms
 ✓ src/mocks/backoffice-handlers.test.ts > E5-W03 step 8 · S15 processes (GET /jobs, trigger, switch, runs) answer like the api > T-15-32 lists the processes whose module is on: 10 in the full club, 9 in the Cànic, 8 in the club mínim 57ms
 ✓ src/mocks/activity-handlers.test.ts > E4-W04 activity MSW handlers follow the S07 contract (forms A, B and the D7 list) > lists the D7 activities by date desc without the deleted ones (ListPage + overlay) 25ms
 ✓ src/mocks/activity-handlers.test.ts > E4-W04 activity MSW handlers follow the S07 contract (forms A, B and the D7 list) > serves form A, the member forms, the conflicts and the cancellation preview 46ms
 ✓ src/mocks/activity-handlers.test.ts > E4-W04 activity MSW handlers follow the S07 contract (forms A, B and the D7 list) > R-07-05 publishes the draft only after the conflict options (409 → 422 → 200) 26ms
 ✓ src/mocks/calendar-handlers.test.ts > E4-W02 calendar MSW handlers follow the S06 contract (forms B and D) > serves the D4 week (form B) with the Thursday warning and the Carretera block 61ms
 ✓ src/mocks/training-handlers.test.ts > E5-W02 step 9 · the S09 mock world answers as the api (S09 §6, CATALEG_ERRORS §1 and rule 0) > GET /me/training-summary: two eligible dogs, Rock by default at 2/3 with one cancellable session 71ms
 ✓ src/mocks/fixtures.contract.test.ts > T-01-25 OpenAPI mock fixture contract > maps every JSON fixture to an authoritative component schema 1ms
 ✓ src/mocks/fixtures.contract.test.ts > T-01-25 OpenAPI mock fixture contract > validates audit-entries.json 15ms
 ✓ src/mocks/fixtures.contract.test.ts > T-01-25 OpenAPI mock fixture contract > validates branding-canic.json 15ms
 ✓ src/mocks/fixtures.contract.test.ts > T-01-25 OpenAPI mock fixture contract > validates branding-minim.json 15ms
 ✓ src/mocks/fixtures.contract.test.ts > T-01-25 OpenAPI mock fixture contract > validates club-pages.json 13ms
 ✓ src/mocks/fixtures.contract.test.ts > T-01-25 OpenAPI mock fixture contract > validates dashboard.json 17ms
 ✓ src/mocks/fixtures.contract.test.ts > T-01-25 OpenAPI mock fixture contract > validates export-jobs.json 13ms
 ✓ src/mocks/fixtures.contract.test.ts > T-01-25 OpenAPI mock fixture contract > validates me-admin.json 13ms
 ✓ src/mocks/day-grid-handlers.test.ts > E4-W03 day-grid MSW handlers: roles, impersonation and tenant (S06 §6, MATRIU_PERMISOS) > E5-T15 gives staff the detail-only instructorNames and ring of a class 49ms
 ✓ src/mocks/day-grid-handlers.test.ts > E4-W03 day-grid MSW handlers: roles, impersonation and tenant (S06 §6, MATRIU_PERMISOS) > gives the member the member projection of a class, never a cancelled one 49ms
 ✓ src/mocks/mock-worlds.budget.test.ts > E3-W10 build-time budget of the MSW mock worlds > finds every stateful world the handlers reset 1ms
 ✓ src/mocks/mock-worlds.budget.test.ts > E3-W10 build-time budget of the MSW mock worlds > imports the mock modules afresh within the start-up budget 250ms
 ✓ src/mocks/calendar-handlers.test.ts > E4-W02 calendar MSW handlers follow the S06 contract (forms B and D) > R-06-08 validates the draft week and refuses the inconsistent one 57ms
 ✓ src/mocks/calendar-handlers.test.ts > E4-W02 calendar MSW handlers follow the S06 contract (forms B and D) > E5-T15 GET /class-sessions/{id} adds instructorNames and the ring; PATCH does not 51ms
 ✓ src/mocks/activity-handlers.test.ts > E4-W04 activity MSW handlers follow the S07 contract (forms A, B and the D7 list) > R-07-06 cancels with registrants only with the notice text 6ms
 ✓ src/mocks/activity-handlers.test.ts > E4-W04 activity MSW handlers follow the S07 contract (forms A, B and the D7 list) > R-07-08/09 registers, answers ACTIVITY_FULL, joins the waitlist and promotes FIFO 21ms
 ✓ src/mocks/activity-handlers.test.ts > E4-W04 activity MSW handlers follow the S07 contract (forms A, B and the D7 list) > R-07-14 without WAITLIST a full activity answers ACTIVITY_FULL {waitlistAvailable: false} 2ms
 ✓ src/mocks/activity-handlers.test.ts > E4-W04 activity MSW handlers follow the S07 contract (forms A, B and the D7 list) > R-07-09 refuses to cancel after the start (EVENT_START) 2ms
 ✓ src/mocks/activity-handlers.test.ts > E4-W04 activity MSW handlers follow the S07 contract (forms A, B and the D7 list) > R-07-14 answers MODULE_DISABLED without ACTIVITIES and 403 to an instructor's mutation 8ms
 ✓ src/mocks/activity-handlers.test.ts > E4-W04 activity MSW handlers follow the S07 contract (forms A, B and the D7 list) > R-07-05 another ring block (type RING_BLOCK) is never forced, not even with every option 10ms
 ✓ src/mocks/activity-handlers.test.ts > E4-W04 activity MSW handlers follow the S07 contract (forms A, B and the D7 list) > R-07-08 a member's cancellation promotes waitlist position 1 (FIFO) 7ms
 ✓ src/mocks/activity-handlers.test.ts > E4-W04 activity MSW handlers follow the S07 contract (forms A, B and the D7 list) > CONVENCIONS_API §4 registrants `fields` as the core: a column key is 400 INVALID_FILTER, keys not asked for are omitted (api E5-T20) 8ms
 ✓ src/mocks/activity-handlers.test.ts > E4-W04 activity MSW handlers follow the S07 contract (forms A, B and the D7 list) > E5-T15 a cancelled waitlisted registration keeps its position; a promoted one has none 6ms
 ✓ src/mocks/activity-handlers.test.ts > E4-W04 activity MSW handlers follow the S07 contract (forms A, B and the D7 list) > R-07-04 requires the title in the club's default locale, not in ca 12ms
 ✓ src/mocks/activity-handlers.test.ts > E4-W04 activity MSW handlers follow the S07 contract (forms A, B and the D7 list) > S07 §3 an activity without an end time has endsAtLocal null, as the api (S07 «Canvis» 24-09, E3-T16 round-2 snapshot) 5ms
 ✓ src/mocks/activity-handlers.test.ts > E4-W08 activity mocks answer like the api (impersonation, parameters) > R-07-09/10 E4-W10 an impersonated cancellation without a reason is 400 VALIDATION_ERROR with details.field = reason, as the core's CancellationDeadline answers; with it, ADMIN 9ms
 ✓ src/mocks/activity-handlers.test.ts > E4-W08 activity mocks answer like the api (impersonation, parameters) > R-07-09 a member's own cancellation keeps sending {} and is recorded as MEMBER 2ms
 ✓ src/mocks/activity-handlers.test.ts > E4-W08 activity mocks answer like the api (impersonation, parameters) > MATRIU_PERMISOS `/parameters/{key}` answers 403 FORBIDDEN to an INSTRUCTOR, the value to an ADMIN 1ms
 ✓ src/mocks/backoffice-handlers.test.ts > E5-W03 step 8 · S15 processes (GET /jobs, trigger, switch, runs) answer like the api > R-15-08 [Simula] answers the plan (WOULD_*), [Executa ara] the run; both are a JobRun and the history shows them 50ms
 ✓ src/mocks/backoffice-handlers.test.ts > E5-W03 step 8 · S15 processes (GET /jobs, trigger, switch, runs) answer like the api > R-15-09 refuses an INSTRUCTOR and an impersonation token; JOB_UNKNOWN and MODULE_DISABLED are 404; a running process is 409 31ms
 ✓ src/mocks/backoffice-handlers.test.ts > E5-W03 step 8 · S15 processes (GET /jobs, trigger, switch, runs) answer like the api > R-15-09 the switch answers {name, enabled} and GET /jobs reflects it; a disabled process still runs by hand 30ms
 ✓ src/mocks/backoffice-handlers.test.ts > E5-W03 step 8 · S15 §6 form A (GET /risk-review) > T-15-33 sends the four statuses of the spec's example on the club's today; riskReviewEmpty sends none; MEMBER → 403 34ms
 ✓ src/mocks/training-handlers.test.ts > E5-W02 step 9 · the S09 mock world answers as the api (S09 §6, CATALEG_ERRORS §1 and rule 0) > summary variants: no right, at the limit with and without cancellable sessions, group and levels off 72ms
 ✓ src/mocks/training-handlers.test.ts > E5-W02 step 9 · the S09 mock world answers as the api (S09 §6, CATALEG_ERRORS §1 and rule 0) > GET /training-slots (member): the window of four days, the holiday, and the 08 mockup cells 63ms
 ✓ src/index.test.ts > R-03-22 census list handlers > paginates members, reports applied filters, and resolves facet labels 128ms
 ✓ src/mocks/fixtures.contract.test.ts > T-01-25 OpenAPI mock fixture contract > validates me-impersonated.json 13ms
 ✓ src/mocks/fixtures.contract.test.ts > T-01-25 OpenAPI mock fixture contract > validates me-instructor.json 12ms
 ✓ src/mocks/fixtures.contract.test.ts > T-01-25 OpenAPI mock fixture contract > validates me-member.json 13ms
 ✓ src/mocks/fixtures.contract.test.ts > T-01-25 OpenAPI mock fixture contract > validates me-multi-profile.json 13ms
 ✓ src/mocks/fixtures.contract.test.ts > T-01-25 OpenAPI mock fixture contract > validates member-signup-review.json 26ms
 ✓ src/mocks/fixtures.contract.test.ts > T-01-25 OpenAPI mock fixture contract > validates sessions.json 12ms
 ✓ src/mocks/fixtures.contract.test.ts > T-01-25 OpenAPI mock fixture contract > validates signup-config-canic.json 17ms
 ✓ src/mocks/day-grid-handlers.test.ts > E4-W03 day-grid MSW handlers: roles, impersonation and tenant (S06 §6, MATRIU_PERMISOS) > gives the impersonated the member projection of a class, never a cancelled one 48ms
 ✓ src/mocks/day-grid-handlers.test.ts > E4-W03 day-grid MSW handlers: roles, impersonation and tenant (S06 §6, MATRIU_PERMISOS) > redacts the block for a member (no note, no author) and denies the impersonation 36ms
 ✓ src/mocks/day-grid-handlers.test.ts > E4-W03 day-grid MSW handlers: roles, impersonation and tenant (S06 §6, MATRIU_PERMISOS) > answers 403 to a member or an impersonation cancelling a block, which stays active 42ms
 ✓ src/mocks/calendar-handlers.test.ts > E4-W02 calendar MSW handlers follow the S06 contract (forms B and D) > R-06-10 cancels with the notice text and R-06-09 checks the version 49ms
 ✓ src/mocks/calendar-handlers.test.ts > E4-W02 calendar MSW handlers follow the S06 contract (forms B and D) > R-06-11 refuses a block over a class with the conflict list 45ms
 ✓ src/mocks/training-handlers.test.ts > E5-W02 step 9 · the S09 mock world answers as the api (S09 §6, CATALEG_ERRORS §1 and rule 0) > GET /training-slots (instructor): any active ring on request, with occupants, block and class 58ms
 ✓ src/mocks/backoffice-handlers.test.ts > E5-W03 step 8 · S08 staff reads (registrants, waiting list, GET /bookings) > answers the D4 class's 4 bookings (+ 1 late cancellation) and its 2 waiting entries; R-08-16 removal, then WAITLIST_ENTRY_NOT_LIVE 43ms
 ✓ src/mocks/backoffice-handlers.test.ts > E5-W03 step 8 · S08 staff reads (registrants, waiting list, GET /bookings) > T-08-47 GET /bookings filters by member, refuses an undeclared filter (400 INVALID_FILTER) and a MEMBER (403) 35ms
 ✓ src/mocks/backoffice-handlers.test.ts > E5-W03 step 8 · S09 ring-usage register (GET /training-bookings, GET /ring-blocks) > T-09-27 lists the week's training bookings for the staff (MEMBER 403, FREE_TRAINING off 404) and exports only for ADMIN 34ms
 ✓ src/mocks/mock-worlds.budget.test.ts > E3-W10 build-time budget of the MSW mock worlds > builds resetActivityState within its budget 45ms
 ✓ src/mocks/mock-worlds.budget.test.ts > E3-W10 build-time budget of the MSW mock worlds > builds resetAuditMockState within its budget 46ms
 ✓ src/mocks/mock-worlds.budget.test.ts > E3-W10 build-time budget of the MSW mock worlds > builds resetBackofficeMockState within its budget 67ms
 ✓ src/mocks/backoffice-handlers.test.ts > E5-W03 step 8 · S09 ring-usage register (GET /training-bookings, GET /ring-blocks) > T-09-30 redacts the blocks for a MEMBER, refuses him `note`, and keeps the activity's block and a cancelled one from being cancelled 34ms
 ✓ src/mocks/activity-handlers.test.ts > E4-W11 T-07-04 R-07-05 the ring-block window must fit club.openingHours, as the api answers > publication: a closed Sunday is 422 OUTSIDE_OPENING_HOURS without a field; 06:00 with a 07:00 opening too; 10:00 publishes 21ms
 ✓ src/mocks/activity-handlers.test.ts > E4-W11 T-07-04 R-07-05 the ring-block window must fit club.openingHours, as the api answers > PATCH of a published activity: a resync on a closed Friday is 422 and changes nothing; notes alone are saved; a wider ringBlockWindow is checked too 16ms
 ✓ src/mocks/activity-handlers.test.ts > E4-W11 T-07-04 R-07-05 the ring-block window must fit club.openingHours, as the api answers > E4-W14 S07 §6 the ring-conflicts preview refuses the window the publication would: 422 OUTSIDE_OPENING_HOURS and 400 INVALID_TIME_RANGE, without a field 34ms
 ✓ src/mocks/activity-handlers.test.ts > E4-W11 T-07-04 R-07-05 the ring-block window must fit club.openingHours, as the api answers > E4-W14 round 2 R-07-04 R-07-05 T-07-04 a draft with rings but no hours: the preview is 400 INVALID_TIME_RANGE (RingBlockWindow.of), the publication 422 ACTIVITY_INCOMPLETE on every empty field 13ms
 ✓ src/mocks/activity-handlers.test.ts > E4-W11 T-07-04 R-07-05 the ring-block window must fit club.openingHours, as the api answers > E4-W14 round 2 R-07-01 R-07-04 a new draft has no date nor hours, as the core's create answers: with a ring, the preview is 400 and the publication names the date first 7ms
 ✓ src/mocks/activity-handlers.test.ts > E4-W11 T-07-04 R-07-05 the ring-block window must fit club.openingHours, as the api answers > E4-W14 round 2 R-07-04 a published activity with rings stays publishable: a PATCH that clears a time or the registration period is 422 ACTIVITY_INCOMPLETE and changes nothing 15ms
 ✓ src/mocks/activity-handlers.test.ts > E4-W13 step 0 S07 §6 CONVENCIONS_API §4 sparse fields and waitlistRank (api E5-T20) > `fields` answers sparse items: only the keys asked for plus the row id, never a null/false placeholder; a key outside x-fields is 400 INVALID_FILTER 12ms
 ✓ src/mocks/activity-handlers.test.ts > E4-W13 step 0 S07 §6 CONVENCIONS_API §4 sparse fields and waitlistRank (api E5-T20) > R-07-08 after a promotion the head of the queue reads waitlistRank 1 while its stored position keeps 2; ACTIVE and CANCELLED rows read null 29ms
 ✓ src/mocks/activity-handlers.test.ts > E4-W13 step 0 S07 §6 CONVENCIONS_API §4 sparse fields and waitlistRank (api E5-T20) > S07 «Canvis» 26-09 the registrants' appliedFilters carries only the query's filters, never the path's activityId 3ms
 ✓ src/mocks/fixtures.contract.test.ts > E4-W01 planning fixtures follow the S06 contract (WeekTemplate, Coverage, WeekListItem) > validates the Setmana A template 3ms
 ✓ src/mocks/fixtures.contract.test.ts > E4-W01 planning fixtures follow the S06 contract (WeekTemplate, Coverage, WeekListItem) > validates the Setmana B template 2ms
 ✓ src/mocks/fixtures.contract.test.ts > E4-W01 planning fixtures follow the S06 contract (WeekTemplate, Coverage, WeekListItem) > validates the Dissabtes template 2ms
 ✓ src/mocks/fixtures.contract.test.ts > E4-W01 planning fixtures follow the S06 contract (WeekTemplate, Coverage, WeekListItem) > validates the E29 level catalog (Level.progression overlay of pending.json) 1ms
 ✓ src/mocks/fixtures.contract.test.ts > E4-W01 planning fixtures follow the S06 contract (WeekTemplate, Coverage, WeekListItem) > keeps every fixture description equal to the mock resolver, so an edit never flips «D i sup.» 1ms
 ✓ src/mocks/fixtures.contract.test.ts > E4-W01 planning fixtures follow the S06 contract (WeekTemplate, Coverage, WeekListItem) > validates the coverage table and the week list items 3ms
 ✓ src/mocks/fixtures.contract.test.ts > E4-W02 calendar fixtures follow the S06 contract (ClassSession, RingBlock, CancellationPreview) > validates every class session of the D4, D4b and inconsistent weeks 4ms
 ✓ src/mocks/fixtures.contract.test.ts > E4-W02 calendar fixtures follow the S06 contract (ClassSession, RingBlock, CancellationPreview) > keeps every calendar fixture description equal to the mock resolver (E29: {F,G} = «F i sup.») 0ms
 ✓ src/mocks/fixtures.contract.test.ts > E4-W02 calendar fixtures follow the S06 contract (ClassSession, RingBlock, CancellationPreview) > validates the ring block and the cancellation preview of the Wednesday 18:50 class 3ms
 ✓ src/mocks/fixtures.contract.test.ts > E4-W02 calendar fixtures follow the S06 contract (ClassSession, RingBlock, CancellationPreview) > R-06-14 derives UTC instants from the club-local time across the DST change 1ms
 ✓ src/mocks/fixtures.contract.test.ts > E4-W03 day-grid fixtures follow the S06 contract (DayGrid form D, ClassSession, RingBlock) > validates the 2026-08-03 member grid 3ms
 ✓ src/mocks/fixtures.contract.test.ts > E4-W03 day-grid fixtures follow the S06 contract (DayGrid form D, ClassSession, RingBlock) > validates the 2026-08-03 instructor grid 1ms
 ✓ src/mocks/fixtures.contract.test.ts > E4-W03 day-grid fixtures follow the S06 contract (DayGrid form D, ClassSession, RingBlock) > validates the 2026-08-04 member grid 1ms
 ✓ src/mocks/fixtures.contract.test.ts > E4-W03 day-grid fixtures follow the S06 contract (DayGrid form D, ClassSession, RingBlock) > validates the 2026-08-04 instructor grid 1ms
 ✓ src/mocks/fixtures.contract.test.ts > E4-W03 day-grid fixtures follow the S06 contract (DayGrid form D, ClassSession, RingBlock) > validates the 2026-08-05 member grid 1ms
 ✓ src/mocks/fixtures.contract.test.ts > E4-W03 day-grid fixtures follow the S06 contract (DayGrid form D, ClassSession, RingBlock) > validates the 2026-08-05 instructor grid 1ms
 ✓ src/mocks/fixtures.contract.test.ts > E4-W03 day-grid fixtures follow the S06 contract (DayGrid form D, ClassSession, RingBlock) > validates the 2026-08-06 member grid 1ms
 ✓ src/mocks/fixtures.contract.test.ts > E4-W03 day-grid fixtures follow the S06 contract (DayGrid form D, ClassSession, RingBlock) > validates the 2026-08-06 instructor grid 1ms
 ✓ src/mocks/fixtures.contract.test.ts > E4-W03 day-grid fixtures follow the S06 contract (DayGrid form D, ClassSession, RingBlock) > projects the member view as the api does (R-06-12): no counts, names, notes nor staff kinds 2ms
 ✓ src/mocks/fixtures.contract.test.ts > E4-W03 day-grid fixtures follow the S06 contract (DayGrid form D, ClassSession, RingBlock) > carries the screen 23 counts, trainings, block and cancelled class in the instructor view 0ms
 ✓ src/mocks/fixtures.contract.test.ts > E4-W03 day-grid fixtures follow the S06 contract (DayGrid form D, ClassSession, RingBlock) > validates the class sessions and ring blocks behind the screen 23 drawers 10ms
 ✓ src/mocks/fixtures.contract.test.ts > E4-W03 day-grid fixtures follow the S06 contract (DayGrid form D, ClassSession, RingBlock) > sends the «Sense» column last, translated, only when a class has no ring 0ms
 ✓ src/mocks/fixtures.contract.test.ts > E4-W03 day-grid fixtures follow the S06 contract (DayGrid form D, ClassSession, RingBlock) > validates the member projections of the class and the block (S06 §6 «Altres formes») 21ms
 ✓ src/mocks/fixtures.contract.test.ts > E3-W08 the computed signup configuration and results follow SignupConfig and SignupUpfront > validates GET /signup on 2026-08-05 (add-dog: false) and each submission upfront 7ms
 ✓ src/mocks/fixtures.contract.test.ts > E3-W08 the computed signup configuration and results follow SignupConfig and SignupUpfront > validates GET /signup on 2026-08-17 (add-dog: false) and each submission upfront 2ms
 ✓ src/mocks/fixtures.contract.test.ts > E3-W08 the computed signup configuration and results follow SignupConfig and SignupUpfront > validates GET /signup on 2026-12-31 (add-dog: false) and each submission upfront 2ms
 ✓ src/mocks/fixtures.contract.test.ts > E3-W08 the computed signup configuration and results follow SignupConfig and SignupUpfront > validates GET /signup on 2026-08-17 (add-dog: true) and each submission upfront 3ms
 ✓ src/mocks/fixtures.contract.test.ts > E3-W08 the computed signup configuration and results follow SignupConfig and SignupUpfront > validates GET /signup on 2026-08-26 (add-dog: true) and each submission upfront 3ms
 ✓ src/mocks/fixtures.contract.test.ts > E3-W07 D2 signup review fixtures follow the S04 contract (MemberSignupView, ValidationDryRun) > validates the the mockup view, each dog with its own version 12ms
 ✓ src/mocks/fixtures.contract.test.ts > E3-W07 D2 signup review fixtures follow the S04 contract (MemberSignupView, ValidationDryRun) > validates the manual view, each dog with its own version 2ms
 ✓ src/mocks/fixtures.contract.test.ts > E3-W07 D2 signup review fixtures follow the S04 contract (MemberSignupView, ValidationDryRun) > validates the family pending view, each dog with its own version 1ms
 ✓ src/mocks/fixtures.contract.test.ts > E3-W07 D2 signup review fixtures follow the S04 contract (MemberSignupView, ValidationDryRun) > validates the add-dog view, each dog with its own version 1ms
 ✓ src/mocks/fixtures.contract.test.ts > E3-W07 D2 signup review fixtures follow the S04 contract (MemberSignupView, ValidationDryRun) > validates the a derived D1 row view, each dog with its own version 1ms
 ✓ src/mocks/fixtures.contract.test.ts > E3-W07 D2 signup review fixtures follow the S04 contract (MemberSignupView, ValidationDryRun) > validates the readmission (E38) view, each dog with its own version 2ms
 ✓ src/mocks/fixtures.contract.test.ts > E3-W07 D2 signup review fixtures follow the S04 contract (MemberSignupView, ValidationDryRun) > validates every plan's dry run and deducts what was paid (S04 §5, E39) 2ms
 ✓ src/mocks/day-grid-handlers.test.ts > E4-W03 day-grid MSW handlers: roles, impersonation and tenant (S06 §6, MATRIU_PERMISOS) > answers 403 to the instructor view for a member and for an impersonation 40ms
 ✓ src/mocks/day-grid-handlers.test.ts > E4-W03 day-grid MSW handlers: roles, impersonation and tenant (S06 §6, MATRIU_PERMISOS) > scopes the fixtures to their club: another tenant gets 404 and empty days 46ms
 ✓ src/mocks/day-grid-handlers.test.ts > E4-W03 day-grid MSW handlers: roles, impersonation and tenant (S06 §6, MATRIU_PERMISOS) > answers 400 VALIDATION_ERROR to date=2026-13-01 34ms
 ✓ src/index.test.ts > R-03-22 census list handlers > serves 242 dogs and rejects unknown filter fields 250ms
 ✓ src/mocks/calendar-handlers.test.ts > E4-W02 calendar MSW handlers follow the S06 contract (forms B and D) > R-06-05 answers RING_HAS_BOOKINGS when a class or a block moves onto a training booking 48ms
 ✓ src/mocks/calendar-handlers.test.ts > E4-W02 calendar MSW handlers follow the S06 contract (forms B and D) > serves the instructor day grid (form D) of the Wednesday 43ms
 ✓ src/mocks/calendar-handlers.test.ts > E4-W09 opening hours in the calendar MSW handlers (S02 R-02-09, S06 §3) > R-02-09 a weekday absent from club.openingHours is closed: classes and ring blocks there get OUTSIDE_OPENING_HOURS 42ms
 ✓ src/mocks/training-handlers.test.ts > E5-W02 step 9 · the S09 mock world answers as the api (S09 §6, CATALEG_ERRORS §1 and rule 0) > POST /training-bookings: 201 with the counter, the key replays, then DOG_ALREADY_BOOKED, SLOT_TAKEN and the limit 82ms
 ✓ src/mocks/training-handlers.test.ts > E5-W02 step 9 · the S09 mock world answers as the api (S09 §6, CATALEG_ERRORS §1 and rule 0) > POST /training-bookings refusals carry the api's status and details 58ms
 ✓ src/mocks/mock-worlds.budget.test.ts > E3-W10 build-time budget of the MSW mock worlds > builds resetBookingMockState within its budget 44ms
 ✓ src/mocks/mock-worlds.budget.test.ts > E3-W10 build-time budget of the MSW mock worlds > builds resetCatalogState within its budget 44ms
 ✓ src/mocks/mock-worlds.budget.test.ts > E3-W10 build-time budget of the MSW mock worlds > builds resetCensusRecordState within its budget 44ms
 ✓ src/mocks/day-grid-handlers.test.ts > E4-W03 day-grid MSW handlers: roles, impersonation and tenant (S06 §6, MATRIU_PERMISOS) > answers 400 VALIDATION_ERROR to date=2026-08-32 33ms
 ✓ src/mocks/day-grid-handlers.test.ts > E4-W03 day-grid MSW handlers: roles, impersonation and tenant (S06 §6, MATRIU_PERMISOS) > answers 400 VALIDATION_ERROR to date=2026-02-30 33ms
 ✓ src/mocks/day-grid-handlers.test.ts > E4-W03 day-grid MSW handlers: roles, impersonation and tenant (S06 §6, MATRIU_PERMISOS) > answers 400 VALIDATION_ERROR to date=hola 33ms
 ✓ src/mocks/calendar-handlers.test.ts > E4-W09 opening hours in the calendar MSW handlers (S02 R-02-09, S06 §3) > S06 §3 with an opening at 07:05 and 10-minute slots: 07:10 is the first valid start 42ms
 ✓ src/mocks/calendar-handlers.test.ts > E4-W10 the template MSW handlers refuse a band on a closed day of the kind (S06 R-06-01, WeekTemplateRules) > R-06-01 R-02-09 Monday closed: WEEKDAYS bands (new or moved) get OUTSIDE_OPENING_HOURS; the Saturday template still takes them 40ms
 ✓ src/mocks/training-handlers.test.ts > E5-W02 step 9 · the S09 mock world answers as the api (S09 §6, CATALEG_ERRORS §1 and rule 0) > GET /training-bookings/{id} and the cancellation until the threshold (R-09-10) 55ms
 ✓ src/mocks/training-handlers.test.ts > E5-W02 step 9 · the S09 mock world answers as the api (S09 §6, CATALEG_ERRORS §1 and rule 0) > POST /ring-blocks on a mockup day: 201, the class conflict, the live bookings and the admin's cancelBookings 54ms
 ✓ src/mocks/training-handlers.test.ts > E5-W02 step 9 · the S09 mock world answers as the api (S09 §6, CATALEG_ERRORS §1 and rule 0) > any other day is the calendar world's: the block is created there and the grid shows it 43ms
 ✓ src/mocks/day-grid-handlers.test.ts > E4-W03 day-grid MSW handlers: roles, impersonation and tenant (S06 §6, MATRIU_PERMISOS) > answers 400 VALIDATION_ERROR with empty details to view="foo" 33ms
 ✓ src/mocks/day-grid-handlers.test.ts > E4-W03 day-grid MSW handlers: roles, impersonation and tenant (S06 §6, MATRIU_PERMISOS) > answers 400 VALIDATION_ERROR with empty details to view="MEMBER" 31ms
 ✓ src/mocks/day-grid-handlers.test.ts > E4-W03 day-grid MSW handlers: roles, impersonation and tenant (S06 §6, MATRIU_PERMISOS) > serves the member view to view="" 31ms
 ✓ src/mocks/day-grid-handlers.test.ts > E4-W03 day-grid MSW handlers: roles, impersonation and tenant (S06 §6, MATRIU_PERMISOS) > serves the member view to view=undefined 32ms
 ✓ src/mocks/mock-worlds.budget.test.ts > E3-W10 build-time budget of the MSW mock worlds > builds resetDashboardMockState within its budget 43ms
 ✓ src/mocks/mock-worlds.budget.test.ts > E3-W10 build-time budget of the MSW mock worlds > builds resetMemberSelfServiceState within its budget 41ms
 ✓ src/mocks/mock-worlds.budget.test.ts > E3-W10 build-time budget of the MSW mock worlds > builds resetOnboardingMockState within its budget 41ms
 ✓ src/mocks/fixtures.contract.test.ts > E3-W07 D2 signup review fixtures follow the S04 contract (MemberSignupView, ValidationDryRun) > E39b: a plan change closes a PARTIAL line (S04 §5) > a 60 € quote leaves 10 € to pay: the PARTIAL line is CANCELLED and a PAID line records the 50 € 1ms
 ✓ src/mocks/fixtures.contract.test.ts > E3-W07 D2 signup review fixtures follow the S04 contract (MemberSignupView, ValidationDryRun) > E39b: a plan change closes a PARTIAL line (S04 §5) > a 40 € quote adds no line to pay and warns PAID_EXCEEDS_QUOTE for the 10 € to refund 0ms
 ✓ src/mocks/fixtures.contract.test.ts > E3-W07 D2 signup review fixtures follow the S04 contract (MemberSignupView, ValidationDryRun) > E39b: a plan change closes a PARTIAL line (S04 §5) > the requested plan keeps the PARTIAL line open (no plan change) 0ms
 ✓ src/mocks/fixtures.contract.test.ts > E5-W01 step 10 · the booking world follows the S08 contract (MeHome, BookableClasses, SeatHoldResponse, Booking, WaitlistEntry) > validates the 03 and 04 aggregates of every dog (canic) 11ms
 ✓ src/mocks/fixtures.contract.test.ts > E5-W01 step 10 · the booking world follows the S08 contract (MeHome, BookableClasses, SeatHoldResponse, Booking, WaitlistEntry) > validates the 03 and 04 aggregates of every dog (limit) 9ms
 ✓ src/mocks/fixtures.contract.test.ts > E5-W01 step 10 · the booking world follows the S08 contract (MeHome, BookableClasses, SeatHoldResponse, Booking, WaitlistEntry) > validates the 03 and 04 aggregates of every dog (no waitlist) 6ms
 ✓ src/mocks/fixtures.contract.test.ts > E5-W01 step 10 · the booking world follows the S08 contract (MeHome, BookableClasses, SeatHoldResponse, Booking, WaitlistEntry) > validates the 03 and 04 aggregates of every dog (single class) 7ms
 ✓ src/mocks/fixtures.contract.test.ts > E5-W01 step 10 · the booking world follows the S08 contract (MeHome, BookableClasses, SeatHoldResponse, Booking, WaitlistEntry) > validates the 03 and 04 aggregates of every dog (no modules) 6ms
 ✓ src/mocks/fixtures.contract.test.ts > E5-W01 step 10 · the booking world follows the S08 contract (MeHome, BookableClasses, SeatHoldResponse, Booking, WaitlistEntry) > validates the holds, bookings, waitlist entries and the limit details (canic) 10ms
 ✓ src/mocks/fixtures.contract.test.ts > E5-W01 step 10 · the booking world follows the S08 contract (MeHome, BookableClasses, SeatHoldResponse, Booking, WaitlistEntry) > validates the holds, bookings, waitlist entries and the limit details (limit) 10ms
 ✓ src/mocks/fixtures.contract.test.ts > E5-W01 step 10 · the booking world follows the S08 contract (MeHome, BookableClasses, SeatHoldResponse, Booking, WaitlistEntry) > validates the holds, bookings, waitlist entries and the limit details (no waitlist) 8ms
 ✓ src/mocks/fixtures.contract.test.ts > E5-W01 step 10 · the booking world follows the S08 contract (MeHome, BookableClasses, SeatHoldResponse, Booking, WaitlistEntry) > validates the holds, bookings, waitlist entries and the limit details (single class) 8ms
 ✓ src/mocks/fixtures.contract.test.ts > E5-W01 step 10 · the booking world follows the S08 contract (MeHome, BookableClasses, SeatHoldResponse, Booking, WaitlistEntry) > validates the holds, bookings, waitlist entries and the limit details (no modules) 7ms
 ✓ src/mocks/mock-worlds.budget.test.ts > E3-W10 build-time budget of the MSW mock worlds > builds resetPlanningState within its budget 108ms
 ✓ src/mocks/mock-worlds.budget.test.ts > E3-W10 build-time budget of the MSW mock worlds > builds resetSettingsState within its budget 39ms
 ✓ src/mocks/mock-worlds.budget.test.ts > E3-W10 build-time budget of the MSW mock worlds > builds resetSignupMockState within its budget 38ms
 ✓ src/mocks/mock-worlds.budget.test.ts > E3-W10 build-time budget of the MSW mock worlds > builds resetTrainingMockState within its budget 42ms
 ✓ src/mocks/mock-worlds.budget.test.ts > E3-W10 build-time budget of the MSW mock worlds > builds resetDayGridState within its budget 40ms
 ✓ src/mocks/mock-worlds.budget.test.ts > E3-W10 build-time budget of the MSW mock worlds > rebuilds on reset the same worlds the browser starts with, whatever the day 22ms
 ✓ src/mocks/fixtures.contract.test.ts > E5-W02 step 9 · the training world follows the S09 contract (TrainingSlots, TrainingSummary, TrainingBooking) > validates the member and staff grids, the summaries and every booking (default) 259ms
 ✓ src/mocks/fixtures.contract.test.ts > E5-W02 step 9 · the training world follows the S09 contract (TrainingSlots, TrainingSummary, TrainingBooking) > validates the member and staff grids, the summaries and every booking (atLimit) 248ms
 ✓ src/mocks/fixtures.contract.test.ts > E5-W02 step 9 · the training world follows the S09 contract (TrainingSlots, TrainingSummary, TrainingBooking) > validates the member and staff grids, the summaries and every booking (atLimitNone) 244ms
 ✓ src/mocks/fixtures.contract.test.ts > E5-W02 step 9 · the training world follows the S09 contract (TrainingSlots, TrainingSummary, TrainingBooking) > validates the member and staff grids, the summaries and every booking (noRight) 232ms
 ✓ src/mocks/fixtures.contract.test.ts > E5-W02 step 9 · the training world follows the S09 contract (TrainingSlots, TrainingSummary, TrainingBooking) > R-09-03/R-09-05 derive the instants and the training week in the club zone across the DST change 2ms

 Test Files  16 passed (16)
      Tests  257 passed (257)
   Start at  13:41:13
   Duration  2.09s (tests 42%, transform 33%, import 25%)

  Transform  transforming modules took 4.45s · 33% of tracked time, re-done on every run
             persist transforms across runs with fsModuleCache: true
             learn more: https://vitest.dev/guide/improving-performance#caching-between-reruns

