
 RUN  v5.0.0 /Users/jordib/dev/agilityhub/agilityhub-core-web/apps/clubs-admin

 ❯ src/instructor/student-record.test.tsx (10 tests | 1 failed | 9 skipped) 10038ms
   ❯ «Alumnes» of the back office (mockups D12–D14, S10 §13-9) (2)
     × E5-W05 step 23 (R-10-00): «Alumnes» writes the owner's first name the api sends, a compound one whole («Joan Antoni + Toby»), and adds «(abonat: {nom i cognom})» to a dog led by another guide 10035ms

⎯⎯⎯⎯⎯⎯⎯ Failed Tests 1 ⎯⎯⎯⎯⎯⎯⎯

 FAIL  src/instructor/student-record.test.tsx > «Alumnes» of the back office (mockups D12–D14, S10 §13-9) > E5-W05 step 23 (R-10-00): «Alumnes» writes the owner's first name the api sends, a compound one whole («Joan Antoni + Toby»), and adds «(abonat: {nom i cognom})» to a dog led by another guide
TestingLibraryElementError: Unable to find role="link" and name "Joan Antoni + Toby · B"

Ignored nodes: comments, script, style
[36m<body>[39m
  [36m<div>[39m
    [36m<section[39m
      [33mclass[39m=[32m"students-page"[39m
    [36m>[39m
      [36m<h1>[39m
        [0mAlumnes[0m
      [36m</h1>[39m
      [36m<label[39m
        [33mclass[39m=[32m"students-page__search"[39m
      [36m>[39m
        [36m<span[39m
          [33mclass[39m=[32m"ah-sr-only"[39m
        [36m>[39m
          [0mCerca un alumne[0m
        [36m</span>[39m
        [36m<input[39m
          [33mclass[39m=[32m"ah-input"[39m
          [33mplaceholder[39m=[32m"Cerca un alumne"[39m
          [33mtype[39m=[32m"search"[39m
          [33mvalue[39m=[32m""[39m
        [36m/>[39m
      [36m</label>[39m
      [36m<div[39m
        [33mclass[39m=[32m"ah-card"[39m
      [36m>[39m
        [36m<ul[39m
          [33mclass[39m=[32m"students-page__list"[39m
        [36m>[39m
          [36m<li>[39m
            [36m<a[39m
              [33mhref[39m=[32m"/alumnes/00000000-0000-4000-8000-00000000a001"[39m
            [36m>[39m
              [36m<span>[39m
                [0mJoan + Toby · B[0m
              [36m</span>[39m
              [36m<svg[39m
                [33maria-hidden[39m=[32m"true"[39m
                [33mclass[39m=[32m"ah-icon"[39m
              [36m>[39m
                [36m<use[39m
                  [33mhref[39m=[32m"http://localhost:3000/@fs/Users/jordib/dev/agilityhub/agilityhub-core-web/packages/ui/src/icons/sprite.svg#i-chev"[39m
                [36m/>[39m
              [36m</svg>[39m
            [36m</a>[39m
          [36m</li>[39m
          [36m<li>[39m
            [36m<a[39m
              [33mhref[39m=[32m"/alumnes/00000000-0000-4000-8000-00000000a002"[39m
            [36m>[39m
              [36m<span>[39m
                [0mJúlia Roca + Rock · D[0m
              [36m</span>[39m
              [36m<svg[39m
                [33maria-hidden[39m=[32m"true"[39m
                [33mclass[39m=[32m"ah-icon"[39m
              [36m>[39m
                [36m<use[39m
                  [33mhref[39m=[32m"http://localhost:3000/@fs/Users/jordib/dev/agilityhub/agilityhub-core-web/packages/ui/src/icons/sprite.svg#i-chev"[39m
                [36m/>[39m
              [36m</svg>[39m
            [36m</a>[39m
          [36m</li>[39m
        [36m</ul>[39m
      [36m</div>[39m
    [36m</section>[39m
  [36m</div>[39m
[36m</body>[39m

Ignored nodes: comments, script, style
[36m<body>[39m
  [36m<div>[39m
    [36m<section[39m
      [33mclass[39m=[32m"students-page"[39m
    [36m>[39m
      [36m<h1>[39m
        [0mAlumnes[0m
      [36m</h1>[39m
      [36m<label[39m
        [33mclass[39m=[32m"students-page__search"[39m
      [36m>[39m
        [36m<span[39m
          [33mclass[39m=[32m"ah-sr-only"[39m
        [36m>[39m
          [0mCerca un alumne[0m
        [36m</span>[39m
        [36m<input[39m
          [33mclass[39m=[32m"ah-input"[39m
          [33mplaceholder[39m=[32m"Cerca un alumne"[39m
          [33mtype[39m=[32m"search"[39m
          [33mvalue[39m=[32m""[39m
        [36m/>[39m
      [36m</label>[39m
      [36m<div[39m
        [33mclass[39m=[32m"ah-card"[39m
      [36m>[39m
        [36m<ul[39m
          [33mclass[39m=[32m"students-page__list"[39m
        [36m>[39m
          [36m<li>[39m
            [36m<a[39m
              [33mhref[39m=[32m"/alumnes/00000000-0000-4000-8000-00000000a001"[39m
            [36m>[39m
              [36m<span>[39m
                [0mJoan + Toby · B[0m
              [36m</span>[39m
              [36m<svg[39m
                [33maria-hidden[39m=[32m"true"[39m
                [33mclass[39m=[32m"ah-icon"[39m
              [36m>[39m
                [36m<use[39m
                  [33mhref[39m=[32m"http://localhost:3000/@fs/Users/jordib/dev/agilityhub/agilityhub-core-web/packages/ui/src/icons/sprite.svg#i-chev"[39m
                [36m/>[39m
              [36m</svg>[39m
            [36m</a>[39m
          [36m</li>[39m
          [36m<li>[39m
            [36m<a[39m
              [33mhref[39m=[32m"/alumnes/00000000-0000-4000-8000-00000000a002"[39m
            [36m>[39m
              [36m<span>[39m
                [0mJúlia Roca + Rock · D[0m
              [36m</span>[39m
              [36m<svg[39m
                [33maria-hidden[39m=[32m"true"[39m
                [33mclass[39m=[32m"ah-icon"[39m
              [36m>[39m
                [36m<use[39m
                  [33mhref[39m=[32m"http://localhost:3000/@fs/Users/jordib/dev/agilityhub/agilityhub-core-web/packages/ui/src/icons/sprite.svg#i-chev"[39m
                [36m/>[39m
              [36m</svg>[39m
            [36m</a>[39m
          [36m</li>[39m
        [36m</ul>[39m
      [36m</div>[39m
    [36m</section>[39m
  [36m</div>[39m
[36m</body>[39m
 ❯ waitForWrapper ../../node_modules/.pnpm/@testing-library+dom@10.4.1/node_modules/@testing-library/dom/dist/wait-for.js:163:27
 ❯ ../../node_modules/.pnpm/@testing-library+dom@10.4.1/node_modules/@testing-library/dom/dist/query-helpers.js:86:33
 ❯ src/instructor/student-record.test.tsx:484:31
    482|       </I18nextProvider>,
    483|     );
    484|     const toby = await screen.findByRole("link", { name: "Joan Antoni …
       |                               ^
    485|     expect(within(toby).queryByText(/abonat/u)).toBeNull();
    486|     const rock = screen.getByRole("link", { name: /^Júlia Roca \+ Rock…

⎯⎯⎯⎯⎯⎯⎯⎯⎯⎯⎯⎯⎯⎯⎯⎯⎯⎯⎯⎯⎯⎯⎯⎯[1/1]⎯


 Test Files  1 failed (1)
      Tests  1 failed | 9 skipped (10)
   Start at  21:34:15
   Duration  11.44s (tests 88%, transform 6%, environment 3%, import 2%, setup 1%)

undefined
/Users/jordib/dev/agilityhub/agilityhub-core-web/apps/clubs-admin:
 ERR_PNPM_RECURSIVE_EXEC_FIRST_FAIL  Command failed with exit code 1: vitest run src/instructor/student-record.test.tsx -t E5-W05 step 23
