
 RUN  v5.0.0 /Users/jordib/dev/agilityhub/agilityhub-core-web/packages/api-client

 ↓ src/mocks/backoffice-handlers.test.ts > E5-W03 step 8 · S15 processes (GET /jobs, trigger, switch, runs) answer like the api > T-15-32 lists the processes whose module is on: 10 in the full club, 9 in the Cànic, 8 in the club mínim
 ↓ src/mocks/backoffice-handlers.test.ts > E5-W03 step 8 · S15 processes (GET /jobs, trigger, switch, runs) answer like the api > R-15-08 [Simula] answers the plan (WOULD_*), [Executa ara] the run; both are a JobRun and the history shows them
 ↓ src/mocks/backoffice-handlers.test.ts > E5-W03 step 8 · S15 processes (GET /jobs, trigger, switch, runs) answer like the api > R-15-09 refuses an INSTRUCTOR and an impersonation token; JOB_UNKNOWN and MODULE_DISABLED are 404; a running process is 409
 ↓ src/mocks/backoffice-handlers.test.ts > E5-W03 step 8 · S15 processes (GET /jobs, trigger, switch, runs) answer like the api > R-15-09 the switch answers {name, enabled} and GET /jobs reflects it; a disabled process still runs by hand
 ↓ src/mocks/backoffice-handlers.test.ts > E5-W03 step 8 · S15 §6 form A (GET /risk-review) > T-15-33 sends the four statuses of the spec's example on the club's today; riskReviewEmpty sends none; MEMBER → 403
 ↓ src/mocks/backoffice-handlers.test.ts > E5-W03 step 8 · S15 §6 form A (GET /risk-review) > E5-W03 round 2 · review #5: on the example day each item is a calendar class of its day, and its registrants are the notified ones
 ↓ src/mocks/backoffice-handlers.test.ts > E5-W05 step 15 · the risk review's rows are classes of the calendar world on any day > E5-W05 step 15: on S15's example day (dl 10 at 8:12) each row is a class of its week in the state its status implies, and the WILL_CANCEL class is still active
 ↓ src/mocks/backoffice-handlers.test.ts > E5-W05 step 15 · the risk review's rows are classes of the calendar world on any day > E5-W05 step 15: on dt 11-08 at 9:00, the day after the example each row is a class of its week in the state its status implies
 ↓ src/mocks/backoffice-handlers.test.ts > E5-W05 step 15 · the risk review's rows are classes of the calendar world on any day > E5-W05 step 15: on dc 23-09 at 10:00, after that day's review each row is a class of its week in the state its status implies
 ↓ src/mocks/backoffice-handlers.test.ts > E5-W05 step 15 · the risk review's rows are classes of the calendar world on any day > E5-W05 step 15: on dl 21-09 at 12:00, a Monday after its review (Wednesday's «Cadells» ahead) each row is a class of its week in the state its status implies
 ↓ src/mocks/backoffice-handlers.test.ts > E5-W05 step 15 · the risk review's rows are classes of the calendar world on any day > E5-W05 round 2 #12: on dg 27-09 at 12:00, the review's probe day, the form has no row because no active class falls in its window: the week ahead is still a draft
 ↓ src/mocks/backoffice-handlers.test.ts > E5-W05 step 16 · the back-office mock finds classes and waiting entries in the caller's club only > E5-W05 step 16: an ADMIN of another club cannot cancel the entry (404), nor read the class's registrants and waiting list, nor see its classes in the risk review
 ↓ src/mocks/backoffice-handlers.test.ts > E5-W03 step 8 · S08 staff reads (registrants, waiting list, GET /bookings) > answers the D4 class's 4 bookings (+ 1 late cancellation) and its 2 waiting entries; R-08-16 removal, then WAITLIST_ENTRY_NOT_LIVE
 ↓ src/mocks/backoffice-handlers.test.ts > E5-W03 step 8 · S08 staff reads (registrants, waiting list, GET /bookings) > E5-W03 round 2 · review #7: a removal checks WAITLIST, the role and the entry's owner; an impersonation never reaches another member's entry
 ↓ src/mocks/backoffice-handlers.test.ts > E5-W03 step 8 · S08 staff reads (registrants, waiting list, GET /bookings) > T-08-47 GET /bookings filters by member, refuses an undeclared filter (400 INVALID_FILTER) and a MEMBER (403)
 ↓ src/mocks/backoffice-handlers.test.ts > E5-W03 step 8 · S09 ring-usage register (GET /training-bookings, GET /ring-blocks) > T-09-27 lists the week's training bookings for the staff (MEMBER 403, FREE_TRAINING off 404) and exports only for ADMIN
 ↓ src/mocks/backoffice-handlers.test.ts > E5-W03 step 8 · S09 ring-usage register (GET /training-bookings, GET /ring-blocks) > T-09-30 redacts the blocks for a MEMBER, refuses him `note`, and keeps the activity's block and a cancelled one from being cancelled
 ↓ src/mocks/backoffice-handlers.test.ts > E5-W05 step 7 · the staff lists' bookingWeekKey follows R-08-01 (the opening's hour) > E5-W05 step 7: Duna's class of Sunday 2 at 20:00 (mockup 06's done class) belongs to the week that opens then, 2026-08-02, as Monday 3's does
 ✓ src/mocks/backoffice-handlers.test.ts > E5-W05 step 5 · complete filter values (CONVENCIONS_API §4) and the lists' search (E75) > E5-W05 step 5: registerMany has more than 1000 training bookings; «Nil Fictici Soler» is not in the first 1000, and GET /training-bookings/filter-values counts him over the whole set 55ms
 ✓ src/mocks/backoffice-handlers.test.ts > E5-W05 step 5 · complete filter values (CONVENCIONS_API §4) and the lists' search (E75) > E5-W05 step 5: GET /ring-blocks/filter-values counts every block, «Cadells» (only after row 1000) included, labelled with the ring's name 13ms
 ✓ src/mocks/backoffice-handlers.test.ts > E5-W05 step 5 · complete filter values (CONVENCIONS_API §4) and the lists' search (E75) > E5-W05 step 5: GET /bookings/filter-values counts the member's classes by state; GET /bookings has no search (a non-blank q is INVALID_FILTER, E75) 24ms
 ✓ src/mocks/backoffice-handlers.test.ts > E5-W05 step 5 · complete filter values (CONVENCIONS_API §4) and the lists' search (E75) > E5-W05 round 2 #11.a: GET /bookings/filter-values labels a class «{club-local start YYYY-MM-DDTHH:mm} · {description}», as the core does 15ms
 ✓ src/mocks/backoffice-handlers.test.ts > E5-W05 step 5 · complete filter values (CONVENCIONS_API §4) and the lists' search (E75) > E5-W05 step 5: a ring block's search reads its ring's name and, for staff, its note (S09 §2, E75) 4ms
 ✓ src/mocks/backoffice-handlers.test.ts > E5-W05 step 5 · complete filter values (CONVENCIONS_API §4) and the lists' search (E75) > E5-W05 round 2 #4: an ADMIN of another club (adminOtherClub) finds no booking, training booking or ring block of this club, and no filter value: the tenant comes from the JWT 22ms
 ↓ src/mocks/backoffice-handlers.test.ts > E5-W05 round 2 · the staff registrants' level is the dog's own, and follows levels.enabled (S08 §6) > E5-W05 round 2 #3: GET /class-sessions/{id}/bookings sends each dog's own level (Duna «C», Chun-li «A», Nass «B», Fish «B», Thai «E»), and null in a club with levels.enabled = false
 ↓ src/mocks/backoffice-handlers.test.ts > E5-W05 round 2 · the jobs mock reads its parameters (S15 R-15-01, R-15-12) > E5-W05 round 2 #11.d: no-show-notices runs at messaging.noShowNoticeTime (08:00): its schedule, its runs and its next run; a saved change moves the schedule and the next run
 ↓ src/mocks/backoffice-handlers.test.ts > E5-W05 round 2 · the jobs mock reads its parameters (S15 R-15-01, R-15-12) > E5-W05 round 2 #14: nextScheduledForLocal follows jobs.dailyTime, classes.riskReviewTime and bookings.weekOpensAt, as schedule.localTime does
 ↓ src/mocks/backoffice-handlers.test.ts > E5-W05 round 2 · the jobs mock reads its parameters (S15 R-15-01, R-15-12) > E5-W05 round 2 #14: the risk review reads classes.minDogs, as D4's risk mark does: with minDogs = 1 the class with one dog is at risk in neither D1 nor D4
 ↓ src/mocks/backoffice-handlers.test.ts > E5-W05 round 2 · the jobs mock reads its parameters (S15 R-15-01, R-15-12) > E5-W05 round 2 #14: with the risk review switched off, no active class names notified members (no review ran); a class it cancelled keeps the ones it notified

 Test Files  1 passed (1)
      Tests  6 passed | 23 skipped (29)
   Start at  05:23:56
   Duration  758ms (transform 48%, import 32%, tests 20%)

