
 RUN  v5.0.0 /Users/jordib/dev/agilityhub/agilityhub-core-web/apps/clubs

 ❯ src/booking/confirm.test.tsx (19 tests | 2 failed | 16 skipped) 311ms
   ❯ 29: the normal confirmation and the informative variants (S08 §2 29, decision B1) (8)
     × E5-W05 step 6: with `bookings.maxNextWeek = 0` (limit 0, unit DOG) the first sentence counts no class: «Encara no pots reservar classes de la setmana vinent.» and B1's second sentence 67ms
     × E5-W05 step 6: with `bookings.maxNextWeek = 0` (limit 0, unit MEMBER) the first sentence counts no class: «Encara no pots reservar classes de la setmana vinent.» and B1's second sentence 65ms

⎯⎯⎯⎯⎯⎯⎯ Failed Tests 2 ⎯⎯⎯⎯⎯⎯⎯

 FAIL  src/booking/confirm.test.tsx > 29: the normal confirmation and the informative variants (S08 §2 29, decision B1) > E5-W05 step 6: with `bookings.maxNextWeek = 0` (limit 0, unit DOG) the first sentence counts no class: «Encara no pots reservar classes de la setmana vinent.» and B1's second sentence
TestingLibraryElementError: Unable to find an element with the text: Encara no pots reservar classes de la setmana vinent. Podràs reservar aquesta classe a partir de diumenge 9 a les 20 h.. This could be because the text is broken up by multiple elements. In this case, you can provide a function for your text matcher to make your matcher more flexible.

Ignored nodes: comments, script, style
[36m<body>[39m
  [36m<div>[39m
    [36m<div[39m
      [33mclass[39m=[32m"clubs-shell"[39m
    [36m>[39m
      [36m<div[39m
        [33mclass[39m=[32m"clubs-shell__top"[39m
      [36m/>[39m
      [36m<main[39m
        [33mclass[39m=[32m"clubs-shell__content"[39m
      [36m>[39m
        [36m<section[39m
          [33mclass[39m=[32m"booking-screen"[39m
        [36m>[39m
          [36m<header[39m
            [33mclass[39m=[32m"ah-app-bar booking-screen__bar"[39m
          [36m>[39m
            [36m<div[39m
              [33mclass[39m=[32m"ah-app-bar__side"[39m
            [36m/>[39m
            [36m<div[39m
              [33mclass[39m=[32m"ah-app-bar__title"[39m
            [36m>[39m
              [36m<h1>[39m
                [0mConfirmar reserva[0m
              [36m</h1>[39m
            [36m</div>[39m
            [36m<div[39m
              [33mclass[39m=[32m"ah-app-bar__side ah-app-bar__side--end"[39m
            [36m>[39m
              [36m<button[39m
                [33maria-label[39m=[32m"Tanca"[39m
                [33mclass[39m=[32m"ah-button ah-button--ghost ah-icon-button booking-screen__close"[39m
                [33mtype[39m=[32m"button"[39m
              [36m>[39m
                [36m<span[39m
                  [33mclass[39m=[32m"ah-button__content"[39m
                [36m>[39m
                  [36m<svg[39m
                    [33maria-hidden[39m=[32m"true"[39m
                    [33mclass[39m=[32m"ah-icon"[39m
                  [36m>[39m
                    [36m<use[39m
                      [33mhref[39m=[32m"http://localhost:3000/@fs/Users/jordib/dev/agilityhub/agilityhub-core-web/packages/ui/src/icons/sprite.svg#i-x"[39m
                    [36m/>[39m
                  [36m</svg>[39m
                [36m</span>[39m
              [36m</button>[39m
            [36m</div>[39m
          [36m</header>[39m
          [36m<h2[39m
            [33mclass[39m=[32m"booking-section__title"[39m
          [36m>[39m
            [0mNova reserva[0m
          [36m</h2>[39m
          [36m<div[39m
            [33mclass[39m=[32m"ah-card confirm-card"[39m
          [36m>[39m
            [36m<p[39m
              [33mclass[39m=[32m"confirm-card__line"[39m
            [36m>[39m
              [36m<span[39m
                [33maria-hidden[39m=[32m"true"[39m
                [33mclass[39m=[32m"class-row__dot"[39m
                [33mstyle[39m=[32m"--class-row-ring: #8FCE8F;"[39m
              [36m/>[39m
              [36m<strong[39m
                [33mclass[39m=[32m"confirm-card__when"[39m
              [36m>[39m
                [0mDilluns 10 · 18:50–19:50[0m
              [36m</strong>[39m
            [36m</p>[39m
            [36m<p[39m
              [33mclass[39m=[32m"confirm-card__line"[39m
            [36m>[39m
              [36m<span[39m
                [33mclass[39m=[32m"ah-chip ah-tone--neutral confirm-card__level"[39m
              [36m>[39m
                [0mB+C[0m
              [36m</span>[39m
              [36m<span[39m
                [33mclass[39m=[32m"ah-chip ah-tone--neutral"[39m
              [36m>[39m
                [36m<svg[39m
                  [33maria-hidden[39m=[32m"true"[39m
                  [33mclass[39m=[32m"ah-icon"[39m
                [36m>[39m
                  [36m<use[39m
                    [33mhref[39m=[32m"http://localhost:3000/@fs/Users/jordib/dev/agilityhub/agilityhub-core-web/packages/ui/src/icons/sprite.svg#i-paw"[39m
                  [36m/>[39m
                [36m</svg>[39m
                [0mamb la Duna[0m
              [36m</span>[39m
              [36m<span[39m
                [33mclass[39m=[32m"confirm-card__ring"[39m
              [36m>[39m
                [0mCentral[0m
              [36m</span>[39m
            [36m</p>[39m
          [36m</div>[39m
          [36m<p[39m
            [33mclass[39m=[32m"booking-note booking-note--warning"[39m
          [36m>[39m
            [36m<svg[39m
              [33maria-hidden[39m=[32m"true"[39m
              [33mclass[39m=[32m"ah-icon"[39m
            [36m>[39m
              [36m<use[39m
                [33mhref[39m=[32m"http://localhost:3000/@fs/Users/jordib/dev/agilityhub/agilityhub-core-web/packages/ui/src/icons/sprite.svg#i-warn"[39m
              [36m/>[39m
            [36m</svg>[39m
            [0mLa setmana vinent ja tens 0 classes amb la Duna.[0m
            [0m Podràs reservar aquesta classe a partir de diumenge 9 a les 20 h.[0m
          [36m</p>[39m
        [36m</section>[39m
      [36m</main>[39m
      [36m<nav[39m
        [33maria-label[39m=[32m"Navegació principal"[39m
        [33mclass[39m=[32m"ah-tab-bar"[39m
      [36m>[39m
        [36m<a[39m
          [33mclass[39m=[32m"ah-tab-bar__item"[39m
          [33mhref[39m=[32m"/inici"[39m
        [36m>[39m
          [36m<svg[39m
            [33maria-hidden[39m=[32m"true"[39m
            [33mclass[39m=[32m"ah-icon"[39m
          [36m>[39m
            [36m<use[39m
              [33mhref[39m=[32m"http://localhost:3000/@fs/Users/jordib/dev/agilityhub/agilityhub-core-web/packages/ui/src/icons/sprite.svg#i-home"[39m
            [36m/>[39m
          [36m</svg>[39m
          [36m<span>[39m
            [0mInici[0m
          [36m</span>[39m
        [36m</a>[39m
        [36m<a[39m
          [33maria-current[39m=[32m"page"[39m
          [33mclass[39m=[32m"ah-tab-bar__item"[39m
          [33mhref[39m=[32m"/reservar"[39m
        [36m>[39m
          [36m<svg[39m
            [33maria-hidden[39m=[32m"true"[39m
            [33mclass[39m=[32m"ah-icon"[39m
          [36m>[39m
            [36m<use[39m
              [33mhref[39m=[32m"http://localhost:3000/@fs/Users/jordib/dev/agilityhub/agilityhub-core-web/packages/ui/src/icons/sprite.svg#i-cal"[39m
            [36m/>[39m
          [36m</svg>[39m
          [36m<span>[39m
            [0mReservar[0m
          [36m</span>[39m
        [36m</a>[39m
        [36m<a[39m
          [33mclass[39m=[32m"ah-tab-bar__item"[39m
          [33mhref[39m=[32m"/entrenaments"[39m
        [36m>[39m
          [36m<svg[39m
            [33maria-hidden[39m=[32m"true"[39m
            [33mclass[39m=[32m"ah-icon"[39m
          [36m>[39m
            [36m<use[39m
              [33mhref[39m=[32m"http://localhost:3000/@fs/Users/jordib/dev/agilityhub/agilityhub-core-web/packages/ui/src/icons/sprite.svg#i-cone"[39m
            [36m/>[39m
          [36m</svg>[39m
          [36m<span>[39m
            [0mEntrenaments[0m
          [36m</span>[39m
        [36m</a>[39m
        [36m<a[39m
          [33mclass[39m=[32m"ah-tab-bar__item"[39m
          [33mhref[39m=[32m"/avui"[39m
        [36m>[39m
          [36m<svg[39m
            [33maria-hidden[39m=[32m"true"[39m
            [33mclass[39m=[32m"ah-icon"[39m
          [36m>[39m
            [36m<use[39m
              [33mhref[39m=[32m"http://localhost:3000/@fs/Users/jordib/dev/agilityhub/agilityhub-core-web/packages/ui/src/icons/sprite.svg#i-day"[39m
            [36m/>[39m
          [36m</svg>[39m
          [36m<span>[39m
            [0mAvui[0m
          [36m</span>[39m
        [36m</a>[39m
        [36m<a[39m
          [33mclass[39m=[32m"ah-tab-bar__item"[39m
          [33mhref[39m=[32m"/perfil"[39m
        [36m>[39m
          [36m<svg[39m
            [33maria-hidden[39m=[32m"true"[39m
            [33mclass[39m=[32m"ah-icon"[39m
          [36m>[39m
            [36m<use[39m
              [33mhref[39m=[32m"http://localhost:3000/@fs/Users/jordib/dev/agilityhub/agilityhub-core-web/packages/ui/src/icons/sprite.svg#i-user"[39m
            [36m/>[39m
          [36m</svg>[39m
          [36m<span>[39m
            [0mPerfil[0m
          [36m</span>[39m
        [36m</a>[39m
        [36m<a[39m
          [33mclass[39m=[32m"ah-tab-bar__item"[39m
          [33mhref[39m=[32m"/info"[39m
        [36m>[39m
          [36m<svg[39m
            [33maria-hidden[39m=[32m"true"[39m
            [33mclass[39m=[32m"ah-icon"[39m
          [36m>[39m
            [36m<use[39m
              [33mhref[39m=[32m"http://localhost:3000/@fs/Users/jordib/dev/agilityhub/agilityhub-core-web/packages/ui/src/icons/sprite.svg#i-info"[39m
            [36m/>[39m
          [36m</svg>[39m
          [36m<span>[39m
            [0mInfo[0m
          [36m</span>[39m
        [36m</a>[39m
      [36m</nav>[39m
    [36m</div>[39m
  [36m</div>[39m
[36m</body>[39m
 ❯ Object.getElementError ../../node_modules/.pnpm/@testing-library+dom@10.4.1/node_modules/@testing-library/dom/dist/config.js:37:19
 ❯ ../../node_modules/.pnpm/@testing-library+dom@10.4.1/node_modules/@testing-library/dom/dist/query-helpers.js:76:38
 ❯ ../../node_modules/.pnpm/@testing-library+dom@10.4.1/node_modules/@testing-library/dom/dist/query-helpers.js:52:17
 ❯ ../../node_modules/.pnpm/@testing-library+dom@10.4.1/node_modules/@testing-library/dom/dist/query-helpers.js:95:19
 ❯ src/booking/confirm.test.tsx:323:16
    321|       expect(within(refusedCard()).getByText("Dilluns 10 · 18:50–19:50…
    322|       expect(
    323|         screen.getByText(
       |                ^
    324|           "Encara no pots reservar classes de la setmana vinent. Podrà…
    325|         ),

⎯⎯⎯⎯⎯⎯⎯⎯⎯⎯⎯⎯⎯⎯⎯⎯⎯⎯⎯⎯⎯⎯⎯⎯[1/2]⎯

 FAIL  src/booking/confirm.test.tsx > 29: the normal confirmation and the informative variants (S08 §2 29, decision B1) > E5-W05 step 6: with `bookings.maxNextWeek = 0` (limit 0, unit MEMBER) the first sentence counts no class: «Encara no pots reservar classes de la setmana vinent.» and B1's second sentence
TestingLibraryElementError: Unable to find an element with the text: Encara no pots reservar classes de la setmana vinent. Podràs reservar aquesta classe a partir de diumenge 9 a les 20 h.. This could be because the text is broken up by multiple elements. In this case, you can provide a function for your text matcher to make your matcher more flexible.

Ignored nodes: comments, script, style
[36m<body>[39m
  [36m<div>[39m
    [36m<div[39m
      [33mclass[39m=[32m"clubs-shell"[39m
    [36m>[39m
      [36m<div[39m
        [33mclass[39m=[32m"clubs-shell__top"[39m
      [36m/>[39m
      [36m<main[39m
        [33mclass[39m=[32m"clubs-shell__content"[39m
      [36m>[39m
        [36m<section[39m
          [33mclass[39m=[32m"booking-screen"[39m
        [36m>[39m
          [36m<header[39m
            [33mclass[39m=[32m"ah-app-bar booking-screen__bar"[39m
          [36m>[39m
            [36m<div[39m
              [33mclass[39m=[32m"ah-app-bar__side"[39m
            [36m/>[39m
            [36m<div[39m
              [33mclass[39m=[32m"ah-app-bar__title"[39m
            [36m>[39m
              [36m<h1>[39m
                [0mConfirmar reserva[0m
              [36m</h1>[39m
            [36m</div>[39m
            [36m<div[39m
              [33mclass[39m=[32m"ah-app-bar__side ah-app-bar__side--end"[39m
            [36m>[39m
              [36m<button[39m
                [33maria-label[39m=[32m"Tanca"[39m
                [33mclass[39m=[32m"ah-button ah-button--ghost ah-icon-button booking-screen__close"[39m
                [33mtype[39m=[32m"button"[39m
              [36m>[39m
                [36m<span[39m
                  [33mclass[39m=[32m"ah-button__content"[39m
                [36m>[39m
                  [36m<svg[39m
                    [33maria-hidden[39m=[32m"true"[39m
                    [33mclass[39m=[32m"ah-icon"[39m
                  [36m>[39m
                    [36m<use[39m
                      [33mhref[39m=[32m"http://localhost:3000/@fs/Users/jordib/dev/agilityhub/agilityhub-core-web/packages/ui/src/icons/sprite.svg#i-x"[39m
                    [36m/>[39m
                  [36m</svg>[39m
                [36m</span>[39m
              [36m</button>[39m
            [36m</div>[39m
          [36m</header>[39m
          [36m<h2[39m
            [33mclass[39m=[32m"booking-section__title"[39m
          [36m>[39m
            [0mNova reserva[0m
          [36m</h2>[39m
          [36m<div[39m
            [33mclass[39m=[32m"ah-card confirm-card"[39m
          [36m>[39m
            [36m<p[39m
              [33mclass[39m=[32m"confirm-card__line"[39m
            [36m>[39m
              [36m<span[39m
                [33maria-hidden[39m=[32m"true"[39m
                [33mclass[39m=[32m"class-row__dot"[39m
                [33mstyle[39m=[32m"--class-row-ring: #8FCE8F;"[39m
              [36m/>[39m
              [36m<strong[39m
                [33mclass[39m=[32m"confirm-card__when"[39m
              [36m>[39m
                [0mDilluns 10 · 18:50–19:50[0m
              [36m</strong>[39m
            [36m</p>[39m
            [36m<p[39m
              [33mclass[39m=[32m"confirm-card__line"[39m
            [36m>[39m
              [36m<span[39m
                [33mclass[39m=[32m"ah-chip ah-tone--neutral confirm-card__level"[39m
              [36m>[39m
                [0mB+C[0m
              [36m</span>[39m
              [36m<span[39m
                [33mclass[39m=[32m"ah-chip ah-tone--neutral"[39m
              [36m>[39m
                [36m<svg[39m
                  [33maria-hidden[39m=[32m"true"[39m
                  [33mclass[39m=[32m"ah-icon"[39m
                [36m>[39m
                  [36m<use[39m
                    [33mhref[39m=[32m"http://localhost:3000/@fs/Users/jordib/dev/agilityhub/agilityhub-core-web/packages/ui/src/icons/sprite.svg#i-paw"[39m
                  [36m/>[39m
                [36m</svg>[39m
                [0mamb la Duna[0m
              [36m</span>[39m
              [36m<span[39m
                [33mclass[39m=[32m"confirm-card__ring"[39m
              [36m>[39m
                [0mCentral[0m
              [36m</span>[39m
            [36m</p>[39m
          [36m</div>[39m
          [36m<p[39m
            [33mclass[39m=[32m"booking-note booking-note--warning"[39m
          [36m>[39m
            [36m<svg[39m
              [33maria-hidden[39m=[32m"true"[39m
              [33mclass[39m=[32m"ah-icon"[39m
            [36m>[39m
              [36m<use[39m
                [33mhref[39m=[32m"http://localhost:3000/@fs/Users/jordib/dev/agilityhub/agilityhub-core-web/packages/ui/src/icons/sprite.svg#i-warn"[39m
              [36m/>[39m
            [36m</svg>[39m
            [0mLa setmana vinent ja tens 0 classes.[0m
            [0m Podràs reservar aquesta classe a partir de diumenge 9 a les 20 h.[0m
          [36m</p>[39m
        [36m</section>[39m
      [36m</main>[39m
      [36m<nav[39m
        [33maria-label[39m=[32m"Navegació principal"[39m
        [33mclass[39m=[32m"ah-tab-bar"[39m
      [36m>[39m
        [36m<a[39m
          [33mclass[39m=[32m"ah-tab-bar__item"[39m
          [33mhref[39m=[32m"/inici"[39m
        [36m>[39m
          [36m<svg[39m
            [33maria-hidden[39m=[32m"true"[39m
            [33mclass[39m=[32m"ah-icon"[39m
          [36m>[39m
            [36m<use[39m
              [33mhref[39m=[32m"http://localhost:3000/@fs/Users/jordib/dev/agilityhub/agilityhub-core-web/packages/ui/src/icons/sprite.svg#i-home"[39m
            [36m/>[39m
          [36m</svg>[39m
          [36m<span>[39m
            [0mInici[0m
          [36m</span>[39m
        [36m</a>[39m
        [36m<a[39m
          [33maria-current[39m=[32m"page"[39m
          [33mclass[39m=[32m"ah-tab-bar__item"[39m
          [33mhref[39m=[32m"/reservar"[39m
        [36m>[39m
          [36m<svg[39m
            [33maria-hidden[39m=[32m"true"[39m
            [33mclass[39m=[32m"ah-icon"[39m
          [36m>[39m
            [36m<use[39m
              [33mhref[39m=[32m"http://localhost:3000/@fs/Users/jordib/dev/agilityhub/agilityhub-core-web/packages/ui/src/icons/sprite.svg#i-cal"[39m
            [36m/>[39m
          [36m</svg>[39m
          [36m<span>[39m
            [0mReservar[0m
          [36m</span>[39m
        [36m</a>[39m
        [36m<a[39m
          [33mclass[39m=[32m"ah-tab-bar__item"[39m
          [33mhref[39m=[32m"/entrenaments"[39m
        [36m>[39m
          [36m<svg[39m
            [33maria-hidden[39m=[32m"true"[39m
            [33mclass[39m=[32m"ah-icon"[39m
          [36m>[39m
            [36m<use[39m
              [33mhref[39m=[32m"http://localhost:3000/@fs/Users/jordib/dev/agilityhub/agilityhub-core-web/packages/ui/src/icons/sprite.svg#i-cone"[39m
            [36m/>[39m
          [36m</svg>[39m
          [36m<span>[39m
            [0mEntrenaments[0m
          [36m</span>[39m
        [36m</a>[39m
        [36m<a[39m
          [33mclass[39m=[32m"ah-tab-bar__item"[39m
          [33mhref[39m=[32m"/avui"[39m
        [36m>[39m
          [36m<svg[39m
            [33maria-hidden[39m=[32m"true"[39m
            [33mclass[39m=[32m"ah-icon"[39m
          [36m>[39m
            [36m<use[39m
              [33mhref[39m=[32m"http://localhost:3000/@fs/Users/jordib/dev/agilityhub/agilityhub-core-web/packages/ui/src/icons/sprite.svg#i-day"[39m
            [36m/>[39m
          [36m</svg>[39m
          [36m<span>[39m
            [0mAvui[0m
          [36m</span>[39m
        [36m</a>[39m
        [36m<a[39m
          [33mclass[39m=[32m"ah-tab-bar__item"[39m
          [33mhref[39m=[32m"/perfil"[39m
        [36m>[39m
          [36m<svg[39m
            [33maria-hidden[39m=[32m"true"[39m
            [33mclass[39m=[32m"ah-icon"[39m
          [36m>[39m
            [36m<use[39m
              [33mhref[39m=[32m"http://localhost:3000/@fs/Users/jordib/dev/agilityhub/agilityhub-core-web/packages/ui/src/icons/sprite.svg#i-user"[39m
            [36m/>[39m
          [36m</svg>[39m
          [36m<span>[39m
            [0mPerfil[0m
          [36m</span>[39m
        [36m</a>[39m
        [36m<a[39m
          [33mclass[39m=[32m"ah-tab-bar__item"[39m
          [33mhref[39m=[32m"/info"[39m
        [36m>[39m
          [36m<svg[39m
            [33maria-hidden[39m=[32m"true"[39m
            [33mclass[39m=[32m"ah-icon"[39m
          [36m>[39m
            [36m<use[39m
              [33mhref[39m=[32m"http://localhost:3000/@fs/Users/jordib/dev/agilityhub/agilityhub-core-web/packages/ui/src/icons/sprite.svg#i-info"[39m
            [36m/>[39m
          [36m</svg>[39m
          [36m<span>[39m
            [0mInfo[0m
          [36m</span>[39m
        [36m</a>[39m
      [36m</nav>[39m
    [36m</div>[39m
  [36m</div>[39m
[36m</body>[39m
 ❯ Object.getElementError ../../node_modules/.pnpm/@testing-library+dom@10.4.1/node_modules/@testing-library/dom/dist/config.js:37:19
 ❯ ../../node_modules/.pnpm/@testing-library+dom@10.4.1/node_modules/@testing-library/dom/dist/query-helpers.js:76:38
 ❯ ../../node_modules/.pnpm/@testing-library+dom@10.4.1/node_modules/@testing-library/dom/dist/query-helpers.js:52:17
 ❯ ../../node_modules/.pnpm/@testing-library+dom@10.4.1/node_modules/@testing-library/dom/dist/query-helpers.js:95:19
 ❯ src/booking/confirm.test.tsx:323:16
    321|       expect(within(refusedCard()).getByText("Dilluns 10 · 18:50–19:50…
    322|       expect(
    323|         screen.getByText(
       |                ^
    324|           "Encara no pots reservar classes de la setmana vinent. Podrà…
    325|         ),

⎯⎯⎯⎯⎯⎯⎯⎯⎯⎯⎯⎯⎯⎯⎯⎯⎯⎯⎯⎯⎯⎯⎯⎯[2/2]⎯


 Test Files  1 failed (1)
      Tests  2 failed | 1 passed | 16 skipped (19)
   Start at  21:41:16
   Duration  1.59s (transform 38%, environment 22%, tests 21%, import 14%, setup 4%)

undefined
/Users/jordib/dev/agilityhub/agilityhub-core-web/apps/clubs:
 ERR_PNPM_RECURSIVE_EXEC_FIRST_FAIL  Command failed with exit code 1: vitest run src/booking/confirm.test.tsx -t E5-W05 step 6
