heavy.sh: 22:19 waiting for the host lock, held by: 22:19 agilityhub-core-api: ./mvnw -q clean verify
heavy.sh: 22:28 got the host lock after 8 min 30 s

> agilityhub-core-web@0.0.0 e2e:core /Users/jordib/dev/agilityhub/agilityhub-core-web
> bash scripts/e2e-core.sh E5-W05 e3-signup.spec.ts

core image: ghcr.io/jboixtcm/agilityhub-core-api:main arm64 revision=fed26ac1ea86efa24305ac9d1e01b91d2670386c created=2026-09-30T14:53:29.244805706Z
core image seeds (/app/seeds): club-canic.yaml club-fifo.yaml club-minim.yaml club-perf.yaml demo-canic.yaml demo-fifo.yaml demo-perf.yaml pages 
E4_WEEK_START=2026-09-28 (club-local Monday, Europe/Madrid)
E5_WEEK_START=2026-10-05 (the club-local Monday after today, Europe/Madrid)
 Volume agilityhub-e5-w05_mongo-data Creating 
 Volume agilityhub-e5-w05_mailbox Creating 
 Network agilityhub-e5-w05_default Creating 
 Volume agilityhub-e5-w05_export-files Creating 
 Volume agilityhub-e5-w05_mongo-data Creating 
 Network agilityhub-e5-w05_default Creating 
 Volume agilityhub-e5-w05_export-files Creating 
 Volume agilityhub-e5-w05_mailbox Creating 
 Volume agilityhub-e5-w05_mongo-data Created 
 Volume agilityhub-e5-w05_mongo-data Created 
 Volume agilityhub-e5-w05_export-files Created 
 Volume agilityhub-e5-w05_export-files Created 
 Volume agilityhub-e5-w05_mailbox Created 
 Volume agilityhub-e5-w05_mailbox Created 
 Network agilityhub-e5-w05_default Created 
 Network agilityhub-e5-w05_default Created 
 Container agilityhub-e5-w05-mongo-1 Creating 
 Container agilityhub-e5-w05-mongo-1 Created 
 Container agilityhub-e5-w05-seed-1 Creating 
 Container agilityhub-e5-w05-seed-1 Created 
 Container agilityhub-e5-w05-activate-demo-club-1 Creating 
 Container agilityhub-e5-w05-activate-demo-club-1 Created 
 Container agilityhub-e5-w05-core-1 Creating 
 Container agilityhub-e5-w05-core-1 Created 
 Container agilityhub-e5-w05-mongo-1 Starting 
 Container agilityhub-e5-w05-mongo-1 Started 
 Container agilityhub-e5-w05-mongo-1 Waiting 
 Container agilityhub-e5-w05-mongo-1 Healthy 
 Container agilityhub-e5-w05-seed-1 Starting 
 Container agilityhub-e5-w05-seed-1 Started 
 Container agilityhub-e5-w05-seed-1 Waiting 
 Container agilityhub-e5-w05-seed-1 Exited 
 Container agilityhub-e5-w05-activate-demo-club-1 Starting 
 Container agilityhub-e5-w05-activate-demo-club-1 Started 
 Container agilityhub-e5-w05-mongo-1 Waiting 
 Container agilityhub-e5-w05-activate-demo-club-1 Waiting 
 Container agilityhub-e5-w05-activate-demo-club-1 Exited 
 Container agilityhub-e5-w05-mongo-1 Healthy 
 Container agilityhub-e5-w05-core-1 Starting 
 Container agilityhub-e5-w05-core-1 Started 
 Container agilityhub-e5-w05-mongo-1 Waiting 
 Container agilityhub-e5-w05-seed-1 Waiting 
 Container agilityhub-e5-w05-activate-demo-club-1 Waiting 
 Container agilityhub-e5-w05-core-1 Waiting 
 Container agilityhub-e5-w05-activate-demo-club-1 Exited 
 Container agilityhub-e5-w05-seed-1 Exited 
 Container agilityhub-e5-w05-mongo-1 Healthy 
 Container agilityhub-e5-w05-core-1 Healthy 
seed log: /Users/jordib/dev/agilityhub/agilityhub-core-web/roadmap/evidence/E5-W05/seed-files.log (104 lines)
 Container agilityhub-e5-w05-playwright-run-d596a3f3b665 Creating 
 Container agilityhub-e5-w05-playwright-run-d596a3f3b665 Created 
! Corepack is about to download https://registry.npmjs.org/pnpm/-/pnpm-9.15.9.tgz
 WARN  Unsupported engine: wanted: {"node":">=22 <23"} (current: {"node":"v24.20.0","pnpm":"9.15.9"})
(node:20) [DEP0169] DeprecationWarning: `url.parse()` behavior is not standardized and prone to errors that have security implications. Use the WHATWG URL API instead. CVEs are not issued for `url.parse()` vulnerabilities.
(Use `node --trace-deprecation ...` to show where the warning was created)
Scope: all 11 workspace projects
Lockfile is up to date, resolution step is skipped
Progress: resolved 1, reused 0, downloaded 0, added 0
Packages: +851
++++++++++++++++++++++++++++++++++++++++++++++++++++++++++++++++++++++++++++++++
Progress: resolved 851, reused 0, downloaded 81, added 81
Progress: resolved 851, reused 0, downloaded 172, added 172
Progress: resolved 851, reused 0, downloaded 286, added 285
Progress: resolved 851, reused 0, downloaded 361, added 361
Progress: resolved 851, reused 0, downloaded 426, added 426
Progress: resolved 851, reused 0, downloaded 530, added 530
Progress: resolved 851, reused 0, downloaded 545, added 545
Progress: resolved 851, reused 0, downloaded 552, added 552
Progress: resolved 851, reused 0, downloaded 586, added 586
Progress: resolved 851, reused 0, downloaded 608, added 608
Progress: resolved 851, reused 0, downloaded 632, added 632
Progress: resolved 851, reused 0, downloaded 673, added 673
Progress: resolved 851, reused 0, downloaded 745, added 745
Progress: resolved 851, reused 0, downloaded 807, added 807
Progress: resolved 851, reused 0, downloaded 845, added 845
Progress: resolved 851, reused 0, downloaded 848, added 848
Progress: resolved 851, reused 0, downloaded 849, added 849
Progress: resolved 851, reused 0, downloaded 850, added 849
Progress: resolved 851, reused 0, downloaded 850, added 850
Progress: resolved 851, reused 0, downloaded 851, added 850
Progress: resolved 851, reused 0, downloaded 851, added 851, done
.../node_modules/msw postinstall$ node -e "import('./config/scripts/postinstall.js').catch(() => void 0)"
.../node_modules/unrs-resolver postinstall$ node postinstall.js
.../esbuild@0.25.12/node_modules/esbuild postinstall$ node install.js
.../node_modules/msw postinstall: Done
.../node_modules/unrs-resolver postinstall: Done
.../esbuild@0.25.12/node_modules/esbuild postinstall: Done

devDependencies:
+ @commitlint/cli 21.2.2
+ @commitlint/config-conventional 21.2.2
+ @eslint/css 2.0.0
+ @eslint/js 9.39.5
+ @playwright/test 1.63.0
+ @size-limit/file 13.0.3
+ @types/node 24.13.3
+ eslint 9.39.5
+ eslint-import-resolver-typescript 4.4.5
+ eslint-plugin-import 2.32.0
+ eslint-plugin-jsx-a11y 6.10.2
+ eslint-plugin-react 7.37.5
+ eslint-plugin-react-hooks 7.1.1
+ globals 17.12.0
+ husky 9.1.7
+ i18next-parser 9.4.0
+ lint-staged 17.5.0
+ msw 2.15.0
+ prettier 3.9.6
+ size-limit 13.0.3
+ turbo 2.10.12
+ typescript 5.9.3
+ typescript-eslint 8.69.0

. prepare$ node packages/config/scripts/prepare-husky.mjs
. prepare: .git can't be found
. prepare: Done
Done in 22.9s using pnpm v9.15.9

[WebServer] (node:134) [DEP0169] DeprecationWarning: `url.parse()` behavior is not standardized and prone to errors that have security implications. Use the WHATWG URL API instead. CVEs are not issued for `url.parse()` vulnerabilities.
[WebServer] (Use `node --trace-deprecation ...` to show where the warning was created)
[WebServer] (node:214) [DEP0169] DeprecationWarning: `url.parse()` behavior is not standardized and prone to errors that have security implications. Use the WHATWG URL API instead. CVEs are not issued for `url.parse()` vulnerabilities.
[WebServer] (Use `node --trace-deprecation ...` to show where the warning was created)

[WebServer] (node:312) [DEP0169] DeprecationWarning: `url.parse()` behavior is not standardized and prone to errors that have security implications. Use the WHATWG URL API instead. CVEs are not issued for `url.parse()` vulnerabilities.
[WebServer] (Use `node --trace-deprecation ...` to show where the warning was created)


Running 5 tests using 1 worker

[1/5] e2e/core/e3-signup.spec.ts:652:5 › T-02-07 E3-W12 step 5 · the signup's public footer shows /branding's identity and registered office (S02 R-02-02)
[2/5] e2e/core/e3-signup.spec.ts:668:5 › T-04-34 public signup is validated and enters through the N-02 welcome link
[3/5] e2e/core/e3-signup.spec.ts:1703:5 › T-04-34 rejected signup delivers N-03
[4/5] e2e/core/e3-signup.spec.ts:1710:5 › T-04-34 active member adds a dog and the club validates it
[5/5] e2e/core/e3-signup.spec.ts:1714:5 › T-04-34 signup.enabled=false shows only the configured closed text
  5 passed (25.2s)
