
> agilityhub-core-web@0.0.0 e2e:core /Users/jordib/dev/agilityhub/agilityhub-core-web
> bash scripts/e2e-core.sh E5-W05

core image: ghcr.io/jboixtcm/agilityhub-core-api:main arm64 revision=fed26ac1ea86efa24305ac9d1e01b91d2670386c created=2026-09-30T14:53:29.244805706Z
core image seeds (/app/seeds): club-canic.yaml club-fifo.yaml club-minim.yaml club-perf.yaml demo-canic.yaml demo-fifo.yaml demo-perf.yaml pages 
E4_WEEK_START=2026-09-28 (club-local Monday, Europe/Madrid)
E5_WEEK_START=2026-10-05 (the club-local Monday after today, Europe/Madrid)
 Volume agilityhub-e5-w05_mongo-data Creating 
 Volume agilityhub-e5-w05_mailbox Creating 
 Network agilityhub-e5-w05_default Creating 
 Volume agilityhub-e5-w05_export-files Creating 
 Volume agilityhub-e5-w05_mongo-data Creating 
 Network agilityhub-e5-w05_default Creating 
 Volume agilityhub-e5-w05_export-files Creating 
 Volume agilityhub-e5-w05_mailbox Creating 
 Volume agilityhub-e5-w05_mongo-data Created 
 Volume agilityhub-e5-w05_mongo-data Created 
 Volume agilityhub-e5-w05_export-files Created 
 Volume agilityhub-e5-w05_export-files Created 
 Volume agilityhub-e5-w05_mailbox Created 
 Volume agilityhub-e5-w05_mailbox Created 
 Network agilityhub-e5-w05_default Created 
 Network agilityhub-e5-w05_default Created 
 Container agilityhub-e5-w05-mongo-1 Creating 
 Container agilityhub-e5-w05-mongo-1 Created 
 Container agilityhub-e5-w05-seed-1 Creating 
 Container agilityhub-e5-w05-seed-1 Created 
 Container agilityhub-e5-w05-activate-demo-club-1 Creating 
 Container agilityhub-e5-w05-activate-demo-club-1 Created 
 Container agilityhub-e5-w05-core-1 Creating 
 Container agilityhub-e5-w05-core-1 Created 
 Container agilityhub-e5-w05-mongo-1 Starting 
 Container agilityhub-e5-w05-mongo-1 Started 
 Container agilityhub-e5-w05-mongo-1 Waiting 
 Container agilityhub-e5-w05-mongo-1 Healthy 
 Container agilityhub-e5-w05-seed-1 Starting 
 Container agilityhub-e5-w05-seed-1 Started 
 Container agilityhub-e5-w05-seed-1 Waiting 
 Container agilityhub-e5-w05-seed-1 Exited 
 Container agilityhub-e5-w05-activate-demo-club-1 Starting 
 Container agilityhub-e5-w05-activate-demo-club-1 Started 
 Container agilityhub-e5-w05-mongo-1 Waiting 
 Container agilityhub-e5-w05-activate-demo-club-1 Waiting 
 Container agilityhub-e5-w05-activate-demo-club-1 Exited 
 Container agilityhub-e5-w05-mongo-1 Healthy 
 Container agilityhub-e5-w05-core-1 Starting 
 Container agilityhub-e5-w05-core-1 Started 
 Container agilityhub-e5-w05-mongo-1 Waiting 
 Container agilityhub-e5-w05-seed-1 Waiting 
 Container agilityhub-e5-w05-activate-demo-club-1 Waiting 
 Container agilityhub-e5-w05-core-1 Waiting 
 Container agilityhub-e5-w05-seed-1 Exited 
 Container agilityhub-e5-w05-activate-demo-club-1 Exited 
 Container agilityhub-e5-w05-mongo-1 Healthy 
 Container agilityhub-e5-w05-core-1 Healthy 
seed log: /Users/jordib/dev/agilityhub/agilityhub-core-web/roadmap/evidence/E5-W05/seed-e1-e2.log (104 lines)
 Container agilityhub-e5-w05-playwright-run-c3e870597fe1 Creating 
 Container agilityhub-e5-w05-playwright-run-c3e870597fe1 Created 
! Corepack is about to download https://registry.npmjs.org/pnpm/-/pnpm-9.15.9.tgz
 WARN  Unsupported engine: wanted: {"node":">=22 <23"} (current: {"node":"v24.20.0","pnpm":"9.15.9"})
(node:20) [DEP0169] DeprecationWarning: `url.parse()` behavior is not standardized and prone to errors that have security implications. Use the WHATWG URL API instead. CVEs are not issued for `url.parse()` vulnerabilities.
(Use `node --trace-deprecation ...` to show where the warning was created)
Scope: all 11 workspace projects
Lockfile is up to date, resolution step is skipped
Progress: resolved 1, reused 0, downloaded 0, added 0
Packages: +851
++++++++++++++++++++++++++++++++++++++++++++++++++++++++++++++++++++++++++++++++
Progress: resolved 851, reused 0, downloaded 65, added 64
Progress: resolved 851, reused 0, downloaded 163, added 159
Progress: resolved 851, reused 0, downloaded 281, added 281
Progress: resolved 851, reused 0, downloaded 364, added 364
Progress: resolved 851, reused 0, downloaded 507, added 507
Progress: resolved 851, reused 0, downloaded 543, added 543
Progress: resolved 851, reused 0, downloaded 547, added 547
Progress: resolved 851, reused 0, downloaded 557, added 557
Progress: resolved 851, reused 0, downloaded 569, added 569
Progress: resolved 851, reused 0, downloaded 580, added 580
Progress: resolved 851, reused 0, downloaded 600, added 600
Progress: resolved 851, reused 0, downloaded 632, added 632
Progress: resolved 851, reused 0, downloaded 667, added 667
Progress: resolved 851, reused 0, downloaded 730, added 730
Progress: resolved 851, reused 0, downloaded 771, added 771
Progress: resolved 851, reused 0, downloaded 836, added 836
Progress: resolved 851, reused 0, downloaded 846, added 846
Progress: resolved 851, reused 0, downloaded 847, added 847
Progress: resolved 851, reused 0, downloaded 848, added 847
Progress: resolved 851, reused 0, downloaded 849, added 849
Progress: resolved 851, reused 0, downloaded 851, added 851, done
.../node_modules/unrs-resolver postinstall$ node postinstall.js
.../node_modules/msw postinstall$ node -e "import('./config/scripts/postinstall.js').catch(() => void 0)"
.../esbuild@0.25.12/node_modules/esbuild postinstall$ node install.js
.../node_modules/unrs-resolver postinstall: Done
.../node_modules/msw postinstall: Done
.../esbuild@0.25.12/node_modules/esbuild postinstall: Done

devDependencies:
+ @commitlint/cli 21.2.2
+ @commitlint/config-conventional 21.2.2
+ @eslint/css 2.0.0
+ @eslint/js 9.39.5
+ @playwright/test 1.63.0
+ @size-limit/file 13.0.3
+ @types/node 24.13.3
+ eslint 9.39.5
+ eslint-import-resolver-typescript 4.4.5
+ eslint-plugin-import 2.32.0
+ eslint-plugin-jsx-a11y 6.10.2
+ eslint-plugin-react 7.37.5
+ eslint-plugin-react-hooks 7.1.1
+ globals 17.12.0
+ husky 9.1.7
+ i18next-parser 9.4.0
+ lint-staged 17.5.0
+ msw 2.15.0
+ prettier 3.9.6
+ size-limit 13.0.3
+ turbo 2.10.12
+ typescript 5.9.3
+ typescript-eslint 8.69.0

. prepare$ node packages/config/scripts/prepare-husky.mjs
. prepare: .git can't be found
. prepare: Done
Done in 22.6s using pnpm v9.15.9
[WebServer] (node:134) [DEP0169] DeprecationWarning: `url.parse()` behavior is not standardized and prone to errors that have security implications. Use the WHATWG URL API instead. CVEs are not issued for `url.parse()` vulnerabilities.
[WebServer] (Use `node --trace-deprecation ...` to show where the warning was created)

[WebServer] (node:214) [DEP0169] DeprecationWarning: `url.parse()` behavior is not standardized and prone to errors that have security implications. Use the WHATWG URL API instead. CVEs are not issued for `url.parse()` vulnerabilities.
[WebServer] (Use `node --trace-deprecation ...` to show where the warning was created)


[WebServer] (node:312) [DEP0169] DeprecationWarning: `url.parse()` behavior is not standardized and prone to errors that have security implications. Use the WHATWG URL API instead. CVEs are not issued for `url.parse()` vulnerabilities.
[WebServer] (Use `node --trace-deprecation ...` to show where the warning was created)

Running 12 tests using 1 worker

[1/12] e2e/core/e1-core.spec.ts:157:5 › T-01-18 password login reaches the seeded account
[2/12] e2e/core/e1-core.spec.ts:173:5 › T-01-21 seeded administrator opens the real backoffice
[3/12] e2e/core/e1-core.spec.ts:189:5 › T-01-20 club session is restored by the core
[4/12] e2e/core/e1-core.spec.ts:212:5 › T-01-19 magic link is delivered and exchanged end to end
[5/12] e2e/core/e1-core.spec.ts:234:5 › T-01-26 published seed enters without pending onboarding
[6/12] e2e/core/e1-core.spec.ts:244:5 › T-01-22 apps/id resumes a real authorize flow through oauth2/session
[7/12] e2e/core/e1-core.spec.ts:334:5 › T-02-07 E3-W12 step 5 · the public footer of 01 shows /branding's identity and registered office (S02 R-02-02)
[8/12] e2e/core/e2-core.spec.ts:206:5 › T-03-42 real census flow, booking block and member profile
[9/12] e2e/core/e2-core.spec.ts:389:5 › T-05-22/T-05-25 real catalog create, edit and deactivate round trips
[10/12] e2e/core/e2-core.spec.ts:474:5 › T-02-13/T-14-26 real parameter history, export and audit
[11/12] e2e/core/e2-core.spec.ts:561:5 › T-05-CP-07 real club page edit renders styled Markdown on screen 30
[12/12] e2e/core/e2-core.spec.ts:614:5 › T-03-40 E3-W12 step 4 · screen 13 reads GET /me/dogs only: the seed's document types, «Nivell» per dog, no /parameters (S03 §6)
  12 passed (23.4s)
 Volume agilityhub-e5-w05_export-files Creating 
 Volume agilityhub-e5-w05_mongo-data Creating 
 Network agilityhub-e5-w05_default Creating 
 Volume agilityhub-e5-w05_mailbox Creating 
 Volume agilityhub-e5-w05_mailbox Creating 
 Volume agilityhub-e5-w05_mongo-data Creating 
 Network agilityhub-e5-w05_default Creating 
 Volume agilityhub-e5-w05_export-files Creating 
 Volume agilityhub-e5-w05_mongo-data Created 
 Volume agilityhub-e5-w05_mongo-data Created 
 Volume agilityhub-e5-w05_export-files Created 
 Volume agilityhub-e5-w05_export-files Created 
 Volume agilityhub-e5-w05_mailbox Created 
 Volume agilityhub-e5-w05_mailbox Created 
 Network agilityhub-e5-w05_default Created 
 Network agilityhub-e5-w05_default Created 
 Container agilityhub-e5-w05-mongo-1 Creating 
 Container agilityhub-e5-w05-mongo-1 Created 
 Container agilityhub-e5-w05-seed-1 Creating 
 Container agilityhub-e5-w05-seed-1 Created 
 Container agilityhub-e5-w05-activate-demo-club-1 Creating 
 Container agilityhub-e5-w05-activate-demo-club-1 Created 
 Container agilityhub-e5-w05-core-1 Creating 
 Container agilityhub-e5-w05-core-1 Created 
 Container agilityhub-e5-w05-mongo-1 Starting 
 Container agilityhub-e5-w05-mongo-1 Started 
 Container agilityhub-e5-w05-mongo-1 Waiting 
 Container agilityhub-e5-w05-mongo-1 Healthy 
 Container agilityhub-e5-w05-seed-1 Starting 
 Container agilityhub-e5-w05-seed-1 Started 
 Container agilityhub-e5-w05-seed-1 Waiting 
 Container agilityhub-e5-w05-seed-1 Exited 
 Container agilityhub-e5-w05-activate-demo-club-1 Starting 
 Container agilityhub-e5-w05-activate-demo-club-1 Started 
 Container agilityhub-e5-w05-activate-demo-club-1 Waiting 
 Container agilityhub-e5-w05-mongo-1 Waiting 
 Container agilityhub-e5-w05-mongo-1 Healthy 
 Container agilityhub-e5-w05-activate-demo-club-1 Exited 
 Container agilityhub-e5-w05-core-1 Starting 
 Container agilityhub-e5-w05-core-1 Started 
 Container agilityhub-e5-w05-activate-demo-club-1 Waiting 
 Container agilityhub-e5-w05-core-1 Waiting 
 Container agilityhub-e5-w05-mongo-1 Waiting 
 Container agilityhub-e5-w05-seed-1 Waiting 
 Container agilityhub-e5-w05-seed-1 Exited 
 Container agilityhub-e5-w05-activate-demo-club-1 Exited 
 Container agilityhub-e5-w05-mongo-1 Healthy 
 Container agilityhub-e5-w05-core-1 Healthy 
seed log: /Users/jordib/dev/agilityhub/agilityhub-core-web/roadmap/evidence/E5-W05/seed-e4w16.log (104 lines)
 Container agilityhub-e5-w05-playwright-run-91597907f10c Creating 
 Container agilityhub-e5-w05-playwright-run-91597907f10c Created 
! Corepack is about to download https://registry.npmjs.org/pnpm/-/pnpm-9.15.9.tgz
 WARN  Unsupported engine: wanted: {"node":">=22 <23"} (current: {"node":"v24.20.0","pnpm":"9.15.9"})
(node:20) [DEP0169] DeprecationWarning: `url.parse()` behavior is not standardized and prone to errors that have security implications. Use the WHATWG URL API instead. CVEs are not issued for `url.parse()` vulnerabilities.
(Use `node --trace-deprecation ...` to show where the warning was created)
Scope: all 11 workspace projects
Lockfile is up to date, resolution step is skipped
Progress: resolved 1, reused 0, downloaded 0, added 0
Packages: +851
++++++++++++++++++++++++++++++++++++++++++++++++++++++++++++++++++++++++++++++++
Progress: resolved 851, reused 0, downloaded 83, added 83
Progress: resolved 851, reused 0, downloaded 137, added 134
Progress: resolved 851, reused 0, downloaded 213, added 213
Progress: resolved 851, reused 0, downloaded 309, added 308
Progress: resolved 851, reused 0, downloaded 370, added 370
Progress: resolved 851, reused 0, downloaded 493, added 493
Progress: resolved 851, reused 0, downloaded 529, added 529
Progress: resolved 851, reused 0, downloaded 540, added 540
Progress: resolved 851, reused 0, downloaded 548, added 548
Progress: resolved 851, reused 0, downloaded 555, added 555
Progress: resolved 851, reused 0, downloaded 565, added 565
Progress: resolved 851, reused 0, downloaded 583, added 583
Progress: resolved 851, reused 0, downloaded 605, added 605
Progress: resolved 851, reused 0, downloaded 648, added 648
Progress: resolved 851, reused 0, downloaded 683, added 683
Progress: resolved 851, reused 0, downloaded 711, added 711
Progress: resolved 851, reused 0, downloaded 747, added 747
Progress: resolved 851, reused 0, downloaded 785, added 785
Progress: resolved 851, reused 0, downloaded 838, added 838
Progress: resolved 851, reused 0, downloaded 846, added 846
Progress: resolved 851, reused 0, downloaded 847, added 847
Progress: resolved 851, reused 0, downloaded 849, added 849
Progress: resolved 851, reused 0, downloaded 850, added 849
Progress: resolved 851, reused 0, downloaded 850, added 850
Progress: resolved 851, reused 0, downloaded 851, added 851, done
.../node_modules/unrs-resolver postinstall$ node postinstall.js
.../node_modules/msw postinstall$ node -e "import('./config/scripts/postinstall.js').catch(() => void 0)"
.../esbuild@0.25.12/node_modules/esbuild postinstall$ node install.js
.../node_modules/unrs-resolver postinstall: Done
.../node_modules/msw postinstall: Done
.../esbuild@0.25.12/node_modules/esbuild postinstall: Done

devDependencies:
+ @commitlint/cli 21.2.2
+ @commitlint/config-conventional 21.2.2
+ @eslint/css 2.0.0
+ @eslint/js 9.39.5
+ @playwright/test 1.63.0
+ @size-limit/file 13.0.3
+ @types/node 24.13.3
+ eslint 9.39.5
+ eslint-import-resolver-typescript 4.4.5
+ eslint-plugin-import 2.32.0
+ eslint-plugin-jsx-a11y 6.10.2
+ eslint-plugin-react 7.37.5
+ eslint-plugin-react-hooks 7.1.1
+ globals 17.12.0
+ husky 9.1.7
+ i18next-parser 9.4.0
+ lint-staged 17.5.0
+ msw 2.15.0
+ prettier 3.9.6
+ size-limit 13.0.3
+ turbo 2.10.12
+ typescript 5.9.3
+ typescript-eslint 8.69.0

. prepare$ node packages/config/scripts/prepare-husky.mjs
. prepare: .git can't be found
. prepare: Done
Done in 27.3s using pnpm v9.15.9

[WebServer] (node:134) [DEP0169] DeprecationWarning: `url.parse()` behavior is not standardized and prone to errors that have security implications. Use the WHATWG URL API instead. CVEs are not issued for `url.parse()` vulnerabilities.
[WebServer] (Use `node --trace-deprecation ...` to show where the warning was created)
[WebServer] (node:214) [DEP0169] DeprecationWarning: `url.parse()` behavior is not standardized and prone to errors that have security implications. Use the WHATWG URL API instead. CVEs are not issued for `url.parse()` vulnerabilities.
[WebServer] (Use `node --trace-deprecation ...` to show where the warning was created)


[WebServer] (node:312) [DEP0169] DeprecationWarning: `url.parse()` behavior is not standardized and prone to errors that have security implications. Use the WHATWG URL API instead. CVEs are not issued for `url.parse()` vulnerabilities.
[WebServer] (Use `node --trace-deprecation ...` to show where the warning was created)

Running 5 tests using 1 worker

[1/5] e2e/core/e4w16-core.spec.ts:237:5 › T-03-40 E4-W16 step 11 · screen 13 lists the task rows, the done ones struck through
[2/5] e2e/core/e4w16-core.spec.ts:358:5 › T-01-19 E4-W16 step 10 · a RESET link sets the new password once without `current`
[3/5] e2e/core/e4w16-core.spec.ts:440:5 › T-01-11 E4-W16 step 1 · «Entra com l'abonat» opens the club app through the one-time code, once; E5-W05 step 24 · its banner names the member record, not the account
[4/5] e2e/core/e4w16-core.spec.ts:602:5 › T-14-26 E4-W16 step 5 · a READY export downloads from the drawer through GET /exports/{id} and the bearer
[5/5] e2e/core/e4w16-core.spec.ts:661:5 › T-03-34 (front) E4-W16 step 7 · D10 keeps the block, «Inactivitat», «Baixa» and the audit whatever BILLING says
  5 passed (12.4s)
 Network agilityhub-e5-w05_default Creating 
 Network agilityhub-e5-w05_default Creating 
 Volume agilityhub-e5-w05_mongo-data Creating 
 Volume agilityhub-e5-w05_mongo-data Creating 
 Volume agilityhub-e5-w05_export-files Creating 
 Volume agilityhub-e5-w05_export-files Creating 
 Volume agilityhub-e5-w05_mailbox Creating 
 Volume agilityhub-e5-w05_mailbox Creating 
 Volume agilityhub-e5-w05_mailbox Created 
 Volume agilityhub-e5-w05_mailbox Created 
 Volume agilityhub-e5-w05_mongo-data Created 
 Volume agilityhub-e5-w05_mongo-data Created 
 Volume agilityhub-e5-w05_export-files Created 
 Volume agilityhub-e5-w05_export-files Created 
 Network agilityhub-e5-w05_default Created 
 Network agilityhub-e5-w05_default Created 
 Container agilityhub-e5-w05-mongo-1 Creating 
 Container agilityhub-e5-w05-mongo-1 Created 
 Container agilityhub-e5-w05-seed-1 Creating 
 Container agilityhub-e5-w05-seed-1 Created 
 Container agilityhub-e5-w05-activate-demo-club-1 Creating 
 Container agilityhub-e5-w05-activate-demo-club-1 Created 
 Container agilityhub-e5-w05-core-1 Creating 
 Container agilityhub-e5-w05-core-1 Created 
 Container agilityhub-e5-w05-mongo-1 Starting 
 Container agilityhub-e5-w05-mongo-1 Started 
 Container agilityhub-e5-w05-mongo-1 Waiting 
 Container agilityhub-e5-w05-mongo-1 Healthy 
 Container agilityhub-e5-w05-seed-1 Starting 
 Container agilityhub-e5-w05-seed-1 Started 
 Container agilityhub-e5-w05-seed-1 Waiting 
 Container agilityhub-e5-w05-seed-1 Exited 
 Container agilityhub-e5-w05-activate-demo-club-1 Starting 
 Container agilityhub-e5-w05-activate-demo-club-1 Started 
 Container agilityhub-e5-w05-activate-demo-club-1 Waiting 
 Container agilityhub-e5-w05-mongo-1 Waiting 
 Container agilityhub-e5-w05-activate-demo-club-1 Exited 
 Container agilityhub-e5-w05-mongo-1 Healthy 
 Container agilityhub-e5-w05-core-1 Starting 
 Container agilityhub-e5-w05-core-1 Started 
 Container agilityhub-e5-w05-mongo-1 Waiting 
 Container agilityhub-e5-w05-seed-1 Waiting 
 Container agilityhub-e5-w05-activate-demo-club-1 Waiting 
 Container agilityhub-e5-w05-core-1 Waiting 
 Container agilityhub-e5-w05-seed-1 Exited 
 Container agilityhub-e5-w05-mongo-1 Healthy 
 Container agilityhub-e5-w05-activate-demo-club-1 Exited 
 Container agilityhub-e5-w05-core-1 Healthy 
seed log: /Users/jordib/dev/agilityhub/agilityhub-core-web/roadmap/evidence/E5-W05/seed-e3.log (104 lines)
 Container agilityhub-e5-w05-playwright-run-cc013e537881 Creating 
 Container agilityhub-e5-w05-playwright-run-cc013e537881 Created 
! Corepack is about to download https://registry.npmjs.org/pnpm/-/pnpm-9.15.9.tgz
 WARN  Unsupported engine: wanted: {"node":">=22 <23"} (current: {"node":"v24.20.0","pnpm":"9.15.9"})
(node:20) [DEP0169] DeprecationWarning: `url.parse()` behavior is not standardized and prone to errors that have security implications. Use the WHATWG URL API instead. CVEs are not issued for `url.parse()` vulnerabilities.
(Use `node --trace-deprecation ...` to show where the warning was created)
Scope: all 11 workspace projects
Lockfile is up to date, resolution step is skipped
Progress: resolved 1, reused 0, downloaded 0, added 0
Packages: +851
++++++++++++++++++++++++++++++++++++++++++++++++++++++++++++++++++++++++++++++++
Progress: resolved 851, reused 0, downloaded 80, added 80
Progress: resolved 851, reused 0, downloaded 163, added 163
Progress: resolved 851, reused 0, downloaded 177, added 177
Progress: resolved 851, reused 0, downloaded 274, added 274
Progress: resolved 851, reused 0, downloaded 337, added 337
Progress: resolved 851, reused 0, downloaded 459, added 458
Progress: resolved 851, reused 0, downloaded 499, added 499
Progress: resolved 851, reused 0, downloaded 537, added 537
Progress: resolved 851, reused 0, downloaded 547, added 547
Progress: resolved 851, reused 0, downloaded 553, added 553
Progress: resolved 851, reused 0, downloaded 596, added 596
Progress: resolved 851, reused 0, downloaded 668, added 668
Progress: resolved 851, reused 0, downloaded 733, added 733
Progress: resolved 851, reused 0, downloaded 764, added 764
Progress: resolved 851, reused 0, downloaded 788, added 788
Progress: resolved 851, reused 0, downloaded 821, added 821
Progress: resolved 851, reused 0, downloaded 845, added 845
Progress: resolved 851, reused 0, downloaded 846, added 846
Progress: resolved 851, reused 0, downloaded 847, added 846
Progress: resolved 851, reused 0, downloaded 849, added 849
Progress: resolved 851, reused 0, downloaded 850, added 849
Progress: resolved 851, reused 0, downloaded 850, added 850
Progress: resolved 851, reused 0, downloaded 851, added 850
Progress: resolved 851, reused 0, downloaded 851, added 851, done
.../node_modules/msw postinstall$ node -e "import('./config/scripts/postinstall.js').catch(() => void 0)"
.../node_modules/unrs-resolver postinstall$ node postinstall.js
.../esbuild@0.25.12/node_modules/esbuild postinstall$ node install.js
.../node_modules/msw postinstall: Done
.../node_modules/unrs-resolver postinstall: Done
.../esbuild@0.25.12/node_modules/esbuild postinstall: Done

devDependencies:
+ @commitlint/cli 21.2.2
+ @commitlint/config-conventional 21.2.2
+ @eslint/css 2.0.0
+ @eslint/js 9.39.5
+ @playwright/test 1.63.0
+ @size-limit/file 13.0.3
+ @types/node 24.13.3
+ eslint 9.39.5
+ eslint-import-resolver-typescript 4.4.5
+ eslint-plugin-import 2.32.0
+ eslint-plugin-jsx-a11y 6.10.2
+ eslint-plugin-react 7.37.5
+ eslint-plugin-react-hooks 7.1.1
+ globals 17.12.0
+ husky 9.1.7
+ i18next-parser 9.4.0
+ lint-staged 17.5.0
+ msw 2.15.0
+ prettier 3.9.6
+ size-limit 13.0.3
+ turbo 2.10.12
+ typescript 5.9.3
+ typescript-eslint 8.69.0

. prepare$ node packages/config/scripts/prepare-husky.mjs
. prepare: .git can't be found
. prepare: Done
Done in 27.8s using pnpm v9.15.9

[WebServer] (node:134) [DEP0169] DeprecationWarning: `url.parse()` behavior is not standardized and prone to errors that have security implications. Use the WHATWG URL API instead. CVEs are not issued for `url.parse()` vulnerabilities.
[WebServer] (Use `node --trace-deprecation ...` to show where the warning was created)

[WebServer] (node:214) [DEP0169] DeprecationWarning: `url.parse()` behavior is not standardized and prone to errors that have security implications. Use the WHATWG URL API instead. CVEs are not issued for `url.parse()` vulnerabilities.
[WebServer] (Use `node --trace-deprecation ...` to show where the warning was created)

[WebServer] (node:312) [DEP0169] DeprecationWarning: `url.parse()` behavior is not standardized and prone to errors that have security implications. Use the WHATWG URL API instead. CVEs are not issued for `url.parse()` vulnerabilities.
[WebServer] (Use `node --trace-deprecation ...` to show where the warning was created)

Running 5 tests using 1 worker

[1/5] e2e/core/e3-signup.spec.ts:652:5 › T-02-07 E3-W12 step 5 · the signup's public footer shows /branding's identity and registered office (S02 R-02-02)
[2/5] e2e/core/e3-signup.spec.ts:668:5 › T-04-34 public signup is validated and enters through the N-02 welcome link
[3/5] e2e/core/e3-signup.spec.ts:1703:5 › T-04-34 rejected signup delivers N-03
[4/5] e2e/core/e3-signup.spec.ts:1710:5 › T-04-34 active member adds a dog and the club validates it
[5/5] e2e/core/e3-signup.spec.ts:1714:5 › T-04-34 signup.enabled=false shows only the configured closed text
  5 passed (23.9s)
{"action":"OPEN_DOG","code":"N-37","deliveries":[{"channel":"APP","status":"DELIVERED"}],"dogName":"Neret E3","recipient":["accountId","displayName","memberId"],"variables":["audience","change","club_name","dog_name","dog_name_article","entityId","gender","member_first_name","member_last_names","member_name"]}
 Volume agilityhub-e5-w05_mailbox Creating 
 Volume agilityhub-e5-w05_mailbox Creating 
 Volume agilityhub-e5-w05_export-files Creating 
 Volume agilityhub-e5-w05_mongo-data Creating 
 Volume agilityhub-e5-w05_mongo-data Creating 
 Volume agilityhub-e5-w05_export-files Creating 
 Network agilityhub-e5-w05_default Creating 
 Network agilityhub-e5-w05_default Creating 
 Volume agilityhub-e5-w05_mongo-data Created 
 Volume agilityhub-e5-w05_mongo-data Created 
 Volume agilityhub-e5-w05_export-files Created 
 Volume agilityhub-e5-w05_export-files Created 
 Volume agilityhub-e5-w05_mailbox Created 
 Volume agilityhub-e5-w05_mailbox Created 
 Network agilityhub-e5-w05_default Created 
 Network agilityhub-e5-w05_default Created 
 Container agilityhub-e5-w05-mongo-1 Creating 
 Container agilityhub-e5-w05-mongo-1 Created 
 Container agilityhub-e5-w05-seed-1 Creating 
 Container agilityhub-e5-w05-seed-1 Created 
 Container agilityhub-e5-w05-activate-demo-club-1 Creating 
 Container agilityhub-e5-w05-activate-demo-club-1 Created 
 Container agilityhub-e5-w05-core-1 Creating 
 Container agilityhub-e5-w05-core-1 Created 
 Container agilityhub-e5-w05-mongo-1 Starting 
 Container agilityhub-e5-w05-mongo-1 Started 
 Container agilityhub-e5-w05-mongo-1 Waiting 
 Container agilityhub-e5-w05-mongo-1 Healthy 
 Container agilityhub-e5-w05-seed-1 Starting 
 Container agilityhub-e5-w05-seed-1 Started 
 Container agilityhub-e5-w05-seed-1 Waiting 
 Container agilityhub-e5-w05-seed-1 Exited 
 Container agilityhub-e5-w05-activate-demo-club-1 Starting 
 Container agilityhub-e5-w05-activate-demo-club-1 Started 
 Container agilityhub-e5-w05-activate-demo-club-1 Waiting 
 Container agilityhub-e5-w05-mongo-1 Waiting 
 Container agilityhub-e5-w05-activate-demo-club-1 Exited 
 Container agilityhub-e5-w05-mongo-1 Healthy 
 Container agilityhub-e5-w05-core-1 Starting 
 Container agilityhub-e5-w05-core-1 Started 
 Container agilityhub-e5-w05-activate-demo-club-1 Waiting 
 Container agilityhub-e5-w05-core-1 Waiting 
 Container agilityhub-e5-w05-mongo-1 Waiting 
 Container agilityhub-e5-w05-seed-1 Waiting 
 Container agilityhub-e5-w05-activate-demo-club-1 Exited 
 Container agilityhub-e5-w05-seed-1 Exited 
 Container agilityhub-e5-w05-mongo-1 Healthy 
 Container agilityhub-e5-w05-core-1 Healthy 
seed log: /Users/jordib/dev/agilityhub/agilityhub-core-web/roadmap/evidence/E5-W05/seed-e4.log (104 lines)
 Container agilityhub-e5-w05-playwright-run-ec3eed11ec5b Creating 
 Container agilityhub-e5-w05-playwright-run-ec3eed11ec5b Created 
! Corepack is about to download https://registry.npmjs.org/pnpm/-/pnpm-9.15.9.tgz
 WARN  Unsupported engine: wanted: {"node":">=22 <23"} (current: {"node":"v24.20.0","pnpm":"9.15.9"})
(node:20) [DEP0169] DeprecationWarning: `url.parse()` behavior is not standardized and prone to errors that have security implications. Use the WHATWG URL API instead. CVEs are not issued for `url.parse()` vulnerabilities.
(Use `node --trace-deprecation ...` to show where the warning was created)
Scope: all 11 workspace projects
Lockfile is up to date, resolution step is skipped
Progress: resolved 1, reused 0, downloaded 0, added 0
Packages: +851
++++++++++++++++++++++++++++++++++++++++++++++++++++++++++++++++++++++++++++++++
Progress: resolved 851, reused 0, downloaded 53, added 53
Progress: resolved 851, reused 0, downloaded 139, added 139
Progress: resolved 851, reused 0, downloaded 234, added 234
Progress: resolved 851, reused 0, downloaded 318, added 318
Progress: resolved 851, reused 0, downloaded 430, added 430
Progress: resolved 851, reused 0, downloaded 513, added 513
Progress: resolved 851, reused 0, downloaded 535, added 535
Progress: resolved 851, reused 0, downloaded 543, added 543
Progress: resolved 851, reused 0, downloaded 549, added 549
Progress: resolved 851, reused 0, downloaded 567, added 567
Progress: resolved 851, reused 0, downloaded 597, added 597
Progress: resolved 851, reused 0, downloaded 625, added 625
Progress: resolved 851, reused 0, downloaded 699, added 699
Progress: resolved 851, reused 0, downloaded 757, added 757
Progress: resolved 851, reused 0, downloaded 793, added 793
Progress: resolved 851, reused 0, downloaded 843, added 843
Progress: resolved 851, reused 0, downloaded 849, added 849
Progress: resolved 851, reused 0, downloaded 850, added 850
Progress: resolved 851, reused 0, downloaded 851, added 850
Progress: resolved 851, reused 0, downloaded 851, added 851, done
.../node_modules/unrs-resolver postinstall$ node postinstall.js
.../node_modules/msw postinstall$ node -e "import('./config/scripts/postinstall.js').catch(() => void 0)"
.../esbuild@0.25.12/node_modules/esbuild postinstall$ node install.js
.../node_modules/msw postinstall: Done
.../node_modules/unrs-resolver postinstall: Done
.../esbuild@0.25.12/node_modules/esbuild postinstall: Done

devDependencies:
+ @commitlint/cli 21.2.2
+ @commitlint/config-conventional 21.2.2
+ @eslint/css 2.0.0
+ @eslint/js 9.39.5
+ @playwright/test 1.63.0
+ @size-limit/file 13.0.3
+ @types/node 24.13.3
+ eslint 9.39.5
+ eslint-import-resolver-typescript 4.4.5
+ eslint-plugin-import 2.32.0
+ eslint-plugin-jsx-a11y 6.10.2
+ eslint-plugin-react 7.37.5
+ eslint-plugin-react-hooks 7.1.1
+ globals 17.12.0
+ husky 9.1.7
+ i18next-parser 9.4.0
+ lint-staged 17.5.0
+ msw 2.15.0
+ prettier 3.9.6
+ size-limit 13.0.3
+ turbo 2.10.12
+ typescript 5.9.3
+ typescript-eslint 8.69.0

. prepare$ node packages/config/scripts/prepare-husky.mjs
. prepare: .git can't be found
. prepare: Done
Done in 22.9s using pnpm v9.15.9
[WebServer] (node:134) [DEP0169] DeprecationWarning: `url.parse()` behavior is not standardized and prone to errors that have security implications. Use the WHATWG URL API instead. CVEs are not issued for `url.parse()` vulnerabilities.
[WebServer] (Use `node --trace-deprecation ...` to show where the warning was created)


[WebServer] (node:214) [DEP0169] DeprecationWarning: `url.parse()` behavior is not standardized and prone to errors that have security implications. Use the WHATWG URL API instead. CVEs are not issued for `url.parse()` vulnerabilities.
[WebServer] (Use `node --trace-deprecation ...` to show where the warning was created)
[WebServer] (node:312) [DEP0169] DeprecationWarning: `url.parse()` behavior is not standardized and prone to errors that have security implications. Use the WHATWG URL API instead. CVEs are not issued for `url.parse()` vulnerabilities.
[WebServer] (Use `node --trace-deprecation ...` to show where the warning was created)


Running 7 tests using 1 worker

[1/7] e2e/core/e4-core.spec.ts:489:5 › T-06-28 E2E (a) D3: the three seeded templates, «Setmana B» blocked by its inconsistency, «Setmana A» generates the proposed week, D3b per ring
[2/7] e2e/core/e4-core.spec.ts:624:5 › T-06-28 E2E (b) D4: «Esborrany» opens the seeded draft week, [VALIDAR LA SETMANA], the D4c modal with the 4 registrants (200), «Anul·lades», ring blocks (409 then 201)
[3/7] e2e/core/e4-core.spec.ts:808:5 › T-06-28 E2E (c) screens 10 and 23: the member never sees the cancelled class nor counts, the validated week is visible; the instructor sees the block, the dimmed class and n/n
[4/7] e2e/core/e4-core.spec.ts:863:5 › T-07-32 E2E (d) D7: the four seeded activities, the Torneig blocks every ring on D4, a new seminar published over a class with the conflict dialog; D7 exports against the core
[5/7] e2e/core/e4-core.spec.ts:1108:5 › T-07-32 E2E (e) ca: 04 → detail → register → 03 → cancel in time; the waitlist of the full «Seminari de handling» and the FIFO promotion when the admin adds a place
[6/7] e2e/core/e4-core.spec.ts:1274:5 › T-07-32 E2E (e) es: the same member flow with the es literals, a second FIFO promotion, then the admin cancels the seminar (200) and the registrant reads «cancel·lada pel club»
[7/7] e2e/core/e4-core.spec.ts:1444:5 › E4-W05 step 7 · the «Excel · PDF» menus of D5 and D7 with EXPORT_TOO_LARGE and while an export is pending
  7 passed (21.0s)
 Volume agilityhub-e5-w05_export-files Creating 
 Volume agilityhub-e5-w05_mongo-data Creating 
 Volume agilityhub-e5-w05_mongo-data Creating 
 Network agilityhub-e5-w05_default Creating 
 Network agilityhub-e5-w05_default Creating 
 Volume agilityhub-e5-w05_export-files Creating 
 Volume agilityhub-e5-w05_mailbox Creating 
 Volume agilityhub-e5-w05_mailbox Creating 
 Volume agilityhub-e5-w05_mongo-data Created 
 Volume agilityhub-e5-w05_mongo-data Created 
 Volume agilityhub-e5-w05_export-files Created 
 Volume agilityhub-e5-w05_export-files Created 
 Volume agilityhub-e5-w05_mailbox Created 
 Volume agilityhub-e5-w05_mailbox Created 
 Network agilityhub-e5-w05_default Created 
 Network agilityhub-e5-w05_default Created 
 Container agilityhub-e5-w05-mongo-1 Creating 
 Container agilityhub-e5-w05-mongo-1 Created 
 Container agilityhub-e5-w05-seed-1 Creating 
 Container agilityhub-e5-w05-seed-1 Created 
 Container agilityhub-e5-w05-activate-demo-club-1 Creating 
 Container agilityhub-e5-w05-activate-demo-club-1 Created 
 Container agilityhub-e5-w05-core-1 Creating 
 Container agilityhub-e5-w05-core-1 Created 
 Container agilityhub-e5-w05-mongo-1 Starting 
 Container agilityhub-e5-w05-mongo-1 Started 
 Container agilityhub-e5-w05-mongo-1 Waiting 
 Container agilityhub-e5-w05-mongo-1 Healthy 
 Container agilityhub-e5-w05-seed-1 Starting 
 Container agilityhub-e5-w05-seed-1 Started 
 Container agilityhub-e5-w05-seed-1 Waiting 
 Container agilityhub-e5-w05-seed-1 Exited 
 Container agilityhub-e5-w05-activate-demo-club-1 Starting 
 Container agilityhub-e5-w05-activate-demo-club-1 Started 
 Container agilityhub-e5-w05-mongo-1 Waiting 
 Container agilityhub-e5-w05-activate-demo-club-1 Waiting 
 Container agilityhub-e5-w05-activate-demo-club-1 Exited 
 Container agilityhub-e5-w05-mongo-1 Healthy 
 Container agilityhub-e5-w05-core-1 Starting 
 Container agilityhub-e5-w05-core-1 Started 
 Container agilityhub-e5-w05-mongo-1 Waiting 
 Container agilityhub-e5-w05-seed-1 Waiting 
 Container agilityhub-e5-w05-activate-demo-club-1 Waiting 
 Container agilityhub-e5-w05-core-1 Waiting 
 Container agilityhub-e5-w05-seed-1 Exited 
 Container agilityhub-e5-w05-activate-demo-club-1 Exited 
 Container agilityhub-e5-w05-mongo-1 Healthy 
 Container agilityhub-e5-w05-core-1 Healthy 
seed log: /Users/jordib/dev/agilityhub/agilityhub-core-web/roadmap/evidence/E5-W05/seed-e5.log (104 lines)
 Container agilityhub-e5-w05-playwright-run-fd41d8a6bd7b Creating 
 Container agilityhub-e5-w05-playwright-run-fd41d8a6bd7b Created 
! Corepack is about to download https://registry.npmjs.org/pnpm/-/pnpm-9.15.9.tgz
 WARN  Unsupported engine: wanted: {"node":">=22 <23"} (current: {"node":"v24.20.0","pnpm":"9.15.9"})
(node:20) [DEP0169] DeprecationWarning: `url.parse()` behavior is not standardized and prone to errors that have security implications. Use the WHATWG URL API instead. CVEs are not issued for `url.parse()` vulnerabilities.
(Use `node --trace-deprecation ...` to show where the warning was created)
Scope: all 11 workspace projects
Lockfile is up to date, resolution step is skipped
Progress: resolved 1, reused 0, downloaded 0, added 0
Packages: +851
++++++++++++++++++++++++++++++++++++++++++++++++++++++++++++++++++++++++++++++++
Progress: resolved 851, reused 0, downloaded 73, added 73
Progress: resolved 851, reused 0, downloaded 164, added 164
Progress: resolved 851, reused 0, downloaded 298, added 298
Progress: resolved 851, reused 0, downloaded 343, added 343
Progress: resolved 851, reused 0, downloaded 493, added 492
Progress: resolved 851, reused 0, downloaded 536, added 536
Progress: resolved 851, reused 0, downloaded 561, added 561
Progress: resolved 851, reused 0, downloaded 581, added 581
Progress: resolved 851, reused 0, downloaded 594, added 594
Progress: resolved 851, reused 0, downloaded 619, added 619
Progress: resolved 851, reused 0, downloaded 708, added 708
Progress: resolved 851, reused 0, downloaded 745, added 745
Progress: resolved 851, reused 0, downloaded 793, added 793
Progress: resolved 851, reused 0, downloaded 845, added 845
Progress: resolved 851, reused 0, downloaded 850, added 850
Progress: resolved 851, reused 0, downloaded 851, added 850
Progress: resolved 851, reused 0, downloaded 851, added 851, done
.../node_modules/msw postinstall$ node -e "import('./config/scripts/postinstall.js').catch(() => void 0)"
.../node_modules/unrs-resolver postinstall$ node postinstall.js
.../esbuild@0.25.12/node_modules/esbuild postinstall$ node install.js
.../node_modules/msw postinstall: Done
.../esbuild@0.25.12/node_modules/esbuild postinstall: Done
.../node_modules/unrs-resolver postinstall: Done

devDependencies:
+ @commitlint/cli 21.2.2
+ @commitlint/config-conventional 21.2.2
+ @eslint/css 2.0.0
+ @eslint/js 9.39.5
+ @playwright/test 1.63.0
+ @size-limit/file 13.0.3
+ @types/node 24.13.3
+ eslint 9.39.5
+ eslint-import-resolver-typescript 4.4.5
+ eslint-plugin-import 2.32.0
+ eslint-plugin-jsx-a11y 6.10.2
+ eslint-plugin-react 7.37.5
+ eslint-plugin-react-hooks 7.1.1
+ globals 17.12.0
+ husky 9.1.7
+ i18next-parser 9.4.0
+ lint-staged 17.5.0
+ msw 2.15.0
+ prettier 3.9.6
+ size-limit 13.0.3
+ turbo 2.10.12
+ typescript 5.9.3
+ typescript-eslint 8.69.0

. prepare$ node packages/config/scripts/prepare-husky.mjs
. prepare: .git can't be found
. prepare: Done
Done in 21.1s using pnpm v9.15.9
[WebServer] (node:134) [DEP0169] DeprecationWarning: `url.parse()` behavior is not standardized and prone to errors that have security implications. Use the WHATWG URL API instead. CVEs are not issued for `url.parse()` vulnerabilities.
[WebServer] (Use `node --trace-deprecation ...` to show where the warning was created)

[WebServer] (node:214) [DEP0169] DeprecationWarning: `url.parse()` behavior is not standardized and prone to errors that have security implications. Use the WHATWG URL API instead. CVEs are not issued for `url.parse()` vulnerabilities.
[WebServer] (Use `node --trace-deprecation ...` to show where the warning was created)

[WebServer] (node:312) [DEP0169] DeprecationWarning: `url.parse()` behavior is not standardized and prone to errors that have security implications. Use the WHATWG URL API instead. CVEs are not issued for `url.parse()` vulnerabilities.
[WebServer] (Use `node --trace-deprecation ...` to show where the warning was created)


Running 10 tests using 1 worker

[1/10] e2e/core/e5-core.spec.ts:866:5 › E5-W04 step 2 · the automatic processes off, POST /test/clock to demoNow, and the parameters the flows read
[2/10] e2e/core/e5-core.spec.ts:934:7 › week 0 at demoNow › T-08-40 (a)(b) · 03 and 04 from the seed, a booking inside the 30 s hold, an in-time and a late cancellation
[3/10] e2e/core/e5-core.spec.ts:1046:7 › week 0 at demoNow › T-08-40 (c) · 06 swaps the week's booking in one step; without a swappable one, 29
[4/10] e2e/core/e5-core.spec.ts:1167:7 › week 0 at demoNow › T-08-40 (d) · ALL_AT_ONCE: join a full class, a seat released more than 30 min ahead, NOTIFIED, claim
[5/10] e2e/core/e5-core.spec.ts:1297:7 › week 0 at demoNow › T-08-40 (g) · the same flows in es: (a) a booking inside the hold, on 03; (d) a waiting entry, gone from 04 and on 03, claimed
[6/10] e2e/core/e5-core.spec.ts:1392:7 › week 0 at demoNow › T-09-40 (e) · 08 counts 3/week in the day+3 window with «Qualsevol»; 24 blocks a ring, never over bookings
[7/10] e2e/core/e5-core.spec.ts:1684:7 › week 0 at demoNow › E5-W04 step 5 · the core's statuses for JOB_UNKNOWN, SLOT_NOT_ON_GRID, DOG_ALREADY_BOOKED and OVERRIDE_NOT_ALLOWED
[8/10] e2e/core/e5-core.spec.ts:1758:7 › week 0 at demoNow › T-15-32/T-15-33 (f) · D11 simulates (nothing changes) and runs the risk review; D1 reports it; P9 by its run
[9/10] e2e/core/e5-core.spec.ts:1889:5 › R-09-05 · 08 counts by session date: on Sunday the day+3 window reaches the next week, and a Monday booking moves only Monday's counter
[10/10] e2e/core/e5-core.spec.ts:1964:5 › R-15-11 (f) · P1 with the clock advanced: NOT_YET_OPEN before Sunday 20:00, BOOKABLE by the clock at 20:01, and [Executa ara] opens the week
  10 passed (27.6s)
