
 RUN  v5.0.0 /Users/jordib/dev/agilityhub/agilityhub-core-web/packages/api-client

 ❯ src/mocks/backoffice-handlers.test.ts (28 tests | 6 failed | 21 skipped) 327ms
   ↓ E5-W03 step 8 · S15 processes (GET /jobs, trigger, switch, runs) answer like the api (4)
     ↓ T-15-32 lists the processes whose module is on: 10 in the full club, 9 in the Cànic, 8 in the club mínim
     ↓ R-15-08 [Simula] answers the plan (WOULD_*), [Executa ara] the run; both are a JobRun and the history shows them
     ↓ R-15-09 refuses an INSTRUCTOR and an impersonation token; JOB_UNKNOWN and MODULE_DISABLED are 404; a running process is 409
     ↓ R-15-09 the switch answers {name, enabled} and GET /jobs reflects it; a disabled process still runs by hand
   ↓ E5-W03 step 8 · S15 §6 form A (GET /risk-review) (2)
     ↓ T-15-33 sends the four statuses of the spec's example on the club's today; riskReviewEmpty sends none; MEMBER → 403
     ↓ E5-W03 round 2 · review #5: on the example day each item is a calendar class of its day, and its registrants are the notified ones
   ✓ E5-W05 step 15 · the risk review's rows are classes of the calendar world on any day (5)
     ↓ E5-W05 step 15: on S15's example day (dl 10 at 8:12) each row is a class of its week in the state its status implies, and the WILL_CANCEL class is still active
     ↓ E5-W05 step 15: on dt 11-08 at 9:00, the day after the example each row is a class of its week in the state its status implies
     ↓ E5-W05 step 15: on dc 23-09 at 10:00, after that day's review each row is a class of its week in the state its status implies
     ↓ E5-W05 step 15: on dl 21-09 at 12:00, a Monday after its review (Wednesday's «Cadells» ahead) each row is a class of its week in the state its status implies
     ✓ E5-W05 round 2 #12: on dg 27-09 at 12:00, the review's probe day, the form has no row because no active class falls in its window: the week ahead is still a draft 56ms
   ↓ E5-W05 step 16 · the back-office mock finds classes and waiting entries in the caller's club only (1)
     ↓ E5-W05 step 16: an ADMIN of another club cannot cancel the entry (404), nor read the class's registrants and waiting list, nor see its classes in the risk review
   ↓ E5-W03 step 8 · S08 staff reads (registrants, waiting list, GET /bookings) (3)
     ↓ answers the D4 class's 4 bookings (+ 1 late cancellation) and its 2 waiting entries; R-08-16 removal, then WAITLIST_ENTRY_NOT_LIVE
     ↓ E5-W03 round 2 · review #7: a removal checks WAITLIST, the role and the entry's owner; an impersonation never reaches another member's entry
     ↓ T-08-47 GET /bookings filters by member, refuses an undeclared filter (400 INVALID_FILTER) and a MEMBER (403)
   ↓ E5-W03 step 8 · S09 ring-usage register (GET /training-bookings, GET /ring-blocks) (2)
     ↓ T-09-27 lists the week's training bookings for the staff (MEMBER 403, FREE_TRAINING off 404) and exports only for ADMIN
     ↓ T-09-30 redacts the blocks for a MEMBER, refuses him `note`, and keeps the activity's block and a cancelled one from being cancelled
   ↓ E5-W05 step 7 · the staff lists' bookingWeekKey follows R-08-01 (the opening's hour) (1)
     ↓ E5-W05 step 7: Duna's class of Sunday 2 at 20:00 (mockup 06's done class) belongs to the week that opens then, 2026-08-02, as Monday 3's does
   ❯ E5-W05 step 5 · complete filter values (CONVENCIONS_API §4) and the lists' search (E75) (5)
     ↓ E5-W05 step 5: registerMany has more than 1000 training bookings; «Nil Fictici Soler» is not in the first 1000, and GET /training-bookings/filter-values counts him over the whole set
     ↓ E5-W05 step 5: GET /ring-blocks/filter-values counts every block, «Cadells» (only after row 1000) included, labelled with the ring's name
     ↓ E5-W05 step 5: GET /bookings/filter-values counts the member's classes by state; GET /bookings has no search (a non-blank q is INVALID_FILTER, E75)
     ↓ E5-W05 step 5: a ring block's search reads its ring's name and, for staff, its note (S09 §2, E75)
     × E5-W05 round 2 #4: an ADMIN of another club (adminOtherClub) finds no booking, training booking or ring block of this club, and no filter value: the tenant comes from the JWT 126ms
   ❯ E5-W05 round 2 · the staff registrants' level is the dog's own, and follows levels.enabled (S08 §6) (1)
     × E5-W05 round 2 #3: GET /class-sessions/{id}/bookings sends each dog's own level (Duna «C», Chun-li «A», Nass «B», Fish «B», Thai «E»), and null in a club with levels.enabled = false 27ms
   ❯ E5-W05 round 2 · the jobs mock reads its parameters (S15 R-15-01, R-15-12) (4)
     × E5-W05 round 2 #11d: no-show-notices runs at messaging.noShowNoticeTime (08:00): its schedule, its runs and its next run; a saved change moves the schedule and the next run 27ms
     × E5-W05 round 2 #14: nextScheduledForLocal follows jobs.dailyTime, classes.riskReviewTime and bookings.weekOpensAt, as schedule.localTime does 25ms
     × E5-W05 round 2 #14: the risk review reads classes.minDogs, as D4's risk mark does: with minDogs = 1 the class with one dog is at risk in neither D1 nor D4 37ms
     × E5-W05 round 2 #14: with the risk review switched off, no active class names notified members (no review ran); a class it cancelled keeps the ones it notified 28ms

 Test Files  1 failed (1)
      Tests  6 failed | 1 passed | 21 skipped (28)
   Start at  00:58:23
   Duration  934ms (tests 38%, transform 37%, import 25%)

TAP version 13
1..28
ok 1 - src/mocks/backoffice-handlers.test.ts > E5-W03 step 8 · S15 processes (GET /jobs, trigger, switch, runs) answer like the api > T-15-32 lists the processes whose module is on: 10 in the full club, 9 in the Cànic, 8 in the club mínim # SKIP
ok 2 - src/mocks/backoffice-handlers.test.ts > E5-W03 step 8 · S15 processes (GET /jobs, trigger, switch, runs) answer like the api > R-15-08 [Simula] answers the plan (WOULD_*), [Executa ara] the run; both are a JobRun and the history shows them # SKIP
ok 3 - src/mocks/backoffice-handlers.test.ts > E5-W03 step 8 · S15 processes (GET /jobs, trigger, switch, runs) answer like the api > R-15-09 refuses an INSTRUCTOR and an impersonation token; JOB_UNKNOWN and MODULE_DISABLED are 404; a running process is 409 # SKIP
ok 4 - src/mocks/backoffice-handlers.test.ts > E5-W03 step 8 · S15 processes (GET /jobs, trigger, switch, runs) answer like the api > R-15-09 the switch answers {name, enabled} and GET /jobs reflects it; a disabled process still runs by hand # SKIP
ok 5 - src/mocks/backoffice-handlers.test.ts > E5-W03 step 8 · S15 §6 form A (GET /risk-review) > T-15-33 sends the four statuses of the spec's example on the club's today; riskReviewEmpty sends none; MEMBER → 403 # SKIP
ok 6 - src/mocks/backoffice-handlers.test.ts > E5-W03 step 8 · S15 §6 form A (GET /risk-review) > E5-W03 round 2 · review \#5: on the example day each item is a calendar class of its day, and its registrants are the notified ones # SKIP
ok 7 - src/mocks/backoffice-handlers.test.ts > E5-W05 step 15 · the risk review's rows are classes of the calendar world on any day > E5-W05 step 15: on S15's example day (dl 10 at 8:12) each row is a class of its week in the state its status implies, and the WILL_CANCEL class is still active # SKIP
ok 8 - src/mocks/backoffice-handlers.test.ts > E5-W05 step 15 · the risk review's rows are classes of the calendar world on any day > E5-W05 step 15: on dt 11-08 at 9:00, the day after the example each row is a class of its week in the state its status implies # SKIP
ok 9 - src/mocks/backoffice-handlers.test.ts > E5-W05 step 15 · the risk review's rows are classes of the calendar world on any day > E5-W05 step 15: on dc 23-09 at 10:00, after that day's review each row is a class of its week in the state its status implies # SKIP
ok 10 - src/mocks/backoffice-handlers.test.ts > E5-W05 step 15 · the risk review's rows are classes of the calendar world on any day > E5-W05 step 15: on dl 21-09 at 12:00, a Monday after its review (Wednesday's «Cadells» ahead) each row is a class of its week in the state its status implies # SKIP
ok 11 - src/mocks/backoffice-handlers.test.ts > E5-W05 step 15 · the risk review's rows are classes of the calendar world on any day > E5-W05 round 2 \#12: on dg 27-09 at 12:00, the review's probe day, the form has no row because no active class falls in its window: the week ahead is still a draft # time=55.83ms
ok 12 - src/mocks/backoffice-handlers.test.ts > E5-W05 step 16 · the back-office mock finds classes and waiting entries in the caller's club only > E5-W05 step 16: an ADMIN of another club cannot cancel the entry (404), nor read the class's registrants and waiting list, nor see its classes in the risk review # SKIP
ok 13 - src/mocks/backoffice-handlers.test.ts > E5-W03 step 8 · S08 staff reads (registrants, waiting list, GET /bookings) > answers the D4 class's 4 bookings (+ 1 late cancellation) and its 2 waiting entries; R-08-16 removal, then WAITLIST_ENTRY_NOT_LIVE # SKIP
ok 14 - src/mocks/backoffice-handlers.test.ts > E5-W03 step 8 · S08 staff reads (registrants, waiting list, GET /bookings) > E5-W03 round 2 · review \#7: a removal checks WAITLIST, the role and the entry's owner; an impersonation never reaches another member's entry # SKIP
ok 15 - src/mocks/backoffice-handlers.test.ts > E5-W03 step 8 · S08 staff reads (registrants, waiting list, GET /bookings) > T-08-47 GET /bookings filters by member, refuses an undeclared filter (400 INVALID_FILTER) and a MEMBER (403) # SKIP
ok 16 - src/mocks/backoffice-handlers.test.ts > E5-W03 step 8 · S09 ring-usage register (GET /training-bookings, GET /ring-blocks) > T-09-27 lists the week's training bookings for the staff (MEMBER 403, FREE_TRAINING off 404) and exports only for ADMIN # SKIP
ok 17 - src/mocks/backoffice-handlers.test.ts > E5-W03 step 8 · S09 ring-usage register (GET /training-bookings, GET /ring-blocks) > T-09-30 redacts the blocks for a MEMBER, refuses him `note`, and keeps the activity's block and a cancelled one from being cancelled # SKIP
ok 18 - src/mocks/backoffice-handlers.test.ts > E5-W05 step 7 · the staff lists' bookingWeekKey follows R-08-01 (the opening's hour) > E5-W05 step 7: Duna's class of Sunday 2 at 20:00 (mockup 06's done class) belongs to the week that opens then, 2026-08-02, as Monday 3's does # SKIP
ok 19 - src/mocks/backoffice-handlers.test.ts > E5-W05 step 5 · complete filter values (CONVENCIONS_API §4) and the lists' search (E75) > E5-W05 step 5: registerMany has more than 1000 training bookings; «Nil Fictici Soler» is not in the first 1000, and GET /training-bookings/filter-values counts him over the whole set # SKIP
ok 20 - src/mocks/backoffice-handlers.test.ts > E5-W05 step 5 · complete filter values (CONVENCIONS_API §4) and the lists' search (E75) > E5-W05 step 5: GET /ring-blocks/filter-values counts every block, «Cadells» (only after row 1000) included, labelled with the ring's name # SKIP
ok 21 - src/mocks/backoffice-handlers.test.ts > E5-W05 step 5 · complete filter values (CONVENCIONS_API §4) and the lists' search (E75) > E5-W05 step 5: GET /bookings/filter-values counts the member's classes by state; GET /bookings has no search (a non-blank q is INVALID_FILTER, E75) # SKIP
ok 22 - src/mocks/backoffice-handlers.test.ts > E5-W05 step 5 · complete filter values (CONVENCIONS_API §4) and the lists' search (E75) > E5-W05 step 5: a ring block's search reads its ring's name and, for staff, its note (S09 §2, E75) # SKIP
not ok 23 - src/mocks/backoffice-handlers.test.ts > E5-W05 step 5 · complete filter values (CONVENCIONS_API §4) and the lists' search (E75) > E5-W05 round 2 \#4: an ADMIN of another club (adminOtherClub) finds no booking, training booking or ring block of this club, and no filter value: the tenant comes from the JWT # time=125.71ms
    ---
    error:
        name: "AssertionError"
        message: "/bookings: expected [ 200, …(2) ] to deeply equal [ 200, [], +0 ]"
    at: "/Users/jordib/dev/agilityhub/agilityhub-core-web/packages/api-client/src/mocks/backoffice-handlers.test.ts:737:77"
    actual: "[
  200,
  [
    {
      \"bookedAt\": \"2026-07-30T18:14:00Z\",
      \"bookingWeekKey\": \"2026-08-02\",
      \"classDescription\": \"B+C\",
      \"classSessionId\": \"class-2026-08-03-1850\",
      \"classStartsAt\": \"2026-08-03T16:50:00Z\",
      \"dogId\": \"dog-duna\",
      \"dogName\": \"Duna\",
      \"id\": \"booking-duna-mon3\",
      \"late\": null,
      \"memberId\": \"member-laura\",
      \"memberName\": \"Laura\",
      \"origin\": \"APP\",
      \"ringColor\": \"#8FCE8F\",
      \"ringId\": \"ring-central\",
      \"ringName\": \"Central\",
      \"state\": \"ACTIVE\",
    },
    {
      \"bookedAt\": \"2026-07-31T07:40:00Z\",
      \"bookingWeekKey\": \"2026-08-09\",
      \"classDescription\": \"D i sup.\",
      \"classSessionId\": \"class-2026-08-10-1900\",
      \"classStartsAt\": \"2026-08-10T17:00:00Z\",
      \"dogId\": \"dog-rock\",
      \"dogName\": \"Rock\",
      \"id\": \"booking-rock-mon10\",
      \"late\": null,
      \"memberId\": \"member-laura\",
      \"memberName\": \"Laura\",
      \"origin\": \"APP\",
      \"ringColor\": \"#F2B58C\",
      \"ringId\": \"ring-muntanya\",
      \"ringName\": \"Muntanya\",
      \"state\": \"ACTIVE\",
    },
    {
      \"bookedAt\": \"2026-08-07T06:30:00.000Z\",
      \"bookingWeekKey\": \"2026-08-09\",
      \"classDescription\": \"A+B\",
      \"classSessionId\": \"cls-2026-08-10-0830-0\",
      \"classStartsAt\": \"2026-08-10T06:30:00Z\",
      \"dogId\": \"dog-mixa\",
      \"dogName\": \"Mixa\",
      \"id\": \"cb-cls-2026-08-10-0830-0-0\",
      \"late\": null,
      \"memberId\": \"member-jana\",
      \"memberName\": \"Jana\",
      \"origin\": \"APP\",
      \"ringColor\": \"#8FCE8F\",
      \"ringId\": \"ring-central\",
      \"ringName\": \"Central\",
      \"state\": \"ACTIVE\",
    },
    {
      \"bookedAt\": \"2026-08-07T01:30:00.000Z\",
      \"bookingWeekKey\": \"2026-08-09\",
      \"classDescription\": \"A+B\",
      \"classSessionId\": \"cls-2026-08-10-0830-0\",
      \"classStartsAt\": \"2026-08-10T06:30:00Z\",
      \"dogId\": \"dog-bruc\",
      \"dogName\": \"Bruc\",
      \"id\": \"cb-cls-2026-08-10-0830-0-1\",
      \"late\": null,
      \"memberId\": \"member-pol\",
      \"memberName\": \"Pol\",
      \"origin\": \"BACKOFFICE\",
      \"ringColor\": \"#8FCE8F\",
      \"ringId\": \"ring-central\",
      \"ringName\": \"Central\",
      \"state\": \"ACTIVE\",
    },
    {
      \"bookedAt\": \"2026-08-06T20:30:00.000Z\",
      \"bookingWeekKey\": \"2026-08-09\",
      \"classDescription\": \"A+B\",
      \"classSessionId\": \"cls-2026-08-10-0830-0\",
      \"classStartsAt\": \"2026-08-10T06:30:00Z\",
      \"dogId\": \"dog-nala\",
      \"dogName\": \"Nala\",
      \"id\": \"cb-cls-2026-08-10-0830-0-2\",
      \"late\": null,
      \"memberId\": \"member-carla\",
      \"memberName\": \"Carla\",
      \"origin\": \"APP\",
      \"ringColor\": \"#8FCE8F\",
      \"ringId\": \"ring-central\",
      \"ringName\": \"Central\",
      \"state\": \"ACTIVE\",
    },
    {
      \"bookedAt\": \"2026-08-06T15:30:00.000Z\",
      \"bookingWeekKey\": \"2026-08-09\",
      \"classDescription\": \"A+B\",
      \"classSessionId\": \"cls-2026-08-10-0830-0\",
      \"classStartsAt\": \"2026-08-10T06:30:00Z\",
      \"dogId\": \"dog-kai\",
      \"dogName\": \"Kai\",
      \"id\": \"cb-cls-2026-08-10-0830-0-3\",
      \"late\": null,
      \"memberId\": \"member-irene\",
      \"memberName\": \"Irene\",
      \"origin\": \"APP\",
      \"ringColor\": \"#8FCE8F\",
      \"ringId\": \"ring-central\",
      \"ringName\": \"Central\",
      \"state\": \"ACTIVE\",
    },
    {
      \"bookedAt\": \"2026-08-07T06:30:00.000Z\",
      \"bookingWeekKey\": \"2026-08-09\",
      \"classDescription\": \"C i sup.\",
      \"classSessionId\": \"cls-2026-08-10-0830-1\",
      \"classStartsAt\": \"2026-08-10T06:30:00Z\",
      \"dogId\": \"dog-bitxo\",
      \"dogName\": \"Bitxo\",
      \"id\": \"cb-cls-2026-08-10-0830-1-0\",
      \"late\": null,
      \"memberId\": \"member-marti\",
      \"memberName\": \"Martí\",
      \"origin\": \"APP\",
      \"ringColor\": \"#F2B58C\",
      \"ringId\": \"ring-muntanya\",
      \"ringName\": \"Muntanya\",
      \"state\": \"ACTIVE\",
    },
    {
      \"bookedAt\": \"2026-08-07T01:30:00.000Z\",
      \"bookingWeekKey\": \"2026-08-09\",
      \"classDescription\": \"C i sup.\",
      \"classSessionId\": \"cls-2026-08-10-0830-1\",
      \"classStartsAt\": \"2026-08-10T06:30:00Z\",
      \"dogId\": \"dog-duna\",
      \"dogName\": \"Duna\",
      \"id\": \"cb-cls-2026-08-10-0830-1-1\",
      \"late\": null,
      \"memberId\": \"member-laura\",
      \"memberName\": \"Laura\",
      \"origin\": \"BACKOFFICE\",
      \"ringColor\": \"#F2B58C\",
      \"ringId\": \"ring-muntanya\",
      \"ringName\": \"Muntanya\",
      \"state\": \"ACTIVE\",
    },
    {
      \"bookedAt\": \"2026-08-06T20:30:00.000Z\",
      \"bookingWeekKey\": \"2026-08-09\",
      \"classDescription\": \"C i sup.\",
      \"classSessionId\": \"cls-2026-08-10-0830-1\",
      \"classStartsAt\": \"2026-08-10T06:30:00Z\",
      \"dogId\": \"dog-chun-li\",
      \"dogName\": \"Chun-li\",
      \"id\": \"cb-cls-2026-08-10-0830-1-2\",
      \"late\": null,
      \"memberId\": \"member-marc\",
      \"memberName\": \"Marc\",
      \"origin\": \"APP\",
      \"ringColor\": \"#F2B58C\",
      \"ringId\": \"ring-muntanya\",
      \"ringName\": \"Muntanya\",
      \"state\": \"ACTIVE\",
    },
    {
      \"bookedAt\": \"2026-08-07T15:40:00.000Z\",
      \"bookingWeekKey\": \"2026-08-09\",
      \"classDescription\": \"Teràpia\",
      \"classSessionId\": \"cls-2026-08-10-1740-0\",
      \"classStartsAt\": \"2026-08-10T15:40:00Z\",
      \"dogId\": \"dog-fish\",
      \"dogName\": \"Fish\",
      \"id\": \"cb-cls-2026-08-10-1740-0-0\",
      \"late\": null,
      \"memberId\": \"member-eva\",
      \"memberName\": \"Eva\",
      \"origin\": \"APP\",
      \"ringColor\": \"#85B8E8\",
      \"ringId\": \"ring-petita\",
      \"ringName\": \"Petita\",
      \"state\": \"ACTIVE\",
    },
    {
      \"bookedAt\": \"2026-08-07T16:50:00.000Z\",
      \"bookingWeekKey\": \"2026-08-09\",
      \"classDescription\": \"B+C\",
      \"classSessionId\": \"cls-2026-08-10-1850-0\",
      \"classStartsAt\": \"2026-08-10T16:50:00Z\",
      \"dogId\": \"dog-duna\",
      \"dogName\": \"Duna\",
      \"id\": \"cb-cls-2026-08-10-1850-0-0\",
      \"late\": null,
      \"memberId\": \"member-laura\",
      \"memberName\": \"Laura\",
      \"origin\": \"APP\",
      \"ringColor\": \"#8FCE8F\",
      \"ringId\": \"ring-central\",
      \"ringName\": \"Central\",
      \"state\": \"ACTIVE\",
    },
    {
      \"bookedAt\": \"2026-08-07T11:50:00.000Z\",
      \"bookingWeekKey\": \"2026-08-09\",
      \"classDescription\": \"B+C\",
      \"classSessionId\": \"cls-2026-08-10-1850-0\",
      \"classStartsAt\": \"2026-08-10T16:50:00Z\",
      \"dogId\": \"dog-chun-li\",
      \"dogName\": \"Chun-li\",
      \"id\": \"cb-cls-2026-08-10-1850-0-1\",
      \"late\": null,
      \"memberId\": \"member-marc\",
      \"memberName\": \"Marc\",
      \"origin\": \"BACKOFFICE\",
      \"ringColor\": \"#8FCE8F\",
      \"ringId\": \"ring-central\",
      \"ringName\": \"Central\",
      \"state\": \"ACTIVE\",
    },
    {
      \"bookedAt\": \"2026-08-07T06:50:00.000Z\",
      \"bookingWeekKey\": \"2026-08-09\",
      \"classDescription\": \"B+C\",
      \"classSessionId\": \"cls-2026-08-10-1850-0\",
      \"classStartsAt\": \"2026-08-10T16:50:00Z\",
      \"dogId\": \"dog-nass\",
      \"dogName\": \"Nass\",
      \"id\": \"cb-cls-2026-08-10-1850-0-2\",
      \"late\": null,
      \"memberId\": \"member-anna\",
      \"memberName\": \"Anna\",
      \"origin\": \"APP\",
      \"ringColor\": \"#8FCE8F\",
      \"ringId\": \"ring-central\",
      \"ringName\": \"Central\",
      \"state\": \"ACTIVE\",
    },
    {
      \"bookedAt\": \"2026-08-07T01:50:00.000Z\",
      \"bookingWeekKey\": \"2026-08-09\",
      \"classDescription\": \"B+C\",
      \"classSessionId\": \"cls-2026-08-10-1850-0\",
      \"classStartsAt\": \"2026-08-10T16:50:00Z\",
      \"dogId\": \"dog-fish\",
      \"dogName\": \"Fish\",
      \"id\": \"cb-cls-2026-08-10-1850-0-3\",
      \"late\": null,
      \"memberId\": \"member-eva\",
      \"memberName\": \"Eva\",
      \"origin\": \"APP\",
      \"ringColor\": \"#8FCE8F\",
      \"ringId\": \"ring-central\",
      \"ringName\": \"Central\",
      \"state\": \"ACTIVE\",
    },
    {
      \"bookedAt\": \"2026-08-06T20:50:00.000Z\",
      \"bookingWeekKey\": \"2026-08-09\",
      \"classDescription\": \"B+C\",
      \"classSessionId\": \"cls-2026-08-10-1850-0\",
      \"classStartsAt\": \"2026-08-10T16:50:00Z\",
      \"dogId\": \"dog-blat\",
      \"dogName\": \"Blat\",
      \"id\": \"cb-cls-2026-08-10-1850-0-4\",
      \"late\": null,
      \"memberId\": \"member-pau\",
      \"memberName\": \"Pau\",
      \"origin\": \"APP\",
      \"ringColor\": \"#8FCE8F\",
      \"ringId\": \"ring-central\",
      \"ringName\": \"Central\",
      \"state\": \"ACTIVE\",
    },
    {
      \"bookedAt\": \"2026-08-06T15:50:00.000Z\",
      \"bookingWeekKey\": \"2026-08-09\",
      \"classDescription\": \"B+C\",
      \"classSessionId\": \"cls-2026-08-10-1850-0\",
      \"classStartsAt\": \"2026-08-10T16:50:00Z\",
      \"dogId\": \"dog-thai\",
      \"dogName\": \"Thai\",
      \"id\": \"cb-cls-2026-08-10-1850-0-5\",
      \"late\": true,
      \"memberId\": \"member-sergio\",
      \"memberName\": \"Sergio\",
      \"origin\": \"APP\",
      \"ringColor\": \"#8FCE8F\",
      \"ringId\": \"ring-central\",
      \"ringName\": \"Central\",
      \"state\": \"CANCELLED_LATE\",
    },
    {
      \"bookedAt\": \"2026-08-07T16:50:00.000Z\",
      \"bookingWeekKey\": \"2026-08-09\",
      \"classDescription\": \"Cadells\",
      \"classSessionId\": \"cls-2026-08-10-1850-1\",
      \"classStartsAt\": \"2026-08-10T16:50:00Z\",
      \"dogId\": \"dog-trevi\",
      \"dogName\": \"Trevi\",
      \"id\": \"cb-cls-2026-08-10-1850-1-0\",
      \"late\": null,
      \"memberId\": \"member-clara\",
      \"memberName\": \"Clara\",
      \"origin\": \"APP\",
      \"ringColor\": \"#F5D67A\",
      \"ringId\": \"ring-cadells\",
      \"ringName\": \"Cadells\",
      \"state\": \"ACTIVE\",
    },
    {
      \"bookedAt\": \"2026-08-07T11:50:00.000Z\",
      \"bookingWeekKey\": \"2026-08-09\",
      \"classDescription\": \"Cadells\",
      \"classSessionId\": \"cls-2026-08-10-1850-1\",
      \"classStartsAt\": \"2026-08-10T16:50:00Z\",
      \"dogId\": \"dog-mixa\",
      \"dogName\": \"Mixa\",
      \"id\": \"cb-cls-2026-08-10-1850-1-1\",
      \"late\": null,
      \"memberId\": \"member-jana\",
      \"memberName\": \"Jana\",
      \"origin\": \"BACKOFFICE\",
      \"ringColor\": \"#F5D67A\",
      \"ringId\": \"ring-cadells\",
      \"ringName\": \"Cadells\",
      \"state\": \"ACTIVE\",
    },
    {
      \"bookedAt\": \"2026-08-07T06:50:00.000Z\",
      \"bookingWeekKey\": \"2026-08-09\",
      \"classDescription\": \"Cadells\",
      \"classSessionId\": \"cls-2026-08-10-1850-1\",
      \"classStartsAt\": \"2026-08-10T16:50:00Z\",
      \"dogId\": \"dog-thai\",
      \"dogName\": \"Thai\",
      \"id\": \"cb-cls-2026-08-10-1850-1-2\",
      \"late\": true,
      \"memberId\": \"member-sergio\",
      \"memberName\": \"Sergio\",
      \"origin\": \"APP\",
      \"ringColor\": \"#F5D67A\",
      \"ringId\": \"ring-cadells\",
      \"ringName\": \"Cadells\",
      \"state\": \"CANCELLED_LATE\",
    },
    {
      \"bookedAt\": \"2026-08-08T15:40:00.000Z\",
      \"bookingWeekKey\": \"2026-08-09\",
      \"classDescription\": \"D+E\",
      \"classSessionId\": \"cls-2026-08-11-1740-0\",
      \"classStartsAt\": \"2026-08-11T15:40:00Z\",
      \"dogId\": \"dog-fish\",
      \"dogName\": \"Fish\",
      \"id\": \"cb-cls-2026-08-11-1740-0-0\",
      \"late\": null,
      \"memberId\": \"member-eva\",
      \"memberName\": \"Eva\",
      \"origin\": \"APP\",
      \"ringColor\": \"#C9CDD3\",
      \"ringId\": \"ring-carretera\",
      \"ringName\": \"Carretera\",
      \"state\": \"ACTIVE\",
    },
    {
      \"bookedAt\": \"2026-08-08T10:40:00.000Z\",
      \"bookingWeekKey\": \"2026-08-09\",
      \"classDescription\": \"D+E\",
      \"classSessionId\": \"cls-2026-08-11-1740-0\",
      \"classStartsAt\": \"2026-08-11T15:40:00Z\",
      \"dogId\": \"dog-blat\",
      \"dogName\": \"Blat\",
      \"id\": \"cb-cls-2026-08-11-1740-0-1\",
      \"late\": null,
      \"memberId\": \"member-pau\",
      \"memberName\": \"Pau\",
      \"origin\": \"BACKOFFICE\",
      \"ringColor\": \"#C9CDD3\",
      \"ringId\": \"ring-carretera\",
      \"ringName\": \"Carretera\",
      \"state\": \"ACTIVE\",
    },
    {
      \"bookedAt\": \"2026-08-08T05:40:00.000Z\",
      \"bookingWeekKey\": \"2026-08-09\",
      \"classDescription\": \"D+E\",
      \"classSessionId\": \"cls-2026-08-11-1740-0\",
      \"classStartsAt\": \"2026-08-11T15:40:00Z\",
      \"dogId\": \"dog-trevi\",
      \"dogName\": \"Trevi\",
      \"id\": \"cb-cls-2026-08-11-1740-0-2\",
      \"late\": null,
      \"memberId\": \"member-clara\",
      \"memberName\": \"Clara\",
      \"origin\": \"APP\",
      \"ringColor\": \"#C9CDD3\",
      \"ringId\": \"ring-carretera\",
      \"ringName\": \"Carretera\",
      \"state\": \"ACTIVE\",
    },
    {
      \"bookedAt\": \"2026-08-08T00:40:00.000Z\",
      \"bookingWeekKey\": \"2026-08-09\",
      \"classDescription\": \"D+E\",
      \"classSessionId\": \"cls-2026-08-11-1740-0\",
      \"classStartsAt\": \"2026-08-11T15:40:00Z\",
      \"dogId\": \"dog-mixa\",
      \"dogName\": \"Mixa\",
      \"id\": \"cb-cls-2026-08-11-1740-0-3\",
      \"late\": null,
      \"memberId\": \"member-jana\",
      \"memberName\": \"Jana\",
      \"origin\": \"APP\",
      \"ringColor\": \"#C9CDD3\",
      \"ringId\": \"ring-carretera\",
      \"ringName\": \"Carretera\",
      \"state\": \"ACTIVE\",
    },
    {
      \"bookedAt\": \"2026-08-08T16:50:00.000Z\",
      \"bookingWeekKey\": \"2026-08-09\",
      \"classDescription\": \"A+B\",
      \"classSessionId\": \"cls-2026-08-11-1850-0\",
      \"classStartsAt\": \"2026-08-11T16:50:00Z\",
      \"dogId\": \"dog-duna\",
      \"dogName\": \"Duna\",
      \"id\": \"cb-cls-2026-08-11-1850-0-0\",
      \"late\": null,
      \"memberId\": \"member-laura\",
      \"memberName\": \"Laura\",
      \"origin\": \"APP\",
      \"ringColor\": \"#8FCE8F\",
      \"ringId\": \"ring-central\",
      \"ringName\": \"Central\",
      \"state\": \"ACTIVE\",
    },
    {
      \"bookedAt\": \"2026-08-08T11:50:00.000Z\",
      \"bookingWeekKey\": \"2026-08-09\",
      \"classDescription\": \"A+B\",
      \"classSessionId\": \"cls-2026-08-11-1850-0\",
      \"classStartsAt\": \"2026-08-11T16:50:00Z\",
      \"dogId\": \"dog-chun-li\",
      \"dogName\": \"Chun-li\",
      \"id\": \"cb-cls-2026-08-11-1850-0-1\",
      \"late\": null,
      \"memberId\": \"member-marc\",
      \"memberName\": \"Marc\",
      \"origin\": \"BACKOFFICE\",
      \"ringColor\": \"#8FCE8F\",
      \"ringId\": \"ring-central\",
      \"ringName\": \"Central\",
      \"state\": \"ACTIVE\",
    },
    {
      \"bookedAt\": \"2026-08-08T06:50:00.000Z\",
      \"bookingWeekKey\": \"2026-08-09\",
      \"classDescription\": \"A+B\",
      \"classSessionId\": \"cls-2026-08-11-1850-0\",
      \"classStartsAt\": \"2026-08-11T16:50:00Z\",
      \"dogId\": \"dog-nass\",
      \"dogName\": \"Nass\",
      \"id\": \"cb-cls-2026-08-11-1850-0-2\",
      \"late\": null,
      \"memberId\": \"member-anna\",
      \"memberName\": \"Anna\",
      \"origin\": \"APP\",
      \"ringColor\": \"#8FCE8F\",
      \"ringId\": \"ring-central\",
      \"ringName\": \"Central\",
      \"state\": \"ACTIVE\",
    },
    {
      \"bookedAt\": \"2026-08-08T01:50:00.000Z\",
      \"bookingWeekKey\": \"2026-08-09\",
      \"classDescription\": \"A+B\",
      \"classSessionId\": \"cls-2026-08-11-1850-0\",
      \"classStartsAt\": \"2026-08-11T16:50:00Z\",
      \"dogId\": \"dog-thai\",
      \"dogName\": \"Thai\",
      \"id\": \"cb-cls-2026-08-11-1850-0-3\",
      \"late\": true,
      \"memberId\": \"member-sergio\",
      \"memberName\": \"Sergio\",
      \"origin\": \"APP\",
      \"ringColor\": \"#8FCE8F\",
      \"ringId\": \"ring-central\",
      \"ringName\": \"Central\",
      \"state\": \"CANCELLED_LATE\",
    },
    {
      \"bookedAt\": \"2026-08-09T06:30:00.000Z\",
      \"bookingWeekKey\": \"2026-08-09\",
      \"classDescription\": \"A+B\",
      \"classSessionId\": \"cls-2026-08-12-0830-0\",
      \"classStartsAt\": \"2026-08-12T06:30:00Z\",
      \"dogId\": \"dog-mixa\",
      \"dogName\": \"Mixa\",
      \"id\": \"cb-cls-2026-08-12-0830-0-0\",
      \"late\": null,
      \"memberId\": \"member-jana\",
      \"memberName\": \"Jana\",
      \"origin\": \"APP\",
      \"ringColor\": \"#8FCE8F\",
      \"ringId\": \"ring-central\",
      \"ringName\": \"Central\",
      \"state\": \"ACTIVE\",
    },
    {
      \"bookedAt\": \"2026-08-09T01:30:00.000Z\",
      \"bookingWeekKey\": \"2026-08-09\",
      \"classDescription\": \"A+B\",
      \"classSessionId\": \"cls-2026-08-12-0830-0\",
      \"classStartsAt\": \"2026-08-12T06:30:00Z\",
      \"dogId\": \"dog-bruc\",
      \"dogName\": \"Bruc\",
      \"id\": \"cb-cls-2026-08-12-0830-0-1\",
      \"late\": null,
      \"memberId\": \"member-pol\",
      \"memberName\": \"Pol\",
      \"origin\": \"BACKOFFICE\",
      \"ringColor\": \"#8FCE8F\",
      \"ringId\": \"ring-central\",
      \"ringName\": \"Central\",
      \"state\": \"ACTIVE\",
    },
    {
      \"bookedAt\": \"2026-08-08T20:30:00.000Z\",
      \"bookingWeekKey\": \"2026-08-09\",
      \"classDescription\": \"A+B\",
      \"classSessionId\": \"cls-2026-08-12-0830-0\",
      \"classStartsAt\": \"2026-08-12T06:30:00Z\",
      \"dogId\": \"dog-nala\",
      \"dogName\": \"Nala\",
      \"id\": \"cb-cls-2026-08-12-0830-0-2\",
      \"late\": null,
      \"memberId\": \"member-carla\",
      \"memberName\": \"Carla\",
      \"origin\": \"APP\",
      \"ringColor\": \"#8FCE8F\",
      \"ringId\": \"ring-central\",
      \"ringName\": \"Central\",
      \"state\": \"ACTIVE\",
    },
    {
      \"bookedAt\": \"2026-08-08T15:30:00.000Z\",
      \"bookingWeekKey\": \"2026-08-09\",
      \"classDescription\": \"A+B\",
      \"classSessionId\": \"cls-2026-08-12-0830-0\",
      \"classStartsAt\": \"2026-08-12T06:30:00Z\",
      \"dogId\": \"dog-kai\",
      \"dogName\": \"Kai\",
      \"id\": \"cb-cls-2026-08-12-0830-0-3\",
      \"late\": null,
      \"memberId\": \"member-irene\",
      \"memberName\": \"Irene\",
      \"origin\": \"APP\",
      \"ringColor\": \"#8FCE8F\",
      \"ringId\": \"ring-central\",
      \"ringName\": \"Central\",
      \"state\": \"ACTIVE\",
    },
    {
      \"bookedAt\": \"2026-08-08T10:30:00.000Z\",
      \"bookingWeekKey\": \"2026-08-09\",
      \"classDescription\": \"A+B\",
      \"classSessionId\": \"cls-2026-08-12-0830-0\",
      \"classStartsAt\": \"2026-08-12T06:30:00Z\",
      \"dogId\": \"dog-coco\",
      \"dogName\": \"Coco\",
      \"id\": \"cb-cls-2026-08-12-0830-0-4\",
      \"late\": null,
      \"memberId\": \"member-nil\",
      \"memberName\": \"Nil\",
      \"origin\": \"APP\",
      \"ringColor\": \"#8FCE8F\",
      \"ringId\": \"ring-central\",
      \"ringName\": \"Central\",
      \"state\": \"ACTIVE\",
    },
    {
      \"bookedAt\": \"2026-08-09T06:30:00.000Z\",
      \"bookingWeekKey\": \"2026-08-09\",
      \"classDescription\": \"C i sup.\",
      \"classSessionId\": \"cls-2026-08-12-0830-1\",
      \"classStartsAt\": \"2026-08-12T06:30:00Z\",
      \"dogId\": \"dog-bitxo\",
      \"dogName\": \"Bitxo\",
      \"id\": \"cb-cls-2026-08-12-0830-1-0\",
      \"late\": null,
      \"memberId\": \"member-marti\",
      \"memberName\": \"Martí\",
      \"origin\": \"APP\",
      \"ringColor\": \"#F2B58C\",
      \"ringId\": \"ring-muntanya\",
      \"ringName\": \"Muntanya\",
      \"state\": \"ACTIVE\",
    },
    {
      \"bookedAt\": \"2026-08-09T01:30:00.000Z\",
      \"bookingWeekKey\": \"2026-08-09\",
      \"classDescription\": \"C i sup.\",
      \"classSessionId\": \"cls-2026-08-12-0830-1\",
      \"classStartsAt\": \"2026-08-12T06:30:00Z\",
      \"dogId\": \"dog-duna\",
      \"dogName\": \"Duna\",
      \"id\": \"cb-cls-2026-08-12-0830-1-1\",
      \"late\": null,
      \"memberId\": \"member-laura\",
      \"memberName\": \"Laura\",
      \"origin\": \"BACKOFFICE\",
      \"ringColor\": \"#F2B58C\",
      \"ringId\": \"ring-muntanya\",
      \"ringName\": \"Muntanya\",
      \"state\": \"ACTIVE\",
    },
    {
      \"bookedAt\": \"2026-08-08T20:30:00.000Z\",
      \"bookingWeekKey\": \"2026-08-09\",
      \"classDescription\": \"C i sup.\",
      \"classSessionId\": \"cls-2026-08-12-0830-1\",
      \"classStartsAt\": \"2026-08-12T06:30:00Z\",
      \"dogId\": \"dog-chun-li\",
      \"dogName\": \"Chun-li\",
      \"id\": \"cb-cls-2026-08-12-0830-1-2\",
      \"late\": null,
      \"memberId\": \"member-marc\",
      \"memberName\": \"Marc\",
      \"origin\": \"APP\",
      \"ringColor\": \"#F2B58C\",
      \"ringId\": \"ring-muntanya\",
      \"ringName\": \"Muntanya\",
      \"state\": \"ACTIVE\",
    },
    {
      \"bookedAt\": \"2026-08-08T15:30:00.000Z\",
      \"bookingWeekKey\": \"2026-08-09\",
      \"classDescription\": \"C i sup.\",
      \"classSessionId\": \"cls-2026-08-12-0830-1\",
      \"classStartsAt\": \"2026-08-12T06:30:00Z\",
      \"dogId\": \"dog-nass\",
      \"dogName\": \"Nass\",
      \"id\": \"cb-cls-2026-08-12-0830-1-3\",
      \"late\": null,
      \"memberId\": \"member-anna\",
      \"memberName\": \"Anna\",
      \"origin\": \"APP\",
      \"ringColor\": \"#F2B58C\",
      \"ringId\": \"ring-muntanya\",
      \"ringName\": \"Muntanya\",
      \"state\": \"ACTIVE\",
    },
    {
      \"bookedAt\": \"2026-08-09T16:50:00.000Z\",
      \"bookingWeekKey\": \"2026-08-09\",
      \"classDescription\": \"B+C\",
      \"classSessionId\": \"cls-2026-08-12-1850-0\",
      \"classStartsAt\": \"2026-08-12T16:50:00Z\",
      \"dogId\": \"dog-duna\",
      \"dogName\": \"Duna\",
      \"id\": \"cb-cls-2026-08-12-1850-0-0\",
      \"late\": null,
      \"memberId\": \"member-laura\",
      \"memberName\": \"Laura\",
      \"origin\": \"APP\",
      \"ringColor\": \"#8FCE8F\",
      \"ringId\": \"ring-central\",
      \"ringName\": \"Central\",
      \"state\": \"ACTIVE\",
    },
    {
      \"bookedAt\": \"2026-08-09T11:50:00.000Z\",
      \"bookingWeekKey\": \"2026-08-09\",
      \"classDescription\": \"B+C\",
      \"classSessionId\": \"cls-2026-08-12-1850-0\",
      \"classStartsAt\": \"2026-08-12T16:50:00Z\",
      \"dogId\": \"dog-chun-li\",
      \"dogName\": \"Chun-li\",
      \"id\": \"cb-cls-2026-08-12-1850-0-1\",
      \"late\": null,
      \"memberId\": \"member-marc\",
      \"memberName\": \"Marc\",
      \"origin\": \"BACKOFFICE\",
      \"ringColor\": \"#8FCE8F\",
      \"ringId\": \"ring-central\",
      \"ringName\": \"Central\",
      \"state\": \"ACTIVE\",
    },
    {
      \"bookedAt\": \"2026-08-09T06:50:00.000Z\",
      \"bookingWeekKey\": \"2026-08-09\",
      \"classDescription\": \"B+C\",
      \"classSessionId\": \"cls-2026-08-12-1850-0\",
      \"classStartsAt\": \"2026-08-12T16:50:00Z\",
      \"dogId\": \"dog-nass\",
      \"dogName\": \"Nass\",
      \"id\": \"cb-cls-2026-08-12-1850-0-2\",
      \"late\": null,
      \"memberId\": \"member-anna\",
      \"memberName\": \"Anna\",
      \"origin\": \"APP\",
      \"ringColor\": \"#8FCE8F\",
      \"ringId\": \"ring-central\",
      \"ringName\": \"Central\",
      \"state\": \"ACTIVE\",
    },
    {
      \"bookedAt\": \"2026-08-09T01:50:00.000Z\",
      \"bookingWeekKey\": \"2026-08-09\",
      \"classDescription\": \"B+C\",
      \"classSessionId\": \"cls-2026-08-12-1850-0\",
      \"classStartsAt\": \"2026-08-12T16:50:00Z\",
      \"dogId\": \"dog-fish\",
      \"dogName\": \"Fish\",
      \"id\": \"cb-cls-2026-08-12-1850-0-3\",
      \"late\": null,
      \"memberId\": \"member-eva\",
      \"memberName\": \"Eva\",
      \"origin\": \"APP\",
      \"ringColor\": \"#8FCE8F\",
      \"ringId\": \"ring-central\",
      \"ringName\": \"Central\",
      \"state\": \"ACTIVE\",
    },
    {
      \"bookedAt\": \"2026-08-08T20:50:00.000Z\",
      \"bookingWeekKey\": \"2026-08-09\",
      \"classDescription\": \"B+C\",
      \"classSessionId\": \"cls-2026-08-12-1850-0\",
      \"classStartsAt\": \"2026-08-12T16:50:00Z\",
      \"dogId\": \"dog-thai\",
      \"dogName\": \"Thai\",
      \"id\": \"cb-cls-2026-08-12-1850-0-4\",
      \"late\": true,
      \"memberId\": \"member-sergio\",
      \"memberName\": \"Sergio\",
      \"origin\": \"APP\",
      \"ringColor\": \"#8FCE8F\",
      \"ringId\": \"ring-central\",
      \"ringName\": \"Central\",
      \"state\": \"CANCELLED_LATE\",
    },
    {
      \"bookedAt\": \"2026-08-09T16:50:00.000Z\",
      \"bookingWeekKey\": \"2026-08-09\",
      \"classDescription\": \"Teràpia\",
      \"classSessionId\": \"cls-2026-08-12-1850-1\",
      \"classStartsAt\": \"2026-08-12T16:50:00Z\",
      \"dogId\": \"dog-trevi\",
      \"dogName\": \"Trevi\",
      \"id\": \"cb-cls-2026-08-12-1850-1-0\",
      \"late\": null,
      \"memberId\": \"member-clara\",
      \"memberName\": \"Clara\",
      \"origin\": \"APP\",
      \"ringColor\": \"#85B8E8\",
      \"ringId\": \"ring-petita\",
      \"ringName\": \"Petita\",
      \"state\": \"ACTIVE\",
    },
    {
      \"bookedAt\": \"2026-08-09T11:50:00.000Z\",
      \"bookingWeekKey\": \"2026-08-09\",
      \"classDescription\": \"Teràpia\",
      \"classSessionId\": \"cls-2026-08-12-1850-1\",
      \"classStartsAt\": \"2026-08-12T16:50:00Z\",
      \"dogId\": \"dog-thai\",
      \"dogName\": \"Thai\",
      \"id\": \"cb-cls-2026-08-12-1850-1-1\",
      \"late\": true,
      \"memberId\": \"member-sergio\",
      \"memberName\": \"Sergio\",
      \"origin\": \"BACKOFFICE\",
      \"ringColor\": \"#85B8E8\",
      \"ringId\": \"ring-petita\",
      \"ringName\": \"Petita\",
      \"state\": \"CANCELLED_LATE\",
    },
    {
      \"bookedAt\": \"2026-08-10T15:40:00.000Z\",
      \"bookingWeekKey\": \"2026-08-09\",
      \"classDescription\": \"D+E\",
      \"classSessionId\": \"cls-2026-08-13-1740-0\",
      \"classStartsAt\": \"2026-08-13T15:40:00Z\",
      \"dogId\": \"dog-fish\",
      \"dogName\": \"Fish\",
      \"id\": \"cb-cls-2026-08-13-1740-0-0\",
      \"late\": null,
      \"memberId\": \"member-eva\",
      \"memberName\": \"Eva\",
      \"origin\": \"APP\",
      \"ringColor\": \"#C9CDD3\",
      \"ringId\": \"ring-carretera\",
      \"ringName\": \"Carretera\",
      \"state\": \"ACTIVE\",
    },
    {
      \"bookedAt\": \"2026-08-10T10:40:00.000Z\",
      \"bookingWeekKey\": \"2026-08-09\",
      \"classDescription\": \"D+E\",
      \"classSessionId\": \"cls-2026-08-13-1740-0\",
      \"classStartsAt\": \"2026-08-13T15:40:00Z\",
      \"dogId\": \"dog-blat\",
      \"dogName\": \"Blat\",
      \"id\": \"cb-cls-2026-08-13-1740-0-1\",
      \"late\": null,
      \"memberId\": \"member-pau\",
      \"memberName\": \"Pau\",
      \"origin\": \"BACKOFFICE\",
      \"ringColor\": \"#C9CDD3\",
      \"ringId\": \"ring-carretera\",
      \"ringName\": \"Carretera\",
      \"state\": \"ACTIVE\",
    },
    {
      \"bookedAt\": \"2026-08-10T16:50:00.000Z\",
      \"bookingWeekKey\": \"2026-08-09\",
      \"classDescription\": \"Cadells\",
      \"classSessionId\": \"cls-2026-08-13-1850-0\",
      \"classStartsAt\": \"2026-08-13T16:50:00Z\",
      \"dogId\": \"dog-duna\",
      \"dogName\": \"Duna\",
      \"id\": \"cb-cls-2026-08-13-1850-0-0\",
      \"late\": null,
      \"memberId\": \"member-laura\",
      \"memberName\": \"Laura\",
      \"origin\": \"APP\",
      \"ringColor\": \"#F5D67A\",
      \"ringId\": \"ring-cadells\",
      \"ringName\": \"Cadells\",
      \"state\": \"ACTIVE\",
    },
    {
      \"bookedAt\": \"2026-08-10T11:50:00.000Z\",
      \"bookingWeekKey\": \"2026-08-09\",
      \"classDescription\": \"Cadells\",
      \"classSessionId\": \"cls-2026-08-13-1850-0\",
      \"classStartsAt\": \"2026-08-13T16:50:00Z\",
      \"dogId\": \"dog-chun-li\",
      \"dogName\": \"Chun-li\",
      \"id\": \"cb-cls-2026-08-13-1850-0-1\",
      \"late\": null,
      \"memberId\": \"member-marc\",
      \"memberName\": \"Marc\",
      \"origin\": \"BACKOFFICE\",
      \"ringColor\": \"#F5D67A\",
      \"ringId\": \"ring-cadells\",
      \"ringName\": \"Cadells\",
      \"state\": \"ACTIVE\",
    },
    {
      \"bookedAt\": \"2026-08-10T06:50:00.000Z\",
      \"bookingWeekKey\": \"2026-08-09\",
      \"classDescription\": \"Cadells\",
      \"classSessionId\": \"cls-2026-08-13-1850-0\",
      \"classStartsAt\": \"2026-08-13T16:50:00Z\",
      \"dogId\": \"dog-thai\",
      \"dogName\": \"Thai\",
      \"id\": \"cb-cls-2026-08-13-1850-0-2\",
      \"late\": true,
      \"memberId\": \"member-sergio\",
      \"memberName\": \"Sergio\",
      \"origin\": \"APP\",
      \"ringColor\": \"#F5D67A\",
      \"ringId\": \"ring-cadells\",
      \"ringName\": \"Cadells\",
      \"state\": \"CANCELLED_LATE\",
    },
    {
      \"bookedAt\": \"2026-08-10T16:50:00.000Z\",
      \"bookingWeekKey\": \"2026-08-09\",
      \"classDescription\": \"Particular\",
      \"classSessionId\": \"cls-2026-08-13-1850-1\",
      \"classStartsAt\": \"2026-08-13T16:50:00Z\",
      \"dogId\": \"dog-trevi\",
      \"dogName\": \"Trevi\",
      \"id\": \"cb-cls-2026-08-13-1850-1-0\",
      \"late\": null,
      \"memberId\": \"member-clara\",
      \"memberName\": \"Clara\",
      \"origin\": \"APP\",
      \"ringColor\": \"#85B8E8\",
      \"ringId\": \"ring-petita\",
      \"ringName\": \"Petita\",
      \"state\": \"ACTIVE\",
    },
    {
      \"bookedAt\": \"2026-08-10T11:50:00.000Z\",
      \"bookingWeekKey\": \"2026-08-09\",
      \"classDescription\": \"Particular\",
      \"classSessionId\": \"cls-2026-08-13-1850-1\",
      \"classStartsAt\": \"2026-08-13T16:50:00Z\",
      \"dogId\": \"dog-thai\",
      \"dogName\": \"Thai\",
      \"id\": \"cb-cls-2026-08-13-1850-1-1\",
      \"late\": true,
      \"memberId\": \"member-sergio\",
      \"memberName\": \"Sergio\",
      \"origin\": \"BACKOFFICE\",
      \"ringColor\": \"#85B8E8\",
      \"ringId\": \"ring-petita\",
      \"ringName\": \"Petita\",
      \"state\": \"CANCELLED_LATE\",
    },
  ],
  74,
]"
    expected: "[
  200,
  [],
  0,
]"
    ...
not ok 24 - src/mocks/backoffice-handlers.test.ts > E5-W05 round 2 · the staff registrants' level is the dog's own, and follows levels.enabled (S08 §6) > E5-W05 round 2 \#3: GET /class-sessions/{id}/bookings sends each dog's own level (Duna «C», Chun-li «A», Nass «B», Fish «B», Thai «E»), and null in a club with levels.enabled = false # time=26.86ms
    ---
    error:
        name: "AssertionError"
        message: "expected [ 'Duna:B', 'Chun-li:C', …(3) ] to deeply equal [ 'Duna:C', 'Chun-li:A', …(3) ]"
    at: "/Users/jordib/dev/agilityhub/agilityhub-core-web/packages/api-client/src/mocks/backoffice-handlers.test.ts:761:35"
    actual: "[
  \"Duna:B\",
  \"Chun-li:C\",
  \"Nass:B\",
  \"Fish:C\",
  \"Thai:B\",
]"
    expected: "[
  \"Duna:C\",
  \"Chun-li:A\",
  \"Nass:B\",
  \"Fish:B\",
  \"Thai:E\",
]"
    ...
not ok 25 - src/mocks/backoffice-handlers.test.ts > E5-W05 round 2 · the jobs mock reads its parameters (S15 R-15-01, R-15-12) > E5-W05 round 2 \#11d: no-show-notices runs at messaging.noShowNoticeTime (08:00): its schedule, its runs and its next run; a saved change moves the schedule and the next run # time=26.57ms
    ---
    error:
        name: "AssertionError"
        message: "expected { dayOfMonth: null, …(3) } to deeply equal { dayOfMonth: null, …(3) }"
    at: "/Users/jordib/dev/agilityhub/agilityhub-core-web/packages/api-client/src/mocks/backoffice-handlers.test.ts:781:58"
    actual: "{
  \"dayOfMonth\": null,
  \"dayOfWeek\": null,
  \"kind\": \"DAILY\",
  \"localTime\": \"21:00\",
}"
    expected: "{
  \"dayOfMonth\": null,
  \"dayOfWeek\": null,
  \"kind\": \"DAILY\",
  \"localTime\": \"08:00\",
}"
    ...
not ok 26 - src/mocks/backoffice-handlers.test.ts > E5-W05 round 2 · the jobs mock reads its parameters (S15 R-15-01, R-15-12) > E5-W05 round 2 \#14: nextScheduledForLocal follows jobs.dailyTime, classes.riskReviewTime and bookings.weekOpensAt, as schedule.localTime does # time=24.97ms
    ---
    error:
        name: "AssertionError"
        message: "expected { …(9) } to match object { 'billing-reminder': [ …(2) ], …(4) }
(4 matching properties omitted from actual)"
    at: "/Users/jordib/dev/agilityhub/agilityhub-core-web/packages/api-client/src/mocks/backoffice-handlers.test.ts:826:26"
    actual: "{
  \"billing-reminder\": [
    \"05:15\",
    \"2026-08-22T06:00\",
  ],
  \"cleanup\": [
    \"05:15\",
    \"2026-08-11T06:00\",
  ],
  \"expirations\": [
    \"05:15\",
    \"2026-08-11T06:00\",
  ],
  \"risk-review\": [
    \"09:00\",
    \"2026-08-11T07:30\",
  ],
  \"week-opening\": [
    \"10:00\",
    \"2026-08-16T20:00\",
  ],
}"
    expected: "{
  \"billing-reminder\": [
    \"05:15\",
    \"2026-08-22T05:15\",
  ],
  \"cleanup\": [
    \"05:15\",
    \"2026-08-11T05:15\",
  ],
  \"expirations\": [
    \"05:15\",
    \"2026-08-11T05:15\",
  ],
  \"risk-review\": [
    \"09:00\",
    \"2026-08-10T09:00\",
  ],
  \"week-opening\": [
    \"10:00\",
    \"2026-08-15T10:00\",
  ],
}"
    ...
not ok 27 - src/mocks/backoffice-handlers.test.ts > E5-W05 round 2 · the jobs mock reads its parameters (S15 R-15-01, R-15-12) > E5-W05 round 2 \#14: the risk review reads classes.minDogs, as D4's risk mark does: with minDogs = 1 the class with one dog is at risk in neither D1 nor D4 # time=37.50ms
    ---
    error:
        name: "AssertionError"
        message: "expected { classes: [ …(4) ], minDogs: 1 } to deeply equal { classes: [ …(3) ], minDogs: 1 }"
    at: "/Users/jordib/dev/agilityhub/agilityhub-core-web/packages/api-client/src/mocks/backoffice-handlers.test.ts:871:30"
    actual: "{
  \"classes\": [
    \"AUTO_CANCELLED cls-2026-08-10-0930-7\",
    \"AUTO_CANCELLED cls-2026-08-10-1740-9\",
    \"AT_RISK cls-2026-08-11-2000-10\",
    \"WILL_CANCEL cls-2026-08-12-0930-0\",
  ],
  \"minDogs\": 1,
}"
    expected: "{
  \"classes\": [
    \"AUTO_CANCELLED cls-2026-08-10-0930-7\",
    \"AUTO_CANCELLED cls-2026-08-10-1740-9\",
    \"WILL_CANCEL cls-2026-08-12-0930-0\",
  ],
  \"minDogs\": 1,
}"
    ...
not ok 28 - src/mocks/backoffice-handlers.test.ts > E5-W05 round 2 · the jobs mock reads its parameters (S15 R-15-01, R-15-12) > E5-W05 round 2 \#14: with the risk review switched off, no active class names notified members (no review ran); a class it cancelled keeps the ones it notified # time=27.59ms
    ---
    error:
        name: "AssertionError"
        message: "expected [ 'AUTO_CANCELLED 0', …(3) ] to deeply equal [ 'AUTO_CANCELLED 0', …(3) ]"
    at: "/Users/jordib/dev/agilityhub/agilityhub-core-web/packages/api-client/src/mocks/backoffice-handlers.test.ts:896:30"
    actual: "[
  \"AUTO_CANCELLED 0\",
  \"AUTO_CANCELLED 1\",
  \"AT_RISK 1\",
  \"AT_RISK 0\",
]"
    expected: "[
  \"AUTO_CANCELLED 0\",
  \"AUTO_CANCELLED 1\",
  \"AT_RISK 0\",
  \"AT_RISK 0\",
]"
    ...
