+ club added
  null -> {"slug":"canic","name":"Club Agility Cànic","legalName":"Club Agility Cànic","taxId":"G63189617","address":{"street":"Carrer Sant Pere, 10","postalCode":"08392","city":"Sant Andreu de Llavaneres","region":"Barcelona","country":"ES"},"displayCity":"Cabrera de Mar","contactEmail":"canic@example.test","locales":["ca","es"],"defaultLocale":"ca","timeZone":"Europe/Madrid","currency":"EUR","countryProfile":"ES","status":"ONBOARDING","template":false}
+ domains added
  null -> [{"host":"app.example.test","app":"clubs","primary":true},{"host":"admin.example.test","app":"clubs-admin","primary":false}]
+ theme added
  null -> {"colors":{"primary":"#E26A2A","onPrimary":"#0B0B0B","background":"#0B0B0B","surface":"#161616","surfaceAlt":"#1E1E1E","text":"#FFFFFF","textMuted":"#B5B5B5","border":"#2B2B2B","success":"#4CAF7D","warning":"#E5B93C","danger":"#E05B5B","info":"#85B8E8"},"fontFamily":"Montserrat","radius":"4px","ringPalette":["#F2B58C","#8FCE8F","#C9CDD3","#F5D67A","#85B8E8"],"mode":"dark"}
+ modules added
  null -> ["ACTIVITIES","BILLING","COURSES","FAMILY_GROUP","FAQ","FREE_TRAINING","INACTIVITY","LEARN_LINK","PACKS","PUSH","SMS","TASKS","WAITLIST"]
+ paymentProviders added
  null -> {"SEPA_XML":{"enabled":true},"MANUAL":{"enabled":true,"instructions":{"ca":"El pagament de l'entrada i el mes en curs (o el proper) és necessari per a la validació de l'alta. Pot fer-se per transferència al compte ES08 2100 0416 5702 0016 4955 (Club d'Agility Cànic) o per Bizum al 607 475 945.","es":"El pago de la entrada y del mes en curso (o del siguiente) es necesario para la validación del alta. Puede hacerse por transferencia a la cuenta ES08 2100 0416 5702 0016 4955 (Club d'Agility Cànic) o por Bizum al 607 475 945."}}}
+ legal added
  null -> {"privacyPolicyUrl":"https://agilitycanic.cat/ca/politica-de-privacidad/","imageConsentText":{"en":"I authorize publication of photos of me and my dog within club activities","ca":"Autoritzo la publicació de fotos meves i del meu gos dins l'àmbit de les activitats del club","es":"Autorizo la publicación de fotos mías y de mi perro en el ámbito de las actividades del club"},"legalTextsVersion":"1"}
+ pwa added
  null -> {"name":"Club Agility Cànic","shortName":"Club Agility Cànic","icons":[]}
+ parameters.signup.enabled added
  null -> true
+ parameters.signup.pendingExpiryDays added
  null -> 30
+ parameters.signup.requireDogDocumentAtSignup added
  null -> false
+ parameters.signup.firstMonthSplitDay added
  null -> 16
+ parameters.signup.allowFamilyGroupPending added
  null -> true
+ admins: 0 to provision
+ accounts: 15 to provision
+ catalogs.levels.CAD
+ catalogs.levels.A
+ catalogs.levels.B
+ catalogs.levels.C
+ catalogs.levels.D
+ catalogs.levels.E
+ catalogs.levels.F
+ catalogs.levels.G
+ catalogs.levels.TER
+ catalogs.levels.PENDENT
+ catalogs.rings.MUN
+ catalogs.rings.CEN
+ catalogs.rings.CAR
+ catalogs.rings.CAD
+ catalogs.rings.PET
+ catalogs.plans.ABONAT
+ catalogs.plans.ABONAT_FAMILIAR
+ catalogs.plans.PACK6
+ catalogs.plans.PACK10
+ catalogs.plans.TERAPIA
+ catalogs.plans.COMPETICIO_1
+ catalogs.prices.ABONAT:MONTHLY_FEE:2026-01-01
+ catalogs.prices.ABONAT_FAMILIAR:MONTHLY_FEE:2026-01-01
+ catalogs.prices.PACK6:PACK:2026-01-01
+ catalogs.prices.PACK10:PACK:2026-01-01
+ catalogs.prices.TERAPIA:MAINTENANCE_FEE:2026-01-01
+ catalogs.prices.COMPETICIO_1:MONTHLY_FEE:2026-01-01
+ catalogs.faq.FAQ_1
+ catalogs.faq.FAQ_2
+ catalogs.faq.FAQ_3
+ catalogs.faq.FAQ_4
+ catalogs.faq.FAQ_5
+ catalogs.faq.FAQ_6
+ catalogs.faq.FAQ_7
+ catalogs: 34 catalog changes
+ messageTemplates.N-01
+ messageTemplates.N-02
+ messageTemplates.N-03
+ messageTemplates.N-04
+ messageTemplates.N-05
+ messageTemplates.N-06
+ messageTemplates.N-07
+ messageTemplates.N-08a
+ messageTemplates.N-08b
+ messageTemplates.N-09
+ messageTemplates.N-10
+ messageTemplates.N-11a
+ messageTemplates.N-11b
+ messageTemplates.N-13
+ messageTemplates.N-14
+ messageTemplates.N-15
+ messageTemplates.N-16
+ messageTemplates.N-17
+ messageTemplates.N-18a
+ messageTemplates.N-18b
+ messageTemplates.N-18c
+ messageTemplates.N-19
+ messageTemplates.N-20
+ messageTemplates.N-21
+ messageTemplates.N-22
+ messageTemplates.N-23
+ messageTemplates.N-24
+ messageTemplates.N-28
+ messageTemplates.N-29
+ messageTemplates.N-30
+ messageTemplates.N-31
+ messageTemplates.N-32a
+ messageTemplates.N-32b
+ messageTemplates.N-32c
+ messageTemplates.N-33
+ messageTemplates.N-34
+ messageTemplates.N-35
+ messageTemplates.N-36
+ messageTemplates.N-37
+ messageTemplates.N-38
+ messageTemplates.N-18d
+ messageTemplates.N-32d
+ messageTemplates.N-40
+ messageTemplates.N-41
+ messageTemplates.N-42
+ messageTemplates.N-46
+ messageTemplates.N-47
+ messageTemplates.N-49
+ messageTemplates.N-50
+ messageTemplates.N-51
+ messageTemplates.N-54
+ messageTemplates: 51 templates to seed
+ pages: 3 page changes
16 changes (applied)
+ club added
  null -> {"slug":"minim","name":"Club Mínim","contactEmail":"minim@example.test","locales":["en"],"defaultLocale":"en","timeZone":"UTC","currency":"EUR","countryProfile":"GENERIC","status":"ONBOARDING","template":false}
+ domains added
  null -> [{"host":"minim.example.test","app":"clubs","primary":true}]
+ theme added
  null -> {"colors":{"primary":"#2563EB","onPrimary":"#FFFFFF","background":"#F8FAFC","surface":"#FFFFFF","surfaceAlt":"#F1F5F9","text":"#0F172A","textMuted":"#475569","border":"#CBD5E1","success":"#15803D","warning":"#A16207","danger":"#B91C1C","info":"#0369A1"},"fontFamily":"system-ui","radius":"8px","ringPalette":[],"mode":"light"}
+ modules added
  null -> ["FAQ","PUSH","WAITLIST"]
+ paymentProviders added
  null -> {"STRIPE":{"enabled":true},"MANUAL":{"enabled":true}}
+ legal added
  null -> {"privacyPolicyUrl":"https://minim.example.test/privacy","imageConsentText":{"en":"I authorize publication of photos of me and my dog within club activities."},"legalTextsVersion":"2026-09"}
+ pwa added
  null -> {"name":"Club Mínim","shortName":"Club Mínim","icons":[]}
+ parameters.signup.enabled added
  null -> true
+ parameters.signup.requireDogDocumentAtSignup added
  null -> false
+ parameters.signup.allowFamilyGroupPending added
  null -> false
+ parameters.levels.enabled added
  null -> false
+ admins: 0 to provision
+ accounts: 3 to provision
= catalogs: 0 catalog changes
= messageTemplates: 0 templates to seed
= pages: 0 page changes
12 changes (applied)
2026-10-01T03:47:33.978Z  WARN 118 --- [agilityhub-core-api] [           main] o.a.pdfbox.pdmodel.font.PDType1Font      : Using fallback font LiberationSans for base font Helvetica
2026-10-01T03:47:34.051Z  WARN 118 --- [agilityhub-core-api] [           main] o.a.pdfbox.pdmodel.font.PDType1Font      : Using fallback font LiberationSans for base font Helvetica
2026-10-01T03:47:34.061Z  WARN 118 --- [agilityhub-core-api] [           main] o.a.pdfbox.pdmodel.font.PDType1Font      : Using fallback font LiberationSans for base font Helvetica
2026-10-01T03:47:34.069Z  WARN 118 --- [agilityhub-core-api] [           main] o.a.pdfbox.pdmodel.font.PDType1Font      : Using fallback font LiberationSans for base font Helvetica
2026-10-01T03:47:34.077Z  WARN 118 --- [agilityhub-core-api] [           main] o.a.pdfbox.pdmodel.font.PDType1Font      : Using fallback font LiberationSans for base font Helvetica
2026-10-01T03:47:34.087Z  WARN 118 --- [agilityhub-core-api] [           main] o.a.pdfbox.pdmodel.font.PDType1Font      : Using fallback font LiberationSans for base font Helvetica
2026-10-01T03:47:34.095Z  WARN 118 --- [agilityhub-core-api] [           main] o.a.pdfbox.pdmodel.font.PDType1Font      : Using fallback font LiberationSans for base font Helvetica
{activeMembers=184, pendingMembers=3, inactiveMembers=4, leftMembers=3, members=194, dogs=246, familyGroups=12, activeDogs=242, pendingDogs=3, inactiveDogs=1, instructors=3, administrators=2, receivedDocuments=7, pendingDocuments=239}
452 changes (demo seed)
2026-10-01T03:47:35.940Z  WARN 118 --- [agilityhub-core-api] [           main] o.a.pdfbox.pdmodel.font.PDType1Font      : Using fallback font LiberationSans for base font Helvetica
{templateClasses=39, templates=3, weeks=3, generatedClasses=93, validatedWeeks=2, looseClasses=1, ringBlocks=1, scenarioRingBlocks=0, attendanceHistoryClasses=0, riskCancellations=1, classBookings=23, classWaitlist=3, activities=4, publishedActivities=3, activityRegistrations=44, activityWaitlist=2, activityFiles=2, scenarioActivityRegistrations=0, scenarioClassBookings=0, scenarioCancellations=0, scenarioWaitlist=0, scenarioOffers=0, scenarioRiskExempt=0, scenarioBookingBlocks=0, attendanceRenamed=0, attendanceLevelChanges=0, followupNotes=0, attendanceBookings=0, attendanceWaitlist=0, attendanceMarks=0, attendanceCancellations=0, attendanceNoShowBatches=0, followupTasks=0, followupTaskAttachments=0, followupObservations=0, scenarioTrainingOverrides=0, scenarioTrainingBookings=0, trainingHistoryOverrides=0, trainingHistoryBookings=0}
224 changes (demo planning, week start 2026-09-28)
