
> @agilityhub/i18n@0.0.0 test /Users/jordib/dev/agilityhub/agilityhub-core-web/packages/i18n
> vitest run


 RUN  v5.0.0 /Users/jordib/dev/agilityhub/agilityhub-core-web/packages/i18n

 ❯ src/format.test.ts (38 tests | 3 failed) 21ms
   ❯ club-aware formats (38)
     × E4-W11 joins weekday names as a list in ca 2ms
     × E4-W11 joins weekday names as a list in es 0ms
     × E4-W11 joins weekday names as a list in en 0ms

⎯⎯⎯⎯⎯⎯⎯ Failed Tests 3 ⎯⎯⎯⎯⎯⎯⎯

 FAIL  src/format.test.ts > club-aware formats > E4-W11 joins weekday names as a list in ca
 FAIL  src/format.test.ts > club-aware formats > E4-W11 joins weekday names as a list in es
 FAIL  src/format.test.ts > club-aware formats > E4-W11 joins weekday names as a list in en
TypeError: formatList is not a function
 ❯ src/format.test.ts:37:12
     35|       es: ["lunes", "martes", "sábado"],
     36|     }[locale];
     37|     expect(formatList(days.slice(0, 1), locale)).toBe(one);
       |            ^
     38|     expect(formatList(days.slice(0, 2), locale)).toBe(two);
     39|     expect(formatList(days, locale)).toBe(three);

⎯⎯⎯⎯⎯⎯⎯⎯⎯⎯⎯⎯⎯⎯⎯⎯⎯⎯⎯⎯⎯⎯⎯⎯[1/3]⎯


 Test Files  1 failed | 4 passed (5)
      Tests  3 failed | 55 passed (58)
   Start at  01:49:58
   Duration  205ms (transform 64%, import 18%, tests 16%, worker 2%)

/Users/jordib/dev/agilityhub/agilityhub-core-web/packages/i18n:
 ERR_PNPM_RECURSIVE_RUN_FIRST_FAIL  @agilityhub/i18n@0.0.0 test: `vitest run`
Exit status 1
