
 RUN  v5.0.0 /Users/jordib/dev/agilityhub/agilityhub-core-web/apps/clubs-admin


 Test Files  1 passed (1)
      Tests  1 passed | 2 skipped (3)
   Start at  10:54:26
   Duration  1.54s (environment 36%, tests 28%, transform 15%, import 12%, setup 9%)


 RUN  v5.0.0 /Users/jordib/dev/agilityhub/agilityhub-core-web/apps/clubs-admin


 Test Files  1 passed (1)
      Tests  1 passed | 2 skipped (3)
   Start at  10:54:28
   Duration  1.10s (tests 38%, environment 28%, transform 19%, import 9%, setup 6%)


 RUN  v5.0.0 /Users/jordib/dev/agilityhub/agilityhub-core-web/apps/clubs-admin


 Test Files  1 passed (1)
      Tests  1 passed | 2 skipped (3)
   Start at  10:54:29
   Duration  1.03s (tests 37%, environment 27%, transform 19%, import 10%, setup 6%)


 RUN  v5.0.0 /Users/jordib/dev/agilityhub/agilityhub-core-web/apps/clubs-admin


 Test Files  1 passed (1)
      Tests  1 passed | 2 skipped (3)
   Start at  10:54:31
   Duration  958ms (tests 40%, environment 28%, transform 17%, import 9%, setup 6%)


 RUN  v5.0.0 /Users/jordib/dev/agilityhub/agilityhub-core-web/apps/clubs-admin


 Test Files  1 passed (1)
      Tests  1 passed | 2 skipped (3)
   Start at  10:54:32
   Duration  961ms (tests 41%, environment 26%, transform 17%, import 9%, setup 6%)


 RUN  v5.0.0 /Users/jordib/dev/agilityhub/agilityhub-core-web/apps/clubs-admin


 Test Files  1 passed (1)
      Tests  1 passed | 2 skipped (3)
   Start at  10:54:33
   Duration  944ms (tests 41%, environment 27%, transform 18%, import 9%, setup 6%)


 RUN  v5.0.0 /Users/jordib/dev/agilityhub/agilityhub-core-web/apps/clubs-admin


 Test Files  1 passed (1)
      Tests  1 passed | 2 skipped (3)
   Start at  10:54:35
   Duration  968ms (tests 39%, environment 27%, transform 19%, import 10%, setup 5%)


 RUN  v5.0.0 /Users/jordib/dev/agilityhub/agilityhub-core-web/apps/clubs-admin


 Test Files  1 passed (1)
      Tests  1 passed | 2 skipped (3)
   Start at  10:54:36
   Duration  974ms (tests 40%, environment 28%, transform 17%, import 9%, setup 6%)


 RUN  v5.0.0 /Users/jordib/dev/agilityhub/agilityhub-core-web/apps/clubs-admin


 Test Files  1 passed (1)
      Tests  1 passed | 2 skipped (3)
   Start at  10:54:37
   Duration  960ms (tests 40%, environment 27%, transform 18%, import 9%, setup 6%)


 RUN  v5.0.0 /Users/jordib/dev/agilityhub/agilityhub-core-web/apps/clubs-admin


 Test Files  1 passed (1)
      Tests  1 passed | 2 skipped (3)
   Start at  10:54:39
   Duration  969ms (tests 40%, environment 27%, transform 18%, import 9%, setup 6%)

