
> agilityhub-core-web@0.0.0 e2e:core /Users/jordib/dev/agilityhub/agilityhub-core-web
> bash scripts/e2e-core.sh

 Volume agilityhub-e2-w07_mongo-data Creating 
 Volume agilityhub-e2-w07_export-files Creating 
 Volume agilityhub-e2-w07_mongo-data Creating 
 Volume agilityhub-e2-w07_export-files Creating 
 Network agilityhub-e2-w07_default Creating 
 Network agilityhub-e2-w07_default Creating 
 Volume agilityhub-e2-w07_mailbox Creating 
 Volume agilityhub-e2-w07_mailbox Creating 
 Volume agilityhub-e2-w07_mailbox Created 
 Volume agilityhub-e2-w07_mailbox Created 
 Volume agilityhub-e2-w07_mongo-data Created 
 Volume agilityhub-e2-w07_mongo-data Created 
 Volume agilityhub-e2-w07_export-files Created 
 Volume agilityhub-e2-w07_export-files Created 
 Network agilityhub-e2-w07_default Created 
 Network agilityhub-e2-w07_default Created 
 Container agilityhub-e2-w07-mongo-1 Creating 
 Container agilityhub-e2-w07-mongo-1 Created 
 Container agilityhub-e2-w07-seed-1 Creating 
 Container agilityhub-e2-w07-seed-1 Created 
 Container agilityhub-e2-w07-core-1 Creating 
 Container agilityhub-e2-w07-core-1 Created 
 Container agilityhub-e2-w07-mongo-1 Starting 
 Container agilityhub-e2-w07-mongo-1 Started 
 Container agilityhub-e2-w07-mongo-1 Waiting 
 Container agilityhub-e2-w07-mongo-1 Healthy 
 Container agilityhub-e2-w07-seed-1 Starting 
 Container agilityhub-e2-w07-seed-1 Started 
 Container agilityhub-e2-w07-mongo-1 Waiting 
 Container agilityhub-e2-w07-seed-1 Waiting 
 Container agilityhub-e2-w07-mongo-1 Healthy 
 Container agilityhub-e2-w07-seed-1 Exited 
 Container agilityhub-e2-w07-core-1 Starting 
 Container agilityhub-e2-w07-core-1 Started 
 Container agilityhub-e2-w07-core-1 Waiting 
 Container agilityhub-e2-w07-mongo-1 Waiting 
 Container agilityhub-e2-w07-seed-1 Waiting 
 Container agilityhub-e2-w07-seed-1 Exited 
 Container agilityhub-e2-w07-mongo-1 Healthy 
 Container agilityhub-e2-w07-core-1 Healthy 
 Container agilityhub-e2-w07-mongo-1 Running 
 Container agilityhub-e2-w07-core-1 Running 
 Container agilityhub-e2-w07-mongo-1 Waiting 
 Container agilityhub-e2-w07-mongo-1 Healthy 
 Container agilityhub-e2-w07-seed-1 Starting 
 Container agilityhub-e2-w07-seed-1 Started 
 Container agilityhub-e2-w07-mongo-1 Waiting 
 Container agilityhub-e2-w07-seed-1 Waiting 
 Container agilityhub-e2-w07-mongo-1 Healthy 
 Container agilityhub-e2-w07-seed-1 Exited 
 Container agilityhub-e2-w07-core-1 Waiting 
 Container agilityhub-e2-w07-core-1 Healthy 
 Container agilityhub-e2-w07-playwright-run-c8b89b86b3d3 Creating 
 Container agilityhub-e2-w07-playwright-run-c8b89b86b3d3 Created 
! Corepack is about to download https://registry.npmjs.org/pnpm/-/pnpm-9.15.9.tgz
 WARN  Unsupported engine: wanted: {"node":">=22 <23"} (current: {"node":"v24.20.0","pnpm":"9.15.9"})
(node:20) [DEP0169] DeprecationWarning: `url.parse()` behavior is not standardized and prone to errors that have security implications. Use the WHATWG URL API instead. CVEs are not issued for `url.parse()` vulnerabilities.
(Use `node --trace-deprecation ...` to show where the warning was created)
Scope: all 9 workspace projects
Lockfile is up to date, resolution step is skipped
Progress: resolved 1, reused 0, downloaded 0, added 0
Packages: +850
++++++++++++++++++++++++++++++++++++++++++++++++++++++++++++++++++++++++++++++++
Progress: resolved 850, reused 0, downloaded 103, added 0
Progress: resolved 850, reused 0, downloaded 320, added 317
Progress: resolved 850, reused 0, downloaded 513, added 513
Progress: resolved 850, reused 0, downloaded 557, added 557
Progress: resolved 850, reused 0, downloaded 610, added 610
Progress: resolved 850, reused 0, downloaded 738, added 737
Progress: resolved 850, reused 0, downloaded 843, added 841
Progress: resolved 850, reused 0, downloaded 847, added 847
Progress: resolved 850, reused 0, downloaded 849, added 849
Progress: resolved 850, reused 0, downloaded 850, added 850, done
.../node_modules/unrs-resolver postinstall$ node postinstall.js
.../node_modules/msw postinstall$ node -e "import('./config/scripts/postinstall.js').catch(() => void 0)"
.../esbuild@0.25.12/node_modules/esbuild postinstall$ node install.js
.../node_modules/unrs-resolver postinstall: Done
.../node_modules/msw postinstall: Done
.../esbuild@0.25.12/node_modules/esbuild postinstall: Done

devDependencies:
+ @commitlint/cli 21.2.2
+ @commitlint/config-conventional 21.2.2
+ @eslint/css 2.0.0
+ @eslint/js 9.39.5
+ @playwright/test 1.63.0
+ @size-limit/file 13.0.3
+ @types/node 24.13.3
+ eslint 9.39.5
+ eslint-import-resolver-typescript 4.4.5
+ eslint-plugin-import 2.32.0
+ eslint-plugin-jsx-a11y 6.10.2
+ eslint-plugin-react 7.37.5
+ eslint-plugin-react-hooks 7.1.1
+ globals 17.12.0
+ husky 9.1.7
+ i18next-parser 9.4.0
+ lint-staged 17.5.0
+ msw 2.15.0
+ prettier 3.9.6
+ size-limit 13.0.3
+ turbo 2.10.12
+ typescript 5.9.3
+ typescript-eslint 8.69.0

. prepare$ node packages/config/scripts/prepare-husky.mjs
. prepare: .git can't be found
. prepare: Done
Done in 10.2s using pnpm v9.15.9

[WebServer] (node:134) [DEP0169] DeprecationWarning: `url.parse()` behavior is not standardized and prone to errors that have security implications. Use the WHATWG URL API instead. CVEs are not issued for `url.parse()` vulnerabilities.
[WebServer] (Use `node --trace-deprecation ...` to show where the warning was created)

[WebServer] (node:214) [DEP0169] DeprecationWarning: `url.parse()` behavior is not standardized and prone to errors that have security implications. Use the WHATWG URL API instead. CVEs are not issued for `url.parse()` vulnerabilities.
[WebServer] (Use `node --trace-deprecation ...` to show where the warning was created)
[WebServer] (node:312) [DEP0169] DeprecationWarning: `url.parse()` behavior is not standardized and prone to errors that have security implications. Use the WHATWG URL API instead. CVEs are not issued for `url.parse()` vulnerabilities.
[WebServer] (Use `node --trace-deprecation ...` to show where the warning was created)


Running 10 tests using 1 worker

[1/10] e2e/core/e1-core.spec.ts:158:5 › T-01-18 password login reaches the seeded multi-profile account
  1) e2e/core/e1-core.spec.ts:158:5 › T-01-18 password login reaches the seeded multi-profile account 

    Error: expect(page).toHaveURL(expected) failed

    Expected pattern: /\/perfil-acces$/u
    Received string:  "http://127.0.0.1:4173/inici"
    Timeout: 15000ms

    Call log:
      - Expect "toHaveURL" with timeout 15000ms
        33 × locator resolved to <html lang="ca" data-theme="dark">…</html>
           - unexpected value "http://127.0.0.1:4173/inici"


      166 |   await page.getByLabel("Contrasenya").fill(corePassword);
      167 |   await submitPasswordLogin(page);
    > 168 |   await expect(page).toHaveURL(/\/perfil-acces$/u);
          |                      ^
      169 |   await expect(page.getByRole("button", { name: /^Com a administrador\b/iu })).toBeVisible();
      170 |
      171 |   await context.close();
        at /work/e2e/core/e1-core.spec.ts:168:22

    Error Context: test-results/core-e1/e1-core-T-01-18-password-l-3b190-eeded-multi-profile-account/error-context.md

    attachment #2: trace (application/zip) ─────────────────────────────────────────────────────────
    test-results/core-e1/e1-core-T-01-18-password-l-3b190-eeded-multi-profile-account/trace.zip
    Usage:

        pnpm exec playwright show-trace test-results/core-e1/e1-core-T-01-18-password-l-3b190-eeded-multi-profile-account/trace.zip

    ────────────────────────────────────────────────────────────────────────────────────────────────


[2/10] e2e/core/e1-core.spec.ts:174:5 › T-01-21 administrator handoff opens the real backoffice
[3/10] e2e/core/e1-core.spec.ts:215:5 › T-01-20 profile choice is remembered by the core
[4/10] e2e/core/e1-core.spec.ts:253:5 › T-01-19 magic link is delivered and exchanged end to end
[5/10] e2e/core/e1-core.spec.ts:275:5 › T-01-26 first-access onboarding accepts both real policies
[6/10] e2e/core/e1-core.spec.ts:300:5 › T-01-22 apps/id resumes a real authorize flow through oauth2/session
[7/10] e2e/core/e2-core.spec.ts:128:5 › T-03-42 real census flow, booking block and member profile
  2) e2e/core/e2-core.spec.ts:128:5 › T-03-42 real census flow, booking block and member profile ───

    Error: expect(locator).toBeEnabled() failed

    Locator: locator('.ah-universal-list__filter-menu').getByLabel('Valor')
    Expected: enabled
    Error: strict mode violation: locator('.ah-universal-list__filter-menu').getByLabel('Valor') resolved to 2 elements:
        1) <select>…</select> aka getByLabel('Operadorés igual ano és igual')
        2) <select disabled aria-busy="true">…</select> aka getByLabel('ValorCarregant valors…')

    Call log:
      - Expect "toBeEnabled" locator('.ah-universal-list__filter-menu').getByLabel('Valor') with timeout 15000ms
      - waiting for locator('.ah-universal-list__filter-menu').getByLabel('Valor')


      145 |   await filterMenu.getByLabel("Columna").selectOption("dogLevelId");
      146 |   const filterValue = filterMenu.getByLabel("Valor");
    > 147 |   await expect(filterValue).toBeEnabled();
          |                             ^
      148 |   const cadells = filterValue.locator("option").filter({ hasText: "Cadells" });
      149 |   await expect(cadells).toHaveCount(1);
      150 |   const cadellsId = await cadells.getAttribute("value");
        at /work/e2e/core/e2-core.spec.ts:147:29

    Error Context: test-results/core-e1/e2-core-T-03-42-real-censu-56119-ng-block-and-member-profile/error-context.md

    attachment #2: trace (application/zip) ─────────────────────────────────────────────────────────
    test-results/core-e1/e2-core-T-03-42-real-censu-56119-ng-block-and-member-profile/trace.zip
    Usage:

        pnpm exec playwright show-trace test-results/core-e1/e2-core-T-03-42-real-censu-56119-ng-block-and-member-profile/trace.zip

    ────────────────────────────────────────────────────────────────────────────────────────────────


[8/10] e2e/core/e2-core.spec.ts:230:5 › T-05-22/T-05-25 real catalog create, edit and deactivate round trips
[9/10] e2e/core/e2-core.spec.ts:316:5 › T-02-13/T-14-26 real parameter history, export and audit
[10/10] e2e/core/e2-core.spec.ts:379:5 › T-05-CP-07 real club page edit renders styled Markdown on screen 30
  2 failed
    e2e/core/e1-core.spec.ts:158:5 › T-01-18 password login reaches the seeded multi-profile account 
    e2e/core/e2-core.spec.ts:128:5 › T-03-42 real census flow, booking block and member profile ────
  8 did not run

 ELIFECYCLE  Command failed with exit code 1.
