
 RUN  v5.0.0 /Users/jordib/dev/agilityhub/agilityhub-core-web/packages/api-client

 ✓ src/mocks/fixtures.contract.test.ts > T-01-25 OpenAPI mock fixture contract > maps every JSON fixture to an authoritative component schema 1ms
 ✓ src/mocks/fixtures.contract.test.ts > T-01-25 OpenAPI mock fixture contract > validates audit-entries.json 18ms
 ✓ src/mocks/fixtures.contract.test.ts > T-01-25 OpenAPI mock fixture contract > validates branding-canic.json 14ms
 ✓ src/mocks/fixtures.contract.test.ts > T-01-25 OpenAPI mock fixture contract > validates branding-minim.json 16ms
 ✓ src/mocks/fixtures.contract.test.ts > T-01-25 OpenAPI mock fixture contract > validates club-pages.json 13ms
 ✓ src/mocks/fixtures.contract.test.ts > T-01-25 OpenAPI mock fixture contract > validates dashboard.json 14ms
 ✓ src/mocks/fixtures.contract.test.ts > T-01-25 OpenAPI mock fixture contract > validates export-jobs.json 10ms
 ✓ src/mocks/fixtures.contract.test.ts > T-01-25 OpenAPI mock fixture contract > validates me-admin.json 10ms
 ✓ src/mocks/fixtures.contract.test.ts > T-01-25 OpenAPI mock fixture contract > validates me-impersonated.json 10ms
 ✓ src/index.test.ts > typed API client > uses the configured base URL and injects locale and authorization headers 8ms
 ✓ src/index.test.ts > typed API client > maps every non-2xx response to ApiError 2ms
 ✓ src/index.test.ts > typed API client > maps a fetch failure to the NETWORK ApiError 0ms
 ✓ src/index.test.ts > typed API client > adds a UUID idempotency key to configured POST operations 3ms
 ✓ src/index.test.ts > typed API client > R-06-07 sends an Idempotency-Key on POST /weeks/{id}/generation by default 1ms
 ✓ src/index.test.ts > typed API client > R-06-10 / R-06-11 sends an Idempotency-Key on class cancellations and ring blocks by default 2ms
 ✓ src/index.test.ts > TanStack Query defaults > uses a 30 second stale time and retries only network and 5xx failures 0ms
 ✓ src/index.test.ts > TanStack Query defaults > namespaces query keys by host 0ms
 ✓ src/index.test.ts > MSW bootstrap handlers > exports the bootstrap, identity continuation, onboarding, and dynamic manifest handlers 7ms
 ✓ src/index.test.ts > MSW bootstrap handlers > serves branding, current account, club settings, token, and health fixtures 8ms
 ✓ src/mocks/fixtures.contract.test.ts > T-01-25 OpenAPI mock fixture contract > validates me-instructor.json 10ms
 ✓ src/mocks/fixtures.contract.test.ts > T-01-25 OpenAPI mock fixture contract > validates me-member.json 10ms
 ✓ src/mocks/fixtures.contract.test.ts > T-01-25 OpenAPI mock fixture contract > validates me-multi-profile.json 9ms
 ✓ src/mocks/fixtures.contract.test.ts > T-01-25 OpenAPI mock fixture contract > validates member-signup-review.json 17ms
 ✓ src/mocks/fixtures.contract.test.ts > T-01-25 OpenAPI mock fixture contract > validates sessions.json 9ms
 ✓ src/mocks/fixtures.contract.test.ts > T-01-25 OpenAPI mock fixture contract > validates signup-config-canic.json 12ms
 ✓ src/mocks/fixtures.contract.test.ts > E4-W01 planning fixtures follow the S06 contract (WeekTemplate, Coverage, WeekListItem) > validates the Setmana A template 3ms
 ✓ src/mocks/fixtures.contract.test.ts > E4-W01 planning fixtures follow the S06 contract (WeekTemplate, Coverage, WeekListItem) > validates the Setmana B template 2ms
 ✓ src/mocks/fixtures.contract.test.ts > E4-W01 planning fixtures follow the S06 contract (WeekTemplate, Coverage, WeekListItem) > validates the Dissabtes template 2ms
 ✓ src/mocks/fixtures.contract.test.ts > E4-W01 planning fixtures follow the S06 contract (WeekTemplate, Coverage, WeekListItem) > validates the coverage table and the week list items 3ms
 ✓ src/mocks/fixtures.contract.test.ts > E4-W02 calendar fixtures follow the S06 contract (ClassSession, RingBlock, CancellationPreview) > validates every class session of the D4, D4b and inconsistent weeks 3ms
 ✓ src/mocks/fixtures.contract.test.ts > E4-W02 calendar fixtures follow the S06 contract (ClassSession, RingBlock, CancellationPreview) > validates the ring block and the cancellation preview of the Wednesday 18:50 class 3ms
 ✓ src/mocks/fixtures.contract.test.ts > E4-W02 calendar fixtures follow the S06 contract (ClassSession, RingBlock, CancellationPreview) > R-06-14 derives UTC instants from the club-local time across the DST change 0ms
 ✓ src/mocks/calendar-handlers.test.ts > E4-W02 calendar MSW handlers follow the S06 contract (forms B and D) > serves the D4 week (form B) with the Thursday warning and the Carretera block 32ms
 ✓ src/mocks/calendar-handlers.test.ts > E4-W02 calendar MSW handlers follow the S06 contract (forms B and D) > R-06-08 validates the draft week and refuses the inconsistent one 27ms
 ✓ src/mocks/calendar-handlers.test.ts > E4-W02 calendar MSW handlers follow the S06 contract (forms B and D) > R-06-10 cancels with the notice text and R-06-09 checks the version 24ms
 ✓ src/mocks/calendar-handlers.test.ts > E4-W02 calendar MSW handlers follow the S06 contract (forms B and D) > R-06-11 refuses a block over a class with the conflict list 19ms
 ✓ src/mocks/calendar-handlers.test.ts > E4-W02 calendar MSW handlers follow the S06 contract (forms B and D) > serves the instructor day grid (form D) of the Wednesday 18ms
 ✓ src/index.test.ts > R-03-22 census list handlers > paginates members, reports applied filters, and resolves facet labels 124ms
 ✓ src/index.test.ts > R-03-22 census list handlers > serves 242 dogs and rejects unknown filter fields 253ms

 Test Files  3 passed (3)
      Tests  39 passed (39)
   Start at  10:48:58
   Duration  841ms (tests 42%, import 32%, transform 26%)

