• turbo 2.10.12

   • Packages in scope: @agilityhub/api-client, @agilityhub/auth, @agilityhub/config, @agilityhub/course-core, @agilityhub/i18n, @agilityhub/shared-types, @agilityhub/ui, clubs, clubs-admin, id
   • Running lint, typecheck, test, build in 10 packages
   • Remote caching disabled

@agilityhub/course-core:typecheck: cache bypass, force executing 671f426b6643ad21
@agilityhub/config:lint: cache bypass, force executing 42ac5d636417f38d
@agilityhub/course-core:test: cache bypass, force executing 1c26edab867f42c5
@agilityhub/course-core:build: cache bypass, force executing 431d96cbc72fd83b
@agilityhub/auth:lint: cache bypass, force executing f4053950041e0287
id:lint: cache bypass, force executing f7faf03e54849b61
clubs-admin:lint: cache bypass, force executing 73a12e22788a2192
@agilityhub/config:typecheck: cache bypass, force executing 6860c83ceac65ae7
@agilityhub/i18n:lint: cache bypass, force executing ce6923572db4b4eb
@agilityhub/course-core:lint: cache bypass, force executing ef70bf6c19ae37ee
@agilityhub/config:typecheck: 
@agilityhub/config:typecheck: > @agilityhub/config@0.0.0 typecheck /Users/jordib/dev/agilityhub/agilityhub-core-web/packages/config
@agilityhub/config:typecheck: > node --check eslint.config.mjs && node --check prettier.config.mjs && node --check scripts/prepare-husky.mjs
@agilityhub/config:typecheck: 
@agilityhub/course-core:test: 
@agilityhub/course-core:test: > @agilityhub/course-core@0.0.1 test /Users/jordib/dev/agilityhub/agilityhub-core-web/packages/course-core
@agilityhub/course-core:test: > vitest run
@agilityhub/course-core:test: 
clubs-admin:lint: 
clubs-admin:lint: > clubs-admin@0.0.0 lint /Users/jordib/dev/agilityhub/agilityhub-core-web/apps/clubs-admin
clubs-admin:lint: > eslint . --max-warnings 0 --config ../../eslint.config.mjs
clubs-admin:lint: 
@agilityhub/i18n:lint: 
@agilityhub/i18n:lint: > @agilityhub/i18n@0.0.0 lint /Users/jordib/dev/agilityhub/agilityhub-core-web/packages/i18n
@agilityhub/i18n:lint: > eslint src --max-warnings 0 --config ../../eslint.config.mjs
@agilityhub/i18n:lint: 
@agilityhub/auth:lint: 
@agilityhub/auth:lint: > @agilityhub/auth@0.0.0 lint /Users/jordib/dev/agilityhub/agilityhub-core-web/packages/auth
@agilityhub/auth:lint: > eslint src --max-warnings 0 --config ../../eslint.config.mjs
@agilityhub/auth:lint: 
@agilityhub/course-core:typecheck: 
@agilityhub/course-core:typecheck: > @agilityhub/course-core@0.0.1 typecheck /Users/jordib/dev/agilityhub/agilityhub-core-web/packages/course-core
@agilityhub/course-core:typecheck: > tsc --noEmit
@agilityhub/course-core:typecheck: 
@agilityhub/config:lint: 
@agilityhub/config:lint: > @agilityhub/config@0.0.0 lint /Users/jordib/dev/agilityhub/agilityhub-core-web/packages/config
@agilityhub/config:lint: > eslint . --max-warnings 0 --config ../../eslint.config.mjs
@agilityhub/config:lint: 
@agilityhub/course-core:lint: 
@agilityhub/course-core:lint: > @agilityhub/course-core@0.0.1 lint /Users/jordib/dev/agilityhub/agilityhub-core-web/packages/course-core
@agilityhub/course-core:lint: > eslint src tests --max-warnings 0 --config ../../eslint.config.mjs
@agilityhub/course-core:lint: 
@agilityhub/course-core:build: 
@agilityhub/course-core:build: > @agilityhub/course-core@0.0.1 build /Users/jordib/dev/agilityhub/agilityhub-core-web/packages/course-core
@agilityhub/course-core:build: > tsc -p tsconfig.build.json
@agilityhub/course-core:build: 
id:lint: 
id:lint: > id@0.0.0 lint /Users/jordib/dev/agilityhub/agilityhub-core-web/apps/id
id:lint: > eslint . --max-warnings 0 --config ../../eslint.config.mjs
id:lint: 
@agilityhub/ui:test: cache bypass, force executing 28541d081419f2d1
@agilityhub/course-core:test: 
@agilityhub/course-core:test: [1m[30m[46m RUN [49m[39m[22m [36mv5.0.0 [39m[90m/Users/jordib/dev/agilityhub/agilityhub-core-web/packages/course-core[39m
@agilityhub/course-core:test: 
@agilityhub/ui:test: 
@agilityhub/ui:test: > @agilityhub/ui@0.0.0 test /Users/jordib/dev/agilityhub/agilityhub-core-web/packages/ui
@agilityhub/ui:test: > vitest run
@agilityhub/ui:test: 
@agilityhub/course-core:test:  [32m✓[39m tests/wrapper.test.ts [2m([22m[2m5 tests[22m[2m)[22m[32m 3[2mms[22m[39m
@agilityhub/course-core:test:  [32m✓[39m tests/geometry-primitives.test.ts [2m([22m[2m15 tests[22m[2m)[22m[32m 5[2mms[22m[39m
@agilityhub/course-core:test:  [32m✓[39m tests/marker-id.test.ts [2m([22m[2m11 tests[22m[2m)[22m[32m 5[2mms[22m[39m
@agilityhub/course-core:test:  [32m✓[39m tests/coords.test.ts [2m([22m[2m5 tests[22m[2m)[22m[32m 3[2mms[22m[39m
@agilityhub/course-core:test:  [32m✓[39m tests/calibration.test.ts [2m([22m[2m9 tests[22m[2m)[22m[32m 4[2mms[22m[39m
@agilityhub/course-core:test:  [32m✓[39m tests/geometry-transform.test.ts [2m([22m[2m6 tests[22m[2m)[22m[32m 3[2mms[22m[39m
@agilityhub/course-core:test:  [32m✓[39m tests/ring.test.ts [2m([22m[2m7 tests[22m[2m)[22m[32m 6[2mms[22m[39m
@agilityhub/course-core:test:  [32m✓[39m tests/parse-smarter-colors-txt.test.ts [2m([22m[2m6 tests[22m[2m)[22m[32m 4[2mms[22m[39m
@agilityhub/course-core:test:  [32m✓[39m tests/apriltag-36h11.test.ts [2m([22m[2m31 tests[22m[2m)[22m[32m 28[2mms[22m[39m
@agilityhub/course-core:test:  [32m✓[39m tests/marker-svg.test.ts [2m([22m[2m29 tests[22m[2m)[22m[32m 11[2mms[22m[39m
@agilityhub/course-core:test:  [32m✓[39m tests/placement.test.ts [2m([22m[2m20 tests[22m[2m)[22m[32m 5[2mms[22m[39m
@agilityhub/course-core:test:  [32m✓[39m tests/summarize-course.test.ts [2m([22m[2m8 tests[22m[2m)[22m[32m 9[2mms[22m[39m
@agilityhub/course-core:test:  [32m✓[39m tests/smarter-writer.test.ts [2m([22m[2m8 tests[22m[2m)[22m[32m 10[2mms[22m[39m
@agilityhub/course-core:test:  [32m✓[39m tests/parse-smarter-txt.test.ts [2m([22m[2m113 tests[22m[2m)[22m[32m 16[2mms[22m[39m
@agilityhub/course-core:test:  [32m✓[39m tests/warnings-engine.test.ts [2m([22m[2m13 tests[22m[2m)[22m[32m 6[2mms[22m[39m
@agilityhub/course-core:test:  [32m✓[39m tests/units.test.ts [2m([22m[2m5 tests[22m[2m)[22m[32m 3[2mms[22m[39m
@agilityhub/course-core:test:  [32m✓[39m tests/warnings-rules.test.ts [2m([22m[2m26 tests[22m[2m)[22m[32m 15[2mms[22m[39m
@agilityhub/course-core:test:  [32m✓[39m tests/smarter-fixtures.test.ts [2m([22m[2m25 tests[22m[2m)[22m[32m 8[2mms[22m[39m
@agilityhub/course-core:test: 
@agilityhub/course-core:test: [2m Test Files [22m [1m[32m18 passed[39m[22m[90m (18)[39m
@agilityhub/course-core:test: [2m      Tests [22m [1m[32m342 passed[39m[22m[90m (342)[39m
@agilityhub/course-core:test: [2m   Start at [22m 15:26:00
@agilityhub/course-core:test: [2m   Duration [22m 387ms[2m (transform 78%, import 14%, tests 5%, worker 2%)[22m
@agilityhub/course-core:test: 
@agilityhub/course-core:test: [2m  Transform [22m [33mtransforming modules took 2.09s[39m[2m · 78% of tracked time, re-done on every run[22m
@agilityhub/course-core:test: [2m            [22m [2mpersist transforms across runs with [22m[33mfsModuleCache: true[39m
@agilityhub/course-core:test: [2m            [22m [2mlearn more: https://vitest.dev/guide/improving-performance#caching-between-reruns[22m
@agilityhub/course-core:test: 
@agilityhub/api-client:lint: cache bypass, force executing dd16ca16d0a2a4d9
@agilityhub/ui:test: 
@agilityhub/ui:test: [1m[30m[46m RUN [49m[39m[22m [36mv5.0.0 [39m[90m/Users/jordib/dev/agilityhub/agilityhub-core-web/packages/ui[39m
@agilityhub/ui:test: 
@agilityhub/api-client:lint: 
@agilityhub/api-client:lint: > @agilityhub/api-client@0.0.0 lint /Users/jordib/dev/agilityhub/agilityhub-core-web/packages/api-client
@agilityhub/api-client:lint: > eslint src --ignore-pattern src/generated/** --max-warnings 0 --config ../../eslint.config.mjs
@agilityhub/api-client:lint: 
@agilityhub/api-client:typecheck: cache bypass, force executing e611a4ffa2a1ed80
@agilityhub/api-client:test: cache bypass, force executing 9df7f95e9fe01661
@agilityhub/ui:lint: cache bypass, force executing 3b4f20356b6f3520
@agilityhub/api-client:test: 
@agilityhub/api-client:test: > @agilityhub/api-client@0.0.0 test /Users/jordib/dev/agilityhub/agilityhub-core-web/packages/api-client
@agilityhub/api-client:test: > vitest run
@agilityhub/api-client:test: 
@agilityhub/api-client:typecheck: 
@agilityhub/api-client:typecheck: > @agilityhub/api-client@0.0.0 typecheck /Users/jordib/dev/agilityhub/agilityhub-core-web/packages/api-client
@agilityhub/api-client:typecheck: > tsc --noEmit
@agilityhub/api-client:typecheck: 
@agilityhub/ui:lint: 
@agilityhub/ui:lint: > @agilityhub/ui@0.0.0 lint /Users/jordib/dev/agilityhub/agilityhub-core-web/packages/ui
@agilityhub/ui:lint: > eslint src --max-warnings 0 --config ../../eslint.config.mjs
@agilityhub/ui:lint: 
@agilityhub/api-client:test: 
@agilityhub/api-client:test: [1m[30m[46m RUN [49m[39m[22m [36mv5.0.0 [39m[90m/Users/jordib/dev/agilityhub/agilityhub-core-web/packages/api-client[39m
@agilityhub/api-client:test: 
@agilityhub/ui:test:  [32m✓[39m src/universal-list.test.tsx [2m([22m[2m5 tests[22m[2m)[22m[32m 4[2mms[22m[39m
@agilityhub/ui:test:  [32m✓[39m src/index.test.ts [2m([22m[2m2 tests[22m[2m)[22m[32m 3[2mms[22m[39m
@agilityhub/ui:test:  [32m✓[39m src/branding.test.tsx [2m([22m[2m4 tests[22m[2m)[22m[32m 26[2mms[22m[39m
@agilityhub/ui:test:  [32m✓[39m src/icons/Icon.test.tsx [2m([22m[2m1 test[22m[2m)[22m[32m 69[2mms[22m[39m
@agilityhub/ui:test:  [32m✓[39m src/limited-markdown.test.tsx [2m([22m[2m1 test[22m[2m)[22m[32m 117[2mms[22m[39m
@agilityhub/ui:test:  [32m✓[39m src/schedule-grid.test.tsx [2m([22m[2m2 tests[22m[2m)[22m[32m 147[2mms[22m[39m
@agilityhub/ui:test:  [32m✓[39m src/day-grid.test.tsx [2m([22m[2m7 tests[22m[2m)[22m[32m 162[2mms[22m[39m
@agilityhub/ui:test:  [32m✓[39m src/components.test.tsx [2m([22m[2m27 tests[22m[2m)[22m[32m 235[2mms[22m[39m
@agilityhub/ui:test: 
@agilityhub/ui:test: [2m Test Files [22m [1m[32m8 passed[39m[22m[90m (8)[39m
@agilityhub/ui:test: [2m      Tests [22m [1m[32m49 passed[39m[22m[90m (49)[39m
@agilityhub/ui:test: [2m   Start at [22m 15:26:00
@agilityhub/ui:test: [2m   Duration [22m 1.37s[2m (environment 66%, setup 18%, tests 8%, transform 7%, import 1%, worker 1%)[22m
@agilityhub/ui:test: 
@agilityhub/ui:typecheck: cache bypass, force executing e63c1bedcc5d7dba
@agilityhub/ui:typecheck: 
@agilityhub/ui:typecheck: > @agilityhub/ui@0.0.0 typecheck /Users/jordib/dev/agilityhub/agilityhub-core-web/packages/ui
@agilityhub/ui:typecheck: > tsc --noEmit
@agilityhub/ui:typecheck: 
@agilityhub/api-client:test:  [32m✓[39m src/club-pages.test.ts [2m([22m[2m1 test[22m[2m)[22m[32m 15[2mms[22m[39m
@agilityhub/api-client:test:  [32m✓[39m src/mocks/calendar-handlers.test.ts [2m([22m[2m6 tests[22m[2m)[22m[32m 256[2mms[22m[39m
clubs:lint: cache bypass, force executing 3bf1b0190e04995f
@agilityhub/api-client:test:  [32m✓[39m src/mocks/fixtures.contract.test.ts [2m([22m[2m36 tests[22m[2m)[22m[33m 413[2mms[22m[39m
@agilityhub/api-client:test:  [32m✓[39m src/index.test.ts [2m([22m[2m12 tests[22m[2m)[22m[33m 423[2mms[22m[39m
@agilityhub/api-client:test: 
@agilityhub/api-client:test: [2m Test Files [22m [1m[32m4 passed[39m[22m[90m (4)[39m
@agilityhub/api-client:test: [2m      Tests [22m [1m[32m55 passed[39m[22m[90m (55)[39m
@agilityhub/api-client:test: [2m   Start at [22m 15:26:01
@agilityhub/api-client:test: [2m   Duration [22m 1.13s[2m (transform 36%, tests 33%, import 30%)[22m
@agilityhub/api-client:test: 
@agilityhub/shared-types:lint: cache bypass, force executing d383151fe730994b
clubs:lint: 
clubs:lint: > clubs@0.0.0 lint /Users/jordib/dev/agilityhub/agilityhub-core-web/apps/clubs
clubs:lint: > eslint . --max-warnings 0 --config ../../eslint.config.mjs
clubs:lint: 
@agilityhub/shared-types:lint: 
@agilityhub/shared-types:lint: > @agilityhub/shared-types@0.0.1 lint /Users/jordib/dev/agilityhub/agilityhub-core-web/packages/shared-types
@agilityhub/shared-types:lint: > eslint src tests --max-warnings 0 --config ../../eslint.config.mjs
@agilityhub/shared-types:lint: 
@agilityhub/shared-types:build: cache bypass, force executing d3d69457da5c20b5
@agilityhub/shared-types:test: cache bypass, force executing 30c0e8b7888e66b3
@agilityhub/shared-types:build: 
@agilityhub/shared-types:build: > @agilityhub/shared-types@0.0.1 build /Users/jordib/dev/agilityhub/agilityhub-core-web/packages/shared-types
@agilityhub/shared-types:build: > tsc -p tsconfig.build.json
@agilityhub/shared-types:build: 
@agilityhub/shared-types:test: 
@agilityhub/shared-types:test: > @agilityhub/shared-types@0.0.1 test /Users/jordib/dev/agilityhub/agilityhub-core-web/packages/shared-types
@agilityhub/shared-types:test: > vitest run
@agilityhub/shared-types:test: 
@agilityhub/shared-types:typecheck: cache bypass, force executing c4a7a4d38f585971
@agilityhub/i18n:test: cache bypass, force executing 8764fbdf44b62566
@agilityhub/shared-types:test: 
@agilityhub/shared-types:test: [1m[30m[46m RUN [49m[39m[22m [36mv5.0.0 [39m[90m/Users/jordib/dev/agilityhub/agilityhub-core-web/packages/shared-types[39m
@agilityhub/shared-types:test: 
@agilityhub/shared-types:typecheck: 
@agilityhub/shared-types:typecheck: > @agilityhub/shared-types@0.0.1 typecheck /Users/jordib/dev/agilityhub/agilityhub-core-web/packages/shared-types
@agilityhub/shared-types:typecheck: > tsc --noEmit
@agilityhub/shared-types:typecheck: 
@agilityhub/i18n:typecheck: cache bypass, force executing 248944c82d421b97
@agilityhub/i18n:test: 
@agilityhub/i18n:test: > @agilityhub/i18n@0.0.0 test /Users/jordib/dev/agilityhub/agilityhub-core-web/packages/i18n
@agilityhub/i18n:test: > vitest run
@agilityhub/i18n:test: 
@agilityhub/i18n:typecheck: 
@agilityhub/i18n:typecheck: > @agilityhub/i18n@0.0.0 typecheck /Users/jordib/dev/agilityhub/agilityhub-core-web/packages/i18n
@agilityhub/i18n:typecheck: > tsc --noEmit
@agilityhub/i18n:typecheck: 
@agilityhub/i18n:test: 
@agilityhub/i18n:test: [1m[30m[46m RUN [49m[39m[22m [36mv5.0.0 [39m[90m/Users/jordib/dev/agilityhub/agilityhub-core-web/packages/i18n[39m
@agilityhub/i18n:test: 
@agilityhub/shared-types:test:  [32m✓[39m tests/build-session-export.test.ts [2m([22m[2m21 tests[22m[2m)[22m[32m 20[2mms[22m[39m
@agilityhub/shared-types:test: 
@agilityhub/shared-types:test: [2m Test Files [22m [1m[32m1 passed[39m[22m[90m (1)[39m
@agilityhub/shared-types:test: [2m      Tests [22m [1m[32m21 passed[39m[22m[90m (21)[39m
@agilityhub/shared-types:test: [2m   Start at [22m 15:26:04
@agilityhub/shared-types:test: [2m   Duration [22m 666ms[2m (transform 86%, import 10%, tests 4%)[22m
@agilityhub/shared-types:test: 
clubs-admin:build: cache bypass, force executing ddb78273321300c5
@agilityhub/i18n:test:  [32m✓[39m src/locale.test.ts [2m([22m[2m3 tests[22m[2m)[22m[32m 3[2mms[22m[39m
@agilityhub/i18n:test:  [32m✓[39m src/format.test.ts [2m([22m[2m12 tests[22m[2m)[22m[32m 20[2mms[22m[39m
id:build: cache bypass, force executing 7d49367fd93d4673
@agilityhub/i18n:test:  [32m✓[39m src/index.test.ts [2m([22m[2m3 tests[22m[2m)[22m[32m 31[2mms[22m[39m
@agilityhub/i18n:test: 
@agilityhub/i18n:test: [2m Test Files [22m [1m[32m3 passed[39m[22m[90m (3)[39m
@agilityhub/i18n:test: [2m      Tests [22m [1m[32m18 passed[39m[22m[90m (18)[39m
@agilityhub/i18n:test: [2m   Start at [22m 15:26:04
@agilityhub/i18n:test: [2m   Duration [22m 408ms[2m (transform 72%, import 17%, tests 9%, worker 2%)[22m
@agilityhub/i18n:test: 
clubs-admin:build: 
clubs-admin:build: > clubs-admin@0.0.0 build /Users/jordib/dev/agilityhub/agilityhub-core-web/apps/clubs-admin
clubs-admin:build: > tsc --noEmit && vite build
clubs-admin:build: 
clubs:build: cache bypass, force executing 0d0297d9cc734a7c
id:build: 
id:build: > id@0.0.0 build /Users/jordib/dev/agilityhub/agilityhub-core-web/apps/id
id:build: > tsc --noEmit && vite build
id:build: 
clubs:build: 
clubs:build: > clubs@0.0.0 build /Users/jordib/dev/agilityhub/agilityhub-core-web/apps/clubs
clubs:build: > tsc --noEmit && vite build
clubs:build: 
@agilityhub/auth:test: cache bypass, force executing e177b441a6e3a9f0
@agilityhub/auth:typecheck: cache bypass, force executing c5a239ad6cc7bb3a
@agilityhub/auth:typecheck: 
@agilityhub/auth:typecheck: > @agilityhub/auth@0.0.0 typecheck /Users/jordib/dev/agilityhub/agilityhub-core-web/packages/auth
@agilityhub/auth:typecheck: > tsc --noEmit
@agilityhub/auth:typecheck: 
@agilityhub/auth:test: 
@agilityhub/auth:test: > @agilityhub/auth@0.0.0 test /Users/jordib/dev/agilityhub/agilityhub-core-web/packages/auth
@agilityhub/auth:test: > vitest run
@agilityhub/auth:test: 
@agilityhub/auth:test: 
@agilityhub/auth:test: [1m[30m[46m RUN [49m[39m[22m [36mv5.0.0 [39m[90m/Users/jordib/dev/agilityhub/agilityhub-core-web/packages/auth[39m
@agilityhub/auth:test: 
@agilityhub/auth:test:  [32m✓[39m src/auth-client.test.ts [2m([22m[2m14 tests[22m[2m)[22m[32m 86[2mms[22m[39m
@agilityhub/auth:test:  [32m✓[39m src/session.test.tsx [2m([22m[2m3 tests[22m[2m)[22m[32m 154[2mms[22m[39m
@agilityhub/auth:test: 
@agilityhub/auth:test: [2m Test Files [22m [1m[32m2 passed[39m[22m[90m (2)[39m
@agilityhub/auth:test: [2m      Tests [22m [1m[32m17 passed[39m[22m[90m (17)[39m
@agilityhub/auth:test: [2m   Start at [22m 15:26:06
@agilityhub/auth:test: [2m   Duration [22m 1.01s[2m (environment 52%, import 17%, transform 16%, tests 15%)[22m
@agilityhub/auth:test: 
id:build: vite v8.2.2 building client environment for production...
id:build: transforming...
id:build: ✓ 438 modules transformed.
id:build: rendering chunks...
id:build: computing gzip size...
id:build: dist/index.html                                           0.39 kB │ gzip:   0.27 kB
id:build: dist/assets/sprite-BOr1Ydze.svg                           5.78 kB │ gzip:   1.52 kB
id:build: dist/assets/montserrat-latin-600-normal-UVxSCcoG.woff2   18.68 kB
id:build: dist/assets/montserrat-latin-500-normal-DRFEGfly.woff2   18.74 kB
id:build: dist/assets/montserrat-latin-400-normal-BLhwKU8k.woff2   18.78 kB
id:build: dist/assets/montserrat-latin-700-normal-BdjcYUrC.woff2   18.82 kB
id:build: dist/assets/montserrat-latin-600-normal-CdhFl4lI.woff    20.54 kB
id:build: dist/assets/montserrat-latin-500-normal-Dok2oTci.woff    20.60 kB
id:build: dist/assets/montserrat-latin-400-normal-xItZbAXg.woff    20.64 kB
id:build: dist/assets/montserrat-latin-700-normal-BWkrl476.woff    20.67 kB
id:build: dist/assets/index-1CYHfhSp.css                           38.22 kB │ gzip:   7.49 kB
id:build: dist/assets/home-BtBrYm-x.js                              0.50 kB │ gzip:   0.32 kB
id:build: dist/assets/home-DvLYjaIO.js                              0.54 kB │ gzip:   0.36 kB
id:build: dist/assets/home-CLgt50lI.js                              0.55 kB │ gzip:   0.35 kB
id:build: dist/assets/instructor-Dhedv5sg.js                        0.62 kB │ gzip:   0.35 kB
id:build: dist/assets/instructor-CjYt75g5.js                        0.65 kB │ gzip:   0.38 kB
id:build: dist/assets/instructor-DliXCRMK.js                        0.65 kB │ gzip:   0.38 kB
id:build: dist/assets/shell-5wrIZEiU.js                             1.34 kB │ gzip:   0.71 kB
id:build: dist/assets/enums-SB90xQtQ.js                             1.34 kB │ gzip:   0.74 kB
id:build: dist/assets/enums-BManqzuh.js                             1.38 kB │ gzip:   0.79 kB
id:build: dist/assets/shell-BPq7tYY0.js                             1.38 kB │ gzip:   0.79 kB
id:build: dist/assets/common-CaTKPWMi.js                            1.39 kB │ gzip:   0.75 kB
id:build: dist/assets/enums-4cvn4Huq.js                             1.39 kB │ gzip:   0.79 kB
id:build: dist/assets/shell-Cc61Igy-.js                             1.41 kB │ gzip:   0.79 kB
id:build: dist/assets/common-CnQ6CNO1.js                            1.47 kB │ gzip:   0.82 kB
id:build: dist/assets/admin-dashboard-DEroKKpe.js                   1.50 kB │ gzip:   0.80 kB
id:build: dist/assets/common-CgR5fNLl.js                            1.51 kB │ gzip:   0.83 kB
id:build: dist/assets/admin-dashboard-C2DxNGts.js                   1.58 kB │ gzip:   0.88 kB
id:build: dist/assets/admin-dashboard-C7J1Sedq.js                   1.63 kB │ gzip:   0.89 kB
id:build: dist/assets/admin-audit-BZSQ9q1n.js                       2.88 kB │ gzip:   1.34 kB
id:build: dist/assets/id-cJQwgM2i.js                                2.89 kB │ gzip:   1.28 kB
id:build: dist/assets/id-Dio3OKNo.js                                3.04 kB │ gzip:   1.41 kB
id:build: dist/assets/id-Rnv2hXs4.js                                3.10 kB │ gzip:   1.42 kB
id:build: dist/assets/admin-audit-qNWjTa9T.js                       3.13 kB │ gzip:   1.49 kB
id:build: dist/assets/admin-audit-B9HrUHsS.js                       3.21 kB │ gzip:   1.51 kB
id:build: dist/assets/auth-B2g8lbGP.js                              4.30 kB │ gzip:   1.88 kB
id:build: dist/assets/signup-DVenis1D.js                            4.72 kB │ gzip:   2.22 kB
id:build: dist/assets/auth-CPbUJNgL.js                              4.74 kB │ gzip:   2.09 kB
id:build: dist/assets/auth-DjeifVuz.js                              4.80 kB │ gzip:   2.09 kB
id:build: dist/assets/signup-DNLtsJ8E.js                            4.98 kB │ gzip:   2.48 kB
id:build: dist/assets/signup-Cmt4S_ay.js                            5.05 kB │ gzip:   2.49 kB
id:build: dist/assets/admin-catalogs-DAQTDns9.js                    5.22 kB │ gzip:   1.95 kB
id:build: dist/assets/admin-catalogs-Coe9B6Bf.js                    5.48 kB │ gzip:   2.16 kB
id:build: dist/assets/admin-catalogs-CvR4YWAF.js                    5.68 kB │ gzip:   2.19 kB
id:build: dist/assets/census-2y4pkTWD.js                            5.96 kB │ gzip:   2.39 kB
id:build: dist/assets/census-CfjHQ4Uz.js                            6.29 kB │ gzip:   2.64 kB
id:build: dist/assets/census-C9vkPZEn.js                            6.47 kB │ gzip:   2.67 kB
id:build: dist/assets/admin-scheduling-CzXsS4mt.js                  7.53 kB │ gzip:   2.83 kB
id:build: dist/assets/admin-scheduling-DDQankpt.js                  7.89 kB │ gzip:   3.06 kB
id:build: dist/assets/admin-scheduling-Rj6gg9sd.js                  7.89 kB │ gzip:   3.07 kB
id:build: dist/assets/admin-census-1EJBTIn-.js                      8.55 kB │ gzip:   3.38 kB
id:build: dist/assets/admin-census-Du0-IMyk.js                      9.01 kB │ gzip:   3.64 kB
id:build: dist/assets/admin-census-DNahXOci.js                      9.32 kB │ gzip:   3.72 kB
id:build: dist/assets/admin-settings-ed4raEOS.js                   17.01 kB │ gzip:   6.05 kB
id:build: dist/assets/admin-settings-DWM9_lDb.js                   18.15 kB │ gzip:   6.62 kB
id:build: dist/assets/admin-settings-D3Fbd__C.js                   18.51 kB │ gzip:   6.62 kB
id:build: dist/assets/errors-DTtOT7jL.js                           21.82 kB │ gzip:   7.10 kB
id:build: dist/assets/errors-DqWbzYut.js                           23.16 kB │ gzip:   7.51 kB
id:build: dist/assets/errors-DTSzpTgR.js                           23.16 kB │ gzip:   7.47 kB
id:build: dist/assets/index-B3n5WYxV.js                           320.77 kB │ gzip:  99.47 kB
id:build: dist/assets/browser-BKEn5C6k.js                         768.68 kB │ gzip: 345.03 kB
id:build: 
id:build: ✓ built in 177ms
id:build: [plugin builtin:vite-reporter] 
id:build: (!) Some chunks are larger than 500 kB after minification. Consider:
id:build: - Using dynamic import() to code-split the application
id:build: - Use build.rolldownOptions.output.codeSplitting to improve chunking: https://rolldown.rs/reference/OutputOptions.codeSplitting
id:build: - Adjust chunk size limit for this warning via build.chunkSizeWarningLimit.
clubs-admin:test: cache bypass, force executing 78e98e59a89d7bb8
clubs-admin:typecheck: cache bypass, force executing dc5480a820883498
id:typecheck: cache bypass, force executing 5c31458735147faf
id:test: cache bypass, force executing ddaeb2c8e1ffc0fd
clubs:test: cache bypass, force executing aa33f89b63f887da
clubs:typecheck: cache bypass, force executing d607295af210affc
clubs:test: 
clubs:test: > clubs@0.0.0 test /Users/jordib/dev/agilityhub/agilityhub-core-web/apps/clubs
clubs:test: > vitest run
clubs:test: 
clubs-admin:typecheck: 
clubs-admin:typecheck: > clubs-admin@0.0.0 typecheck /Users/jordib/dev/agilityhub/agilityhub-core-web/apps/clubs-admin
clubs-admin:typecheck: > tsc --noEmit
clubs-admin:typecheck: 
id:test: 
id:test: > id@0.0.0 test /Users/jordib/dev/agilityhub/agilityhub-core-web/apps/id
id:test: > vitest run
id:test: 
id:typecheck: 
id:typecheck: > id@0.0.0 typecheck /Users/jordib/dev/agilityhub/agilityhub-core-web/apps/id
id:typecheck: > tsc --noEmit
id:typecheck: 
clubs-admin:test: 
clubs-admin:test: > clubs-admin@0.0.0 test /Users/jordib/dev/agilityhub/agilityhub-core-web/apps/clubs-admin
clubs-admin:test: > vitest run
clubs-admin:test: 
clubs:typecheck: 
clubs:typecheck: > clubs@0.0.0 typecheck /Users/jordib/dev/agilityhub/agilityhub-core-web/apps/clubs
clubs:typecheck: > tsc --noEmit
clubs:typecheck: 
clubs-admin:test: 
clubs-admin:test: [1m[30m[46m RUN [49m[39m[22m [36mv5.0.0 [39m[90m/Users/jordib/dev/agilityhub/agilityhub-core-web/apps/clubs-admin[39m
clubs-admin:test: 
id:test: 
id:test: [1m[30m[46m RUN [49m[39m[22m [36mv5.0.0 [39m[90m/Users/jordib/dev/agilityhub/agilityhub-core-web/apps/id[39m
id:test: 
clubs:test: 
clubs:test: [1m[30m[46m RUN [49m[39m[22m [36mv5.0.0 [39m[90m/Users/jordib/dev/agilityhub/agilityhub-core-web/apps/clubs[39m
clubs:test: 
clubs:build: vite v8.2.2 building client environment for production...
clubs:build: transforming...
clubs:build: ✓ 446 modules transformed.
clubs:build: rendering chunks...
clubs:build: computing gzip size...
clubs:build: dist/registerSW.js                                        0.13 kB
clubs:build: dist/index.html                                           2.78 kB │ gzip:   0.97 kB
clubs:build: dist/assets/sprite-BOr1Ydze.svg                           5.78 kB │ gzip:   1.52 kB
clubs:build: dist/assets/montserrat-latin-600-normal-UVxSCcoG.woff2   18.68 kB
clubs:build: dist/assets/montserrat-latin-500-normal-DRFEGfly.woff2   18.74 kB
clubs:build: dist/assets/montserrat-latin-400-normal-BLhwKU8k.woff2   18.78 kB
clubs:build: dist/assets/montserrat-latin-700-normal-BdjcYUrC.woff2   18.82 kB
clubs:build: dist/assets/montserrat-latin-600-normal-CdhFl4lI.woff    20.54 kB
clubs:build: dist/assets/montserrat-latin-500-normal-Dok2oTci.woff    20.60 kB
clubs:build: dist/assets/montserrat-latin-400-normal-xItZbAXg.woff    20.64 kB
clubs:build: dist/assets/montserrat-latin-700-normal-BWkrl476.woff    20.67 kB
clubs:build: dist/assets/index-BGRwaqza.css                           68.07 kB │ gzip:  11.60 kB
clubs:build: dist/assets/home-BtBrYm-x.js                              0.50 kB │ gzip:   0.32 kB
clubs:build: dist/assets/home-DvLYjaIO.js                              0.54 kB │ gzip:   0.36 kB
clubs:build: dist/assets/home-CLgt50lI.js                              0.55 kB │ gzip:   0.35 kB
clubs:build: dist/assets/instructor-Dhedv5sg.js                        0.62 kB │ gzip:   0.35 kB
clubs:build: dist/assets/instructor-CjYt75g5.js                        0.65 kB │ gzip:   0.38 kB
clubs:build: dist/assets/instructor-DliXCRMK.js                        0.65 kB │ gzip:   0.38 kB
clubs:build: dist/assets/enums-SB90xQtQ.js                             1.34 kB │ gzip:   0.74 kB
clubs:build: dist/assets/enums-BManqzuh.js                             1.38 kB │ gzip:   0.79 kB
clubs:build: dist/assets/enums-4cvn4Huq.js                             1.39 kB │ gzip:   0.79 kB
clubs:build: dist/assets/admin-dashboard-DEroKKpe.js                   1.50 kB │ gzip:   0.80 kB
clubs:build: dist/assets/admin-dashboard-C2DxNGts.js                   1.58 kB │ gzip:   0.88 kB
clubs:build: dist/assets/admin-dashboard-C7J1Sedq.js                   1.63 kB │ gzip:   0.89 kB
clubs:build: dist/assets/admin-audit-BZSQ9q1n.js                       2.88 kB │ gzip:   1.34 kB
clubs:build: dist/assets/id-cJQwgM2i.js                                2.89 kB │ gzip:   1.28 kB
clubs:build: dist/assets/id-Dio3OKNo.js                                3.04 kB │ gzip:   1.41 kB
clubs:build: dist/assets/id-Rnv2hXs4.js                                3.10 kB │ gzip:   1.42 kB
clubs:build: dist/assets/admin-audit-qNWjTa9T.js                       3.13 kB │ gzip:   1.49 kB
clubs:build: dist/assets/admin-audit-B9HrUHsS.js                       3.21 kB │ gzip:   1.51 kB
clubs:build: dist/assets/auth-B2g8lbGP.js                              4.30 kB │ gzip:   1.88 kB
clubs:build: dist/assets/signup-DVenis1D.js                            4.72 kB │ gzip:   2.22 kB
clubs:build: dist/assets/auth-CPbUJNgL.js                              4.74 kB │ gzip:   2.09 kB
clubs:build: dist/assets/auth-DjeifVuz.js                              4.80 kB │ gzip:   2.09 kB
clubs:build: dist/assets/signup-DNLtsJ8E.js                            4.98 kB │ gzip:   2.48 kB
clubs:build: dist/assets/signup-Cmt4S_ay.js                            5.05 kB │ gzip:   2.49 kB
clubs:build: dist/assets/admin-catalogs-DAQTDns9.js                    5.22 kB │ gzip:   1.95 kB
clubs:build: dist/assets/admin-catalogs-Coe9B6Bf.js                    5.48 kB │ gzip:   2.16 kB
clubs:build: dist/assets/admin-catalogs-CvR4YWAF.js                    5.68 kB │ gzip:   2.19 kB
clubs:build: dist/assets/census-2y4pkTWD.js                            5.96 kB │ gzip:   2.39 kB
clubs:build: dist/assets/census-CfjHQ4Uz.js                            6.29 kB │ gzip:   2.64 kB
clubs:build: dist/assets/census-C9vkPZEn.js                            6.47 kB │ gzip:   2.67 kB
clubs:build: dist/assets/admin-scheduling-CzXsS4mt.js                  7.53 kB │ gzip:   2.83 kB
clubs:build: dist/assets/admin-scheduling-DDQankpt.js                  7.89 kB │ gzip:   3.06 kB
clubs:build: dist/assets/admin-scheduling-Rj6gg9sd.js                  7.89 kB │ gzip:   3.07 kB
clubs:build: dist/assets/admin-census-1EJBTIn-.js                      8.55 kB │ gzip:   3.38 kB
clubs:build: dist/assets/admin-census-Du0-IMyk.js                      9.01 kB │ gzip:   3.64 kB
clubs:build: dist/assets/admin-census-DNahXOci.js                      9.32 kB │ gzip:   3.72 kB
clubs:build: dist/assets/admin-settings-ed4raEOS.js                   17.01 kB │ gzip:   6.05 kB
clubs:build: dist/assets/admin-settings-DWM9_lDb.js                   18.15 kB │ gzip:   6.62 kB
clubs:build: dist/assets/admin-settings-D3Fbd__C.js                   18.51 kB │ gzip:   6.62 kB
clubs:build: dist/assets/errors-DTtOT7jL.js                           21.82 kB │ gzip:   7.10 kB
clubs:build: dist/assets/errors-DqWbzYut.js                           23.16 kB │ gzip:   7.51 kB
clubs:build: dist/assets/errors-DTSzpTgR.js                           23.16 kB │ gzip:   7.47 kB
clubs:build: dist/assets/index-DFHlSrXR.js                           433.89 kB │ gzip: 129.58 kB
clubs:build: dist/assets/browser-BKEn5C6k.js                         768.68 kB │ gzip: 345.03 kB
clubs:build: 
clubs:build: [33m[INEFFECTIVE_DYNAMIC_IMPORT] [0m../../packages/i18n/src/locales/ca/common.json is dynamically imported by ../../packages/i18n/src/resources.ts but also statically imported by ../../packages/i18n/src/catalog.ts, dynamic import will not move module into another chunk.
clubs:build: 
clubs:build: [plugin builtin:vite-reporter] 
clubs:build: (!) Some chunks are larger than 500 kB after minification. Consider:
clubs:build: - Using dynamic import() to code-split the application
clubs:build: - Use build.rolldownOptions.output.codeSplitting to improve chunking: https://rolldown.rs/reference/OutputOptions.codeSplitting
clubs:build: - Adjust chunk size limit for this warning via build.chunkSizeWarningLimit.
clubs:build: [33m[INEFFECTIVE_DYNAMIC_IMPORT] [0m../../packages/i18n/src/locales/ca/shell.json is dynamically imported by ../../packages/i18n/src/resources.ts but also statically imported by ../../packages/i18n/src/catalog.ts, dynamic import will not move module into another chunk.
clubs:build: 
clubs:build: [33m[INEFFECTIVE_DYNAMIC_IMPORT] [0m../../packages/i18n/src/locales/en/common.json is dynamically imported by ../../packages/i18n/src/resources.ts but also statically imported by ../../packages/i18n/src/catalog.ts, dynamic import will not move module into another chunk.
clubs:build: 
clubs:build: [33m[INEFFECTIVE_DYNAMIC_IMPORT] [0m../../packages/i18n/src/locales/en/shell.json is dynamically imported by ../../packages/i18n/src/resources.ts but also statically imported by ../../packages/i18n/src/catalog.ts, dynamic import will not move module into another chunk.
clubs:build: 
clubs:build: [33m[INEFFECTIVE_DYNAMIC_IMPORT] [0m../../packages/i18n/src/locales/es/common.json is dynamically imported by ../../packages/i18n/src/resources.ts but also statically imported by ../../packages/i18n/src/catalog.ts, dynamic import will not move module into another chunk.
clubs:build: 
clubs:build: [33m[INEFFECTIVE_DYNAMIC_IMPORT] [0m../../packages/i18n/src/locales/es/shell.json is dynamically imported by ../../packages/i18n/src/resources.ts but also statically imported by ../../packages/i18n/src/catalog.ts, dynamic import will not move module into another chunk.
clubs:build: 
clubs:build: ✓ built in 405ms
clubs-admin:test:  [32m✓[39m src/catalogs/derived-settings.test.ts [2m([22m[2m2 tests[22m[2m)[22m[32m 13[2mms[22m[39m
clubs-admin:test:  [32m✓[39m src/planning/calendar-literals.test.ts [2m([22m[2m2 tests[22m[2m)[22m[32m 67[2mms[22m[39m
clubs-admin:test:  [32m✓[39m src/planning/description.test.ts [2m([22m[2m7 tests[22m[2m)[22m[32m 144[2mms[22m[39m
clubs:test:  [32m✓[39m src/today/literals.test.ts [2m([22m[2m2 tests[22m[2m)[22m[32m 101[2mms[22m[39m
clubs-admin:test: [90mstderr[2m | src/dashboard/DashboardPage.test.tsx[2m > [22m[2mT-14-25 D1 dashboard[2m > [22m[2mrenders the server aggregate, all risk rows, pending signups, and accessible chart
clubs-admin:test: [22m[39m[BrandingProvider] Club Agility Cànic: primary and onPrimary contrast (3.32:1) is below WCAG AA.
clubs-admin:test: 
clubs-admin:test: [90mstderr[2m | src/dashboard/SignupReviewPage.test.tsx[2m > [22m[2mT-04-33 D2 signup validation[2m > [22m[2mshows masked data, signed documents, consent warning, level, invoice, and Stripe payment
clubs-admin:test: [22m[39m[BrandingProvider] Club Agility Cànic: primary and onPrimary contrast (3.32:1) is below WCAG AA.
clubs-admin:test: 
clubs:test: [90mstderr[2m | src/InfoPage.test.tsx[2m > [22m[2mT-05-CP-07 screen 30 Info[2m > [22m[2mshows FAQ, rules and other active pages only
clubs:test: [22m[39m[BrandingProvider] Club Agility Cànic: primary and onPrimary contrast (3.32:1) is below WCAG AA.
clubs:test: 
clubs-admin:test: [90mstderr[2m | src/census/CensusRecordPage.test.tsx[2m > [22m[2mT-03-39 D10 member record[2m > [22m[2mrenders the approved badges, masked account, consent warning, dog rights, and WhatsApp URL
clubs-admin:test: [22m[39m[BrandingProvider] Club Agility Cànic: primary and onPrimary contrast (3.32:1) is below WCAG AA.
clubs-admin:test: 
clubs-admin:test: [90mstderr[2m | src/planning/TemplateDayPage.test.tsx[2m > [22m[2mT-06-27 D3b day view per ring / per instructor[2m > [22m[2mshows only the rings used that day in catalog order, plus «Sense» when a class has no ring
clubs-admin:test: [22m[39m[BrandingProvider] Club Agility Cànic: primary and onPrimary contrast (3.32:1) is below WCAG AA.
clubs-admin:test: 
clubs:test: [90mstderr[2m | src/today/TodayPage.test.tsx[2m > [22m[2mT-06-29 screen 10 «Classes del dia»[2m > [22m[2mdraws the mockup grid with identical ring columns, the date header and the week chips
clubs:test: [22m[39m[BrandingProvider] Club Agility Cànic: primary and onPrimary contrast (3.32:1) is below WCAG AA.
clubs:test: 
clubs:test: [90mstderr[2m | src/today/OverviewPage.test.tsx[2m > [22m[2mT-06-29 screen 23 «Visió global»[2m > [22m[2mshows n/n +e with the planned instructor, training names, the block and the cancelled class
clubs:test: [22m[39m[BrandingProvider] Club Agility Cànic: primary and onPrimary contrast (3.32:1) is below WCAG AA.
clubs:test: 
clubs-admin:test: [90mstderr[2m | src/catalogs/ParameterSettings.test.tsx[2m > [22m[2mT-02-13 D11 parameter rows[2m > [22m[2mkeeps module-less parameters that the core sends with module null
clubs-admin:test: [22m[39m[BrandingProvider] Club Agility Cànic: primary and onPrimary contrast (3.32:1) is below WCAG AA.
clubs-admin:test: 
clubs-admin:test: [90mstderr[2m | src/audit/AuditPage.test.tsx[2m > [22m[2mT-14-26 member audit and exports[2m > [22m[2mfilters by action and opens the masked before/after change drawer
clubs-admin:test: [22m[39m[BrandingProvider] Club Agility Cànic: primary and onPrimary contrast (3.32:1) is below WCAG AA.
clubs-admin:test: 
clubs-admin:test: [90mstderr[2m | src/census/CensusListPage.test.tsx[2m > [22m[2mT-03-38 D5 universal member list[2m > [22m[2mrenders applied filters and preserves selection when page size changes
clubs-admin:test: [22m[39m[BrandingProvider] Club Agility Cànic: primary and onPrimary contrast (3.32:1) is below WCAG AA.
clubs-admin:test: 
clubs-admin:test: [90mstderr[2m | src/catalogs/ClubPagesCard.test.tsx[2m > [22m[2mT-05-CP-07 club page editor[2m > [22m[2mwarns about provisional text and confirms the next consent version before publishing
clubs-admin:test: [22m[39m[BrandingProvider] Club Agility Cànic: primary and onPrimary contrast (3.32:1) is below WCAG AA.
clubs-admin:test: 
clubs:test: [90mstderr[2m | src/SignupPage.test.tsx[2m > [22m[2mT-04-29 signup person and draft[2m > [22m[2mpersists a current draft, expires it after 24 hours and maps identity states
clubs:test: [22m[39m[BrandingProvider] Club Agility Cànic: primary and onPrimary contrast (3.32:1) is below WCAG AA.
clubs:test: 
id:test:  [32m✓[39m src/App.test.tsx [2m([22m[2m9 tests[22m[2m)[22m[33m 644[2mms[22m[39m
id:test: 
id:test: [2m Test Files [22m [1m[32m1 passed[39m[22m[90m (1)[39m
id:test: [2m      Tests [22m [1m[32m9 passed[39m[22m[90m (9)[39m
id:test: [2m   Start at [22m 15:26:09
id:test: [2m   Duration [22m 3.35s[2m (environment 42%, transform 21%, tests 20%, setup 14%, import 3%)[22m
id:test: 
clubs:build: 
clubs:build: PWA v1.3.0
clubs:build: mode      generateSW
clubs:build: precache  48 entries (1513.39 KiB)
clubs:build: files generated
clubs:build:   dist/sw.js
clubs:build:   dist/workbox-9c191d2f.js
clubs:test: [90mstderr[2m | src/App.test.tsx[2m > [22m[2mT-02-14 clubs shell[2m > [22m[2muses the compact mark with the runtime club name
clubs:test: [22m[39m[BrandingProvider] Club Agility Cànic: primary and onPrimary contrast (3.32:1) is below WCAG AA.
clubs:test: 
clubs-admin:test: [90mstderr[2m | src/planning/TemplatesPage.test.tsx[2m > [22m[2mT-06-26 D3 weekly templates[2m > [22m[2mprefills band and day from an empty cell, fills the description by levels, keeps the manual text and asks for another class in the band
clubs-admin:test: [22m[39m[BrandingProvider] Club Agility Cànic: primary and onPrimary contrast (3.32:1) is below WCAG AA.
clubs-admin:test: 
clubs:test: [90mstderr[2m | src/App.test.tsx[2m > [22m[2mT-02-14 clubs shell[2m > [22m[2mfilters the six-tab mockup navigation by modules and roles
clubs:test: [22m[39m[BrandingProvider] Club Agility Cànic: primary and onPrimary contrast (3.32:1) is below WCAG AA.
clubs:test: 
clubs-admin:test: [90mstderr[2m | src/planning/CalendarPage.test.tsx[2m > [22m[2mT-06-28 D4 / D4b / D4c class calendar (front half, MSW)[2m > [22m[2mopens «Esborrany» on the first week with drafts, with the validation card and its count
clubs-admin:test: [22m[39m[BrandingProvider] Club Agility Cànic: primary and onPrimary contrast (3.32:1) is below WCAG AA.
clubs-admin:test: 
clubs:test: [90mstderr[2m | src/InfoPage.test.tsx[2m > [22m[2mT-05-CP-07 screen 30 Info[2m > [22m[2mkeeps Info available without the FAQ module and omits the FAQ tab
clubs:test: [22m[39m[BrandingProvider] Club Agility Cànic: primary and onPrimary contrast (3.32:1) is below WCAG AA.
clubs:test: 
clubs-admin:test:  [32m✓[39m src/catalogs/ParameterSettings.test.tsx [2m([22m[2m1 test[22m[2m)[22m[33m 355[2mms[22m[39m
clubs-admin:test:    [32m✓[39m T-02-13 D11 parameter rows [2m(1)[22m
clubs-admin:test:      [33m[2m✓[22m[39m keeps module-less parameters that the core sends with module null[33m 353[2mms[22m[39m
clubs-admin:test: [90mstderr[2m | src/dashboard/SignupReviewPage.test.tsx[2m > [22m[2mT-04-33 D2 signup validation[2m > [22m[2mshows the required next-invoice date from the proposed MONTHLY plan when the pending member has no plan yet
clubs-admin:test: [22m[39m[BrandingProvider] Club Agility Cànic: primary and onPrimary contrast (3.32:1) is below WCAG AA.
clubs-admin:test: 
clubs:test:  [32m✓[39m src/InfoPage.test.tsx [2m([22m[2m2 tests[22m[2m)[22m[33m 408[2mms[22m[39m
clubs:test:    [32m✓[39m T-05-CP-07 screen 30 Info [2m(2)[22m
clubs:test:      [33m[2m✓[22m[39m shows FAQ, rules and other active pages only[33m 369[2mms[22m[39m
clubs-admin:test: [90mstderr[2m | src/dashboard/DashboardPage.test.tsx[2m > [22m[2mT-14-25 D1 dashboard[2m > [22m[2mhides nullable module blocks and refetches when the window regains focus
clubs-admin:test: [22m[39m[BrandingProvider] Club Agility Cànic: primary and onPrimary contrast (3.32:1) is below WCAG AA.
clubs-admin:test: 
clubs-admin:test:  [32m✓[39m src/dashboard/DashboardPage.test.tsx [2m([22m[2m2 tests[22m[2m)[22m[33m 580[2mms[22m[39m
clubs-admin:test:    [32m✓[39m T-14-25 D1 dashboard [2m(2)[22m
clubs-admin:test:      [33m[2m✓[22m[39m renders the server aggregate, all risk rows, pending signups, and accessible chart[33m 525[2mms[22m[39m
clubs-admin:test: [90mstderr[2m | src/planning/TemplateDayPage.test.tsx[2m > [22m[2mT-06-27 D3b day view per ring / per instructor[2m > [22m[2mdrops unused rings and the «Sense» column on a day without them
clubs-admin:test: [22m[39m[BrandingProvider] Club Agility Cànic: primary and onPrimary contrast (3.32:1) is below WCAG AA.
clubs-admin:test: 
clubs:test: [90mstderr[2m | src/App.test.tsx[2m > [22m[2mT-02-14 clubs shell[2m > [22m[2mE4-W03 turns the «Avui» slot into «Visió global» for the instructor profile
clubs:test: [22m[39m[BrandingProvider] Club Agility Cànic: primary and onPrimary contrast (3.32:1) is below WCAG AA.
clubs:test: 
clubs:test: [90mstderr[2m | src/today/TodayPage.test.tsx[2m > [22m[2mT-06-29 screen 10 «Classes del dia»[2m > [22m[2mrenders «Ocupada» + generic reason in grey without background and never a count
clubs:test: [22m[39m[BrandingProvider] Club Agility Cànic: primary and onPrimary contrast (3.32:1) is below WCAG AA.
clubs:test: 
clubs-admin:test: [90mstderr[2m | src/catalogs/ClubPagesCard.test.tsx[2m > [22m[2mT-05-CP-07 club page editor[2m > [22m[2mmaps STALE_VERSION to the page-specific reload message
clubs-admin:test: [22m[39m[BrandingProvider] Club Agility Cànic: primary and onPrimary contrast (3.32:1) is below WCAG AA.
clubs-admin:test: 
clubs:test: [90mstderr[2m | src/today/OverviewPage.test.tsx[2m > [22m[2mT-06-29 screen 23 «Visió global»[2m > [22m[2mdrops «+e» when the club has no WAITLIST module
clubs:test: [22m[39m[BrandingProvider] Club Agility Cànic: primary and onPrimary contrast (3.32:1) is below WCAG AA.
clubs:test: 
clubs-admin:test: [90mstderr[2m | src/dashboard/SignupReviewPage.test.tsx[2m > [22m[2mT-04-33 D2 signup validation[2m > [22m[2mshows signup warnings as compact header badges
clubs-admin:test: [22m[39m[BrandingProvider] Club Agility Cànic: primary and onPrimary contrast (3.32:1) is below WCAG AA.
clubs-admin:test: 
clubs-admin:build: vite v8.2.2 building client environment for production...
clubs-admin:test: [90mstderr[2m | src/census/CensusRecordPage.test.tsx[2m > [22m[2mT-03-39 D10 member record[2m > [22m[2mblocks and unblocks new bookings with the required reason
clubs-admin:test: [22m[39m[BrandingProvider] Club Agility Cànic: primary and onPrimary contrast (3.32:1) is below WCAG AA.
clubs-admin:test: 
clubs:test: [90mstderr[2m | src/App.test.tsx[2m > [22m[2mT-02-14 clubs shell[2m > [22m[2momits Entrenaments when FREE_TRAINING is disabled
clubs:test: [22m[39m[BrandingProvider] Club Agility Cànic: primary and onPrimary contrast (3.32:1) is below WCAG AA.
clubs:test: 
clubs-admin:build: transforming...
clubs:test: [90mstderr[2m | src/App.test.tsx[2m > [22m[2mT-01-18 access screen[2m > [22m[2muses the exact access actions, focuses an empty email and gates signup
clubs:test: [22m[39m[BrandingProvider] Club Agility Cànic: primary and onPrimary contrast (3.32:1) is below WCAG AA.
clubs:test: 
clubs-admin:test: [90mstderr[2m | src/dashboard/SignupReviewPage.test.tsx[2m > [22m[2mT-04-33 D2 signup validation[2m > [22m[2medits pending data, requires a rejection reason, and validates through the server
clubs-admin:test: [22m[39m[BrandingProvider] Club Agility Cànic: primary and onPrimary contrast (3.32:1) is below WCAG AA.
clubs-admin:test: 
clubs-admin:test: [90mstderr[2m | src/planning/TemplateDayPage.test.tsx[2m > [22m[2mT-06-27 D3b day view per ring / per instructor[2m > [22m[2mswitches to one column per instructor with a class that day
clubs-admin:test: [22m[39m[BrandingProvider] Club Agility Cànic: primary and onPrimary contrast (3.32:1) is below WCAG AA.
clubs-admin:test: 
clubs-admin:test: [90mstderr[2m | src/App.test.tsx[2m > [22m[2mT-02-14 clubs-admin shell[2m > [22m[2muses the compact mark with the runtime club name
clubs-admin:test: [22m[39m[BrandingProvider] Club Agility Cànic: primary and onPrimary contrast (3.32:1) is below WCAG AA.
clubs-admin:test: 
clubs:test: [90mstderr[2m | src/today/OverviewPage.test.tsx[2m > [22m[2mT-06-29 screen 23 «Visió global»[2m > [22m[2mopens the class drawer with the instructor projection of the tapped class
clubs:test: [22m[39m[BrandingProvider] Club Agility Cànic: primary and onPrimary contrast (3.32:1) is below WCAG AA.
clubs:test: 
clubs:test: [90mstderr[2m | src/today/TodayPage.test.tsx[2m > [22m[2mT-06-29 screen 10 «Classes del dia»[2m > [22m[2mopens the risk balloon with the api riskText on tap and closes it on a second tap or elsewhere
clubs:test: [22m[39m[BrandingProvider] Club Agility Cànic: primary and onPrimary contrast (3.32:1) is below WCAG AA.
clubs:test: 
clubs-admin:test:  [32m✓[39m src/catalogs/ClubPagesCard.test.tsx [2m([22m[2m2 tests[22m[2m)[22m[33m 551[2mms[22m[39m
clubs-admin:test:    [32m✓[39m T-05-CP-07 club page editor [2m(2)[22m
clubs-admin:test:      [33m[2m✓[22m[39m warns about provisional text and confirms the next consent version before publishing[33m 430[2mms[22m[39m
clubs-admin:test: [90mstderr[2m | src/audit/AuditPage.test.tsx[2m > [22m[2mT-14-26 member audit and exports[2m > [22m[2mopens the exports drawer for a queued job and exposes its READY download
clubs-admin:test: [22m[39m[BrandingProvider] Club Agility Cànic: primary and onPrimary contrast (3.32:1) is below WCAG AA.
clubs-admin:test: 
clubs:test: [90mstderr[2m | src/App.test.tsx[2m > [22m[2mT-01-18 access screen[2m > [22m[2muses the exact access actions, focuses an empty email and gates signup
clubs:test: [22m[39m[BrandingProvider] Club Mínim: primary and onPrimary contrast (3.32:1) is below WCAG AA.
clubs:test: 
clubs:test: [90mstderr[2m | src/App.test.tsx[2m > [22m[2mT-01-18 access screen[2m > [22m[2mshows the Retry-After countdown and disables requests
clubs:test: [22m[39m[BrandingProvider] Club Agility Cànic: primary and onPrimary contrast (3.32:1) is below WCAG AA.
clubs:test: 
clubs-admin:test: [90mstderr[2m | src/App.test.tsx[2m > [22m[2mT-02-14 clubs-admin shell[2m > [22m[2mhides the Configuració group from instructors
clubs-admin:test: [22m[39m[BrandingProvider] Club Agility Cànic: primary and onPrimary contrast (3.32:1) is below WCAG AA.
clubs-admin:test: 
clubs-admin:test: [90mstderr[2m | src/planning/TemplateDayPage.test.tsx[2m > [22m[2mT-06-27 D3b day view per ring / per instructor[2m > [22m[2mmoves between days and goes back to the weekly view of the same template
clubs-admin:test: [22m[39m[BrandingProvider] Club Agility Cànic: primary and onPrimary contrast (3.32:1) is below WCAG AA.
clubs-admin:test: 
clubs:test: [90mstderr[2m | src/today/TodayPage.test.tsx[2m > [22m[2mT-06-29 screen 10 «Classes del dia»[2m > [22m[2muses the club's today (Europe/Madrid) whatever the device time zone
clubs:test: [22m[39m[BrandingProvider] Club Agility Cànic: primary and onPrimary contrast (3.32:1) is below WCAG AA.
clubs:test: 
clubs:test: [90mstderr[2m | src/SignupPage.test.tsx[2m > [22m[2mT-04-29 signup person and draft[2m > [22m[2mpersists a current draft, expires it after 24 hours and maps identity states
clubs:test: [22m[39m[BrandingProvider] Club Agility Cànic: primary and onPrimary contrast (3.32:1) is below WCAG AA.
clubs:test: 
clubs-admin:test: [90mstderr[2m | src/App.test.tsx[2m > [22m[2mT-02-14 clubs-admin shell[2m > [22m[2mT-06-26 shows «Plantilla setmanal» to instructors (read-only D3, S06 §13-10)
clubs-admin:test: [22m[39m[BrandingProvider] Club Agility Cànic: primary and onPrimary contrast (3.32:1) is below WCAG AA.
clubs-admin:test: 
clubs-admin:build: ✓ 470 modules transformed.
clubs:test: [90mstderr[2m | src/today/OverviewPage.test.tsx[2m > [22m[2mT-06-29 screen 23 «Visió global»[2m > [22m[2mopens the block drawer and cancels the block (POST /ring-blocks/{id}/cancellation)
clubs:test: [22m[39m[BrandingProvider] Club Agility Cànic: primary and onPrimary contrast (3.32:1) is below WCAG AA.
clubs:test: 
clubs:test: [90mstderr[2m | src/App.test.tsx[2m > [22m[2mT-01-19 activation screen[2m > [22m[2mrenders gender-aware, reset and invalid-link variants
clubs:test: [22m[39m[BrandingProvider] Club Agility Cànic: primary and onPrimary contrast (3.32:1) is below WCAG AA.
clubs:test: 
clubs-admin:test: [90mstderr[2m | src/App.test.tsx[2m > [22m[2mT-02-14 clubs-admin shell[2m > [22m[2mT-06-28 shows «Calendari de classes» to instructors (read-only D4, A22 c)
clubs-admin:test: [22m[39m[BrandingProvider] Club Agility Cànic: primary and onPrimary contrast (3.32:1) is below WCAG AA.
clubs-admin:test: 
clubs:test: [90mstderr[2m | src/SignupPage.test.tsx[2m > [22m[2mT-04-29 signup person and draft[2m > [22m[2mpersists a current draft, expires it after 24 hours and maps identity states
clubs:test: [22m[39m[BrandingProvider] Club Agility Cànic: primary and onPrimary contrast (3.32:1) is below WCAG AA.
clubs:test: 
clubs-admin:test: [90mstderr[2m | src/planning/TemplateDayPage.test.tsx[2m > [22m[2mT-06-27 D3b day view per ring / per instructor[2m > [22m[2mrewrites an unsupported day in the URL to the template's first day
clubs-admin:test: [22m[39m[BrandingProvider] Club Agility Cànic: primary and onPrimary contrast (3.32:1) is below WCAG AA.
clubs-admin:test: 
clubs:test: [90mstderr[2m | src/today/TodayPage.test.tsx[2m > [22m[2mT-06-29 screen 10 «Classes del dia»[2m > [22m[2mnever shows a count in the member view even when a cell carries occupancy
clubs:test: [22m[39m[BrandingProvider] Club Agility Cànic: primary and onPrimary contrast (3.32:1) is below WCAG AA.
clubs:test: 
clubs-admin:test: [90mstderr[2m | src/App.test.tsx[2m > [22m[2mT-02-14 clubs-admin shell[2m > [22m[2mshows the fixed sidebar groups to administrators
clubs-admin:test: [22m[39m[BrandingProvider] Club Agility Cànic: primary and onPrimary contrast (3.32:1) is below WCAG AA.
clubs-admin:test: 
clubs:test: [90mstderr[2m | src/App.test.tsx[2m > [22m[2mT-01-19 activation screen[2m > [22m[2mrenders gender-aware, reset and invalid-link variants
clubs:test: [22m[39m[BrandingProvider] Club Agility Cànic: primary and onPrimary contrast (3.32:1) is below WCAG AA.
clubs:test: 
clubs:test: [90mstderr[2m | src/SignupPage.test.tsx[2m > [22m[2mT-04-29 signup person and draft[2m > [22m[2mkeeps the draft and refetches localized configuration after a language change
clubs:test: [22m[39m[BrandingProvider] Club Agility Cànic: primary and onPrimary contrast (3.32:1) is below WCAG AA.
clubs:test: 
clubs-admin:test: [90mstderr[2m | src/census/CensusRecordPage.test.tsx[2m > [22m[2mT-03-39 D10 member record[2m > [22m[2mmaps STALE_VERSION when another administrator edited the member
clubs-admin:test: [22m[39m[BrandingProvider] Club Agility Cànic: primary and onPrimary contrast (3.32:1) is below WCAG AA.
clubs-admin:test: 
clubs-admin:test: [90mstderr[2m | src/App.test.tsx[2m > [22m[2mT-01-18 clubs-admin access[2m > [22m[2moffers magic-link and password entry with the shared auth components
clubs-admin:test: [22m[39m[BrandingProvider] Club Agility Cànic: primary and onPrimary contrast (3.32:1) is below WCAG AA.
clubs-admin:test: 
clubs:test: [90mstderr[2m | src/App.test.tsx[2m > [22m[2mT-01-19 activation screen[2m > [22m[2mrenders gender-aware, reset and invalid-link variants
clubs:test: [22m[39m[BrandingProvider] Club Agility Cànic: primary and onPrimary contrast (3.32:1) is below WCAG AA.
clubs:test: 
clubs-admin:test: [90mstderr[2m | src/planning/TemplateDayPage.test.tsx[2m > [22m[2mT-06-27 D3b day view per ring / per instructor[2m > [22m[2mrewrites an unknown day in the URL to the template's first day
clubs-admin:test: [22m[39m[BrandingProvider] Club Agility Cànic: primary and onPrimary contrast (3.32:1) is below WCAG AA.
clubs-admin:test: 
clubs:test: [90mstderr[2m | src/today/TodayPage.test.tsx[2m > [22m[2mT-06-29 screen 10 «Classes del dia»[2m > [22m[2mmoves by chips and arrows (Sunday only by the arrows) and keeps ?date in the address
clubs:test: [22m[39m[BrandingProvider] Club Agility Cànic: primary and onPrimary contrast (3.32:1) is below WCAG AA.
clubs:test: 
clubs-admin:build: rendering chunks...
clubs-admin:test: [90mstderr[2m | src/dashboard/SignupReviewPage.test.tsx[2m > [22m[2mT-04-33 D2 signup validation[2m > [22m[2mmaps validation errors to the level and next-invoice fields
clubs-admin:test: [22m[39m[BrandingProvider] Club Agility Cànic: primary and onPrimary contrast (3.32:1) is below WCAG AA.
clubs-admin:test: 
clubs:test: [90mstderr[2m | src/App.test.tsx[2m > [22m[2mT-01-19 activation screen[2m > [22m[2mrenders gender-aware, reset and invalid-link variants
clubs:test: [22m[39m[BrandingProvider] Club Agility Cànic: primary and onPrimary contrast (3.32:1) is below WCAG AA.
clubs:test: 
clubs:test: [90mstderr[2m | src/App.test.tsx[2m > [22m[2mT-01-19 activation screen[2m > [22m[2mrenders gender-aware, reset and invalid-link variants
clubs:test: [22m[39m[BrandingProvider] Club Agility Cànic: primary and onPrimary contrast (3.32:1) is below WCAG AA.
clubs:test: 
clubs:test: [90mstderr[2m | src/SignupPage.test.tsx[2m > [22m[2mT-04-29 signup person and draft[2m > [22m[2mmasks and validates the browser-independent birth date control
clubs:test: [22m[39m[BrandingProvider] Club Agility Cànic: primary and onPrimary contrast (3.32:1) is below WCAG AA.
clubs:test: 
clubs-admin:test: [90mstderr[2m | src/planning/TemplateDayPage.test.tsx[2m > [22m[2mT-06-27 D3b day view per ring / per instructor[2m > [22m[2mshows the Saturday template with its single day
clubs-admin:test: [22m[39m[BrandingProvider] Club Agility Cànic: primary and onPrimary contrast (3.32:1) is below WCAG AA.
clubs-admin:test: 
clubs:test: [90mstderr[2m | src/today/OverviewPage.test.tsx[2m > [22m[2mT-06-29 screen 23 «Visió global»[2m > [22m[2mmaps 409 INVALID_STATE and 422 RING_BLOCK_MANAGED_BY_ACTIVITY on the block cancellation
clubs:test: [22m[39m[BrandingProvider] Club Agility Cànic: primary and onPrimary contrast (3.32:1) is below WCAG AA.
clubs:test: 
clubs-admin:test: [90mstderr[2m | src/App.test.tsx[2m > [22m[2mT-01-20 clubs-admin handoff[2m > [22m[2mexchanges the one-time handoff code on the landing route
clubs-admin:test: [22m[39m[BrandingProvider] Club Agility Cànic: primary and onPrimary contrast (3.32:1) is below WCAG AA.
clubs-admin:test: 
clubs:test: [90mstderr[2m | src/App.test.tsx[2m > [22m[2mT-01-20 profile choice[2m > [22m[2mshows cards for every available role and sends the remember choice
clubs:test: [22m[39m[BrandingProvider] Club Agility Cànic: primary and onPrimary contrast (3.32:1) is below WCAG AA.
clubs:test: 
clubs-admin:build: computing gzip size...
clubs-admin:build: dist/index.html                                           2.65 kB │ gzip:   0.91 kB
clubs-admin:build: dist/assets/sprite-BOr1Ydze.svg                           5.78 kB │ gzip:   1.52 kB
clubs-admin:build: dist/assets/montserrat-latin-600-normal-UVxSCcoG.woff2   18.68 kB
clubs-admin:build: dist/assets/montserrat-latin-500-normal-DRFEGfly.woff2   18.74 kB
clubs-admin:build: dist/assets/montserrat-latin-400-normal-BLhwKU8k.woff2   18.78 kB
clubs-admin:build: dist/assets/montserrat-latin-700-normal-BdjcYUrC.woff2   18.82 kB
clubs-admin:build: dist/assets/montserrat-latin-600-normal-CdhFl4lI.woff    20.54 kB
clubs-admin:build: dist/assets/montserrat-latin-500-normal-Dok2oTci.woff    20.60 kB
clubs-admin:build: dist/assets/montserrat-latin-400-normal-xItZbAXg.woff    20.64 kB
clubs-admin:build: dist/assets/montserrat-latin-700-normal-BWkrl476.woff    20.67 kB
clubs-admin:build: dist/assets/index-CbxoF8ax.css                           80.27 kB │ gzip:  13.03 kB
clubs-admin:build: dist/assets/home-BtBrYm-x.js                              0.50 kB │ gzip:   0.32 kB
clubs-admin:build: dist/assets/home-DvLYjaIO.js                              0.54 kB │ gzip:   0.36 kB
clubs-admin:build: dist/assets/home-CLgt50lI.js                              0.55 kB │ gzip:   0.35 kB
clubs-admin:build: dist/assets/instructor-Dhedv5sg.js                        0.62 kB │ gzip:   0.35 kB
clubs-admin:build: dist/assets/instructor-CjYt75g5.js                        0.65 kB │ gzip:   0.38 kB
clubs-admin:build: dist/assets/instructor-DliXCRMK.js                        0.65 kB │ gzip:   0.38 kB
clubs-admin:build: dist/assets/enums-SB90xQtQ.js                             1.34 kB │ gzip:   0.74 kB
clubs-admin:build: dist/assets/enums-BManqzuh.js                             1.38 kB │ gzip:   0.79 kB
clubs-admin:build: dist/assets/enums-4cvn4Huq.js                             1.39 kB │ gzip:   0.79 kB
clubs-admin:build: dist/assets/admin-dashboard-DEroKKpe.js                   1.50 kB │ gzip:   0.80 kB
clubs-admin:build: dist/assets/admin-dashboard-C2DxNGts.js                   1.58 kB │ gzip:   0.88 kB
clubs-admin:build: dist/assets/admin-dashboard-C7J1Sedq.js                   1.63 kB │ gzip:   0.89 kB
clubs-admin:build: dist/assets/admin-audit-BZSQ9q1n.js                       2.88 kB │ gzip:   1.34 kB
clubs-admin:build: dist/assets/id-cJQwgM2i.js                                2.89 kB │ gzip:   1.28 kB
clubs-admin:build: dist/assets/id-Dio3OKNo.js                                3.04 kB │ gzip:   1.41 kB
clubs-admin:build: dist/assets/id-Rnv2hXs4.js                                3.10 kB │ gzip:   1.42 kB
clubs-admin:build: dist/assets/admin-audit-qNWjTa9T.js                       3.13 kB │ gzip:   1.49 kB
clubs-admin:build: dist/assets/admin-audit-B9HrUHsS.js                       3.21 kB │ gzip:   1.51 kB
clubs-admin:build: dist/assets/auth-B2g8lbGP.js                              4.30 kB │ gzip:   1.88 kB
clubs-admin:build: dist/assets/signup-DVenis1D.js                            4.72 kB │ gzip:   2.22 kB
clubs-admin:build: dist/assets/auth-CPbUJNgL.js                              4.74 kB │ gzip:   2.09 kB
clubs-admin:build: dist/assets/auth-DjeifVuz.js                              4.80 kB │ gzip:   2.09 kB
clubs-admin:build: dist/assets/signup-DNLtsJ8E.js                            4.98 kB │ gzip:   2.48 kB
clubs-admin:build: dist/assets/signup-Cmt4S_ay.js                            5.05 kB │ gzip:   2.49 kB
clubs-admin:build: dist/assets/admin-catalogs-DAQTDns9.js                    5.22 kB │ gzip:   1.95 kB
clubs-admin:build: dist/assets/admin-catalogs-Coe9B6Bf.js                    5.48 kB │ gzip:   2.16 kB
clubs-admin:build: dist/assets/admin-catalogs-CvR4YWAF.js                    5.68 kB │ gzip:   2.19 kB
clubs-admin:build: dist/assets/census-2y4pkTWD.js                            5.96 kB │ gzip:   2.39 kB
clubs-admin:build: dist/assets/census-CfjHQ4Uz.js                            6.29 kB │ gzip:   2.64 kB
clubs-admin:build: dist/assets/census-C9vkPZEn.js                            6.47 kB │ gzip:   2.67 kB
clubs-admin:build: dist/assets/admin-scheduling-CzXsS4mt.js                  7.53 kB │ gzip:   2.83 kB
clubs-admin:build: dist/assets/admin-scheduling-DDQankpt.js                  7.89 kB │ gzip:   3.06 kB
clubs-admin:build: dist/assets/admin-scheduling-Rj6gg9sd.js                  7.89 kB │ gzip:   3.07 kB
clubs-admin:build: dist/assets/admin-census-1EJBTIn-.js                      8.55 kB │ gzip:   3.38 kB
clubs-admin:build: dist/assets/admin-census-Du0-IMyk.js                      9.01 kB │ gzip:   3.64 kB
clubs-admin:build: dist/assets/admin-census-DNahXOci.js                      9.32 kB │ gzip:   3.72 kB
clubs-admin:build: dist/assets/admin-settings-ed4raEOS.js                   17.01 kB │ gzip:   6.05 kB
clubs-admin:build: dist/assets/admin-settings-DWM9_lDb.js                   18.15 kB │ gzip:   6.62 kB
clubs-admin:build: dist/assets/admin-settings-D3Fbd__C.js                   18.51 kB │ gzip:   6.62 kB
clubs-admin:build: dist/assets/errors-DTtOT7jL.js                           21.82 kB │ gzip:   7.10 kB
clubs-admin:build: dist/assets/errors-DqWbzYut.js                           23.16 kB │ gzip:   7.51 kB
clubs-admin:build: dist/assets/errors-DTSzpTgR.js                           23.16 kB │ gzip:   7.47 kB
clubs-admin:build: dist/assets/browser-L5zDtb_9.js                         580.45 kB │ gzip: 201.77 kB
clubs-admin:build: dist/assets/index-su12yikC.js                           831.16 kB │ gzip: 317.76 kB
clubs-admin:build: 
clubs-admin:build: [33m[INEFFECTIVE_DYNAMIC_IMPORT] [0m../../packages/i18n/src/locales/ca/common.json is dynamically imported by ../../packages/i18n/src/resources.ts but also statically imported by ../../packages/i18n/src/catalog.ts, dynamic import will not move module into another chunk.
clubs-admin:build: 
clubs-admin:build: [plugin builtin:vite-reporter] 
clubs-admin:build: (!) Some chunks are larger than 500 kB after minification. Consider:
clubs-admin:build: - Using dynamic import() to code-split the application
clubs-admin:build: - Use build.rolldownOptions.output.codeSplitting to improve chunking: https://rolldown.rs/reference/OutputOptions.codeSplitting
clubs-admin:build: - Adjust chunk size limit for this warning via build.chunkSizeWarningLimit.
clubs-admin:build: [33m[INEFFECTIVE_DYNAMIC_IMPORT] [0m../../packages/i18n/src/locales/ca/shell.json is dynamically imported by ../../packages/i18n/src/resources.ts but also statically imported by ../../packages/i18n/src/catalog.ts, dynamic import will not move module into another chunk.
clubs-admin:build: 
clubs-admin:build: [33m[INEFFECTIVE_DYNAMIC_IMPORT] [0m../../packages/i18n/src/locales/en/common.json is dynamically imported by ../../packages/i18n/src/resources.ts but also statically imported by ../../packages/i18n/src/catalog.ts, dynamic import will not move module into another chunk.
clubs-admin:build: 
clubs-admin:build: [33m[INEFFECTIVE_DYNAMIC_IMPORT] [0m../../packages/i18n/src/locales/en/shell.json is dynamically imported by ../../packages/i18n/src/resources.ts but also statically imported by ../../packages/i18n/src/catalog.ts, dynamic import will not move module into another chunk.
clubs-admin:build: 
clubs-admin:build: [33m[INEFFECTIVE_DYNAMIC_IMPORT] [0m../../packages/i18n/src/locales/es/common.json is dynamically imported by ../../packages/i18n/src/resources.ts but also statically imported by ../../packages/i18n/src/catalog.ts, dynamic import will not move module into another chunk.
clubs-admin:build: 
clubs-admin:build: [33m[INEFFECTIVE_DYNAMIC_IMPORT] [0m../../packages/i18n/src/locales/es/shell.json is dynamically imported by ../../packages/i18n/src/resources.ts but also statically imported by ../../packages/i18n/src/catalog.ts, dynamic import will not move module into another chunk.
clubs-admin:build: 
clubs-admin:build: ✓ built in 408ms
clubs-admin:test: [90mstderr[2m | src/App.test.tsx[2m > [22m[2mT-01-26 clubs-admin onboarding[2m > [22m[2mshows profile completion as a non-dismissible backoffice modal
clubs-admin:test: [22m[39m[BrandingProvider] Club Agility Cànic: primary and onPrimary contrast (3.32:1) is below WCAG AA.
clubs-admin:test: 
clubs-admin:test: [90mstderr[2m | src/census/CensusListPage.test.tsx[2m > [22m[2mT-03-38 D5 universal member list[2m > [22m[2mtoggles visible columns and synchronizes the ordered fields to the URL
clubs-admin:test: [22m[39m[BrandingProvider] Club Agility Cànic: primary and onPrimary contrast (3.32:1) is below WCAG AA.
clubs-admin:test: 
clubs-admin:test: [90mstderr[2m | src/census/CensusRecordPage.test.tsx[2m > [22m[2mT-03-38 dog record[2m > [22m[2mshows the complete dog record and changes level without a booking warning
clubs-admin:test: [22m[39m[BrandingProvider] Club Agility Cànic: primary and onPrimary contrast (3.32:1) is below WCAG AA.
clubs-admin:test: 
clubs:test: [90mstderr[2m | src/App.test.tsx[2m > [22m[2mT-01-21 profile access rows and impersonation[2m > [22m[2mrenders the mockup rows in order without account sessions or backoffice handoff
clubs:test: [22m[39m[BrandingProvider] Club Agility Cànic: primary and onPrimary contrast (3.32:1) is below WCAG AA.
clubs:test: 
clubs:test: [90mstderr[2m | src/today/TodayPage.test.tsx[2m > [22m[2mT-06-29 screen 10 «Classes del dia»[2m > [22m[2mshows the «Sense» column and the activity cell
clubs:test: [22m[39m[BrandingProvider] Club Agility Cànic: primary and onPrimary contrast (3.32:1) is below WCAG AA.
clubs:test: 
clubs-admin:test:  [32m✓[39m src/planning/TemplateDayPage.test.tsx [2m([22m[2m7 tests[22m[2m)[22m[33m 939[2mms[22m[39m
clubs-admin:test:    [32m✓[39m T-06-27 D3b day view per ring / per instructor [2m(7)[22m
clubs-admin:test:      [33m[2m✓[22m[39m shows only the rings used that day in catalog order, plus «Sense» when a class has no ring[33m 436[2mms[22m[39m
clubs-admin:test: [90mstderr[2m | src/dashboard/SignupReviewPage.test.tsx[2m > [22m[2mT-04-33 D2 signup validation[2m > [22m[2mrequires explicit confirmation when a manual upfront payment is zero
clubs-admin:test: [22m[39m[BrandingProvider] Club Agility Cànic: primary and onPrimary contrast (3.32:1) is below WCAG AA.
clubs-admin:test: 
clubs-admin:test: [90mstderr[2m | src/App.test.tsx[2m > [22m[2mT-01-26 clubs-admin onboarding[2m > [22m[2mremoves the postpone action when the policy limit is exhausted
clubs-admin:test: [22m[39m[BrandingProvider] Club Agility Cànic: primary and onPrimary contrast (3.32:1) is below WCAG AA.
clubs-admin:test: 
clubs:test: [90mstderr[2m | src/today/TodayPage.test.tsx[2m > [22m[2mT-06-29 screen 10 «Classes del dia»[2m > [22m[2mshows the empty state (dayGridEmpty) and the error toast with retry
clubs:test: [22m[39m[BrandingProvider] Club Agility Cànic: primary and onPrimary contrast (3.32:1) is below WCAG AA.
clubs:test: 
clubs-admin:test:  [32m✓[39m src/App.test.tsx [2m([22m[2m10 tests[22m[2m)[22m[33m 534[2mms[22m[39m
clubs:test: [90mstderr[2m | src/today/TodayPage.test.tsx[2m > [22m[2mT-06-29 screen 10 «Classes del dia»[2m > [22m[2mshows the empty state (dayGridEmpty) and the error toast with retry
clubs:test: [22m[39m[BrandingProvider] Club Agility Cànic: primary and onPrimary contrast (3.32:1) is below WCAG AA.
clubs:test: 
clubs:test: [90mstderr[2m | src/today/OverviewPage.test.tsx[2m > [22m[2mT-06-29 screen 23 «Visió global»[2m > [22m[2manswers 403 to a member asking for the instructor view
clubs:test: [22m[39m[BrandingProvider] Club Agility Cànic: primary and onPrimary contrast (3.32:1) is below WCAG AA.
clubs:test: 
clubs:test: [90mstderr[2m | src/SignupPage.test.tsx[2m > [22m[2mT-04-30 signup dog, uploads, plans and module gates[2m > [22m[2muploads sequentially named vaccination pages and renders API plans
clubs:test: [22m[39m[BrandingProvider] Club Agility Cànic: primary and onPrimary contrast (3.32:1) is below WCAG AA.
clubs:test: 
clubs-admin:test: [90mstderr[2m | src/planning/CalendarPage.test.tsx[2m > [22m[2mT-06-28 D4 / D4b / D4c class calendar (front half, MSW)[2m > [22m[2m[VALIDAR LA SETMANA] turns every draft of the week active at once
clubs-admin:test: [22m[39m[BrandingProvider] Club Agility Cànic: primary and onPrimary contrast (3.32:1) is below WCAG AA.
clubs-admin:test: 
clubs:test: [90mstderr[2m | src/App.test.tsx[2m > [22m[2mT-01-21 profile access rows and impersonation[2m > [22m[2mkeeps the impersonation banner visible from /me
clubs:test: [22m[39m[BrandingProvider] Club Agility Cànic: primary and onPrimary contrast (3.32:1) is below WCAG AA.
clubs:test: 
clubs:test:  [32m✓[39m src/today/OverviewPage.test.tsx [2m([22m[2m6 tests[22m[2m)[22m[33m 979[2mms[22m[39m
clubs:test:    [32m✓[39m T-06-29 screen 23 «Visió global» [2m(6)[22m
clubs:test:      [33m[2m✓[22m[39m shows n/n +e with the planned instructor, training names, the block and the cancelled class[33m 392[2mms[22m[39m
clubs:test: [90mstderr[2m | src/App.test.tsx[2m > [22m[2mT-01-26 imported-account onboarding and policy re-consent[2m > [22m[2mrenders configured fields and sends consent, profile data and image choice
clubs:test: [22m[39m[BrandingProvider] Club Agility Cànic: primary and onPrimary contrast (3.32:1) is below WCAG AA.
clubs:test: 
clubs:test:  [32m✓[39m src/today/TodayPage.test.tsx [2m([22m[2m8 tests[22m[2m)[22m[33m 995[2mms[22m[39m
clubs:test:    [32m✓[39m T-06-29 screen 10 «Classes del dia» [2m(8)[22m
clubs:test:      [33m[2m✓[22m[39m draws the mockup grid with identical ring columns, the date header and the week chips[33m 374[2mms[22m[39m
clubs-admin:test: [90mstderr[2m | src/dashboard/SignupReviewPage.test.tsx[2m > [22m[2mT-04-33 D2 signup validation[2m > [22m[2mrejects a pending signup only after receiving a valid reason
clubs-admin:test: [22m[39m[BrandingProvider] Club Agility Cànic: primary and onPrimary contrast (3.32:1) is below WCAG AA.
clubs-admin:test: 
clubs:test: [90mstderr[2m | src/App.test.tsx[2m > [22m[2mT-01-26 imported-account onboarding and policy re-consent[2m > [22m[2mredirects blocking onboarding and permits a policy postponement
clubs:test: [22m[39m[BrandingProvider] Club Agility Cànic: primary and onPrimary contrast (3.32:1) is below WCAG AA.
clubs:test: 
clubs:test: [90mstderr[2m | src/SignupPage.test.tsx[2m > [22m[2mT-04-30 signup dog, uploads, plans and module gates[2m > [22m[2mremoves amounts without BILLING and the family offer and step without FAMILY_GROUP
clubs:test: [22m[39m[BrandingProvider] Club Agility Cànic: primary and onPrimary contrast (3.32:1) is below WCAG AA.
clubs:test: 
clubs:test: [90mstderr[2m | src/App.test.tsx[2m > [22m[2mT-01-26 imported-account onboarding and policy re-consent[2m > [22m[2mredirects blocking onboarding and permits a policy postponement
clubs:test: [22m[39m[BrandingProvider] Club Agility Cànic: primary and onPrimary contrast (3.32:1) is below WCAG AA.
clubs:test: 
clubs:test: [90mstderr[2m | src/SignupPage.test.tsx[2m > [22m[2mT-04-30 signup dog, uploads, plans and module gates[2m > [22m[2mremoves amounts without BILLING and the family offer and step without FAMILY_GROUP
clubs:test: [22m[39m[BrandingProvider] Club Agility Cànic: primary and onPrimary contrast (3.32:1) is below WCAG AA.
clubs:test: 
clubs-admin:test: [90mstderr[2m | src/census/CensusRecordPage.test.tsx[2m > [22m[2mT-03-38 dog record[2m > [22m[2mdeactivates and reactivates a dog without deleting its record
clubs-admin:test: [22m[39m[BrandingProvider] Club Agility Cànic: primary and onPrimary contrast (3.32:1) is below WCAG AA.
clubs-admin:test: 
clubs-admin:test: [90mstderr[2m | src/planning/TemplatesPage.test.tsx[2m > [22m[2mT-06-26 D3 weekly templates[2m > [22m[2msaves every change of a full cell at once with the template version
clubs-admin:test: [22m[39m[BrandingProvider] Club Agility Cànic: primary and onPrimary contrast (3.32:1) is below WCAG AA.
clubs-admin:test: 
clubs-admin:test:  [32m✓[39m src/dashboard/SignupReviewPage.test.tsx [2m([22m[2m7 tests[22m[2m)[22m[33m 1208[2mms[22m[39m
clubs-admin:test:    [32m✓[39m T-04-33 D2 signup validation [2m(7)[22m
clubs-admin:test:      [33m[2m✓[22m[39m shows masked data, signed documents, consent warning, level, invoice, and Stripe payment[33m 417[2mms[22m[39m
clubs:test: [90mstderr[2m | src/SignupPage.test.tsx[2m > [22m[2mT-04-31 signup family lookup[2m > [22m[2mcontinues empty, resolves the fixture family and supports a pending lookup
clubs:test: [22m[39m[BrandingProvider] Club Agility Cànic: primary and onPrimary contrast (3.32:1) is below WCAG AA.
clubs:test: 
clubs:test: [90mstderr[2m | src/App.test.tsx[2m > [22m[2mT-01-26 imported-account onboarding and policy re-consent[2m > [22m[2mreloads an outdated policy version before accepting it
clubs:test: [22m[39m[BrandingProvider] Club Agility Cànic: primary and onPrimary contrast (3.32:1) is below WCAG AA.
clubs:test: 
clubs:test: [90mstderr[2m | src/SignupPage.test.tsx[2m > [22m[2mT-04-31 signup family lookup[2m > [22m[2mcontinues empty, resolves the fixture family and supports a pending lookup
clubs:test: [22m[39m[BrandingProvider] Club Agility Cànic: primary and onPrimary contrast (3.32:1) is below WCAG AA.
clubs:test: 
clubs:test: [90mstderr[2m | src/SignupPage.test.tsx[2m > [22m[2mT-04-31 signup family lookup[2m > [22m[2mcontinues empty, resolves the fixture family and supports a pending lookup
clubs:test: [22m[39m[BrandingProvider] Club Agility Cànic: primary and onPrimary contrast (3.32:1) is below WCAG AA.
clubs:test: 
clubs:test: [90mstderr[2m | src/App.test.tsx[2m > [22m[2mT-01-26 imported-account onboarding and policy re-consent[2m > [22m[2mrenders the screen and pop-up in Catalan, Spanish and English
clubs:test: [22m[39m[BrandingProvider] Club Mínim: primary and onPrimary contrast (3.32:1) is below WCAG AA.
clubs:test: 
clubs:test: [90mstderr[2m | src/App.test.tsx[2m > [22m[2mT-01-26 imported-account onboarding and policy re-consent[2m > [22m[2mrenders the screen and pop-up in Catalan, Spanish and English
clubs:test: [22m[39m[BrandingProvider] Club Mínim: primary and onPrimary contrast (3.32:1) is below WCAG AA.
clubs:test: 
clubs-admin:test: [90mstderr[2m | src/census/CensusListPage.test.tsx[2m > [22m[2mT-03-42 D15 translated dog list[2m > [22m[2mrenders the approved columns and dog record links
clubs-admin:test: [22m[39m[BrandingProvider] Club Agility Cànic: primary and onPrimary contrast (3.32:1) is below WCAG AA.
clubs-admin:test: 
clubs-admin:test: [90mstderr[2m | src/planning/CalendarPage.test.tsx[2m > [22m[2mT-06-28 D4 / D4b / D4c class calendar (front half, MSW)[2m > [22m[2mcancels an active class with registrants through D4c: four rows, text required, «ANUL·LA I AVISA ELS 4 ALUMNES»
clubs-admin:test: [22m[39m[BrandingProvider] Club Agility Cànic: primary and onPrimary contrast (3.32:1) is below WCAG AA.
clubs-admin:test: 
clubs:test: [90mstderr[2m | src/SignupPage.test.tsx[2m > [22m[2mT-04-31 signup family lookup[2m > [22m[2mkeeps the dog draft when returning from the family step
clubs:test: [22m[39m[BrandingProvider] Club Agility Cànic: primary and onPrimary contrast (3.32:1) is below WCAG AA.
clubs:test: 
clubs:test: [90mstderr[2m | src/App.test.tsx[2m > [22m[2mT-01-26 imported-account onboarding and policy re-consent[2m > [22m[2mrenders the screen and pop-up in Catalan, Spanish and English
clubs:test: [22m[39m[BrandingProvider] Club Mínim: primary and onPrimary contrast (3.32:1) is below WCAG AA.
clubs:test: 
clubs:test: [90mstderr[2m | src/App.test.tsx[2m > [22m[2mT-01-26 imported-account onboarding and policy re-consent[2m > [22m[2mrenders the screen and pop-up in Catalan, Spanish and English
clubs:test: [22m[39m[BrandingProvider] Club Mínim: primary and onPrimary contrast (3.32:1) is below WCAG AA.
clubs:test: 
clubs:test: [90mstderr[2m | src/App.test.tsx[2m > [22m[2mT-01-26 imported-account onboarding and policy re-consent[2m > [22m[2mrenders the screen and pop-up in Catalan, Spanish and English
clubs:test: [22m[39m[BrandingProvider] Club Mínim: primary and onPrimary contrast (3.32:1) is below WCAG AA.
clubs:test: 
clubs:test: [90mstderr[2m | src/SignupPage.test.tsx[2m > [22m[2mT-04-32 signup payment, checkout and add-dog mode[2m > [22m[2mrenders API totals and payment conditions and submits only after privacy consent
clubs:test: [22m[39m[BrandingProvider] Club Agility Cànic: primary and onPrimary contrast (3.32:1) is below WCAG AA.
clubs:test: 
clubs:test: [90mstderr[2m | src/App.test.tsx[2m > [22m[2mT-01-26 imported-account onboarding and policy re-consent[2m > [22m[2mrenders the screen and pop-up in Catalan, Spanish and English
clubs:test: [22m[39m[BrandingProvider] Club Mínim: primary and onPrimary contrast (3.32:1) is below WCAG AA.
clubs:test: 
clubs:test: [90mstderr[2m | src/App.test.tsx[2m > [22m[2mT-03-40 mobile own dogs[2m > [22m[2mrenders own dogs, saves the note, shows task totals and gates TASKS
clubs:test: [22m[39m[BrandingProvider] Club Agility Cànic: primary and onPrimary contrast (3.32:1) is below WCAG AA.
clubs:test: 
clubs:test: [90mstderr[2m | src/SignupPage.test.tsx[2m > [22m[2mT-04-32 signup payment, checkout and add-dog mode[2m > [22m[2mredirects through checkout when Stripe is enabled
clubs:test: [22m[39m[BrandingProvider] Club Agility Cànic: primary and onPrimary contrast (3.32:1) is below WCAG AA.
clubs:test: 
clubs-admin:test:  [32m✓[39m src/census/CensusRecordPage.test.tsx [2m([22m[2m5 tests[22m[2m)[22m[33m 1365[2mms[22m[39m
clubs-admin:test:    [32m✓[39m T-03-39 D10 member record [2m(3)[22m
clubs-admin:test:      [33m[2m✓[22m[39m renders the approved badges, masked account, consent warning, dog rights, and WhatsApp URL[33m 420[2mms[22m[39m
clubs-admin:test:      [33m[2m✓[22m[39m blocks and unblocks new bookings with the required reason[33m 308[2mms[22m[39m
clubs:test: [90mstderr[2m | src/App.test.tsx[2m > [22m[2mT-03-40 mobile own dogs[2m > [22m[2mrenders own dogs, saves the note, shows task totals and gates TASKS
clubs:test: [22m[39m[BrandingProvider] Club Mínim: primary and onPrimary contrast (3.32:1) is below WCAG AA.
clubs:test: 
clubs:test: [90mstderr[2m | src/SignupPage.test.tsx[2m > [22m[2mT-04-32 signup payment, checkout and add-dog mode[2m > [22m[2muses the member plan and payment method and posts the add-dog flow
clubs:test: [22m[39m[BrandingProvider] Club Agility Cànic: primary and onPrimary contrast (3.32:1) is below WCAG AA.
clubs:test: 
clubs:test: [90mstderr[2m | src/App.test.tsx[2m > [22m[2mT-03-41 mobile own data[2m > [22m[2mkeeps identity read-only, resolves towns, maps READ_ONLY and gates billing
clubs:test: [22m[39m[BrandingProvider] Club Agility Cànic: primary and onPrimary contrast (3.32:1) is below WCAG AA.
clubs:test: 
clubs:test:  [32m✓[39m src/SignupPage.test.tsx [2m([22m[2m10 tests[22m[2m)[22m[33m 1471[2mms[22m[39m
clubs:test:    [32m✓[39m T-04-29 signup person and draft [2m(3)[22m
clubs:test:      [33m[2m✓[22m[39m persists a current draft, expires it after 24 hours and maps identity states[33m 751[2mms[22m[39m
clubs:test: [90mstderr[2m | src/App.test.tsx[2m > [22m[2mT-03-41 mobile own data[2m > [22m[2mkeeps identity read-only, resolves towns, maps READ_ONLY and gates billing
clubs:test: [22m[39m[BrandingProvider] Club Mínim: primary and onPrimary contrast (3.32:1) is below WCAG AA.
clubs:test: 
clubs:test:  [32m✓[39m src/App.test.tsx [2m([22m[2m18 tests[22m[2m)[22m[33m 1410[2mms[22m[39m
clubs:test: 
clubs:test: [2m Test Files [22m [1m[32m6 passed[39m[22m[90m (6)[39m
clubs:test: [2m      Tests [22m [1m[32m46 passed[39m[22m[90m (46)[39m
clubs:test: [2m   Start at [22m 15:26:09
clubs:test: [2m   Duration [22m 4.69s[2m (environment 40%, tests 24%, transform 19%, setup 9%, import 7%)[22m
clubs:test: 
clubs-admin:test: [90mstderr[2m | src/planning/CalendarPage.test.tsx[2m > [22m[2mT-06-28 D4 / D4b / D4c class calendar (front half, MSW)[2m > [22m[2m[ELIMINA] of an active class goes through the same D4c modal
clubs-admin:test: [22m[39m[BrandingProvider] Club Agility Cànic: primary and onPrimary contrast (3.32:1) is below WCAG AA.
clubs-admin:test: 
clubs-admin:test: [90mstderr[2m | src/planning/TemplatesPage.test.tsx[2m > [22m[2mT-06-26 D3 weekly templates[2m > [22m[2mqueues two quick changes of a full cell and sends each PATCH with the latest version
clubs-admin:test: [22m[39m[BrandingProvider] Club Agility Cànic: primary and onPrimary contrast (3.32:1) is below WCAG AA.
clubs-admin:test: 
clubs-admin:test: [90mstderr[2m | src/planning/CalendarPage.test.tsx[2m > [22m[2mT-06-28 D4 / D4b / D4c class calendar (front half, MSW)[2m > [22m[2mR-06-09 saves the diff with the version; STALE_VERSION keeps its message after the refetch remounts the card
clubs-admin:test: [22m[39m[BrandingProvider] Club Agility Cànic: primary and onPrimary contrast (3.32:1) is below WCAG AA.
clubs-admin:test: 
clubs-admin:test: [90mstderr[2m | src/audit/AuditPage.test.tsx[2m > [22m[2mT-14-26 member audit and exports[2m > [22m[2mshows the catalogued EXPORT_LIMIT explanation in the exports drawer
clubs-admin:test: [22m[39m[BrandingProvider] Club Agility Cànic: primary and onPrimary contrast (3.32:1) is below WCAG AA.
clubs-admin:test: 
clubs-admin:test: [90mstderr[2m | src/planning/TemplatesPage.test.tsx[2m > [22m[2mT-06-26 D3 weekly templates[2m > [22m[2mreloads the template and remounts the card on STALE_VERSION
clubs-admin:test: [22m[39m[BrandingProvider] Club Agility Cànic: primary and onPrimary contrast (3.32:1) is below WCAG AA.
clubs-admin:test: 
clubs-admin:test: [90mstderr[2m | src/audit/AuditPage.test.tsx[2m > [22m[2mT-14-26 member audit and exports[2m > [22m[2mroutes a queued members list export into the global drawer
clubs-admin:test: [22m[39m[BrandingProvider] Club Agility Cànic: primary and onPrimary contrast (3.32:1) is below WCAG AA.
clubs-admin:test: 
clubs-admin:test: [90mstderr[2m | src/planning/CalendarPage.test.tsx[2m > [22m[2mT-06-28 D4 / D4b / D4c class calendar (front half, MSW)[2m > [22m[2mR-06-09 keeps the INVALID_STATE message of the «Exempta…» toggle after the refetch
clubs-admin:test: [22m[39m[BrandingProvider] Club Agility Cànic: primary and onPrimary contrast (3.32:1) is below WCAG AA.
clubs-admin:test: 
clubs-admin:test:  [32m✓[39m src/census/CensusListPage.test.tsx [2m([22m[2m3 tests[22m[2m)[22m[33m 2167[2mms[22m[39m
clubs-admin:test:    [32m✓[39m T-03-38 D5 universal member list [2m(2)[22m
clubs-admin:test:      [33m[2m✓[22m[39m renders applied filters and preserves selection when page size changes[33m 837[2mms[22m[39m
clubs-admin:test:      [33m[2m✓[22m[39m toggles visible columns and synchronizes the ordered fields to the URL[33m 373[2mms[22m[39m
clubs-admin:test:    [32m✓[39m T-03-42 D15 translated dog list [2m(1)[22m
clubs-admin:test:      [33m[2m✓[22m[39m renders the approved columns and dog record links[33m 952[2mms[22m[39m
clubs-admin:test: [90mstderr[2m | src/audit/AuditPage.test.tsx[2m > [22m[2mT-14-26 member audit and exports[2m > [22m[2mroutes a queued dogs list export into the global drawer
clubs-admin:test: [22m[39m[BrandingProvider] Club Agility Cànic: primary and onPrimary contrast (3.32:1) is below WCAG AA.
clubs-admin:test: 
clubs-admin:test: [90mstderr[2m | src/audit/AuditPage.test.tsx[2m > [22m[2mT-14-26 member audit and exports[2m > [22m[2mlinks LastChange to the entity-scoped audit trail
clubs-admin:test: [22m[39m[BrandingProvider] Club Agility Cànic: primary and onPrimary contrast (3.32:1) is below WCAG AA.
clubs-admin:test: 
clubs-admin:test:  [32m✓[39m src/audit/AuditPage.test.tsx [2m([22m[2m6 tests[22m[2m)[22m[33m 2248[2mms[22m[39m
clubs-admin:test:    [32m✓[39m T-14-26 member audit and exports [2m(6)[22m
clubs-admin:test:      [33m[2m✓[22m[39m filters by action and opens the masked before/after change drawer[33m 558[2mms[22m[39m
clubs-admin:test:      [33m[2m✓[22m[39m opens the exports drawer for a queued job and exposes its READY download[33m 1330[2mms[22m[39m
clubs-admin:test: [90mstderr[2m | src/planning/TemplatesPage.test.tsx[2m > [22m[2mT-06-26 D3 weekly templates[2m > [22m[2mputs the form back to the saved class when a PATCH fails
clubs-admin:test: [22m[39m[BrandingProvider] Club Agility Cànic: primary and onPrimary contrast (3.32:1) is below WCAG AA.
clubs-admin:test: 
clubs-admin:test: [90mstderr[2m | src/planning/CalendarPage.test.tsx[2m > [22m[2mT-06-28 D4 / D4b / D4c class calendar (front half, MSW)[2m > [22m[2mR-06-05 moving a class onto training bookings asks first and resends with cancelBookings
clubs-admin:test: [22m[39m[BrandingProvider] Club Agility Cànic: primary and onPrimary contrast (3.32:1) is below WCAG AA.
clubs-admin:test: 
clubs-admin:test: [90mstderr[2m | src/planning/TemplatesPage.test.tsx[2m > [22m[2mT-06-26 D3 weekly templates[2m > [22m[2mshows a failed load of the weeks and the coverage with [Torna-ho a provar] instead of a loading table
clubs-admin:test: [22m[39m[BrandingProvider] Club Agility Cànic: primary and onPrimary contrast (3.32:1) is below WCAG AA.
clubs-admin:test: 
clubs-admin:test: [90mstderr[2m | src/planning/CalendarPage.test.tsx[2m > [22m[2mT-06-28 D4 / D4b / D4c class calendar (front half, MSW)[2m > [22m[2mR-06-10 D4c with only a waitlist: no «0 alumnes», a waitlist intro and button
clubs-admin:test: [22m[39m[BrandingProvider] Club Agility Cànic: primary and onPrimary contrast (3.32:1) is below WCAG AA.
clubs-admin:test: 
clubs-admin:test: [90mstderr[2m | src/planning/CalendarPage.test.tsx[2m > [22m[2mT-06-28 D4 / D4b / D4c class calendar (front half, MSW)[2m > [22m[2mR-06-11 the block drawer starts on the club-local today and a Saturday date offers Saturday's hours only
clubs-admin:test: [22m[39m[BrandingProvider] Club Agility Cànic: primary and onPrimary contrast (3.32:1) is below WCAG AA.
clubs-admin:test: 
clubs-admin:test: [90mstderr[2m | src/planning/TemplatesPage.test.tsx[2m > [22m[2mT-06-26 D3 weekly templates[2m > [22m[2mshows each band error on the field that caused it
clubs-admin:test: [22m[39m[BrandingProvider] Club Agility Cànic: primary and onPrimary contrast (3.32:1) is below WCAG AA.
clubs-admin:test: 
clubs-admin:test: [90mstderr[2m | src/planning/CalendarPage.test.tsx[2m > [22m[2mT-06-28 D4 / D4b / D4c class calendar (front half, MSW)[2m > [22m[2mR-06-09 [Crear classe] clamps its start and end times to a Saturday's hours
clubs-admin:test: [22m[39m[BrandingProvider] Club Agility Cànic: primary and onPrimary contrast (3.32:1) is below WCAG AA.
clubs-admin:test: 
clubs-admin:test: [90mstderr[2m | src/planning/CalendarPage.test.tsx[2m > [22m[2mT-06-28 D4 / D4b / D4c class calendar (front half, MSW)[2m > [22m[2mshows the value the class holds: inactive ring and instructor stay selected
clubs-admin:test: [22m[39m[BrandingProvider] Club Agility Cànic: primary and onPrimary contrast (3.32:1) is below WCAG AA.
clubs-admin:test: 
clubs-admin:test: [90mstderr[2m | src/planning/TemplatesPage.test.tsx[2m > [22m[2mT-06-26 D3 weekly templates[2m > [22m[2mmarks the inconsistency on the cells and in the footer note and blocks the generation
clubs-admin:test: [22m[39m[BrandingProvider] Club Agility Cànic: primary and onPrimary contrast (3.32:1) is below WCAG AA.
clubs-admin:test: 
clubs-admin:test: [90mstderr[2m | src/planning/CalendarPage.test.tsx[2m > [22m[2mT-06-28 D4 / D4b / D4c class calendar (front half, MSW)[2m > [22m[2mshows a RESERVATION block as it is when FREE_TRAINING was turned off later
clubs-admin:test: [22m[39m[BrandingProvider] Club Agility Cànic: primary and onPrimary contrast (3.32:1) is below WCAG AA.
clubs-admin:test: 
clubs-admin:test: [90mstderr[2m | src/planning/CalendarPage.test.tsx[2m > [22m[2mT-06-28 D4 / D4b / D4c class calendar (front half, MSW)[2m > [22m[2mR-06-15 without WAITLIST there is no «+e» in the cell nor in the card
clubs-admin:test: [22m[39m[BrandingProvider] Club Agility Cànic: primary and onPrimary contrast (3.32:1) is below WCAG AA.
clubs-admin:test: 
clubs-admin:test: [90mstderr[2m | src/planning/TemplatesPage.test.tsx[2m > [22m[2mT-06-26 D3 weekly templates[2m > [22m[2mconfirms «Es generaran com a esborrany les classes de la setmana del …» and generates the proposed week
clubs-admin:test: [22m[39m[BrandingProvider] Club Agility Cànic: primary and onPrimary contrast (3.32:1) is below WCAG AA.
clubs-admin:test: 
clubs-admin:test: [90mstderr[2m | src/planning/CalendarPage.test.tsx[2m > [22m[2mT-06-28 D4 / D4b / D4c class calendar (front half, MSW)[2m > [22m[2mR-06-15 without FREE_TRAINING [Bloqueja pista] offers only «Bloqueig»
clubs-admin:test: [22m[39m[BrandingProvider] Club Agility Cànic: primary and onPrimary contrast (3.32:1) is below WCAG AA.
clubs-admin:test: 
clubs-admin:test: [90mstderr[2m | src/planning/CalendarPage.test.tsx[2m > [22m[2mT-06-28 D4 / D4b / D4c class calendar (front half, MSW)[2m > [22m[2mR-06-15 with levels.enabled=false the card has no «Nivells» chip
clubs-admin:test: [22m[39m[BrandingProvider] Club Agility Cànic: primary and onPrimary contrast (3.32:1) is below WCAG AA.
clubs-admin:test: 
clubs-admin:test: [90mstderr[2m | src/planning/TemplatesPage.test.tsx[2m > [22m[2mT-06-26 D3 weekly templates[2m > [22m[2mhides every action from INSTRUCTOR and keeps the cells inert (A22 c)
clubs-admin:test: [22m[39m[BrandingProvider] Club Agility Cànic: primary and onPrimary contrast (3.32:1) is below WCAG AA.
clubs-admin:test: 
clubs-admin:test: [90mstderr[2m | src/planning/CalendarPage.test.tsx[2m > [22m[2mT-06-28 D4 / D4b / D4c class calendar (front half, MSW)[2m > [22m[2mR-06-15 INSTRUCTOR (no /parameters) sees «Nivells» only on a class with levels
clubs-admin:test: [22m[39m[BrandingProvider] Club Agility Cànic: primary and onPrimary contrast (3.32:1) is below WCAG AA.
clubs-admin:test: 
clubs-admin:test: [90mstderr[2m | src/planning/TemplatesPage.test.tsx[2m > [22m[2mT-06-26 D3 weekly templates[2m > [22m[2mshows the coverage table with the D3 vocabulary and one-decimal places
clubs-admin:test: [22m[39m[BrandingProvider] Club Agility Cànic: primary and onPrimary contrast (3.32:1) is below WCAG AA.
clubs-admin:test: 
clubs-admin:test: [90mstderr[2m | src/planning/CalendarPage.test.tsx[2m > [22m[2mT-06-28 D4 / D4b / D4c class calendar (front half, MSW)[2m > [22m[2mR-06-11 lists the RING_BLOCK_CONFLICT conflicts inside the block drawer
clubs-admin:test: [22m[39m[BrandingProvider] Club Agility Cànic: primary and onPrimary contrast (3.32:1) is below WCAG AA.
clubs-admin:test: 
clubs-admin:test: [90mstderr[2m | src/planning/TemplatesPage.test.tsx[2m > [22m[2mT-06-26 D3 weekly templates[2m > [22m[2mR-06-15 offers instructor chips with maxInstructorsPerClass = 2
clubs-admin:test: [22m[39m[BrandingProvider] Club Agility Cànic: primary and onPrimary contrast (3.32:1) is below WCAG AA.
clubs-admin:test: 
clubs-admin:test: [90mstderr[2m | src/planning/TemplatesPage.test.tsx[2m > [22m[2mT-06-26 D3 weekly templates[2m > [22m[2mR-06-15 hides levels and coverage with levels.enabled = false and requires a manual description
clubs-admin:test: [22m[39m[BrandingProvider] Club Agility Cànic: primary and onPrimary contrast (3.32:1) is below WCAG AA.
clubs-admin:test: 
clubs-admin:test:  [32m✓[39m src/planning/TemplatesPage.test.tsx [2m([22m[2m13 tests[22m[2m)[22m[33m 3514[2mms[22m[39m
clubs-admin:test:    [32m✓[39m T-06-26 D3 weekly templates [2m(13)[22m
clubs-admin:test:      [33m[2m✓[22m[39m prefills band and day from an empty cell, fills the description by levels, keeps the manual text and asks for another class in the band[33m 1052[2mms[22m[39m
clubs-admin:test:      [33m[2m✓[22m[39m saves every change of a full cell at once with the template version[33m 510[2mms[22m[39m
clubs-admin:test:      [33m[2m✓[22m[39m reloads the template and remounts the card on STALE_VERSION[33m 340[2mms[22m[39m
clubs-admin:test: [90mstderr[2m | src/planning/CalendarPage.test.tsx[2m > [22m[2mT-06-28 D4 / D4b / D4c class calendar (front half, MSW)[2m > [22m[2mINSTRUCTOR reads the calendar without actions and with inert chips (A22 c)
clubs-admin:test: [22m[39m[BrandingProvider] Club Agility Cànic: primary and onPrimary contrast (3.32:1) is below WCAG AA.
clubs-admin:test: 
clubs-admin:test: [90mstderr[2m | src/planning/CalendarPage.test.tsx[2m > [22m[2mT-06-28 D4 / D4b / D4c class calendar (front half, MSW)[2m > [22m[2mshows the week warnings and selects the class of a warning; day headers open the day view
clubs-admin:test: [22m[39m[BrandingProvider] Club Agility Cànic: primary and onPrimary contrast (3.32:1) is below WCAG AA.
clubs-admin:test: 
clubs-admin:test:  [32m✓[39m src/planning/CalendarPage.test.tsx [2m([22m[2m19 tests[22m[2m)[22m[33m 3567[2mms[22m[39m
clubs-admin:test:    [32m✓[39m T-06-28 D4 / D4b / D4c class calendar (front half, MSW) [2m(19)[22m
clubs-admin:test:      [33m[2m✓[22m[39m opens «Esborrany» on the first week with drafts, with the validation card and its count[33m 714[2mms[22m[39m
clubs-admin:test:      [33m[2m✓[22m[39m R-06-09 saves the diff with the version; STALE_VERSION keeps its message after the refetch remounts the card[33m 367[2mms[22m[39m
clubs-admin:test: 
clubs-admin:test: [2m Test Files [22m [1m[32m14 passed[39m[22m[90m (14)[39m
clubs-admin:test: [2m      Tests [22m [1m[32m86 passed[39m[22m[90m (86)[39m
clubs-admin:test: [2m   Start at [22m 15:26:09
clubs-admin:test: [2m   Duration [22m 7.04s[2m (environment 36%, tests 30%, transform 18%, setup 10%, import 7%)[22m
clubs-admin:test: 

 Tasks:    34 successful, 34 total
Cached:    0 cached, 34 total
  Time:    17.333s 

