
 RUN  v5.0.0 /Users/jordib/dev/agilityhub/agilityhub-core-web/packages/api-client

 ❯ src/mocks/fixtures.contract.test.ts (38 tests | 1 failed | 37 skipped) 3ms
   ❯ E4-W02 calendar fixtures follow the S06 contract (ClassSession, RingBlock, CancellationPreview) (4)
     × R-06-14 derives UTC instants from the club-local time across the DST change 3ms

⎯⎯⎯⎯⎯⎯⎯ Failed Tests 1 ⎯⎯⎯⎯⎯⎯⎯

 FAIL  src/mocks/fixtures.contract.test.ts > E4-W02 calendar fixtures follow the S06 contract (ClassSession, RingBlock, CancellationPreview) > R-06-14 derives UTC instants from the club-local time across the DST change
AssertionError: expected '2026-04-04T14:30:00Z' to be '2026-04-04T13:30:00Z' // Object.is equality

Expected: "2026-04-04T13:30:00Z"
Received: "2026-04-04T14:30:00Z"

 ❯ src/mocks/fixtures.contract.test.ts:270:68
    268|     expect(clubInstant("2026-03-29", "02:30")).toBe("2026-03-29T01:30:…
    269|     // A transition more than 12 h away from wall-time-as-UTC (NZDT → …
    270|     expect(clubInstant("2026-04-05", "02:30", "Pacific/Auckland")).toB…
       |                                                                    ^
    271|     expect(clubInstant("2026-09-27", "02:30", "Pacific/Auckland")).toB…
    272|   });

⎯⎯⎯⎯⎯⎯⎯⎯⎯⎯⎯⎯⎯⎯⎯⎯⎯⎯⎯⎯⎯⎯⎯⎯[1/1]⎯


 Test Files  1 failed (1)
      Tests  1 failed | 37 skipped (38)
   Start at  19:41:18
   Duration  449ms (import 57%, transform 42%, tests 1%)

undefined
/Users/jordib/dev/agilityhub/agilityhub-core-web/packages/api-client:
 ERR_PNPM_RECURSIVE_EXEC_FIRST_FAIL  Command failed with exit code 1: vitest run src/mocks/fixtures.contract.test.ts -t R-06-14
