# stage start 2026-09-25T08:42:31.623Z · e1-core.spec.ts e2-core.spec.ts
2026-09-25T08:42:32.304Z grant_type=refresh_token status=400 cookie=none test="T-01-18 password login reaches the seeded account" body={"code":"REFRESH_EXPIRED"}
2026-09-25T08:42:32.432Z grant_type=password status=200 cookie=none test="T-01-18 password login reaches the seeded account"
2026-09-25T08:42:32.619Z grant_type=refresh_token status=200 cookie=sent test="T-01-18 password login reaches the seeded account"
2026-09-25T08:42:32.893Z grant_type=refresh_token status=400 cookie=none test="T-01-21 seeded administrator opens the real backoffice" body={"code":"REFRESH_EXPIRED"}
2026-09-25T08:42:33.020Z grant_type=password status=200 cookie=none test="T-01-21 seeded administrator opens the real backoffice"
2026-09-25T08:42:33.186Z grant_type=refresh_token status=200 cookie=sent test="T-01-21 seeded administrator opens the real backoffice"
2026-09-25T08:42:33.523Z grant_type=refresh_token status=400 cookie=none test="T-01-20 club session is restored by the core" body={"code":"REFRESH_EXPIRED"}
2026-09-25T08:42:33.678Z grant_type=password status=200 cookie=none test="T-01-20 club session is restored by the core"
2026-09-25T08:42:33.829Z grant_type=refresh_token status=200 cookie=sent test="T-01-20 club session is restored by the core"
2026-09-25T08:42:33.972Z grant_type=refresh_token status=200 cookie=sent test="T-01-20 club session is restored by the core"
2026-09-25T08:42:34.302Z grant_type=refresh_token status=400 cookie=none test="T-01-20 club session is restored by the core" body={"code":"REFRESH_EXPIRED"}
2026-09-25T08:42:34.389Z grant_type=password status=200 cookie=none test="T-01-20 club session is restored by the core"
2026-09-25T08:42:34.545Z grant_type=refresh_token status=200 cookie=sent test="T-01-20 club session is restored by the core"
2026-09-25T08:42:34.790Z grant_type=refresh_token status=400 cookie=none test="T-01-19 magic link is delivered and exchanged end to end" body={"code":"REFRESH_EXPIRED"}
2026-09-25T08:42:35.052Z grant_type=refresh_token status=400 cookie=none test="T-01-19 magic link is delivered and exchanged end to end" body={"code":"REFRESH_EXPIRED"}
2026-09-25T08:42:35.060Z grant_type=urn:agilityhub:grant:magic-link status=200 cookie=none test="T-01-19 magic link is delivered and exchanged end to end"
2026-09-25T08:42:35.278Z grant_type=refresh_token status=200 cookie=sent test="T-01-19 magic link is delivered and exchanged end to end"
2026-09-25T08:42:35.533Z grant_type=refresh_token status=400 cookie=none test="T-01-26 published seed enters without pending onboarding" body={"code":"REFRESH_EXPIRED"}
2026-09-25T08:42:35.618Z grant_type=password status=200 cookie=none test="T-01-26 published seed enters without pending onboarding"
2026-09-25T08:42:35.771Z grant_type=refresh_token status=200 cookie=sent test="T-01-26 published seed enters without pending onboarding"
2026-09-25T08:42:36.025Z grant_type=refresh_token status=400 cookie=none test="T-01-22 apps/id resumes a real authorize flow through oauth2/session" body={"code":"REFRESH_EXPIRED"}
2026-09-25T08:42:36.169Z grant_type=password status=200 cookie=none test="T-01-22 apps/id resumes a real authorize flow through oauth2/session"
2026-09-25T08:42:36.305Z grant_type=refresh_token status=200 cookie=sent test="T-01-22 apps/id resumes a real authorize flow through oauth2/session"
2026-09-25T08:42:36.520Z grant_type=refresh_token status=200 cookie=sent test="T-01-22 apps/id resumes a real authorize flow through oauth2/session"
2026-09-25T08:42:36.844Z grant_type=refresh_token status=400 cookie=sent test="T-01-22 apps/id resumes a real authorize flow through oauth2/session" body={"code":"REFRESH_EXPIRED"}
2026-09-25T08:42:36.981Z grant_type=password status=200 cookie=sent test="T-01-22 apps/id resumes a real authorize flow through oauth2/session"
2026-09-25T08:42:37.363Z grant_type=refresh_token status=400 cookie=none test="T-03-42 real census flow, booking block and member profile" body={"code":"REFRESH_EXPIRED"}
2026-09-25T08:42:37.473Z grant_type=password status=200 cookie=none test="T-03-42 real census flow, booking block and member profile"
2026-09-25T08:42:37.632Z grant_type=refresh_token status=200 cookie=sent test="T-03-42 real census flow, booking block and member profile"
2026-09-25T08:42:41.810Z grant_type=refresh_token status=400 cookie=none test="T-03-42 real census flow, booking block and member profile" body={"code":"REFRESH_EXPIRED"}
2026-09-25T08:42:41.894Z grant_type=password status=200 cookie=none test="T-03-42 real census flow, booking block and member profile"
2026-09-25T08:42:42.048Z grant_type=refresh_token status=200 cookie=sent test="T-03-42 real census flow, booking block and member profile"
2026-09-25T08:42:42.195Z grant_type=refresh_token status=200 cookie=sent test="T-03-42 real census flow, booking block and member profile"
2026-09-25T08:42:42.441Z grant_type=refresh_token status=200 cookie=sent test="T-03-42 real census flow, booking block and member profile"
2026-09-25T08:42:47.816Z grant_type=refresh_token status=400 cookie=none test="T-05-CP-07 real club page edit renders styled Markdown on screen 30" body={"code":"REFRESH_EXPIRED"}
2026-09-25T08:42:47.901Z grant_type=password status=200 cookie=none test="T-05-CP-07 real club page edit renders styled Markdown on screen 30"
2026-09-25T08:42:48.041Z grant_type=refresh_token status=200 cookie=sent test="T-05-CP-07 real club page edit renders styled Markdown on screen 30"
2026-09-25T08:42:48.184Z grant_type=refresh_token status=200 cookie=sent test="T-05-CP-07 real club page edit renders styled Markdown on screen 30"
# stage end 2026-09-25T08:42:48.362Z · e1-core.spec.ts e2-core.spec.ts · 38 calls · 12 non-2xx
# stage start 2026-09-25T08:44:03.965Z · e3-signup.spec.ts
2026-09-25T08:44:04.573Z grant_type=refresh_token status=400 cookie=none test="T-04-34 public signup is validated and enters through the N-02 welcome link" body={"code":"REFRESH_EXPIRED"}
2026-09-25T08:44:05.142Z grant_type=refresh_token status=400 cookie=none test="T-04-34 public signup is validated and enters through the N-02 welcome link" body={"code":"REFRESH_EXPIRED"}
2026-09-25T08:44:05.435Z grant_type=refresh_token status=400 cookie=none test="T-04-34 public signup is validated and enters through the N-02 welcome link" body={"code":"REFRESH_EXPIRED"}
2026-09-25T08:44:05.720Z grant_type=refresh_token status=400 cookie=none test="T-04-34 public signup is validated and enters through the N-02 welcome link" body={"code":"REFRESH_EXPIRED"}
2026-09-25T08:44:06.132Z grant_type=refresh_token status=400 cookie=none test="T-04-34 public signup is validated and enters through the N-02 welcome link" body={"code":"REFRESH_EXPIRED"}
2026-09-25T08:44:06.511Z grant_type=refresh_token status=400 cookie=none test="T-04-34 public signup is validated and enters through the N-02 welcome link" body={"code":"REFRESH_EXPIRED"}
2026-09-25T08:44:06.641Z grant_type=password status=200 cookie=none test="T-04-34 public signup is validated and enters through the N-02 welcome link"
2026-09-25T08:44:06.812Z grant_type=refresh_token status=200 cookie=sent test="T-04-34 public signup is validated and enters through the N-02 welcome link"
2026-09-25T08:44:08.566Z grant_type=refresh_token status=400 cookie=none test="T-04-34 public signup is validated and enters through the N-02 welcome link" body={"code":"REFRESH_EXPIRED"}
2026-09-25T08:44:08.577Z grant_type=urn:agilityhub:grant:magic-link status=200 cookie=none test="T-04-34 public signup is validated and enters through the N-02 welcome link"
2026-09-25T08:44:08.860Z grant_type=refresh_token status=200 cookie=sent test="T-04-34 public signup is validated and enters through the N-02 welcome link"
2026-09-25T08:44:09.021Z grant_type=refresh_token status=400 cookie=none test="T-04-34 public signup is validated and enters through the N-02 welcome link" body={"code":"REFRESH_EXPIRED"}
2026-09-25T08:44:09.375Z grant_type=refresh_token status=400 cookie=none test="T-04-34 public signup is validated and enters through the N-02 welcome link" body={"code":"REFRESH_EXPIRED"}
2026-09-25T08:44:09.603Z grant_type=refresh_token status=400 cookie=none test="T-04-34 public signup is validated and enters through the N-02 welcome link" body={"code":"REFRESH_EXPIRED"}
2026-09-25T08:44:09.774Z grant_type=refresh_token status=400 cookie=none test="T-04-34 public signup is validated and enters through the N-02 welcome link" body={"code":"REFRESH_EXPIRED"}
2026-09-25T08:44:10.093Z grant_type=refresh_token status=400 cookie=none test="T-04-34 public signup is validated and enters through the N-02 welcome link" body={"code":"REFRESH_EXPIRED"}
2026-09-25T08:44:10.370Z grant_type=refresh_token status=400 cookie=none test="T-04-34 public signup is validated and enters through the N-02 welcome link" body={"code":"REFRESH_EXPIRED"}
2026-09-25T08:44:10.724Z grant_type=refresh_token status=400 cookie=none test="T-04-34 public signup is validated and enters through the N-02 welcome link" body={"code":"REFRESH_EXPIRED"}
2026-09-25T08:44:10.955Z grant_type=refresh_token status=400 cookie=none test="T-04-34 public signup is validated and enters through the N-02 welcome link" body={"code":"REFRESH_EXPIRED"}
2026-09-25T08:44:11.206Z grant_type=refresh_token status=400 cookie=none test="T-04-34 public signup is validated and enters through the N-02 welcome link" body={"code":"REFRESH_EXPIRED"}
2026-09-25T08:44:11.531Z grant_type=refresh_token status=400 cookie=none test="T-04-34 public signup is validated and enters through the N-02 welcome link" body={"code":"REFRESH_EXPIRED"}
2026-09-25T08:44:12.940Z grant_type=refresh_token status=200 cookie=sent test="T-04-34 public signup is validated and enters through the N-02 welcome link"
2026-09-25T08:44:13.496Z grant_type=refresh_token status=200 cookie=sent test="T-04-34 public signup is validated and enters through the N-02 welcome link"
2026-09-25T08:44:13.889Z grant_type=refresh_token status=200 cookie=sent test="T-04-34 public signup is validated and enters through the N-02 welcome link"
2026-09-25T08:44:14.007Z grant_type=refresh_token status=200 cookie=sent test="T-04-34 public signup is validated and enters through the N-02 welcome link"
2026-09-25T08:44:18.168Z grant_type=refresh_token status=400 cookie=none test="T-04-34 signup.enabled=false shows only the configured closed text" body={"code":"REFRESH_EXPIRED"}
# stage end 2026-09-25T08:44:18.254Z · e3-signup.spec.ts · 26 calls · 18 non-2xx
