
 RUN  v5.0.0 /Users/jordib/dev/agilityhub/agilityhub-core-web/packages/ui

 ✓ src/tasks-panel.test.tsx > E6-W02 step 2 · attachmentRejection with the api's numbers (R-10-11) > refuses a file over files.maxSizeMb (MiB), a type outside files.allowedTypes and one past files.maxAttachmentsPerEntity 1ms
 ✓ src/tasks-panel.test.tsx > E6-W02 step 2 · attachmentRejection with the api's numbers (R-10-11) > the picker passes the accepted files and reports each refused one with its reason 14ms
 ✓ src/tasks-panel.test.tsx > E6-W02 step 2 · TasksPanel (R-10-10, mockup 26) > paints each task with its state chip, text, «{dd-mm} · {autor}», the clip chip and, done, struck through with «feta per …» 48ms
 ✓ src/tasks-panel.test.tsx > E6-W02 step 2 · TasksPanel (R-10-10, mockup 26) > «＋ Afegir» opens the inline form beside the title; it creates with the text and the picked files, and closes only when the write succeeded 33ms
 ✓ src/tasks-panel.test.tsx > E6-W02 step 2 · TasksPanel (R-10-10, mockup 26) > the pencil edits the text in place; the ✕ asks «Vols eliminar aquesta tasca?» before deleting; ✓ completes and ↺ reopens 32ms
 ✓ src/tasks-panel.test.tsx > E6-W02 step 2 · TasksPanel (R-10-10, mockup 26) > an edit is sent with the version it was opened at, even after a read brings a newer one (optimistic lock) 12ms
 ✓ src/tasks-panel.test.tsx > E6-W02 step 2 · TasksPanel (R-10-10, mockup 26) > while a write runs every action waits (pending state), and a read-only list has no «＋ Afegir», pencil, ✕ nor reopening 10ms
 ✓ src/tasks-panel.test.tsx > E6-W02 step 2 · TasksPanel (R-10-10, mockup 26) > a refused file reaches the caller as a message; the error is shown inside the panel 7ms
 × src/tasks-panel.test.tsx > E6-W02 step 2 · TasksPanel (R-10-10, mockup 26) > round 2 #2: «Mostra'n més» below the list reads the next page, waits while it reads and says why a page failed 18ms
   → Unable to find an accessible element with the role "button" and name "Mostra'n més"

Here are the accessible roles:

  region:

  Name "Tasques":
  [36m<section[39m
    [33maria-labelledby[39m=[32m"_r_e_"[39m
    [33mclass[39m=[32m"ah-tasks"[39m
  [36m/>[39m

  --------------------------------------------------
  banner:

  Name "":
  [36m<header[39m
    [33mclass[39m=[32m"ah-tasks__header"[39m
  [36m/>[39m

  --------------------------------------------------
  heading:

  Name "Tasques":
  [36m<h2[39m
    [33mclass[39m=[32m"ah-tasks__title"[39m
    [33mid[39m=[32m"_r_e_"[39m
  [36m/>[39m

  --------------------------------------------------
  button:

  Name "Afegir":
  [36m<button[39m
    [33mclass[39m=[32m"ah-button ah-button--ghost ah-tasks__add"[39m
    [33mtype[39m=[32m"button"[39m
  [36m/>[39m

  Name "Marca-la com a feta":
  [36m<button[39m
    [33maria-label[39m=[32m"Marca-la com a feta"[39m
    [33mclass[39m=[32m"ah-button ah-button--ghost ah-icon-button"[39m
    [33mtype[39m=[32m"button"[39m
  [36m/>[39m

  Name "Edita la tasca":
  [36m<button[39m
    [33maria-label[39m=[32m"Edita la tasca"[39m
    [33mclass[39m=[32m"ah-button ah-button--ghost ah-icon-button"[39m
    [33mtype[39m=[32m"button"[39m
  [36m/>[39m

  Name "Elimina la tasca":
  [36m<button[39m
    [33maria-label[39m=[32m"Elimina la tasca"[39m
    [33mclass[39m=[32m"ah-button ah-button--ghost ah-icon-button"[39m
    [33mtype[39m=[32m"button"[39m
  [36m/>[39m

  Name "vídeo_balancí.mp4":
  [36m<button[39m
    [33mclass[39m=[32m"ah-attachment-chip__open"[39m
    [33mtype[39m=[32m"button"[39m
  [36m/>[39m

  Name "Torna-la a pendent":
  [36m<button[39m
    [33maria-label[39m=[32m"Torna-la a pendent"[39m
    [33mclass[39m=[32m"ah-button ah-button--ghost ah-icon-button"[39m
    [33mtype[39m=[32m"button"[39m
  [36m/>[39m

  Name "Elimina la tasca":
  [36m<button[39m
    [33maria-label[39m=[32m"Elimina la tasca"[39m
    [33mclass[39m=[32m"ah-button ah-button--ghost ah-icon-button"[39m
    [33mtype[39m=[32m"button"[39m
  [36m/>[39m

  --------------------------------------------------
  list:

  Name "":
  [36m<ul[39m
    [33mclass[39m=[32m"ah-tasks__list"[39m
  [36m/>[39m

  --------------------------------------------------
  listitem:

  Name "":
  [36m<li[39m
    [33mclass[39m=[32m"ah-task ah-task--pending"[39m
  [36m/>[39m

  Name "":
  [36m<li[39m
    [33mclass[39m=[32m"ah-task ah-task--done"[39m
  [36m/>[39m

  --------------------------------------------------
  paragraph:

  Name "":
  [36m<p[39m
    [33mclass[39m=[32m"ah-task__text"[39m
  [36m/>[39m

  Name "":
  [36m<p[39m
    [33mclass[39m=[32m"ah-task__meta"[39m
  [36m/>[39m

  Name "":
  [36m<p[39m
    [33mclass[39m=[32m"ah-task__text"[39m
  [36m/>[39m

  Name "":
  [36m<p[39m
    [33mclass[39m=[32m"ah-task__meta"[39m
  [36m/>[39m

  --------------------------------------------------

Ignored nodes: comments, script, style
[36m<body>[39m
  [36m<div>[39m
    [36m<section[39m
      [33maria-labelledby[39m=[32m"_r_e_"[39m
      [33mclass[39m=[32m"ah-tasks"[39m
    [36m>[39m
      [36m<header[39m
        [33mclass[39m=[32m"ah-tasks__header"[39m
      [36m>[39m
        [36m<h2[39m
          [33mclass[39m=[32m"ah-tasks__title"[39m
          [33mid[39m=[32m"_r_e_"[39m
        [36m>[39m
          [0mTasques[0m
        [36m</h2>[39m
        [36m<button[39m
          [33mclass[39m=[32m"ah-button ah-button--ghost ah-tasks__add"[39m
          [33mtype[39m=[32m"button"[39m
        [36m>[39m
          [36m<span[39m
            [33mclass[39m=[32m"ah-button__content"[39m
          [36m>[39m
            [36m<svg[39m
              [33maria-hidden[39m=[32m"true"[39m
              [33mclass[39m=[32m"ah-icon"[39m
            [36m>[39m
              [36m<use[39m
                [33mhref[39m=[32m"http://localhost:3000/src/icons/sprite.svg#i-plus"[39m
              [36m/>[39m
            [36m</svg>[39m
            [0m [0m
            [0mAfegir[0m
          [36m</span>[39m
        [36m</button>[39m
      [36m</header>[39m
      [36m<ul[39m
        [33mclass[39m=[32m"ah-tasks__list"[39m
      [36m>[39m
        [36m<li[39m
          [33mclass[39m=[32m"ah-task ah-task--pending"[39m
        [36m>[39m
          [36m<div[39m
            [33mclass[39m=[32m"ah-task__head"[39m
          [36m>[39m
            [36m<span[39m
              [33mclass[39m=[32m"ah-badge ah-tone--warning"[39m
            [36m>[39m
              [0mpendent[0m
            [36m</span>[39m
            [36m<span[39m
              [33mclass[39m=[32m"ah-task__actions"[39m
            [36m>[39m
              [36m<button[39m
                [33maria-label[39m=[32m"Marca-la com a feta"[39m
                [33mclass[39m=[32m"ah-button ah-button--ghost ah-icon-button"[39m
                [33mtype[39m=[32m"button"[39m
              [36m>[39m
                [36m<span[39m
                  [33mclass[39m=[32m"ah-button__content"[39m
                [36m>[39m
                  [36m<svg[39m
                    [33maria-hidden[39m=[32m"true"[39m
                    [33mclass[39m=[32m"ah-icon"[39m
                  [36m>[39m
                    [36m<use[39m
                      [33mhref[39m=[32m"http://localhost:3000/src/icons/sprite.svg#i-check"[39m
                    [36m/>[39m
                  [36m</svg>[39m
                [36m</span>[39m
              [36m</button>[39m
              [36m<button[39m
                [33maria-label[39m=[32m"Edita la tasca"[39m
                [33mclass[39m=[32m"ah-button ah-button--ghost ah-icon-button"[39m
                [33mtype[39m=[32m"button"[39m
              [36m>[39m
                [36m<span[39m
                  [33mclass[39m=[32m"ah-button__content"[39m
                [36m>[39m
                  [36m<svg[39m
                    [33maria-hidden[39m=[32m"true"[39m
                    [33mclass[39m=[32m"ah-icon"[39m
                  [36m>[39m
                    [36m<use[39m
                      [33mhref[39m=[32m"http://localhost:3000/src/icons/sprite.svg#i-edit"[39m
                    [36m/>[39m
                  [36m</svg>[39m
                [36m</span>[39m
              [36m</button>[39m
              [36m<button[39m
                [33maria-label[39m=[32m"Elimina la tasca"[39m
                [33mclass[39m=[32m"ah-button ah-button--ghost ah-icon-button"[39m
                [33mtype[39m=[32m"button"[39m
              [36m>[39m
                [36m<span[39m
                  [33mclass[39m=[32m"ah-button__content"[39m
                [36m>[39m
                  [36m<svg[39m
                    [33maria-hidden[39m=[32m"true"[39m
                    [33mclass[39m=[32m"ah-icon"[39m
                  [36m>[39m
                    [36m<use[39m
                      [33mhref[39m=[32m"http://localhost:3000/src/icons/sprite.svg#i-x"[39m
                    [36m/>[39m
                  [36m</svg>[39m
                [36m</span>[39m
              [36m</button>[39m
            [36m</span>[39m
          [36m</div>[39m
          [36m<p[39m
            [33mclass[39m=[32m"ah-task__text"[39m
          [36m>[39m
            [0mAquesta setmana practiqueu el balancí amb calma[0m
          [36m</p>[39m
          [36m<p[39m
            [33mclass[39m=[32m"ah-task__meta"[39m
          [36m>[39m
            [36m<span>[39m
              [0m31-07 · Estel[0m
              [0m · [0m
            [36m</span>[39m
            [36m<span[39m
              [33mclass[39m=[32m"ah-attachment-chips"[39m
            [36m>[39m
              [36m<span[39m
                [33mclass[39m=[32m"ah-attachment-chip"[39m
              [36m>[39m
                [36m<button[39m
                  [33mclass[39m=[32m"ah-attachment-chip__open"[39m
                  [33mtype[39m=[32m"button"[39m
                [36m>[39m
                  [36m<svg[39m
                    [33maria-hidden[39m=[32m"true"[39m
                    [33mclass[39m=[32m"ah-icon"[39m
                  [36m>[39m
                    [36m<use[39m
                      [33mhref[39m=[32m"http://localhost:3000/src/icons/sprite.svg#i-clip"[39m
                    [36m/>[39m
                  [36m</svg>[39m
                  [36m<span>[39m
                    [0mvídeo_balancí.mp4[0m
                  [36m</span>[39m
                [36m</button>[39m
              [36m</span>[39m
            [36m</span>[39m
          [36m</p>[39m
        [36m</li>[39m
        [36m<li[39m
          [33mclass[39m=[32m"ah-task ah-task--done"[39m
        [36m>[39m
          [36m<div[39m
            [33mclass[39m=[32m"ah-task__head"[39m
          [36m>[39m
            [36m<span[39m
              [33mclass[39m=[32m"ah-badge ah-tone--success"[39m
            [36m>[39m
              [0mfeta[0m
            [36m</span>[39m
            [36m<span[39m
              [33mclass[39m=[32m"ah-task__actions"[39m
            [36m>[39m
              [36m<button[39m
                [33maria-label[39m=[32m"Torna-la a pendent"[39m
                [33mclass[39m=[32m"ah-button ah-button--ghost ah-icon-button"[39m
                [33mtype[39m=[32m"button"[39m
              [36m>[39m
                [36m<span[39m
                  [33mclass[39m=[32m"ah-button__content"[39m
                [36m>[39m
                  [36m<svg[39m
                    [33maria-hidden[39m=[32m"true"[39m
                    [33mclass[39m=[32m"ah-icon"[39m
                  [36m>[39m
                    [36m<use[39m
                      [33mhref[39m=[32m"http://localhost:3000/src/icons/sprite.svg#i-undo"[39m
                    [36m/>[39m
                  [36m</svg>[39m
                [36m</span>[39m
              [36m</button>[39m
              [36m<button[39m
                [33maria-label[39m=[32m"Elimina la tasca"[39m
                [33mclass[39m=[32m"ah-button ah-button--ghost ah-icon-button"[39m
                [33mtype[39m=[32m"button"[39m
              [36m>[39m
                [36m<span[39m
                  [33mclass[39m=[32m"ah-button__content"[39m
                [36m>[39m
                  [36m<svg[39m
                    [33maria-hidden[39m=[32m"true"[39m
                    [33mclass[39m=[32m"ah-icon"[39m
                  [36m>[39m
                    [36m<use[39m
                      [33mhref[39m=[32m"http://localhost:3000/src/icons/sprite.svg#i-x"[39m
                    [36m/>[39m
                  [36m</svg>[39m
                [36m</span>[39m
              [36m</button>[39m
            [36m</span>[39m
          [36m</div>[39m
          [36m<p[39m
            [33mclass[39m=[32m"ah-task__text"[39m
          [36m>[39m
            [0mTreballar l'«espera» a la línia de sortida[0m
          [36m</p>[39m
          [36m<p[39m
            [33mclass[39m=[32m"ah-task__meta"[39m
          [36m>[39m
            [36m<span>[39m
              [0m28-07 · Estel[0m
              [0m · feta per la Laura el 02-08[0m
            [36m</span>[39m
          [36m</p>[39m
        [36m</li>[39m
      [36m</ul>[39m
    [36m</section>[39m
  [36m</div>[39m
[36m</body>[39m
 × src/tasks-panel.test.tsx > E6-W02 step 2 · TasksPanel (R-10-10, mockup 26) > round 2 #4: a clip whose opening fails says why next to it; a later click clears it, and a late failure of an earlier click is dropped 16ms
   → Unable to find an accessible element with the role "alert"

Here are the accessible roles:

  region:

  Name "Tasques":
  [36m<section[39m
    [33maria-labelledby[39m=[32m"_r_g_"[39m
    [33mclass[39m=[32m"ah-tasks"[39m
  [36m/>[39m

  --------------------------------------------------
  banner:

  Name "":
  [36m<header[39m
    [33mclass[39m=[32m"ah-tasks__header"[39m
  [36m/>[39m

  --------------------------------------------------
  heading:

  Name "Tasques":
  [36m<h2[39m
    [33mclass[39m=[32m"ah-tasks__title"[39m
    [33mid[39m=[32m"_r_g_"[39m
  [36m/>[39m

  --------------------------------------------------
  button:

  Name "Afegir":
  [36m<button[39m
    [33mclass[39m=[32m"ah-button ah-button--ghost ah-tasks__add"[39m
    [33mtype[39m=[32m"button"[39m
  [36m/>[39m

  Name "Marca-la com a feta":
  [36m<button[39m
    [33maria-label[39m=[32m"Marca-la com a feta"[39m
    [33mclass[39m=[32m"ah-button ah-button--ghost ah-icon-button"[39m
    [33mtype[39m=[32m"button"[39m
  [36m/>[39m

  Name "Edita la tasca":
  [36m<button[39m
    [33maria-label[39m=[32m"Edita la tasca"[39m
    [33mclass[39m=[32m"ah-button ah-button--ghost ah-icon-button"[39m
    [33mtype[39m=[32m"button"[39m
  [36m/>[39m

  Name "Elimina la tasca":
  [36m<button[39m
    [33maria-label[39m=[32m"Elimina la tasca"[39m
    [33mclass[39m=[32m"ah-button ah-button--ghost ah-icon-button"[39m
    [33mtype[39m=[32m"button"[39m
  [36m/>[39m

  Name "vídeo_balancí.mp4":
  [36m<button[39m
    [33mclass[39m=[32m"ah-attachment-chip__open"[39m
    [33mtype[39m=[32m"button"[39m
  [36m/>[39m

  Name "Torna-la a pendent":
  [36m<button[39m
    [33maria-label[39m=[32m"Torna-la a pendent"[39m
    [33mclass[39m=[32m"ah-button ah-button--ghost ah-icon-button"[39m
    [33mtype[39m=[32m"button"[39m
  [36m/>[39m

  Name "Elimina la tasca":
  [36m<button[39m
    [33maria-label[39m=[32m"Elimina la tasca"[39m
    [33mclass[39m=[32m"ah-button ah-button--ghost ah-icon-button"[39m
    [33mtype[39m=[32m"button"[39m
  [36m/>[39m

  --------------------------------------------------
  list:

  Name "":
  [36m<ul[39m
    [33mclass[39m=[32m"ah-tasks__list"[39m
  [36m/>[39m

  --------------------------------------------------
  listitem:

  Name "":
  [36m<li[39m
    [33mclass[39m=[32m"ah-task ah-task--pending"[39m
  [36m/>[39m

  Name "":
  [36m<li[39m
    [33mclass[39m=[32m"ah-task ah-task--done"[39m
  [36m/>[39m

  --------------------------------------------------
  paragraph:

  Name "":
  [36m<p[39m
    [33mclass[39m=[32m"ah-task__text"[39m
  [36m/>[39m

  Name "":
  [36m<p[39m
    [33mclass[39m=[32m"ah-task__meta"[39m
  [36m/>[39m

  Name "":
  [36m<p[39m
    [33mclass[39m=[32m"ah-task__text"[39m
  [36m/>[39m

  Name "":
  [36m<p[39m
    [33mclass[39m=[32m"ah-task__meta"[39m
  [36m/>[39m

  --------------------------------------------------

Ignored nodes: comments, script, style
[36m<body>[39m
  [36m<div>[39m
    [36m<section[39m
      [33maria-labelledby[39m=[32m"_r_g_"[39m
      [33mclass[39m=[32m"ah-tasks"[39m
    [36m>[39m
      [36m<header[39m
        [33mclass[39m=[32m"ah-tasks__header"[39m
      [36m>[39m
        [36m<h2[39m
          [33mclass[39m=[32m"ah-tasks__title"[39m
          [33mid[39m=[32m"_r_g_"[39m
        [36m>[39m
          [0mTasques[0m
        [36m</h2>[39m
        [36m<button[39m
          [33mclass[39m=[32m"ah-button ah-button--ghost ah-tasks__add"[39m
          [33mtype[39m=[32m"button"[39m
        [36m>[39m
          [36m<span[39m
            [33mclass[39m=[32m"ah-button__content"[39m
          [36m>[39m
            [36m<svg[39m
              [33maria-hidden[39m=[32m"true"[39m
              [33mclass[39m=[32m"ah-icon"[39m
            [36m>[39m
              [36m<use[39m
                [33mhref[39m=[32m"http://localhost:3000/src/icons/sprite.svg#i-plus"[39m
              [36m/>[39m
            [36m</svg>[39m
            [0m [0m
            [0mAfegir[0m
          [36m</span>[39m
        [36m</button>[39m
      [36m</header>[39m
      [36m<ul[39m
        [33mclass[39m=[32m"ah-tasks__list"[39m
      [36m>[39m
        [36m<li[39m
          [33mclass[39m=[32m"ah-task ah-task--pending"[39m
        [36m>[39m
          [36m<div[39m
            [33mclass[39m=[32m"ah-task__head"[39m
          [36m>[39m
            [36m<span[39m
              [33mclass[39m=[32m"ah-badge ah-tone--warning"[39m
            [36m>[39m
              [0mpendent[0m
            [36m</span>[39m
            [36m<span[39m
              [33mclass[39m=[32m"ah-task__actions"[39m
            [36m>[39m
              [36m<button[39m
                [33maria-label[39m=[32m"Marca-la com a feta"[39m
                [33mclass[39m=[32m"ah-button ah-button--ghost ah-icon-button"[39m
                [33mtype[39m=[32m"button"[39m
              [36m>[39m
                [36m<span[39m
                  [33mclass[39m=[32m"ah-button__content"[39m
                [36m>[39m
                  [36m<svg[39m
                    [33maria-hidden[39m=[32m"true"[39m
                    [33mclass[39m=[32m"ah-icon"[39m
                  [36m>[39m
                    [36m<use[39m
                      [33mhref[39m=[32m"http://localhost:3000/src/icons/sprite.svg#i-check"[39m
                    [36m/>[39m
                  [36m</svg>[39m
                [36m</span>[39m
              [36m</button>[39m
              [36m<button[39m
                [33maria-label[39m=[32m"Edita la tasca"[39m
                [33mclass[39m=[32m"ah-button ah-button--ghost ah-icon-button"[39m
                [33mtype[39m=[32m"button"[39m
              [36m>[39m
                [36m<span[39m
                  [33mclass[39m=[32m"ah-button__content"[39m
                [36m>[39m
                  [36m<svg[39m
                    [33maria-hidden[39m=[32m"true"[39m
                    [33mclass[39m=[32m"ah-icon"[39m
                  [36m>[39m
                    [36m<use[39m
                      [33mhref[39m=[32m"http://localhost:3000/src/icons/sprite.svg#i-edit"[39m
                    [36m/>[39m
                  [36m</svg>[39m
                [36m</span>[39m
              [36m</button>[39m
              [36m<button[39m
                [33maria-label[39m=[32m"Elimina la tasca"[39m
                [33mclass[39m=[32m"ah-button ah-button--ghost ah-icon-button"[39m
                [33mtype[39m=[32m"button"[39m
              [36m>[39m
                [36m<span[39m
                  [33mclass[39m=[32m"ah-button__content"[39m
                [36m>[39m
                  [36m<svg[39m
                    [33maria-hidden[39m=[32m"true"[39m
                    [33mclass[39m=[32m"ah-icon"[39m
                  [36m>[39m
                    [36m<use[39m
                      [33mhref[39m=[32m"http://localhost:3000/src/icons/sprite.svg#i-x"[39m
                    [36m/>[39m
                  [36m</svg>[39m
                [36m</span>[39m
              [36m</button>[39m
            [36m</span>[39m
          [36m</div>[39m
          [36m<p[39m
            [33mclass[39m=[32m"ah-task__text"[39m
          [36m>[39m
            [0mAquesta setmana practiqueu el balancí amb calma[0m
          [36m</p>[39m
          [36m<p[39m
            [33mclass[39m=[32m"ah-task__meta"[39m
          [36m>[39m
            [36m<span>[39m
              [0m31-07 · Estel[0m
              [0m · [0m
            [36m</span>[39m
            [36m<span[39m
              [33mclass[39m=[32m"ah-attachment-chips"[39m
            [36m>[39m
              [36m<span[39m
                [33mclass[39m=[32m"ah-attachment-chip"[39m
              [36m>[39m
                [36m<button[39m
                  [33mclass[39m=[32m"ah-attachment-chip__open"[39m
                  [33mtype[39m=[32m"button"[39m
                [36m>[39m
                  [36m<svg[39m
                    [33maria-hidden[39m=[32m"true"[39m
                    [33mclass[39m=[32m"ah-icon"[39m
                  [36m>[39m
                    [36m<use[39m
                      [33mhref[39m=[32m"http://localhost:3000/src/icons/sprite.svg#i-clip"[39m
                    [36m/>[39m
                  [36m</svg>[39m
                  [36m<span>[39m
                    [0mvídeo_balancí.mp4[0m
                  [36m</span>[39m
                [36m</button>[39m
              [36m</span>[39m
            [36m</span>[39m
          [36m</p>[39m
        [36m</li>[39m
        [36m<li[39m
          [33mclass[39m=[32m"ah-task ah-task--done"[39m
        [36m>[39m
          [36m<div[39m
            [33mclass[39m=[32m"ah-task__head"[39m
          [36m>[39m
            [36m<span[39m
              [33mclass[39m=[32m"ah-badge ah-tone--success"[39m
            [36m>[39m
              [0mfeta[0m
            [36m</span>[39m
            [36m<span[39m
              [33mclass[39m=[32m"ah-task__actions"[39m
            [36m>[39m
              [36m<button[39m
                [33maria-label[39m=[32m"Torna-la a pendent"[39m
                [33mclass[39m=[32m"ah-button ah-button--ghost ah-icon-button"[39m
                [33mtype[39m=[32m"button"[39m
              [36m>[39m
                [36m<span[39m
                  [33mclass[39m=[32m"ah-button__content"[39m
                [36m>[39m
                  [36m<svg[39m
                    [33maria-hidden[39m=[32m"true"[39m
                    [33mclass[39m=[32m"ah-icon"[39m
                  [36m>[39m
                    [36m<use[39m
                      [33mhref[39m=[32m"http://localhost:3000/src/icons/sprite.svg#i-undo"[39m
                    [36m/>[39m
                  [36m</svg>[39m
                [36m</span>[39m
              [36m</button>[39m
              [36m<button[39m
                [33maria-label[39m=[32m"Elimina la tasca"[39m
                [33mclass[39m=[32m"ah-button ah-button--ghost ah-icon-button"[39m
                [33mtype[39m=[32m"button"[39m
              [36m>[39m
                [36m<span[39m
                  [33mclass[39m=[32m"ah-button__content"[39m
                [36m>[39m
                  [36m<svg[39m
                    [33maria-hidden[39m=[32m"true"[39m
                    [33mclass[39m=[32m"ah-icon"[39m
                  [36m>[39m
                    [36m<use[39m
                      [33mhref[39m=[32m"http://localhost:3000/src/icons/sprite.svg#i-x"[39m
                    [36m/>[39m
                  [36m</svg>[39m
                [36m</span>[39m
              [36m</button>[39m
            [36m</span>[39m
          [36m</div>[39m
          [36m<p[39m
            [33mclass[39m=[32m"ah-task__text"[39m
          [36m>[39m
            [0mTreballar l'«espera» a la línia de sortida[0m
          [36m</p>[39m
          [36m<p[39m
            [33mclass[39m=[32m"ah-task__meta"[39m
          [36m>[39m
            [36m<span>[39m
              [0m28-07 · Estel[0m
              [0m · feta per la Laura el 02-08[0m
            [36m</span>[39m
          [36m</p>[39m
        [36m</li>[39m
      [36m</ul>[39m
    [36m</section>[39m
  [36m</div>[39m
[36m</body>[39m
 ✓ src/tasks-panel.test.tsx > E6-W02 step 3 · FollowupEditor (the body of 26 and D13's drawer) > lays out the observations field, the tasks, the history link, the member's note read-only and [DESA], disabled until the text changes 11ms
 ✓ src/tasks-panel.test.tsx > E6-W02 step 3 · FollowupEditor (the body of 26 and D13's drawer) > a stale save shows the notice and the typed text to recover; saving keeps the field read-only 9ms

⎯⎯⎯⎯⎯⎯⎯ Failed Tests 2 ⎯⎯⎯⎯⎯⎯⎯

 FAIL  src/tasks-panel.test.tsx > E6-W02 step 2 · TasksPanel (R-10-10, mockup 26) > round 2 #2: «Mostra'n més» below the list reads the next page, waits while it reads and says why a page failed
TestingLibraryElementError: Unable to find an accessible element with the role "button" and name "Mostra'n més"

Here are the accessible roles:

  region:

  Name "Tasques":
  [36m<section[39m
    [33maria-labelledby[39m=[32m"_r_e_"[39m
    [33mclass[39m=[32m"ah-tasks"[39m
  [36m/>[39m

  --------------------------------------------------
  banner:

  Name "":
  [36m<header[39m
    [33mclass[39m=[32m"ah-tasks__header"[39m
  [36m/>[39m

  --------------------------------------------------
  heading:

  Name "Tasques":
  [36m<h2[39m
    [33mclass[39m=[32m"ah-tasks__title"[39m
    [33mid[39m=[32m"_r_e_"[39m
  [36m/>[39m

  --------------------------------------------------
  button:

  Name "Afegir":
  [36m<button[39m
    [33mclass[39m=[32m"ah-button ah-button--ghost ah-tasks__add"[39m
    [33mtype[39m=[32m"button"[39m
  [36m/>[39m

  Name "Marca-la com a feta":
  [36m<button[39m
    [33maria-label[39m=[32m"Marca-la com a feta"[39m
    [33mclass[39m=[32m"ah-button ah-button--ghost ah-icon-button"[39m
    [33mtype[39m=[32m"button"[39m
  [36m/>[39m

  Name "Edita la tasca":
  [36m<button[39m
    [33maria-label[39m=[32m"Edita la tasca"[39m
    [33mclass[39m=[32m"ah-button ah-button--ghost ah-icon-button"[39m
    [33mtype[39m=[32m"button"[39m
  [36m/>[39m

  Name "Elimina la tasca":
  [36m<button[39m
    [33maria-label[39m=[32m"Elimina la tasca"[39m
    [33mclass[39m=[32m"ah-button ah-button--ghost ah-icon-button"[39m
    [33mtype[39m=[32m"button"[39m
  [36m/>[39m

  Name "vídeo_balancí.mp4":
  [36m<button[39m
    [33mclass[39m=[32m"ah-attachment-chip__open"[39m
    [33mtype[39m=[32m"button"[39m
  [36m/>[39m

  Name "Torna-la a pendent":
  [36m<button[39m
    [33maria-label[39m=[32m"Torna-la a pendent"[39m
    [33mclass[39m=[32m"ah-button ah-button--ghost ah-icon-button"[39m
    [33mtype[39m=[32m"button"[39m
  [36m/>[39m

  Name "Elimina la tasca":
  [36m<button[39m
    [33maria-label[39m=[32m"Elimina la tasca"[39m
    [33mclass[39m=[32m"ah-button ah-button--ghost ah-icon-button"[39m
    [33mtype[39m=[32m"button"[39m
  [36m/>[39m

  --------------------------------------------------
  list:

  Name "":
  [36m<ul[39m
    [33mclass[39m=[32m"ah-tasks__list"[39m
  [36m/>[39m

  --------------------------------------------------
  listitem:

  Name "":
  [36m<li[39m
    [33mclass[39m=[32m"ah-task ah-task--pending"[39m
  [36m/>[39m

  Name "":
  [36m<li[39m
    [33mclass[39m=[32m"ah-task ah-task--done"[39m
  [36m/>[39m

  --------------------------------------------------
  paragraph:

  Name "":
  [36m<p[39m
    [33mclass[39m=[32m"ah-task__text"[39m
  [36m/>[39m

  Name "":
  [36m<p[39m
    [33mclass[39m=[32m"ah-task__meta"[39m
  [36m/>[39m

  Name "":
  [36m<p[39m
    [33mclass[39m=[32m"ah-task__text"[39m
  [36m/>[39m

  Name "":
  [36m<p[39m
    [33mclass[39m=[32m"ah-task__meta"[39m
  [36m/>[39m

  --------------------------------------------------

Ignored nodes: comments, script, style
[36m<body>[39m
  [36m<div>[39m
    [36m<section[39m
      [33maria-labelledby[39m=[32m"_r_e_"[39m
      [33mclass[39m=[32m"ah-tasks"[39m
    [36m>[39m
      [36m<header[39m
        [33mclass[39m=[32m"ah-tasks__header"[39m
      [36m>[39m
        [36m<h2[39m
          [33mclass[39m=[32m"ah-tasks__title"[39m
          [33mid[39m=[32m"_r_e_"[39m
        [36m>[39m
          [0mTasques[0m
        [36m</h2>[39m
        [36m<button[39m
          [33mclass[39m=[32m"ah-button ah-button--ghost ah-tasks__add"[39m
          [33mtype[39m=[32m"button"[39m
        [36m>[39m
          [36m<span[39m
            [33mclass[39m=[32m"ah-button__content"[39m
          [36m>[39m
            [36m<svg[39m
              [33maria-hidden[39m=[32m"true"[39m
              [33mclass[39m=[32m"ah-icon"[39m
            [36m>[39m
              [36m<use[39m
                [33mhref[39m=[32m"http://localhost:3000/src/icons/sprite.svg#i-plus"[39m
              [36m/>[39m
            [36m</svg>[39m
            [0m [0m
            [0mAfegir[0m
          [36m</span>[39m
        [36m</button>[39m
      [36m</header>[39m
      [36m<ul[39m
        [33mclass[39m=[32m"ah-tasks__list"[39m
      [36m>[39m
        [36m<li[39m
          [33mclass[39m=[32m"ah-task ah-task--pending"[39m
        [36m>[39m
          [36m<div[39m
            [33mclass[39m=[32m"ah-task__head"[39m
          [36m>[39m
            [36m<span[39m
              [33mclass[39m=[32m"ah-badge ah-tone--warning"[39m
            [36m>[39m
              [0mpendent[0m
            [36m</span>[39m
            [36m<span[39m
              [33mclass[39m=[32m"ah-task__actions"[39m
            [36m>[39m
              [36m<button[39m
                [33maria-label[39m=[32m"Marca-la com a feta"[39m
                [33mclass[39m=[32m"ah-button ah-button--ghost ah-icon-button"[39m
                [33mtype[39m=[32m"button"[39m
              [36m>[39m
                [36m<span[39m
                  [33mclass[39m=[32m"ah-button__content"[39m
                [36m>[39m
                  [36m<svg[39m
                    [33maria-hidden[39m=[32m"true"[39m
                    [33mclass[39m=[32m"ah-icon"[39m
                  [36m>[39m
                    [36m<use[39m
                      [33mhref[39m=[32m"http://localhost:3000/src/icons/sprite.svg#i-check"[39m
                    [36m/>[39m
                  [36m</svg>[39m
                [36m</span>[39m
              [36m</button>[39m
              [36m<button[39m
                [33maria-label[39m=[32m"Edita la tasca"[39m
                [33mclass[39m=[32m"ah-button ah-button--ghost ah-icon-button"[39m
                [33mtype[39m=[32m"button"[39m
              [36m>[39m
                [36m<span[39m
                  [33mclass[39m=[32m"ah-button__content"[39m
                [36m>[39m
                  [36m<svg[39m
                    [33maria-hidden[39m=[32m"true"[39m
                    [33mclass[39m=[32m"ah-icon"[39m
                  [36m>[39m
                    [36m<use[39m
                      [33mhref[39m=[32m"http://localhost:3000/src/icons/sprite.svg#i-edit"[39m
                    [36m/>[39m
                  [36m</svg>[39m
                [36m</span>[39m
              [36m</button>[39m
              [36m<button[39m
                [33maria-label[39m=[32m"Elimina la tasca"[39m
                [33mclass[39m=[32m"ah-button ah-button--ghost ah-icon-button"[39m
                [33mtype[39m=[32m"button"[39m
              [36m>[39m
                [36m<span[39m
                  [33mclass[39m=[32m"ah-button__content"[39m
                [36m>[39m
                  [36m<svg[39m
                    [33maria-hidden[39m=[32m"true"[39m
                    [33mclass[39m=[32m"ah-icon"[39m
                  [36m>[39m
                    [36m<use[39m
                      [33mhref[39m=[32m"http://localhost:3000/src/icons/sprite.svg#i-x"[39m
                    [36m/>[39m
                  [36m</svg>[39m
                [36m</span>[39m
              [36m</button>[39m
            [36m</span>[39m
          [36m</div>[39m
          [36m<p[39m
            [33mclass[39m=[32m"ah-task__text"[39m
          [36m>[39m
            [0mAquesta setmana practiqueu el balancí amb calma[0m
          [36m</p>[39m
          [36m<p[39m
            [33mclass[39m=[32m"ah-task__meta"[39m
          [36m>[39m
            [36m<span>[39m
              [0m31-07 · Estel[0m
              [0m · [0m
            [36m</span>[39m
            [36m<span[39m
              [33mclass[39m=[32m"ah-attachment-chips"[39m
            [36m>[39m
              [36m<span[39m
                [33mclass[39m=[32m"ah-attachment-chip"[39m
              [36m>[39m
                [36m<button[39m
                  [33mclass[39m=[32m"ah-attachment-chip__open"[39m
                  [33mtype[39m=[32m"button"[39m
                [36m>[39m
                  [36m<svg[39m
                    [33maria-hidden[39m=[32m"true"[39m
                    [33mclass[39m=[32m"ah-icon"[39m
                  [36m>[39m
                    [36m<use[39m
                      [33mhref[39m=[32m"http://localhost:3000/src/icons/sprite.svg#i-clip"[39m
                    [36m/>[39m
                  [36m</svg>[39m
                  [36m<span>[39m
                    [0mvídeo_balancí.mp4[0m
                  [36m</span>[39m
                [36m</button>[39m
              [36m</span>[39m
            [36m</span>[39m
          [36m</p>[39m
        [36m</li>[39m
        [36m<li[39m
          [33mclass[39m=[32m"ah-task ah-task--done"[39m
        [36m>[39m
          [36m<div[39m
            [33mclass[39m=[32m"ah-task__head"[39m
          [36m>[39m
            [36m<span[39m
              [33mclass[39m=[32m"ah-badge ah-tone--success"[39m
            [36m>[39m
              [0mfeta[0m
            [36m</span>[39m
            [36m<span[39m
              [33mclass[39m=[32m"ah-task__actions"[39m
            [36m>[39m
              [36m<button[39m
                [33maria-label[39m=[32m"Torna-la a pendent"[39m
                [33mclass[39m=[32m"ah-button ah-button--ghost ah-icon-button"[39m
                [33mtype[39m=[32m"button"[39m
              [36m>[39m
                [36m<span[39m
                  [33mclass[39m=[32m"ah-button__content"[39m
                [36m>[39m
                  [36m<svg[39m
                    [33maria-hidden[39m=[32m"true"[39m
                    [33mclass[39m=[32m"ah-icon"[39m
                  [36m>[39m
                    [36m<use[39m
                      [33mhref[39m=[32m"http://localhost:3000/src/icons/sprite.svg#i-undo"[39m
                    [36m/>[39m
                  [36m</svg>[39m
                [36m</span>[39m
              [36m</button>[39m
              [36m<button[39m
                [33maria-label[39m=[32m"Elimina la tasca"[39m
                [33mclass[39m=[32m"ah-button ah-button--ghost ah-icon-button"[39m
                [33mtype[39m=[32m"button"[39m
              [36m>[39m
                [36m<span[39m
                  [33mclass[39m=[32m"ah-button__content"[39m
                [36m>[39m
                  [36m<svg[39m
                    [33maria-hidden[39m=[32m"true"[39m
                    [33mclass[39m=[32m"ah-icon"[39m
                  [36m>[39m
                    [36m<use[39m
                      [33mhref[39m=[32m"http://localhost:3000/src/icons/sprite.svg#i-x"[39m
                    [36m/>[39m
                  [36m</svg>[39m
                [36m</span>[39m
              [36m</button>[39m
            [36m</span>[39m
          [36m</div>[39m
          [36m<p[39m
            [33mclass[39m=[32m"ah-task__text"[39m
          [36m>[39m
            [0mTreballar l'«espera» a la línia de sortida[0m
          [36m</p>[39m
          [36m<p[39m
            [33mclass[39m=[32m"ah-task__meta"[39m
          [36m>[39m
            [36m<span>[39m
              [0m28-07 · Estel[0m
              [0m · feta per la Laura el 02-08[0m
            [36m</span>[39m
          [36m</p>[39m
        [36m</li>[39m
      [36m</ul>[39m
    [36m</section>[39m
  [36m</div>[39m
[36m</body>[39m
 ❯ Object.getElementError ../../node_modules/.pnpm/@testing-library+dom@10.4.1/node_modules/@testing-library/dom/dist/config.js:37:19
 ❯ ../../node_modules/.pnpm/@testing-library+dom@10.4.1/node_modules/@testing-library/dom/dist/query-helpers.js:76:38
 ❯ ../../node_modules/.pnpm/@testing-library+dom@10.4.1/node_modules/@testing-library/dom/dist/query-helpers.js:52:17
 ❯ ../../node_modules/.pnpm/@testing-library+dom@10.4.1/node_modules/@testing-library/dom/dist/query-helpers.js:95:19
 ❯ src/tasks-panel.test.tsx:279:28
    277|     const onMore = vi.fn();
    278|     const { view } = panel({ more: { label: "Mostra'n més", loading: f…
    279|     fireEvent.click(screen.getByRole("button", { name: "Mostra'n més" …
       |                            ^
    280|     expect(onMore).toHaveBeenCalledTimes(1);
    281|     view.rerender(

⎯⎯⎯⎯⎯⎯⎯⎯⎯⎯⎯⎯⎯⎯⎯⎯⎯⎯⎯⎯⎯⎯⎯⎯[1/2]⎯

 FAIL  src/tasks-panel.test.tsx > E6-W02 step 2 · TasksPanel (R-10-10, mockup 26) > round 2 #4: a clip whose opening fails says why next to it; a later click clears it, and a late failure of an earlier click is dropped
TestingLibraryElementError: Unable to find an accessible element with the role "alert"

Here are the accessible roles:

  region:

  Name "Tasques":
  [36m<section[39m
    [33maria-labelledby[39m=[32m"_r_g_"[39m
    [33mclass[39m=[32m"ah-tasks"[39m
  [36m/>[39m

  --------------------------------------------------
  banner:

  Name "":
  [36m<header[39m
    [33mclass[39m=[32m"ah-tasks__header"[39m
  [36m/>[39m

  --------------------------------------------------
  heading:

  Name "Tasques":
  [36m<h2[39m
    [33mclass[39m=[32m"ah-tasks__title"[39m
    [33mid[39m=[32m"_r_g_"[39m
  [36m/>[39m

  --------------------------------------------------
  button:

  Name "Afegir":
  [36m<button[39m
    [33mclass[39m=[32m"ah-button ah-button--ghost ah-tasks__add"[39m
    [33mtype[39m=[32m"button"[39m
  [36m/>[39m

  Name "Marca-la com a feta":
  [36m<button[39m
    [33maria-label[39m=[32m"Marca-la com a feta"[39m
    [33mclass[39m=[32m"ah-button ah-button--ghost ah-icon-button"[39m
    [33mtype[39m=[32m"button"[39m
  [36m/>[39m

  Name "Edita la tasca":
  [36m<button[39m
    [33maria-label[39m=[32m"Edita la tasca"[39m
    [33mclass[39m=[32m"ah-button ah-button--ghost ah-icon-button"[39m
    [33mtype[39m=[32m"button"[39m
  [36m/>[39m

  Name "Elimina la tasca":
  [36m<button[39m
    [33maria-label[39m=[32m"Elimina la tasca"[39m
    [33mclass[39m=[32m"ah-button ah-button--ghost ah-icon-button"[39m
    [33mtype[39m=[32m"button"[39m
  [36m/>[39m

  Name "vídeo_balancí.mp4":
  [36m<button[39m
    [33mclass[39m=[32m"ah-attachment-chip__open"[39m
    [33mtype[39m=[32m"button"[39m
  [36m/>[39m

  Name "Torna-la a pendent":
  [36m<button[39m
    [33maria-label[39m=[32m"Torna-la a pendent"[39m
    [33mclass[39m=[32m"ah-button ah-button--ghost ah-icon-button"[39m
    [33mtype[39m=[32m"button"[39m
  [36m/>[39m

  Name "Elimina la tasca":
  [36m<button[39m
    [33maria-label[39m=[32m"Elimina la tasca"[39m
    [33mclass[39m=[32m"ah-button ah-button--ghost ah-icon-button"[39m
    [33mtype[39m=[32m"button"[39m
  [36m/>[39m

  --------------------------------------------------
  list:

  Name "":
  [36m<ul[39m
    [33mclass[39m=[32m"ah-tasks__list"[39m
  [36m/>[39m

  --------------------------------------------------
  listitem:

  Name "":
  [36m<li[39m
    [33mclass[39m=[32m"ah-task ah-task--pending"[39m
  [36m/>[39m

  Name "":
  [36m<li[39m
    [33mclass[39m=[32m"ah-task ah-task--done"[39m
  [36m/>[39m

  --------------------------------------------------
  paragraph:

  Name "":
  [36m<p[39m
    [33mclass[39m=[32m"ah-task__text"[39m
  [36m/>[39m

  Name "":
  [36m<p[39m
    [33mclass[39m=[32m"ah-task__meta"[39m
  [36m/>[39m

  Name "":
  [36m<p[39m
    [33mclass[39m=[32m"ah-task__text"[39m
  [36m/>[39m

  Name "":
  [36m<p[39m
    [33mclass[39m=[32m"ah-task__meta"[39m
  [36m/>[39m

  --------------------------------------------------

Ignored nodes: comments, script, style
[36m<body>[39m
  [36m<div>[39m
    [36m<section[39m
      [33maria-labelledby[39m=[32m"_r_g_"[39m
      [33mclass[39m=[32m"ah-tasks"[39m
    [36m>[39m
      [36m<header[39m
        [33mclass[39m=[32m"ah-tasks__header"[39m
      [36m>[39m
        [36m<h2[39m
          [33mclass[39m=[32m"ah-tasks__title"[39m
          [33mid[39m=[32m"_r_g_"[39m
        [36m>[39m
          [0mTasques[0m
        [36m</h2>[39m
        [36m<button[39m
          [33mclass[39m=[32m"ah-button ah-button--ghost ah-tasks__add"[39m
          [33mtype[39m=[32m"button"[39m
        [36m>[39m
          [36m<span[39m
            [33mclass[39m=[32m"ah-button__content"[39m
          [36m>[39m
            [36m<svg[39m
              [33maria-hidden[39m=[32m"true"[39m
              [33mclass[39m=[32m"ah-icon"[39m
            [36m>[39m
              [36m<use[39m
                [33mhref[39m=[32m"http://localhost:3000/src/icons/sprite.svg#i-plus"[39m
              [36m/>[39m
            [36m</svg>[39m
            [0m [0m
            [0mAfegir[0m
          [36m</span>[39m
        [36m</button>[39m
      [36m</header>[39m
      [36m<ul[39m
        [33mclass[39m=[32m"ah-tasks__list"[39m
      [36m>[39m
        [36m<li[39m
          [33mclass[39m=[32m"ah-task ah-task--pending"[39m
        [36m>[39m
          [36m<div[39m
            [33mclass[39m=[32m"ah-task__head"[39m
          [36m>[39m
            [36m<span[39m
              [33mclass[39m=[32m"ah-badge ah-tone--warning"[39m
            [36m>[39m
              [0mpendent[0m
            [36m</span>[39m
            [36m<span[39m
              [33mclass[39m=[32m"ah-task__actions"[39m
            [36m>[39m
              [36m<button[39m
                [33maria-label[39m=[32m"Marca-la com a feta"[39m
                [33mclass[39m=[32m"ah-button ah-button--ghost ah-icon-button"[39m
                [33mtype[39m=[32m"button"[39m
              [36m>[39m
                [36m<span[39m
                  [33mclass[39m=[32m"ah-button__content"[39m
                [36m>[39m
                  [36m<svg[39m
                    [33maria-hidden[39m=[32m"true"[39m
                    [33mclass[39m=[32m"ah-icon"[39m
                  [36m>[39m
                    [36m<use[39m
                      [33mhref[39m=[32m"http://localhost:3000/src/icons/sprite.svg#i-check"[39m
                    [36m/>[39m
                  [36m</svg>[39m
                [36m</span>[39m
              [36m</button>[39m
              [36m<button[39m
                [33maria-label[39m=[32m"Edita la tasca"[39m
                [33mclass[39m=[32m"ah-button ah-button--ghost ah-icon-button"[39m
                [33mtype[39m=[32m"button"[39m
              [36m>[39m
                [36m<span[39m
                  [33mclass[39m=[32m"ah-button__content"[39m
                [36m>[39m
                  [36m<svg[39m
                    [33maria-hidden[39m=[32m"true"[39m
                    [33mclass[39m=[32m"ah-icon"[39m
                  [36m>[39m
                    [36m<use[39m
                      [33mhref[39m=[32m"http://localhost:3000/src/icons/sprite.svg#i-edit"[39m
                    [36m/>[39m
                  [36m</svg>[39m
                [36m</span>[39m
              [36m</button>[39m
              [36m<button[39m
                [33maria-label[39m=[32m"Elimina la tasca"[39m
                [33mclass[39m=[32m"ah-button ah-button--ghost ah-icon-button"[39m
                [33mtype[39m=[32m"button"[39m
              [36m>[39m
                [36m<span[39m
                  [33mclass[39m=[32m"ah-button__content"[39m
                [36m>[39m
                  [36m<svg[39m
                    [33maria-hidden[39m=[32m"true"[39m
                    [33mclass[39m=[32m"ah-icon"[39m
                  [36m>[39m
                    [36m<use[39m
                      [33mhref[39m=[32m"http://localhost:3000/src/icons/sprite.svg#i-x"[39m
                    [36m/>[39m
                  [36m</svg>[39m
                [36m</span>[39m
              [36m</button>[39m
            [36m</span>[39m
          [36m</div>[39m
          [36m<p[39m
            [33mclass[39m=[32m"ah-task__text"[39m
          [36m>[39m
            [0mAquesta setmana practiqueu el balancí amb calma[0m
          [36m</p>[39m
          [36m<p[39m
            [33mclass[39m=[32m"ah-task__meta"[39m
          [36m>[39m
            [36m<span>[39m
              [0m31-07 · Estel[0m
              [0m · [0m
            [36m</span>[39m
            [36m<span[39m
              [33mclass[39m=[32m"ah-attachment-chips"[39m
            [36m>[39m
              [36m<span[39m
                [33mclass[39m=[32m"ah-attachment-chip"[39m
              [36m>[39m
                [36m<button[39m
                  [33mclass[39m=[32m"ah-attachment-chip__open"[39m
                  [33mtype[39m=[32m"button"[39m
                [36m>[39m
                  [36m<svg[39m
                    [33maria-hidden[39m=[32m"true"[39m
                    [33mclass[39m=[32m"ah-icon"[39m
                  [36m>[39m
                    [36m<use[39m
                      [33mhref[39m=[32m"http://localhost:3000/src/icons/sprite.svg#i-clip"[39m
                    [36m/>[39m
                  [36m</svg>[39m
                  [36m<span>[39m
                    [0mvídeo_balancí.mp4[0m
                  [36m</span>[39m
                [36m</button>[39m
              [36m</span>[39m
            [36m</span>[39m
          [36m</p>[39m
        [36m</li>[39m
        [36m<li[39m
          [33mclass[39m=[32m"ah-task ah-task--done"[39m
        [36m>[39m
          [36m<div[39m
            [33mclass[39m=[32m"ah-task__head"[39m
          [36m>[39m
            [36m<span[39m
              [33mclass[39m=[32m"ah-badge ah-tone--success"[39m
            [36m>[39m
              [0mfeta[0m
            [36m</span>[39m
            [36m<span[39m
              [33mclass[39m=[32m"ah-task__actions"[39m
            [36m>[39m
              [36m<button[39m
                [33maria-label[39m=[32m"Torna-la a pendent"[39m
                [33mclass[39m=[32m"ah-button ah-button--ghost ah-icon-button"[39m
                [33mtype[39m=[32m"button"[39m
              [36m>[39m
                [36m<span[39m
                  [33mclass[39m=[32m"ah-button__content"[39m
                [36m>[39m
                  [36m<svg[39m
                    [33maria-hidden[39m=[32m"true"[39m
                    [33mclass[39m=[32m"ah-icon"[39m
                  [36m>[39m
                    [36m<use[39m
                      [33mhref[39m=[32m"http://localhost:3000/src/icons/sprite.svg#i-undo"[39m
                    [36m/>[39m
                  [36m</svg>[39m
                [36m</span>[39m
              [36m</button>[39m
              [36m<button[39m
                [33maria-label[39m=[32m"Elimina la tasca"[39m
                [33mclass[39m=[32m"ah-button ah-button--ghost ah-icon-button"[39m
                [33mtype[39m=[32m"button"[39m
              [36m>[39m
                [36m<span[39m
                  [33mclass[39m=[32m"ah-button__content"[39m
                [36m>[39m
                  [36m<svg[39m
                    [33maria-hidden[39m=[32m"true"[39m
                    [33mclass[39m=[32m"ah-icon"[39m
                  [36m>[39m
                    [36m<use[39m
                      [33mhref[39m=[32m"http://localhost:3000/src/icons/sprite.svg#i-x"[39m
                    [36m/>[39m
                  [36m</svg>[39m
                [36m</span>[39m
              [36m</button>[39m
            [36m</span>[39m
          [36m</div>[39m
          [36m<p[39m
            [33mclass[39m=[32m"ah-task__text"[39m
          [36m>[39m
            [0mTreballar l'«espera» a la línia de sortida[0m
          [36m</p>[39m
          [36m<p[39m
            [33mclass[39m=[32m"ah-task__meta"[39m
          [36m>[39m
            [36m<span>[39m
              [0m28-07 · Estel[0m
              [0m · feta per la Laura el 02-08[0m
            [36m</span>[39m
          [36m</p>[39m
        [36m</li>[39m
      [36m</ul>[39m
    [36m</section>[39m
  [36m</div>[39m
[36m</body>[39m
 ❯ Object.getElementError ../../node_modules/.pnpm/@testing-library+dom@10.4.1/node_modules/@testing-library/dom/dist/config.js:37:19
 ❯ ../../node_modules/.pnpm/@testing-library+dom@10.4.1/node_modules/@testing-library/dom/dist/query-helpers.js:76:38
 ❯ ../../node_modules/.pnpm/@testing-library+dom@10.4.1/node_modules/@testing-library/dom/dist/query-helpers.js:52:17
 ❯ ../../node_modules/.pnpm/@testing-library+dom@10.4.1/node_modules/@testing-library/dom/dist/query-helpers.js:95:19
 ❯ src/tasks-panel.test.tsx:324:26
    322|       await Promise.resolve();
    323|     });
    324|     const alert = screen.getByRole("alert");
       |                          ^
    325|     expect(alert).toHaveTextContent("No s'ha pogut obrir el fitxer.");
    326|     expect(clip.closest(".ah-attachment-chip")?.nextElementSibling).to…

⎯⎯⎯⎯⎯⎯⎯⎯⎯⎯⎯⎯⎯⎯⎯⎯⎯⎯⎯⎯⎯⎯⎯⎯[2/2]⎯


 Test Files  1 failed (1)
      Tests  2 failed | 10 passed (12)
   Start at  16:14:15
   Duration  781ms (environment 45%, tests 30%, transform 12%, setup 10%, import 2%)

undefined
/Users/jordib/dev/agilityhub/agilityhub-core-web/packages/ui:
 ERR_PNPM_RECURSIVE_EXEC_FIRST_FAIL  Command failed with exit code 1: vitest run --reporter=verbose src/tasks-panel.test.tsx
